Setting permissions for: /data with access: READ_WRITE
[2m2026-10-01 23:33:39.952+0000[m[2m | [m[2mmain[m[2m | [m[32mINFO [m[2m | [m[2mBesu[m[2m | [m[32mStarting Besu
[m[2m2026-10-01 23:33:41.352+0000[m[2m | [m[2mmain[m[2m | [m[33mWARN [m[2m | [m[2mBesu[m[2m | [m[33m--graphql-http-host has been ignored because --graphql-http-enabled was not defined on the command line.
[m[2m2026-10-01 23:33:43.418+0000[m[2m | [m[2mmain[m[2m | [m[32mINFO [m[2m | [m[2mBesu[m[2m | [m[32mRPC HTTP JSON-RPC config: JsonRpcConfiguration{enabled=true, port=8545, host=0.0.0.0, corsAllowedDomains=[*], hostsAllowlist=[*], rpcApis=[ETH, NET, QBFT, WEB3], authenticationEnabled=false, authenticationCredentialsFile=null, authenticationPublicKeyFile=null, tlsConfiguration=Optional.empty, httpTimeoutSec=30, maxActiveConnections=80, maxBatchSize=1024}
[m[2m2026-10-01 23:33:43.421+0000[m[2m | [m[2mmain[m[2m | [m[33mWARN [m[2m | [m[2mBesu[m[2m | [m[33mForcing --bonsai-limit-trie-logs-enabled=false, since it cannot be enabled with --sync-mode=FULL and --data-storage-format=BONSAI.
[m[2m2026-10-01 23:33:43.424+0000[m[2m | [m[2mmain[m[2m | [m[32mINFO [m[2m | [m[2mBesu[m[2m | [m[32mConnecting to 0 static nodes.
[m[2m2026-10-01 23:33:43.644+0000[m[2m | [m[2mmain[m[2m | [m[32mINFO [m[2m | [m[2mBesu[m[2m | [m[32m
####################################################################################################
#                                                                                                  #
# Besu version 26.6.0-RC1                                                                          #
#                                                                                                  #
# Configuration:                                                                                   #
# Network: Custom genesis file                                                                     #
# /genesis.json                                                                                    #
# Network Id: 1337                                                                                 #
# Data storage: Bonsai                                                                             #
# Sync mode: Full                                                                                  #
# Sync min peers: 5                                                                                #
# RPC HTTP APIs: ETH,NET,QBFT,WEB3                                                                 #
# RPC HTTP port: 8545                                                                              #
# Using LAYERED transaction pool implementation                                                    #
# Using STACKED worldstate update mode                                                             #
# Opcode optimizations enabled                                                                     #
# Parallel transaction processing enabled                                                          #
# BAL pruning enabled (retained BALs: 113056)                                                      #
# Target Gas Limit: 60M                                                                            #
#                                                                                                  #
# Host:                                                                                            #
# Java: openjdk-java-25                                                                            #
# Maximum heap size: 1.94 GB                                                                       #
# OS: linux-aarch_64                                                                               #
# glibc: 2.39                                                                                      #
# jemalloc: 5.3.0-0-g54eaed1d8b56b1aa528be3bdd1877e59c56fa90c                                      #
# Total memory: 7.75 GB                                                                            #
# CPU cores: 10                                                                                    #
#                                                                                                  #
# Plugin Registration Summary:                                                                     #
# No plugins have been registered.                                                                 #
# TOTAL = 0 of 0 plugins successfully registered.                                                  #
#                                                                                                  #
####################################################################################################
[m[2m2026-10-01 23:33:43.644+0000[m[2m | [m[2mmain[m[2m | [m[32mINFO [m[2m | [m[2mBesu[m[2m | [m[32mSecurity Module: localfile
[m[2m2026-10-01 23:33:43.646+0000[m[2m | [m[2mmain[m[2m | [m[32mINFO [m[2m | [m[2mVersionMetadata[m[2m | [m[32mLookup version metadata file in data directory: /data
[m[2m2026-10-01 23:33:43.731+0000[m[2m | [m[2mmain[m[2m | [m[32mINFO [m[2m | [m[2mVersionMetadata[m[2m | [m[32mExisting version data detected. Besu version 26.6.0-RC1
[m[2m2026-10-01 23:33:43.775+0000[m[2m | [m[2mmain[m[2m | [m[32mINFO [m[2m | [m[2mBesu[m[2m | [m[32mUsing the native implementation of alt bn128
[m[2m2026-10-01 23:33:43.776+0000[m[2m | [m[2mmain[m[2m | [m[32mINFO [m[2m | [m[2mBesu[m[2m | [m[32mUsing the Java implementation of modexp
[m[2m2026-10-01 23:33:43.834+0000[m[2m | [m[2mmain[m[2m | [m[32mINFO [m[2m | [m[2mBesu[m[2m | [m[32mUsing the native implementation of the signature algorithm
[m[2m2026-10-01 23:33:43.870+0000[m[2m | [m[2mmain[m[2m | [m[32mINFO [m[2m | [m[2mBesu[m[2m | [m[32mUsing the Java implementation of the blake2bf algorithm
[m[2m2026-10-01 23:33:44.078+0000[m[2m | [m[2mmain[m[2m | [m[32mINFO [m[2m | [m[2mBesu[m[2m | [m[32mUsing the native BoringSSL implementation of p256verify
[m[2m2026-10-01 23:33:44.251+0000[m[2m | [m[2mmain[m[2m | [m[32mINFO [m[2m | [m[2mKeyPairUtil[m[2m | [m[32mAttempting to load public key from /data/key
[m[2m2026-10-01 23:33:44.277+0000[m[2m | [m[2mmain[m[2m | [m[32mINFO [m[2m | [m[2mKeyPairUtil[m[2m | [m[32mLoaded public key 0x9dad7e05d2eae8b7fe4b0ad3e9154c90931d2526592ab1142683c6cdcbc634082dcb7aec22a64b4d2f11283cd9ca7e32848417a0579b5932cfcae4b18b8a46a2 from /data/key
[m[2m2026-10-01 23:33:44.559+0000[m[2m | [m[2mmain[m[2m | [m[32mINFO [m[2m | [m[2mProtocolScheduleBuilder[m[2m | [m[32mProtocol schedule created with milestones: [Berlin:0]
[m[2m2026-10-01 23:33:44.572+0000[m[2m | [m[2mmain[m[2m | [m[32mINFO [m[2m | [m[2mDatabaseMetadata[m[2m | [m[32mLookup database metadata file in data directory: /data
[m[2m2026-10-01 23:33:44.655+0000[m[2m | [m[2mmain[m[2m | [m[32mINFO [m[2m | [m[2mRocksDBKeyValueStorageFactory[m[2m | [m[32mExisting database at /data. Metadata versionedStorageFormat=BaseVersionedStorageFormat{format=BONSAI, version=3}. Processing WAL...
[m[2m2026-10-01 23:33:45.171+0000[m[2m | [m[2mmain[m[2m | [m[32mINFO [m[2m | [m[2mFlatDbStrategyProvider[m[2m | [m[32mFlat db mode found FULL
[m[2m2026-10-01 23:33:45.174+0000[m[2m | [m[2mmain[m[2m | [m[32mINFO [m[2m | [m[2mFlatDbStrategyProvider[m[2m | [m[32mDB mode with code stored using code hash enabled = true
[m[2m2026-10-01 23:33:45.235+0000[m[2m | [m[2mmain[m[2m | [m[32mINFO [m[2m | [m[2mFlatDbStrategyProvider[m[2m | [m[32mFlat db mode found FULL
[m[2m2026-10-01 23:33:45.238+0000[m[2m | [m[2mmain[m[2m | [m[32mINFO [m[2m | [m[2mFlatDbStrategyProvider[m[2m | [m[32mDB mode with code stored using code hash enabled = true
[m[2m2026-10-01 23:33:45.420+0000[m[2m | [m[2mmain[m[2m | [m[32mINFO [m[2m | [m[2mBesuControllerBuilder[m[2m | [m[32mAdding ChainDataPruner to observe block added events
[m[2m2026-10-01 23:33:45.424+0000[m[2m | [m[2mmain[m[2m | [m[32mINFO [m[2m | [m[2mBesuControllerBuilder[m[2m | [m[32mBAL pruning enabled | BALs retained: 113056 | Frequency: 256
[m[2m2026-10-01 23:33:45.474+0000[m[2m | [m[2mmain[m[2m | [m[32mINFO [m[2m | [m[2mTransactionPoolFactory[m[2m | [m[32mEnabling transaction pool
[m[2m2026-10-01 23:33:45.539+0000[m[2m | [m[2mmain[m[2m | [m[32mINFO [m[2m | [m[2mBesuControllerBuilder[m[2m | [m[32mQBFT is configured, creating initial sync for BFT
[m[2m2026-10-01 23:33:45.540+0000[m[2m | [m[2mmain[m[2m | [m[32mINFO [m[2m | [m[2mBFTPivotSelectorFromPeers[m[2m | [m[32mCreating pivot block selector for BFT node
[m[2m2026-10-01 23:33:45.633+0000[m[2m | [m[2mmain[m[2m | [m[32mINFO [m[2m | [m[2mRunnerBuilder[m[2m | [m[32mResolved 1 bootnodes.
[m[2m2026-10-01 23:33:45.645+0000[m[2m | [m[2mmain[m[2m | [m[32mINFO [m[2m | [m[2mRunnerBuilder[m[2m | [m[32mDetecting NAT service.
[m[2m2026-10-01 23:33:46.143+0000[m[2m | [m[2mmain[m[2m | [m[32mINFO [m[2m | [m[2mRunner[m[2m | [m[32mStarting external services ... 
[m[2m2026-10-01 23:33:46.144+0000[m[2m | [m[2mmain[m[2m | [m[32mINFO [m[2m | [m[2mJsonRpcHttpService[m[2m | [m[32mStarting JSON-RPC service on 0.0.0.0:8545
[m[2m2026-10-01 23:33:46.402+0000[m[2m | [m[2mvert.x-eventloop-thread-3[m[2m | [m[32mINFO [m[2m | [m[2mJsonRpcHttpService[m[2m | [m[32mJSON-RPC service started and listening on 0.0.0.0:8545
[m[2m2026-10-01 23:33:46.405+0000[m[2m | [m[2mmain[m[2m | [m[32mINFO [m[2m | [m[2mWebSocketService[m[2m | [m[32mStarting Websocket service on 0.0.0.0:8546
[m[2m2026-10-01 23:33:46.410+0000[m[2m | [m[2mvert.x-eventloop-thread-3[m[2m | [m[32mINFO [m[2m | [m[2mWebSocketService[m[2m | [m[32mWebsocket service started and listening on 0.0.0.0:8546
[m[2m2026-10-01 23:33:46.412+0000[m[2m | [m[2mmain[m[2m | [m[32mINFO [m[2m | [m[2mAutoTransactionLogBloomCachingService[m[2m | [m[32mStarting auto transaction log bloom caching service.
[m[2m2026-10-01 23:33:46.433+0000[m[2m | [m[2mmain[m[2m | [m[32mINFO [m[2m | [m[2mLogBloomCacheMetadata[m[2m | [m[32mLookup cache metadata file in data directory: /data/caches
[m[2m2026-10-01 23:33:46.540+0000[m[2m | [m[2mmain[m[2m | [m[32mINFO [m[2m | [m[2mRunner[m[2m | [m[32mStarting Ethereum main loop ... 
[m[2m2026-10-01 23:33:46.540+0000[m[2m | [m[2mmain[m[2m | [m[32mINFO [m[2m | [m[2mDockerNatManager[m[2m | [m[32mStarting docker NAT manager.
[m[2m2026-10-01 23:33:46.571+0000[m[2m | [m[2mmain[m[2m | [m[32mINFO [m[2m | [m[2mNetworkRunner[m[2m | [m[32mStarting Network.
[m[2m2026-10-01 23:33:46.591+0000[m[2m | [m[2mmain[m[2m | [m[32mINFO [m[2m | [m[2mRlpxAgent[m[2m | [m[32mP2P RLPx agent started and listening on /[0:0:0:0:0:0:0:0]:30303.
[m[2m2026-10-01 23:33:46.591+0000[m[2m | [m[2mmain[m[2m | [m[32mINFO [m[2m | [m[2mPeerDiscoveryAgentV4[m[2m | [m[32mStarting peer discovery agent on host=0.0.0.0, port=30303. IPv6 available.
[m[2m2026-10-01 23:33:46.612+0000[m[2m | [m[2mvert.x-eventloop-thread-3[m[2m | [m[32mINFO [m[2m | [m[2mVertxPeerDiscoveryAgent[m[2m | [m[32mStarted peer discovery agent successfully, on effective host=0:0:0:0:0:0:0:0 and port=30303
[m[2m2026-10-01 23:33:46.681+0000[m[2m | [m[2mvert.x-eventloop-thread-3[m[2m | [m[32mINFO [m[2m | [m[2mNodeRecordManager[m[2m | [m[32mWriting node record to disk. NodeRecord{seq=1, publicKey=0x029dad7e05d2eae8b7fe4b0ad3e9154c90931d2526592ab1142683c6cdcbc63408, udpAddress=Optional[/127.0.0.1:30303], tcpAddress=Optional[/127.0.0.1:30303], quicAddress=Optional.empty, udp6Address=Optional.empty, tcp6Address=Optional.empty, quic6Address=Optional.empty, asBase64=-Je4QL6qFcBjvvBcWR-ccciMAL4FocSskvf1c7RaDzf1ppi4Ah49GNuDZDCSTc_jWRZdk8RCiChWCnnwPbY9_7Q60R4Bg2V0aMfGhPDO1jeAgmlkgnY0gmlwhH8AAAGJc2VjcDI1NmsxoQKdrX4F0urot_5LCtPpFUyQkx0lJlkqsRQmg8bNy8Y0CIN0Y3CCdl-DdWRwgnZf, nodeId=0xdada538c31b924e8cbe425697037d866c8786a0d0562fa2af851fa2096e62bfc, customFields={tcp=30303, udp=30303, eth=[[0xf0ced637, 0x]], id=V4, ip=0x7f000001, secp256k1=0x029dad7e05d2eae8b7fe4b0ad3e9154c90931d2526592ab1142683c6cdcbc63408}}
[m[2m2026-10-01 23:33:46.723+0000[m[2m | [m[2mvert.x-eventloop-thread-3[m[2m | [m[32mINFO [m[2m | [m[2mPeerDiscoveryAgentV4[m[2m | [m[32mP2P peer discovery agent started and listening on /[0:0:0:0:0:0:0:0]:30303
[m[2m2026-10-01 23:33:46.733+0000[m[2m | [m[2mmain[m[2m | [m[32mINFO [m[2m | [m[2mDefaultP2PNetwork[m[2m | [m[32mEnode URL enode://9dad7e05d2eae8b7fe4b0ad3e9154c90931d2526592ab1142683c6cdcbc634082dcb7aec22a64b4d2f11283cd9ca7e32848417a0579b5932cfcae4b18b8a46a2@127.0.0.1:30303
[m[2m2026-10-01 23:33:46.736+0000[m[2m | [m[2mmain[m[2m | [m[32mINFO [m[2m | [m[2mDefaultP2PNetwork[m[2m | [m[32mENR URL enr:-Je4QL6qFcBjvvBcWR-ccciMAL4FocSskvf1c7RaDzf1ppi4Ah49GNuDZDCSTc_jWRZdk8RCiChWCnnwPbY9_7Q60R4Bg2V0aMfGhPDO1jeAgmlkgnY0gmlwhH8AAAGJc2VjcDI1NmsxoQKdrX4F0urot_5LCtPpFUyQkx0lJlkqsRQmg8bNy8Y0CIN0Y3CCdl-DdWRwgnZf
[m[2m2026-10-01 23:33:46.737+0000[m[2m | [m[2mmain[m[2m | [m[32mINFO [m[2m | [m[2mDefaultP2PNetwork[m[2m | [m[32mNode address 0x7037d866c8786a0d0562fa2af851fa2096e62bfc
[m[2m2026-10-01 23:33:46.756+0000[m[2m | [m[2mmain[m[2m | [m[32mINFO [m[2m | [m[2mNetworkRunner[m[2m | [m[32mSupported capabilities: [eth/68, eth/69, eth/70, eth/71], [istanbul/100], [snap/1]
[m[2m2026-10-01 23:33:46.757+0000[m[2m | [m[2mmain[m[2m | [m[32mINFO [m[2m | [m[2mDefaultSynchronizer[m[2m | [m[32mStarting synchronizer.
[m[2m2026-10-01 23:33:46.759+0000[m[2m | [m[2mmain[m[2m | [m[32mINFO [m[2m | [m[2mTransactionPoolFactory[m[2m | [m[32mEnabling transaction handling following initial sync
[m[2m2026-10-01 23:33:46.760+0000[m[2m | [m[2mmain[m[2m | [m[32mINFO [m[2m | [m[2mBftMiningCoordinator[m[2m | [m[32mStarting BFT mining coordinator following initial sync
[m[2m2026-10-01 23:33:46.785+0000[m[2m | [m[2mmain[m[2m | [m[32mINFO [m[2m | [m[2mFullSyncDownloader[m[2m | [m[32mStarting full sync.
[m[2m2026-10-01 23:33:46.786+0000[m[2m | [m[2mmain[m[2m | [m[32mINFO [m[2m | [m[2mFullSyncTargetManager[m[2m | [m[32mUnable to find sync target. Waiting for 5 peers minimum. Currently checking 0 peers for usefulness
[m[2m2026-10-01 23:33:46.792+0000[m[2m | [m[2mmain[m[2m | [m[32mINFO [m[2m | [m[2mRunner[m[2m | [m[32mEthereum main loop is up.
[m[2m2026-10-01 23:33:50.345+0000[m[2m | [m[2mEthScheduler-Workers-0[m[2m | [m[32mINFO [m[2m | [m[2mPersistBlockTask[m[2m | [m[32mImported empty block #1 / 0 tx / 0 om / 0 (0.0%) gas / (0xad14e733472281c2cb6358f8d77c5162872176b5f73bc8b26e1f0d0895162734) in 0.000s. Peers: 1
[m[2m2026-10-01 23:33:51.793+0000[m[2m | [m[2mEthScheduler-Timer-0[m[2m | [m[32mINFO [m[2m | [m[2mFullSyncTargetManager[m[2m | [m[32mUnable to find sync target. Waiting for 5 peers minimum. Currently checking 1 peers for usefulness
[m[2m2026-10-01 23:33:52.044+0000[m[2m | [m[2mEthScheduler-Workers-2[m[2m | [m[32mINFO [m[2m | [m[2mPersistBlockTask[m[2m | [m[32mImported empty block #2 / 0 tx / 0 om / 0 (0.0%) gas / (0x9a279ade9834e8c501250937984a86ab8c02eaa591759d98502714f63c28c793) in 0.000s. Peers: 1
[m[2m2026-10-01 23:33:54.046+0000[m[2m | [m[2mEthScheduler-Workers-4[m[2m | [m[32mINFO [m[2m | [m[2mPersistBlockTask[m[2m | [m[32mImported empty block #3 / 0 tx / 0 om / 0 (0.0%) gas / (0x865768b4ded388c31fbba05c4d2f3652e39f5825a7042eb69cb45bca6a2afc01) in 0.000s. Peers: 1
[m[2m2026-10-01 23:33:56.038+0000[m[2m | [m[2mEthScheduler-Workers-6[m[2m | [m[32mINFO [m[2m | [m[2mPersistBlockTask[m[2m | [m[32mImported empty block #4 / 0 tx / 0 om / 0 (0.0%) gas / (0xc5ba0a4ddb675b336fd37429b5c285e88c10db5e2ef61ea9fbf6abc1c86ec419) in 0.000s. Peers: 1
[m[2m2026-10-01 23:33:58.046+0000[m[2m | [m[2mEthScheduler-Workers-1[m[2m | [m[32mINFO [m[2m | [m[2mPersistBlockTask[m[2m | [m[32mImported empty block #5 / 0 tx / 0 om / 0 (0.0%) gas / (0xa7b9c83d4ab4145f8feef9f7f27a0e9be1b914ec5e14a33375cb52dfdff200f7) in 0.000s. Peers: 1
[m[2m2026-10-01 23:34:00.046+0000[m[2m | [m[2mEthScheduler-Workers-3[m[2m | [m[32mINFO [m[2m | [m[2mPersistBlockTask[m[2m | [m[32mImported empty block #6 / 0 tx / 0 om / 0 (0.0%) gas / (0xf84f9d1e0fb92f4e98153a4e54ee5511d1faeb5c785048332fdfbfa73f094090) in 0.000s. Peers: 1
[m[2m2026-10-01 23:34:02.055+0000[m[2m | [m[2mEthScheduler-Workers-5[m[2m | [m[32mINFO [m[2m | [m[2mPersistBlockTask[m[2m | [m[32mImported empty block #7 / 0 tx / 0 om / 0 (0.0%) gas / (0xd644801e8c5587eb19baf4e7c9282884a53b8fa3845963951f273430d190984b) in 0.000s. Peers: 1
[m[2m2026-10-01 23:34:04.145+0000[m[2m | [m[2mEthScheduler-Workers-6[m[2m | [m[32mINFO [m[2m | [m[2mPersistBlockTask[m[2m | [m[32mImported block #8 / 1 tx / 0 om / 904,698 (19.2%) gas / (0x2459cb9e78a39ddd2e483081f0fc8446e7253c87956c85471b026ea4398520a1) in 0.000s. Peers: 1
[m[2m2026-10-01 23:34:06.253+0000[m[2m | [m[2mEthScheduler-Workers-2[m[2m | [m[32mINFO [m[2m | [m[2mPersistBlockTask[m[2m | [m[32mImported block #9 / 13 tx / 0 om / 1,861,141 (39.6%) gas / (0xd14ed239d4f6916aed18e22fb2cf1f94b71b77b073001ed0e74dff1988f08dc3) in 0.000s. Peers: 1
[m[2m2026-10-01 23:34:15.458+0000[m[2m | [m[2mEthScheduler-Services-0[m[2m | [m[32mINFO [m[2m | [m[2mBftMiningCoordinator[m[2m | [m[32mStopping BFT mining coordinator while we are syncing
[m[2m2026-10-01 23:34:15.783+0000[m[2m | [m[2mBftProcessorExecutor-QBFT-0[m[2m | [m[32mINFO [m[2m | [m[2mBftProcessor[m[2m | [m[32mShutting down BFT event processor
[m[2m2026-10-01 23:34:15.855+0000[m[2m | [m[2mEthScheduler-Services-1 (importBlock)[m[2m | [m[32mINFO [m[2m | [m[2mBftMiningCoordinator[m[2m | [m[32mStarting BFT mining coordinator following sync
[m[2m2026-10-01 23:34:25.261+0000[m[2m | [m[2mEthScheduler-Workers-0[m[2m | [m[32mINFO [m[2m | [m[2mPersistBlockTask[m[2m | [m[32mImported block #11 / 32 tx / 0 om / 4,539,212 (96.6%) gas / (0x7a381ba3ac8fdc643490d3aabc7149242a4f4982fe8d5b760dd98801b945e5bf) in 0.000s. Peers: 3
[m[2m2026-10-01 23:34:26.530+0000[m[2m | [m[2mEthScheduler-Workers-1[m[2m | [m[32mINFO [m[2m | [m[2mPersistBlockTask[m[2m | [m[32mImported block #12 / 32 tx / 0 om / 4,539,116 (96.6%) gas / (0xb5c9d5c03e7cfc6f09d487bfce3e145d26b537daac1bfbf9d827c4fd80de81ec) in 0.000s. Peers: 3
[m[2m2026-10-01 23:34:28.123+0000[m[2m | [m[2mEthScheduler-Workers-7[m[2m | [m[32mINFO [m[2m | [m[2mPersistBlockTask[m[2m | [m[32mImported block #13 / 32 tx / 0 om / 4,539,212 (96.6%) gas / (0x2936d4f4b9059e560d205413547afe0784d7ae5134ad475a4bd967362f75d5b0) in 0.000s. Peers: 3
[m[2m2026-10-01 23:34:28.899+0000[m[2m | [m[2mEthScheduler-Workers-6[m[2m | [m[32mINFO [m[2m | [m[2mPersistBlockTask[m[2m | [m[32mImported block #14 / 32 tx / 0 om / 4,539,188 (96.6%) gas / (0x25fd7c4c6dc4fa3ce624e3c546cf8d6394c692d92137b136cce5f66b52444720) in 0.000s. Peers: 3
[m[2m2026-10-01 23:34:30.375+0000[m[2m | [m[2mEthScheduler-Workers-4[m[2m | [m[32mINFO [m[2m | [m[2mPersistBlockTask[m[2m | [m[32mImported block #15 / 32 tx / 0 om / 4,539,224 (96.6%) gas / (0xfbf77b13d0401c78231859767c7d8cb392b6aeb6772af8d412c619b37940891b) in 0.000s. Peers: 3
[m[2m2026-10-01 23:34:33.333+0000[m[2m | [m[2mEthScheduler-Workers-6[m[2m | [m[32mINFO [m[2m | [m[2mPersistBlockTask[m[2m | [m[32mImported block #16 / 32 tx / 0 om / 4,539,248 (96.6%) gas / (0x894e711a6c384683ea00ef043b31b2cf6855d856732742fe33db0478181b8aef) in 0.000s. Peers: 3
[m[2m2026-10-01 23:34:34.259+0000[m[2m | [m[2mEthScheduler-Workers-5[m[2m | [m[32mINFO [m[2m | [m[2mPersistBlockTask[m[2m | [m[32mImported block #17 / 32 tx / 0 om / 4,539,164 (96.6%) gas / (0x441eb5366df782fceec842bbaa0cf44ed141bedd16dbe59b03860c749d67f9b3) in 0.000s. Peers: 3
[m[2m2026-10-01 23:34:36.164+0000[m[2m | [m[2mEthScheduler-Workers-7[m[2m | [m[32mINFO [m[2m | [m[2mPersistBlockTask[m[2m | [m[32mImported block #18 / 32 tx / 0 om / 4,539,188 (96.6%) gas / (0x942fdd42cd232c25e523779508a32b15141be12bf93d4a24c09127f9ba8903ae) in 0.000s. Peers: 3
[m[2m2026-10-01 23:34:38.076+0000[m[2m | [m[2mEthScheduler-Workers-1[m[2m | [m[32mINFO [m[2m | [m[2mPersistBlockTask[m[2m | [m[32mImported block #19 / 9 tx / 0 om / 1,276,665 (27.2%) gas / (0xc453549cd9a3a687c123e80485eb457ee2de01d53944d59874fb53a27f8edacb) in 0.000s. Peers: 3
[m[2m2026-10-01 23:34:40.030+0000[m[2m | [m[2mEthScheduler-Workers-0[m[2m | [m[32mINFO [m[2m | [m[2mPersistBlockTask[m[2m | [m[32mImported empty block #20 / 0 tx / 0 om / 0 (0.0%) gas / (0x53595154b0cf8f2bd9b9312436c440e5c53bc9701ad142e70a8e797bee3c924f) in 0.000s. Peers: 3
[m[2m2026-10-01 23:34:42.029+0000[m[2m | [m[2mEthScheduler-Workers-6[m[2m | [m[32mINFO [m[2m | [m[2mPersistBlockTask[m[2m | [m[32mImported empty block #21 / 0 tx / 0 om / 0 (0.0%) gas / (0xbdf1a9ec7af1d9ebfb8771dc7aa3ab5ad95fb9bf992abdce599ab54719ea9553) in 0.000s. Peers: 3
[m[2m2026-10-01 23:34:44.022+0000[m[2m | [m[2mEthScheduler-Workers-4[m[2m | [m[32mINFO [m[2m | [m[2mPersistBlockTask[m[2m | [m[32mImported empty block #22 / 0 tx / 0 om / 0 (0.0%) gas / (0x0101efa315efdd5e81958edfaf9141c205df57b779583f6d8d5b5ada0243f74a) in 0.000s. Peers: 3
[m[2m2026-10-01 23:34:46.031+0000[m[2m | [m[2mEthScheduler-Workers-3[m[2m | [m[32mINFO [m[2m | [m[2mPersistBlockTask[m[2m | [m[32mImported empty block #23 / 0 tx / 0 om / 0 (0.0%) gas / (0x1113677a495f9739f69c77b13e52d4a67cf531d75ecad5aa76f86482493af27f) in 0.000s. Peers: 4
[m[2m2026-10-01 23:34:48.026+0000[m[2m | [m[2mEthScheduler-Workers-5[m[2m | [m[32mINFO [m[2m | [m[2mPersistBlockTask[m[2m | [m[32mImported empty block #24 / 0 tx / 0 om / 0 (0.0%) gas / (0x2883588a1af6e510fa58b61b7225c3fa245cef6093d47077620b3b77921a55ac) in 0.000s. Peers: 4
[m[2m2026-10-01 23:34:50.125+0000[m[2m | [m[2mEthScheduler-Workers-1[m[2m | [m[32mINFO [m[2m | [m[2mPersistBlockTask[m[2m | [m[32mImported block #25 / 17 tx / 0 om / 2,411,465 (51.3%) gas / (0x6757aeb52aedf336775114dba00ddb1203f527c1bfdc2183ab801181158550a2) in 0.000s. Peers: 4
[m[2m2026-10-01 23:34:52.146+0000[m[2m | [m[2mEthScheduler-Workers-1[m[2m | [m[32mINFO [m[2m | [m[2mPersistBlockTask[m[2m | [m[32mImported block #26 / 32 tx / 0 om / 4,539,200 (96.6%) gas / (0x235915f4364cf004d9b13a85feae4fcf8430a86b3d8638ccd4885d66a8242d47) in 0.000s. Peers: 4
[m[2m2026-10-01 23:34:54.219+0000[m[2m | [m[2mEthScheduler-Workers-3[m[2m | [m[32mINFO [m[2m | [m[2mPersistBlockTask[m[2m | [m[32mImported block #27 / 32 tx / 0 om / 4,539,188 (96.6%) gas / (0x691361b1947680a8083b95851777debd03ec53d2b6143722cf375a3a4f8afdfe) in 0.000s. Peers: 4
[m[2m2026-10-01 23:34:56.259+0000[m[2m | [m[2mEthScheduler-Workers-3[m[2m | [m[32mINFO [m[2m | [m[2mPersistBlockTask[m[2m | [m[32mImported block #28 / 32 tx / 0 om / 4,539,248 (96.6%) gas / (0x5d4c48da8eb3fcde74375e3de4b8cbde581a6c60d72ccebca3a0f7df54480653) in 0.000s. Peers: 4
[m[2m2026-10-01 23:34:58.197+0000[m[2m | [m[2mEthScheduler-Workers-0[m[2m | [m[32mINFO [m[2m | [m[2mPersistBlockTask[m[2m | [m[32mImported block #29 / 32 tx / 0 om / 4,539,272 (96.6%) gas / (0xc872f9fb3d37ffb72032d6c3c44319a72028a8a9ddfcf8a281e66c0be61be74e) in 0.000s. Peers: 4
[m[2m2026-10-01 23:35:00.183+0000[m[2m | [m[2mEthScheduler-Workers-3[m[2m | [m[32mINFO [m[2m | [m[2mPersistBlockTask[m[2m | [m[32mImported block #30 / 32 tx / 0 om / 4,539,164 (96.6%) gas / (0x69b1aa5d3232d55eba20db9c5a3866e580f95a7f5c7223221c6e1b9f0ba53581) in 0.000s. Peers: 4
[m[2m2026-10-01 23:35:02.142+0000[m[2m | [m[2mEthScheduler-Workers-4[m[2m | [m[32mINFO [m[2m | [m[2mPersistBlockTask[m[2m | [m[32mImported block #31 / 32 tx / 0 om / 4,539,212 (96.6%) gas / (0xbf34134c2529a9b5f43676bc7524dfba556a588a4cf922dabfabbf3525c2da80) in 0.000s. Peers: 4
[m[2m2026-10-01 23:35:04.149+0000[m[2m | [m[2mEthScheduler-Workers-4[m[2m | [m[32mINFO [m[2m | [m[2mPersistBlockTask[m[2m | [m[32mImported block #32 / 32 tx / 0 om / 4,539,236 (96.6%) gas / (0x3099514ddbaabf70a5fb35f09cf37973a36538278d396e62f7263a656ee6423d) in 0.000s. Peers: 4
[m[2m2026-10-01 23:35:06.138+0000[m[2m | [m[2mEthScheduler-Workers-4[m[2m | [m[32mINFO [m[2m | [m[2mPersistBlockTask[m[2m | [m[32mImported block #33 / 32 tx / 0 om / 4,539,176 (96.6%) gas / (0x4de9c755a6f5c419d091caa364dae28ca553eb5b3370477a9e7faa0472ec5765) in 0.000s. Peers: 4
[m[2m2026-10-01 23:35:08.134+0000[m[2m | [m[2mEthScheduler-Workers-4[m[2m | [m[32mINFO [m[2m | [m[2mPersistBlockTask[m[2m | [m[32mImported block #34 / 32 tx / 0 om / 4,539,200 (96.6%) gas / (0x92468d6ec70327bfc0e4e0e52ffba1c2cb0d6813779ccd6205ad8ea89462bd82) in 0.000s. Peers: 4
[m[2m2026-10-01 23:35:10.166+0000[m[2m | [m[2mEthScheduler-Workers-4[m[2m | [m[32mINFO [m[2m | [m[2mPersistBlockTask[m[2m | [m[32mImported block #35 / 32 tx / 0 om / 4,539,128 (96.6%) gas / (0xab9d2bef893f88fcd792db4d77fd4b65234d7a8970e99a1cd3e2ca3f6ca9ac73) in 0.000s. Peers: 4
[m[2m2026-10-01 23:35:12.134+0000[m[2m | [m[2mEthScheduler-Workers-5[m[2m | [m[32mINFO [m[2m | [m[2mPersistBlockTask[m[2m | [m[32mImported block #36 / 32 tx / 0 om / 4,539,212 (96.6%) gas / (0xbeb0e3c015cf997269f1199928385c2b61cb592dd5b159eb61a69cbe269a0a8f) in 0.000s. Peers: 4
[m[2m2026-10-01 23:35:14.182+0000[m[2m | [m[2mEthScheduler-Workers-6[m[2m | [m[32mINFO [m[2m | [m[2mPersistBlockTask[m[2m | [m[32mImported block #37 / 32 tx / 0 om / 4,539,176 (96.6%) gas / (0x5eb897398628aa9c5564e86edf059de0e2f9b6be9c3a864237f7f8b322fd690a) in 0.000s. Peers: 4
[m[2m2026-10-01 23:35:16.190+0000[m[2m | [m[2mEthScheduler-Workers-6[m[2m | [m[32mINFO [m[2m | [m[2mPersistBlockTask[m[2m | [m[32mImported block #38 / 32 tx / 0 om / 4,539,224 (96.6%) gas / (0xfd8e5876d1070be16af02423846094f8c3683ddc865bcbeb0bedcf5d906864b5) in 0.000s. Peers: 4
[m[2m2026-10-01 23:35:18.169+0000[m[2m | [m[2mEthScheduler-Workers-2[m[2m | [m[32mINFO [m[2m | [m[2mPersistBlockTask[m[2m | [m[32mImported block #39 / 32 tx / 0 om / 4,539,140 (96.6%) gas / (0x0ab1a7d3524ef85ae971b7806510cff9c5c88a30c6ff5f6b089d6581ba32815e) in 0.000s. Peers: 4
[m[2m2026-10-01 23:35:20.150+0000[m[2m | [m[2mEthScheduler-Workers-0[m[2m | [m[32mINFO [m[2m | [m[2mPersistBlockTask[m[2m | [m[32mImported block #40 / 32 tx / 0 om / 4,539,200 (96.6%) gas / (0x3193c60234817699efd61b991fd5538ce34825b83726f1df7a1f09e1347f265b) in 0.000s. Peers: 4
[m[2m2026-10-01 23:35:22.108+0000[m[2m | [m[2mEthScheduler-Workers-3[m[2m | [m[32mINFO [m[2m | [m[2mPersistBlockTask[m[2m | [m[32mImported block #41 / 32 tx / 0 om / 4,539,128 (96.6%) gas / (0x27a54366a7a5cfbfb09638fd4df95c493a660e6bb7ac178ca2e34a8454ad96a2) in 0.000s. Peers: 4
[m[2m2026-10-01 23:35:24.148+0000[m[2m | [m[2mEthScheduler-Workers-7[m[2m | [m[32mINFO [m[2m | [m[2mPersistBlockTask[m[2m | [m[32mImported block #42 / 32 tx / 0 om / 4,539,200 (96.6%) gas / (0x71a961a3cc96da12aecc360b53fca10116858bc1db1d14db769ea09f84c6cbe7) in 0.000s. Peers: 4
[m[2m2026-10-01 23:35:26.446+0000[m[2m | [m[2mEthScheduler-Workers-2[m[2m | [m[32mINFO [m[2m | [m[2mPersistBlockTask[m[2m | [m[32mImported block #43 / 32 tx / 0 om / 4,539,176 (96.6%) gas / (0xde502bd02b744a8a841fff4f90abc66e814663bef9913a93d434fd74e8103a57) in 0.000s. Peers: 4
[m[2m2026-10-01 23:35:28.064+0000[m[2m | [m[2mEthScheduler-Workers-4[m[2m | [m[32mINFO [m[2m | [m[2mPersistBlockTask[m[2m | [m[32mImported block #44 / 8 tx / 0 om / 1,134,824 (24.1%) gas / (0x63862b3e989680d31ea4d989a6d97bfdce671d469e350a366a79c83e4fc31da4) in 0.000s. Peers: 4
[m[2m2026-10-01 23:35:30.025+0000[m[2m | [m[2mEthScheduler-Workers-1[m[2m | [m[32mINFO [m[2m | [m[2mPersistBlockTask[m[2m | [m[32mImported empty block #45 / 0 tx / 0 om / 0 (0.0%) gas / (0x761d38bf90de62a01b1b2dddc6fdb319c7f7123e8dd6052f25f440e64fe3292f) in 0.000s. Peers: 4
[m[2m2026-10-01 23:35:32.024+0000[m[2m | [m[2mEthScheduler-Workers-5[m[2m | [m[32mINFO [m[2m | [m[2mPersistBlockTask[m[2m | [m[32mImported empty block #46 / 0 tx / 0 om / 0 (0.0%) gas / (0x4499ec21e3bd922c8c55d95a4b13f407d14202b6239b1211bcf54e17f737a179) in 0.000s. Peers: 4
[m[2m2026-10-01 23:35:34.029+0000[m[2m | [m[2mEthScheduler-Workers-6[m[2m | [m[32mINFO [m[2m | [m[2mPersistBlockTask[m[2m | [m[32mImported empty block #47 / 0 tx / 0 om / 0 (0.0%) gas / (0xb790bf6911d0d528270000ac213e3661c55a0ab7afb7e493cd513c4f5808f8dd) in 0.000s. Peers: 4
[m[2m2026-10-01 23:35:36.023+0000[m[2m | [m[2mEthScheduler-Workers-0[m[2m | [m[32mINFO [m[2m | [m[2mPersistBlockTask[m[2m | [m[32mImported empty block #48 / 0 tx / 0 om / 0 (0.0%) gas / (0xf95492323ca81ef60efae1873525bcd3fa691f6d98fb7a51adb5bee97c43b35b) in 0.000s. Peers: 4
[m[2m2026-10-01 23:35:38.025+0000[m[2m | [m[2mEthScheduler-Workers-3[m[2m | [m[32mINFO [m[2m | [m[2mPersistBlockTask[m[2m | [m[32mImported empty block #49 / 0 tx / 0 om / 0 (0.0%) gas / (0x6c95db7bf10c852d5fd691025184f0c2a4ac66d8f62886ffd6e607e3bea83e4f) in 0.000s. Peers: 4
[m[2m2026-10-01 23:35:40.118+0000[m[2m | [m[2mEthScheduler-Workers-0[m[2m | [m[32mINFO [m[2m | [m[2mPersistBlockTask[m[2m | [m[32mImported block #50 / 32 tx / 0 om / 4,539,200 (96.6%) gas / (0x49562d6d9d6bfba30c93750440db687e33b244336cd12063e5be7e6d015a9f3c) in 0.000s. Peers: 4
[m[2m2026-10-01 23:35:42.100+0000[m[2m | [m[2mEthScheduler-Workers-1[m[2m | [m[32mINFO [m[2m | [m[2mPersistBlockTask[m[2m | [m[32mImported block #51 / 32 tx / 0 om / 4,539,164 (96.6%) gas / (0xfc2fde8fc6a7da1a1ca311e191f25ab0e39151415f7d9e845a918b3f4f152986) in 0.000s. Peers: 4
[m[2m2026-10-01 23:35:44.146+0000[m[2m | [m[2mEthScheduler-Workers-6[m[2m | [m[32mINFO [m[2m | [m[2mPersistBlockTask[m[2m | [m[32mImported block #52 / 32 tx / 0 om / 4,539,188 (96.6%) gas / (0x654b0ea7fb5f9bd7bc8ecdbb4d9e61322088aaab6cf6fc26e280b01274eecd00) in 0.000s. Peers: 4
[m[2m2026-10-01 23:35:46.176+0000[m[2m | [m[2mEthScheduler-Workers-2[m[2m | [m[32mINFO [m[2m | [m[2mPersistBlockTask[m[2m | [m[32mImported block #53 / 32 tx / 0 om / 4,539,164 (96.6%) gas / (0xe8136d8825ed2983393ea28cd505b7ead83670752ec1df7565c07eec921be61b) in 0.000s. Peers: 4
[m[2m2026-10-01 23:35:48.163+0000[m[2m | [m[2mEthScheduler-Workers-5[m[2m | [m[32mINFO [m[2m | [m[2mPersistBlockTask[m[2m | [m[32mImported block #54 / 32 tx / 0 om / 4,539,176 (96.6%) gas / (0xb1b0f661b28e9a5285dad108f6993524a0d7ca81598a5bd6f47fdc353a8b461b) in 0.000s. Peers: 4
[m[2m2026-10-01 23:35:50.106+0000[m[2m | [m[2mEthScheduler-Workers-4[m[2m | [m[32mINFO [m[2m | [m[2mPersistBlockTask[m[2m | [m[32mImported block #55 / 32 tx / 0 om / 4,539,188 (96.6%) gas / (0x1256fe840b47ff09bde350345566aa886d8d285ee26767d9a36e498abd68c224) in 0.000s. Peers: 4
[m[2m2026-10-01 23:35:52.150+0000[m[2m | [m[2mEthScheduler-Workers-2[m[2m | [m[32mINFO [m[2m | [m[2mPersistBlockTask[m[2m | [m[32mImported block #56 / 32 tx / 0 om / 4,539,212 (96.6%) gas / (0x2f6cedb0472468ccac78712691a8fe6d895fc050172d4450347495e96b8c7da5) in 0.000s. Peers: 4
[m[2m2026-10-01 23:35:54.094+0000[m[2m | [m[2mEthScheduler-Workers-0[m[2m | [m[32mINFO [m[2m | [m[2mPersistBlockTask[m[2m | [m[32mImported block #57 / 32 tx / 0 om / 4,539,212 (96.6%) gas / (0x18bdbced0123ba246d695b0c4aae17509ebe6ee83b899d253f0084cc9e6b05dd) in 0.000s. Peers: 4
[m[2m2026-10-01 23:35:56.106+0000[m[2m | [m[2mEthScheduler-Workers-7[m[2m | [m[32mINFO [m[2m | [m[2mPersistBlockTask[m[2m | [m[32mImported block #58 / 32 tx / 0 om / 4,539,164 (96.6%) gas / (0xc38275aa386a6be2f6121de16d2478083a568c3481a9c0386217bbc71c7c7537) in 0.000s. Peers: 4
[m[2m2026-10-01 23:35:58.126+0000[m[2m | [m[2mEthScheduler-Workers-3[m[2m | [m[32mINFO [m[2m | [m[2mPersistBlockTask[m[2m | [m[32mImported block #59 / 32 tx / 0 om / 4,539,188 (96.6%) gas / (0x4d41d4f431bbd20993dfe844dfa8227fae473b4a943221d494986db6d16e5ef0) in 0.000s. Peers: 4
[m[2m2026-10-01 23:36:00.059+0000[m[2m | [m[2mEthScheduler-Workers-1[m[2m | [m[32mINFO [m[2m | [m[2mPersistBlockTask[m[2m | [m[32mImported block #60 / 8 tx / 0 om / 1,134,812 (24.1%) gas / (0xaf73393ec2e8b0abd54b948b93adc17ff06450de9dd40fad73f6e27f6f50d72a) in 0.000s. Peers: 4
[m[2m2026-10-01 23:36:02.025+0000[m[2m | [m[2mEthScheduler-Workers-6[m[2m | [m[32mINFO [m[2m | [m[2mPersistBlockTask[m[2m | [m[32mImported empty block #61 / 0 tx / 0 om / 0 (0.0%) gas / (0xf3158b808b06b310a607e1d50395e5ea5b5869747b8bb38f63da3123796974c6) in 0.000s. Peers: 4
[m[2m2026-10-01 23:36:04.025+0000[m[2m | [m[2mEthScheduler-Workers-5[m[2m | [m[32mINFO [m[2m | [m[2mPersistBlockTask[m[2m | [m[32mImported empty block #62 / 0 tx / 0 om / 0 (0.0%) gas / (0x00e4f8f2f3636ac3fd3b6871946dbefab502d9cf3012fe81d74570558716f488) in 0.000s. Peers: 4
[m[2m2026-10-01 23:36:06.022+0000[m[2m | [m[2mEthScheduler-Workers-4[m[2m | [m[32mINFO [m[2m | [m[2mPersistBlockTask[m[2m | [m[32mImported empty block #63 / 0 tx / 0 om / 0 (0.0%) gas / (0xba84c26aab59840b5f247d9c401d497bd5d71d658e4b89cfeb1bd316afc92619) in 0.000s. Peers: 4
[m[2m2026-10-01 23:36:08.024+0000[m[2m | [m[2mEthScheduler-Workers-2[m[2m | [m[32mINFO [m[2m | [m[2mPersistBlockTask[m[2m | [m[32mImported empty block #64 / 0 tx / 0 om / 0 (0.0%) gas / (0xe23266dada677d123cb07632d4af305ffb90fd79ce6a9bb8c6b323015b30d50e) in 0.000s. Peers: 4
[m[2m2026-10-01 23:36:10.026+0000[m[2m | [m[2mEthScheduler-Workers-0[m[2m | [m[32mINFO [m[2m | [m[2mPersistBlockTask[m[2m | [m[32mImported empty block #65 / 0 tx / 0 om / 0 (0.0%) gas / (0xbb695494f62abf16e03fc2603a7182f500499796d16484833f119313c47a56f2) in 0.000s. Peers: 4
[m[2m2026-10-01 23:36:12.030+0000[m[2m | [m[2mEthScheduler-Workers-7[m[2m | [m[32mINFO [m[2m | [m[2mPersistBlockTask[m[2m | [m[32mImported empty block #66 / 0 tx / 0 om / 0 (0.0%) gas / (0xa99f0fede8b6a8816cdb423ead5a988f6976e81f6355e67229c0ba01d13e7082) in 0.000s. Peers: 4
[m[2m2026-10-01 23:36:14.030+0000[m[2m | [m[2mEthScheduler-Workers-3[m[2m | [m[32mINFO [m[2m | [m[2mPersistBlockTask[m[2m | [m[32mImported empty block #67 / 0 tx / 0 om / 0 (0.0%) gas / (0x5dce596e7989ad208853293044daf70c2ae8011f86190f2936ef6d02a8e34644) in 0.000s. Peers: 4
[m[2m2026-10-01 23:36:16.021+0000[m[2m | [m[2mEthScheduler-Workers-1[m[2m | [m[32mINFO [m[2m | [m[2mPersistBlockTask[m[2m | [m[32mImported empty block #68 / 0 tx / 0 om / 0 (0.0%) gas / (0xef1bc221ea6232c809f9b1a12ee8c28bc314d0197fb44d20c740d8861ae0bd4d) in 0.000s. Peers: 4
[m[2m2026-10-01 23:36:18.015+0000[m[2m | [m[2mEthScheduler-Workers-6[m[2m | [m[32mINFO [m[2m | [m[2mPersistBlockTask[m[2m | [m[32mImported empty block #69 / 0 tx / 0 om / 0 (0.0%) gas / (0xa7541093b2889696c4a15643eb8c1e17ff677ac66eef299fa8c134d8e55e4fcf) in 0.000s. Peers: 4
[m[2m2026-10-01 23:36:20.020+0000[m[2m | [m[2mEthScheduler-Workers-5[m[2m | [m[32mINFO [m[2m | [m[2mPersistBlockTask[m[2m | [m[32mImported empty block #70 / 0 tx / 0 om / 0 (0.0%) gas / (0xe10282e3f487b62f32f1e433e97b86d53520bb37519e09753f6f2b711ac8ee95) in 0.000s. Peers: 4
[m[2m2026-10-01 23:36:22.021+0000[m[2m | [m[2mEthScheduler-Workers-4[m[2m | [m[32mINFO [m[2m | [m[2mPersistBlockTask[m[2m | [m[32mImported empty block #71 / 0 tx / 0 om / 0 (0.0%) gas / (0xdaaf0dd817dadc6e22b6864fe7f08b6bfc1d0b4f6f6c7d61baaba457c264f588) in 0.000s. Peers: 4
[m[2m2026-10-01 23:36:24.029+0000[m[2m | [m[2mEthScheduler-Workers-2[m[2m | [m[32mINFO [m[2m | [m[2mPersistBlockTask[m[2m | [m[32mImported empty block #72 / 0 tx / 0 om / 0 (0.0%) gas / (0x5b87e8c9880a04d90a861a282589affdd91a8e82bb6a947b26082ee47956c24c) in 0.000s. Peers: 4
[m[2m2026-10-01 23:36:26.023+0000[m[2m | [m[2mEthScheduler-Workers-0[m[2m | [m[32mINFO [m[2m | [m[2mPersistBlockTask[m[2m | [m[32mImported empty block #73 / 0 tx / 0 om / 0 (0.0%) gas / (0xbe534949098561e5f65a3f95646d06998b96063bb0ff033aebd57286eb7eb86f) in 0.000s. Peers: 4
[m[2m2026-10-01 23:36:28.013+0000[m[2m | [m[2mEthScheduler-Workers-7[m[2m | [m[32mINFO [m[2m | [m[2mPersistBlockTask[m[2m | [m[32mImported empty block #74 / 0 tx / 0 om / 0 (0.0%) gas / (0xf22a34a5dcf025a73ee45cd600d33c963cb6abaf5fe6531d851f565c84c11c75) in 0.000s. Peers: 4
[m[2m2026-10-01 23:36:30.033+0000[m[2m | [m[2mEthScheduler-Workers-3[m[2m | [m[32mINFO [m[2m | [m[2mPersistBlockTask[m[2m | [m[32mImported empty block #75 / 0 tx / 0 om / 0 (0.0%) gas / (0x01058e706cdac75d5b3c8637d73480c4ba20977c4079d288fb19a4165f3a66ec) in 0.000s. Peers: 4
[m[2m2026-10-01 23:36:32.027+0000[m[2m | [m[2mEthScheduler-Workers-1[m[2m | [m[32mINFO [m[2m | [m[2mPersistBlockTask[m[2m | [m[32mImported empty block #76 / 0 tx / 0 om / 0 (0.0%) gas / (0xf690b9035ee52607f1f354e7d2c26d7b968d25c3947b20b4842567ddca9397c8) in 0.000s. Peers: 4
[m[2m2026-10-01 23:36:34.025+0000[m[2m | [m[2mEthScheduler-Workers-6[m[2m | [m[32mINFO [m[2m | [m[2mPersistBlockTask[m[2m | [m[32mImported empty block #77 / 0 tx / 0 om / 0 (0.0%) gas / (0xc78b07040458a935aa6c4d3c827326d78dcbcd0018e7927a46f4c8861882632d) in 0.000s. Peers: 4
[m[2m2026-10-01 23:36:36.028+0000[m[2m | [m[2mEthScheduler-Workers-5[m[2m | [m[32mINFO [m[2m | [m[2mPersistBlockTask[m[2m | [m[32mImported empty block #78 / 0 tx / 0 om / 0 (0.0%) gas / (0xe5ab3fa70da0a227a260d4a8a3fdb90f0877d39ab3e6709cc90b73a74bacfcde) in 0.000s. Peers: 4
[m[2m2026-10-01 23:36:38.026+0000[m[2m | [m[2mEthScheduler-Workers-4[m[2m | [m[32mINFO [m[2m | [m[2mPersistBlockTask[m[2m | [m[32mImported empty block #79 / 0 tx / 0 om / 0 (0.0%) gas / (0xa81fb6e91d4a9058de9674991efae5f488166a9bc3b76f527aad98f974cd045d) in 0.000s. Peers: 4
[m[2m2026-10-01 23:36:40.026+0000[m[2m | [m[2mEthScheduler-Workers-2[m[2m | [m[32mINFO [m[2m | [m[2mPersistBlockTask[m[2m | [m[32mImported empty block #80 / 0 tx / 0 om / 0 (0.0%) gas / (0xa0039c17b364f33da003e7e5697dc9f44243fdebd6f4f774bb79d18b4bba7aa4) in 0.000s. Peers: 4
[m[2m2026-10-01 23:36:42.019+0000[m[2m | [m[2mEthScheduler-Workers-0[m[2m | [m[32mINFO [m[2m | [m[2mPersistBlockTask[m[2m | [m[32mImported empty block #81 / 0 tx / 0 om / 0 (0.0%) gas / (0xa6f1259f54e858fee9cc3b1d371a9d94cbc65775a626a5df221896b82dc9ea00) in 0.000s. Peers: 4
[m[2m2026-10-01 23:36:44.017+0000[m[2m | [m[2mEthScheduler-Workers-7[m[2m | [m[32mINFO [m[2m | [m[2mPersistBlockTask[m[2m | [m[32mImported empty block #82 / 0 tx / 0 om / 0 (0.0%) gas / (0xd8513a8fa4f97a407b84dd34a75feccc7dda3635617ee46a3cd3d9c876265a90) in 0.000s. Peers: 4
[m[2m2026-10-01 23:36:46.023+0000[m[2m | [m[2mEthScheduler-Workers-3[m[2m | [m[32mINFO [m[2m | [m[2mPersistBlockTask[m[2m | [m[32mImported empty block #83 / 0 tx / 0 om / 0 (0.0%) gas / (0xa736e40f709bcc4680036c1fb445b98e1333e499bf832d7dab46712b41dd3dac) in 0.000s. Peers: 4
[m[2m2026-10-01 23:36:48.022+0000[m[2m | [m[2mEthScheduler-Workers-1[m[2m | [m[32mINFO [m[2m | [m[2mPersistBlockTask[m[2m | [m[32mImported empty block #84 / 0 tx / 0 om / 0 (0.0%) gas / (0x3e2d39d0adf919d051a9bde984009f3787c5774d44efa4eb5e56cc611dc07ed1) in 0.000s. Peers: 4
[m[2m2026-10-01 23:36:50.026+0000[m[2m | [m[2mEthScheduler-Workers-6[m[2m | [m[32mINFO [m[2m | [m[2mPersistBlockTask[m[2m | [m[32mImported empty block #85 / 0 tx / 0 om / 0 (0.0%) gas / (0x09be8cb9a83864da20adf6991d06daf455ec476d4cf2e1cca28cc3412808cf1b) in 0.000s. Peers: 4
[m[2m2026-10-01 23:36:52.029+0000[m[2m | [m[2mEthScheduler-Workers-5[m[2m | [m[32mINFO [m[2m | [m[2mPersistBlockTask[m[2m | [m[32mImported empty block #86 / 0 tx / 0 om / 0 (0.0%) gas / (0xadc9dd70f03de5650d8c52383d4050f9686893a10cd9708350ba35e6e6c715c7) in 0.000s. Peers: 4
[m[2m2026-10-01 23:36:54.027+0000[m[2m | [m[2mEthScheduler-Workers-4[m[2m | [m[32mINFO [m[2m | [m[2mPersistBlockTask[m[2m | [m[32mImported empty block #87 / 0 tx / 0 om / 0 (0.0%) gas / (0x201586385a886145ca869dab6ddd0597f96bfb747746a79106417d034bbfc827) in 0.000s. Peers: 4
[m[2m2026-10-01 23:36:56.027+0000[m[2m | [m[2mEthScheduler-Workers-2[m[2m | [m[32mINFO [m[2m | [m[2mPersistBlockTask[m[2m | [m[32mImported empty block #88 / 0 tx / 0 om / 0 (0.0%) gas / (0x615f2e0594bd5681bb29d5ca011e09a75837ce2f5e56c81063791e4376611e7d) in 0.000s. Peers: 4
[m[2m2026-10-01 23:36:58.024+0000[m[2m | [m[2mEthScheduler-Workers-0[m[2m | [m[32mINFO [m[2m | [m[2mPersistBlockTask[m[2m | [m[32mImported empty block #89 / 0 tx / 0 om / 0 (0.0%) gas / (0x5bb45b85b52c332938dde5dbc3b94d591f953bde987fe059a95b132d958c8fbd) in 0.000s. Peers: 4
[m[2m2026-10-01 23:37:00.021+0000[m[2m | [m[2mEthScheduler-Workers-7[m[2m | [m[32mINFO [m[2m | [m[2mPersistBlockTask[m[2m | [m[32mImported empty block #90 / 0 tx / 0 om / 0 (0.0%) gas / (0x6a37f375d0b421d4f550898666e5e4dd48a76cea77d99dc2bc3c475c7fcc6cae) in 0.000s. Peers: 4
[m[2m2026-10-01 23:37:02.035+0000[m[2m | [m[2mEthScheduler-Workers-3[m[2m | [m[32mINFO [m[2m | [m[2mPersistBlockTask[m[2m | [m[32mImported empty block #91 / 0 tx / 0 om / 0 (0.0%) gas / (0x8f6eab4b486b72a54348171caf1afb01ed673248a84a472508313ec235753e77) in 0.000s. Peers: 4
[m[2m2026-10-01 23:37:04.015+0000[m[2m | [m[2mEthScheduler-Workers-1[m[2m | [m[32mINFO [m[2m | [m[2mPersistBlockTask[m[2m | [m[32mImported empty block #92 / 0 tx / 0 om / 0 (0.0%) gas / (0xfa3479b455f39aad6372ebec22c050ba6087c4e1e25afb847abebdbe2dccb167) in 0.000s. Peers: 4
[m[2m2026-10-01 23:37:06.023+0000[m[2m | [m[2mEthScheduler-Workers-6[m[2m | [m[32mINFO [m[2m | [m[2mPersistBlockTask[m[2m | [m[32mImported empty block #93 / 0 tx / 0 om / 0 (0.0%) gas / (0xe257533921077a03a0295fad0b7a4f934d60e14cb13309d9d1839ec54c2b93d6) in 0.000s. Peers: 4
[m[2m2026-10-01 23:37:08.057+0000[m[2m | [m[2mEthScheduler-Workers-5[m[2m | [m[32mINFO [m[2m | [m[2mPersistBlockTask[m[2m | [m[32mImported empty block #94 / 0 tx / 0 om / 0 (0.0%) gas / (0x56f7d4f5031a62c1d4a7ac4e51b73e1ed63f38a471b316246a2f59f8cf5b3f3a) in 0.000s. Peers: 4
[m[2m2026-10-01 23:37:10.037+0000[m[2m | [m[2mEthScheduler-Workers-4[m[2m | [m[32mINFO [m[2m | [m[2mPersistBlockTask[m[2m | [m[32mImported empty block #95 / 0 tx / 0 om / 0 (0.0%) gas / (0x2cb858f14270ec9a2ac9e61d4d6ee4c7dd54953597b79f1bf462861037bc45ca) in 0.000s. Peers: 4
[m[2m2026-10-01 23:37:12.025+0000[m[2m | [m[2mEthScheduler-Workers-2[m[2m | [m[32mINFO [m[2m | [m[2mPersistBlockTask[m[2m | [m[32mImported empty block #96 / 0 tx / 0 om / 0 (0.0%) gas / (0x5da40a24ee78481f447b3353384b7eabc504e18567788e6076d461d4f0745ae0) in 0.000s. Peers: 4
[m[2m2026-10-01 23:37:14.023+0000[m[2m | [m[2mEthScheduler-Workers-0[m[2m | [m[32mINFO [m[2m | [m[2mPersistBlockTask[m[2m | [m[32mImported empty block #97 / 0 tx / 0 om / 0 (0.0%) gas / (0x84d2a6130edb70c7e691bc438722ca8b33930e96dee946a7e1f8ff74a41db9de) in 0.000s. Peers: 4
[m[2m2026-10-01 23:37:16.024+0000[m[2m | [m[2mEthScheduler-Workers-7[m[2m | [m[32mINFO [m[2m | [m[2mPersistBlockTask[m[2m | [m[32mImported empty block #98 / 0 tx / 0 om / 0 (0.0%) gas / (0x7e06c4b6bb3f4700a221d92ac4d98e948b211f66b95a1d02044847ac3ed58723) in 0.000s. Peers: 4
[m[2m2026-10-01 23:37:18.027+0000[m[2m | [m[2mEthScheduler-Workers-3[m[2m | [m[32mINFO [m[2m | [m[2mPersistBlockTask[m[2m | [m[32mImported empty block #99 / 0 tx / 0 om / 0 (0.0%) gas / (0x7c7541472d5d960574892a61da27c9f22cf98b14ebdfef8d41e2b7e2b0522724) in 0.000s. Peers: 4
[m[2m2026-10-01 23:37:20.026+0000[m[2m | [m[2mEthScheduler-Workers-1[m[2m | [m[32mINFO [m[2m | [m[2mPersistBlockTask[m[2m | [m[32mImported empty block #100 / 0 tx / 0 om / 0 (0.0%) gas / (0x65e139267134454897ca882dd0917ecef453fb2f563541741477e9a45f0278e5) in 0.000s. Peers: 4
[m[2m2026-10-01 23:37:22.023+0000[m[2m | [m[2mEthScheduler-Workers-6[m[2m | [m[32mINFO [m[2m | [m[2mPersistBlockTask[m[2m | [m[32mImported empty block #101 / 0 tx / 0 om / 0 (0.0%) gas / (0x4547e5170821c334a1cf1a74042425dba9c9d1da504006a734f677fdc00b5ad8) in 0.000s. Peers: 4
[m[2m2026-10-01 23:37:24.027+0000[m[2m | [m[2mEthScheduler-Workers-5[m[2m | [m[32mINFO [m[2m | [m[2mPersistBlockTask[m[2m | [m[32mImported empty block #102 / 0 tx / 0 om / 0 (0.0%) gas / (0x6070e765dd714515258f1e009907066cecb6efbca1d392637f3924a73f803cd1) in 0.000s. Peers: 4
