Setting permissions for: /data with access: READ_WRITE
[2m2026-10-01 23:38:07.458+0000[m[2m | [m[2mmain[m[2m | [m[32mINFO [m[2m | [m[2mBesu[m[2m | [m[32mStarting Besu
[m[2m2026-10-01 23:38:09.263+0000[m[2m | [m[2mmain[m[2m | [m[33mWARN [m[2m | [m[2mBesu[m[2m | [m[33m--rpc-ws-host has been ignored because --rpc-ws-enabled was not defined on the command line.
[m[2m2026-10-01 23:38:09.340+0000[m[2m | [m[2mmain[m[2m | [m[33mWARN [m[2m | [m[2mBesu[m[2m | [m[33m--graphql-http-host has been ignored because --graphql-http-enabled was not defined on the command line.
[m[2m2026-10-01 23:38:11.394+0000[m[2m | [m[2mmain[m[2m | [m[32mINFO [m[2m | [m[2mBesu[m[2m | [m[32mRPC HTTP JSON-RPC config: JsonRpcConfiguration{enabled=true, port=8545, host=0.0.0.0, corsAllowedDomains=[*], hostsAllowlist=[*], rpcApis=[ETH, NET, QBFT], authenticationEnabled=false, authenticationCredentialsFile=null, authenticationPublicKeyFile=null, tlsConfiguration=Optional.empty, httpTimeoutSec=30, maxActiveConnections=80, maxBatchSize=1024}
[m[2m2026-10-01 23:38:11.401+0000[m[2m | [m[2mmain[m[2m | [m[33mWARN [m[2m | [m[2mBesu[m[2m | [m[33mForcing --bonsai-limit-trie-logs-enabled=false, since it cannot be enabled with --sync-mode=FULL and --data-storage-format=BONSAI.
[m[2m2026-10-01 23:38:11.405+0000[m[2m | [m[2mmain[m[2m | [m[32mINFO [m[2m | [m[2mBesu[m[2m | [m[32mConnecting to 0 static nodes.
[m[2m2026-10-01 23:38:11.611+0000[m[2m | [m[2mmain[m[2m | [m[32mINFO [m[2m | [m[2mBesu[m[2m | [m[32m
####################################################################################################
#                                                                                                  #
# Besu version 26.6.0-RC1                                                                          #
#                                                                                                  #
# Configuration:                                                                                   #
# Network: Custom genesis file                                                                     #
# /genesis.json                                                                                    #
# Network Id: 1337                                                                                 #
# Data storage: Bonsai                                                                             #
# Sync mode: Full                                                                                  #
# Sync min peers: 5                                                                                #
# RPC HTTP APIs: ETH,NET,QBFT                                                                      #
# RPC HTTP port: 8545                                                                              #
# Using LAYERED transaction pool implementation                                                    #
# Using STACKED worldstate update mode                                                             #
# Opcode optimizations enabled                                                                     #
# Parallel transaction processing enabled                                                          #
# BAL pruning enabled (retained BALs: 113056)                                                      #
# Target Gas Limit: 60M                                                                            #
#                                                                                                  #
# Host:                                                                                            #
# Java: openjdk-java-25                                                                            #
# Maximum heap size: 1.94 GB                                                                       #
# OS: linux-aarch_64                                                                               #
# glibc: 2.39                                                                                      #
# jemalloc: 5.3.0-0-g54eaed1d8b56b1aa528be3bdd1877e59c56fa90c                                      #
# Total memory: 7.75 GB                                                                            #
# CPU cores: 10                                                                                    #
#                                                                                                  #
# Plugin Registration Summary:                                                                     #
# No plugins have been registered.                                                                 #
# TOTAL = 0 of 0 plugins successfully registered.                                                  #
#                                                                                                  #
####################################################################################################
[m[2m2026-10-01 23:38:11.616+0000[m[2m | [m[2mmain[m[2m | [m[32mINFO [m[2m | [m[2mBesu[m[2m | [m[32mSecurity Module: localfile
[m[2m2026-10-01 23:38:11.617+0000[m[2m | [m[2mmain[m[2m | [m[32mINFO [m[2m | [m[2mVersionMetadata[m[2m | [m[32mLookup version metadata file in data directory: /data
[m[2m2026-10-01 23:38:11.742+0000[m[2m | [m[2mmain[m[2m | [m[32mINFO [m[2m | [m[2mVersionMetadata[m[2m | [m[32mExisting version data detected. Besu version 26.6.0-RC1
[m[2m2026-10-01 23:38:11.788+0000[m[2m | [m[2mmain[m[2m | [m[32mINFO [m[2m | [m[2mBesu[m[2m | [m[32mUsing the native implementation of alt bn128
[m[2m2026-10-01 23:38:11.789+0000[m[2m | [m[2mmain[m[2m | [m[32mINFO [m[2m | [m[2mBesu[m[2m | [m[32mUsing the Java implementation of modexp
[m[2m2026-10-01 23:38:11.844+0000[m[2m | [m[2mmain[m[2m | [m[32mINFO [m[2m | [m[2mBesu[m[2m | [m[32mUsing the native implementation of the signature algorithm
[m[2m2026-10-01 23:38:11.854+0000[m[2m | [m[2mmain[m[2m | [m[32mINFO [m[2m | [m[2mBesu[m[2m | [m[32mUsing the Java implementation of the blake2bf algorithm
[m[2m2026-10-01 23:38:12.208+0000[m[2m | [m[2mmain[m[2m | [m[32mINFO [m[2m | [m[2mBesu[m[2m | [m[32mUsing the native BoringSSL implementation of p256verify
[m[2m2026-10-01 23:38:12.427+0000[m[2m | [m[2mmain[m[2m | [m[32mINFO [m[2m | [m[2mKeyPairUtil[m[2m | [m[32mAttempting to load public key from /data/key
[m[2m2026-10-01 23:38:12.463+0000[m[2m | [m[2mmain[m[2m | [m[32mINFO [m[2m | [m[2mKeyPairUtil[m[2m | [m[32mLoaded public key 0x8038f1f0b32d746b89c6bbf809e218fd1970d1d8ffe06023d68a117a893094569feac654435d1b9fd4911f7f820f0e231c03847d970a01c1bf1bc15e53b7a28c from /data/key
[m[2m2026-10-01 23:38:13.081+0000[m[2m | [m[2mmain[m[2m | [m[32mINFO [m[2m | [m[2mProtocolScheduleBuilder[m[2m | [m[32mProtocol schedule created with milestones: [Berlin:0]
[m[2m2026-10-01 23:38:13.129+0000[m[2m | [m[2mmain[m[2m | [m[32mINFO [m[2m | [m[2mDatabaseMetadata[m[2m | [m[32mLookup database metadata file in data directory: /data
[m[2m2026-10-01 23:38:13.557+0000[m[2m | [m[2mmain[m[2m | [m[32mINFO [m[2m | [m[2mRocksDBKeyValueStorageFactory[m[2m | [m[32mExisting database at /data. Metadata versionedStorageFormat=BaseVersionedStorageFormat{format=BONSAI, version=3}. Processing WAL...
[m[2m2026-10-01 23:38:14.114+0000[m[2m | [m[2mmain[m[2m | [m[32mINFO [m[2m | [m[2mFlatDbStrategyProvider[m[2m | [m[32mFlat db mode found FULL
[m[2m2026-10-01 23:38:14.122+0000[m[2m | [m[2mmain[m[2m | [m[32mINFO [m[2m | [m[2mFlatDbStrategyProvider[m[2m | [m[32mDB mode with code stored using code hash enabled = true
[m[2m2026-10-01 23:38:14.151+0000[m[2m | [m[2mmain[m[2m | [m[32mINFO [m[2m | [m[2mFlatDbStrategyProvider[m[2m | [m[32mFlat db mode found FULL
[m[2m2026-10-01 23:38:14.156+0000[m[2m | [m[2mmain[m[2m | [m[32mINFO [m[2m | [m[2mFlatDbStrategyProvider[m[2m | [m[32mDB mode with code stored using code hash enabled = true
[m[2m2026-10-01 23:38:14.330+0000[m[2m | [m[2mmain[m[2m | [m[32mINFO [m[2m | [m[2mBesuControllerBuilder[m[2m | [m[32mAdding ChainDataPruner to observe block added events
[m[2m2026-10-01 23:38:14.334+0000[m[2m | [m[2mmain[m[2m | [m[32mINFO [m[2m | [m[2mBesuControllerBuilder[m[2m | [m[32mBAL pruning enabled | BALs retained: 113056 | Frequency: 256
[m[2m2026-10-01 23:38:14.390+0000[m[2m | [m[2mmain[m[2m | [m[32mINFO [m[2m | [m[2mTransactionPoolFactory[m[2m | [m[32mEnabling transaction pool
[m[2m2026-10-01 23:38:14.429+0000[m[2m | [m[2mmain[m[2m | [m[32mINFO [m[2m | [m[2mBesuControllerBuilder[m[2m | [m[32mQBFT is configured, creating initial sync for BFT
[m[2m2026-10-01 23:38:14.431+0000[m[2m | [m[2mmain[m[2m | [m[32mINFO [m[2m | [m[2mBFTPivotSelectorFromPeers[m[2m | [m[32mCreating pivot block selector for BFT node
[m[2m2026-10-01 23:38:14.487+0000[m[2m | [m[2mmain[m[2m | [m[32mINFO [m[2m | [m[2mRunnerBuilder[m[2m | [m[32mResolved 1 bootnodes.
[m[2m2026-10-01 23:38:14.499+0000[m[2m | [m[2mmain[m[2m | [m[32mINFO [m[2m | [m[2mRunnerBuilder[m[2m | [m[32mDetecting NAT service.
[m[2m2026-10-01 23:38:14.698+0000[m[2m | [m[2mmain[m[2m | [m[32mINFO [m[2m | [m[2mRunner[m[2m | [m[32mStarting external services ... 
[m[2m2026-10-01 23:38:14.700+0000[m[2m | [m[2mmain[m[2m | [m[32mINFO [m[2m | [m[2mJsonRpcHttpService[m[2m | [m[32mStarting JSON-RPC service on 0.0.0.0:8545
[m[2m2026-10-01 23:38:14.960+0000[m[2m | [m[2mvert.x-eventloop-thread-1[m[2m | [m[32mINFO [m[2m | [m[2mJsonRpcHttpService[m[2m | [m[32mJSON-RPC service started and listening on 0.0.0.0:8545
[m[2m2026-10-01 23:38:14.964+0000[m[2m | [m[2mmain[m[2m | [m[32mINFO [m[2m | [m[2mAutoTransactionLogBloomCachingService[m[2m | [m[32mStarting auto transaction log bloom caching service.
[m[2m2026-10-01 23:38:14.970+0000[m[2m | [m[2mmain[m[2m | [m[32mINFO [m[2m | [m[2mLogBloomCacheMetadata[m[2m | [m[32mLookup cache metadata file in data directory: /data/caches
[m[2m2026-10-01 23:38:15.022+0000[m[2m | [m[2mmain[m[2m | [m[32mINFO [m[2m | [m[2mRunner[m[2m | [m[32mStarting Ethereum main loop ... 
[m[2m2026-10-01 23:38:15.024+0000[m[2m | [m[2mmain[m[2m | [m[32mINFO [m[2m | [m[2mDockerNatManager[m[2m | [m[32mStarting docker NAT manager.
[m[2m2026-10-01 23:38:15.036+0000[m[2m | [m[2mmain[m[2m | [m[32mINFO [m[2m | [m[2mNetworkRunner[m[2m | [m[32mStarting Network.
[m[2m2026-10-01 23:38:15.052+0000[m[2m | [m[2mnioEventLoopGroup-2-1[m[2m | [m[32mINFO [m[2m | [m[2mRlpxAgent[m[2m | [m[32mP2P RLPx agent started and listening on /[0:0:0:0:0:0:0:0]:30303.
[m[2m2026-10-01 23:38:15.053+0000[m[2m | [m[2mmain[m[2m | [m[32mINFO [m[2m | [m[2mPeerDiscoveryAgentV4[m[2m | [m[32mStarting peer discovery agent on host=0.0.0.0, port=30303. IPv6 available.
[m[2m2026-10-01 23:38:15.078+0000[m[2m | [m[2mvert.x-eventloop-thread-1[m[2m | [m[32mINFO [m[2m | [m[2mVertxPeerDiscoveryAgent[m[2m | [m[32mStarted peer discovery agent successfully, on effective host=0:0:0:0:0:0:0:0 and port=30303
[m[2m2026-10-01 23:38:15.192+0000[m[2m | [m[2mmain[m[2m | [m[32mINFO [m[2m | [m[2mNodeRecordManager[m[2m | [m[32mWriting node record to disk. NodeRecord{seq=1, publicKey=0x028038f1f0b32d746b89c6bbf809e218fd1970d1d8ffe06023d68a117a89309456, udpAddress=Optional[/127.0.0.1:30303], tcpAddress=Optional[/127.0.0.1:30303], quicAddress=Optional.empty, udp6Address=Optional.empty, tcp6Address=Optional.empty, quic6Address=Optional.empty, asBase64=-Je4QPc-Bru81ARnf6Ct0qBVJvazlhKHN2kaVCwDWfrvGTM1f6RMl7sEPYxSLqiUPyrSfufsqZzpXEpuvSDhWgfkamkBg2V0aMfGhPDO1jeAgmlkgnY0gmlwhH8AAAGJc2VjcDI1NmsxoQKAOPHwsy10a4nGu_gJ4hj9GXDR2P_gYCPWihF6iTCUVoN0Y3CCdl-DdWRwgnZf, nodeId=0xa6d63d1ef6b86e06396eccbfdfad53a16507b51d30cf8d3f8ad73f8f1d100fe3, customFields={tcp=30303, udp=30303, eth=[[0xf0ced637, 0x]], id=V4, ip=0x7f000001, secp256k1=0x028038f1f0b32d746b89c6bbf809e218fd1970d1d8ffe06023d68a117a89309456}}
[m[2m2026-10-01 23:38:15.267+0000[m[2m | [m[2mmain[m[2m | [m[32mINFO [m[2m | [m[2mPeerDiscoveryAgentV4[m[2m | [m[32mP2P peer discovery agent started and listening on /[0:0:0:0:0:0:0:0]:30303
[m[2m2026-10-01 23:38:15.268+0000[m[2m | [m[2mmain[m[2m | [m[32mINFO [m[2m | [m[2mDefaultP2PNetwork[m[2m | [m[32mEnode URL enode://8038f1f0b32d746b89c6bbf809e218fd1970d1d8ffe06023d68a117a893094569feac654435d1b9fd4911f7f820f0e231c03847d970a01c1bf1bc15e53b7a28c@127.0.0.1:30303
[m[2m2026-10-01 23:38:15.268+0000[m[2m | [m[2mmain[m[2m | [m[32mINFO [m[2m | [m[2mDefaultP2PNetwork[m[2m | [m[32mENR URL enr:-Je4QPc-Bru81ARnf6Ct0qBVJvazlhKHN2kaVCwDWfrvGTM1f6RMl7sEPYxSLqiUPyrSfufsqZzpXEpuvSDhWgfkamkBg2V0aMfGhPDO1jeAgmlkgnY0gmlwhH8AAAGJc2VjcDI1NmsxoQKAOPHwsy10a4nGu_gJ4hj9GXDR2P_gYCPWihF6iTCUVoN0Y3CCdl-DdWRwgnZf
[m[2m2026-10-01 23:38:15.269+0000[m[2m | [m[2mmain[m[2m | [m[32mINFO [m[2m | [m[2mDefaultP2PNetwork[m[2m | [m[32mNode address 0xdfad53a16507b51d30cf8d3f8ad73f8f1d100fe3
[m[2m2026-10-01 23:38:15.300+0000[m[2m | [m[2mmain[m[2m | [m[32mINFO [m[2m | [m[2mNetworkRunner[m[2m | [m[32mSupported capabilities: [eth/68, eth/69, eth/70, eth/71], [istanbul/100], [snap/1]
[m[2m2026-10-01 23:38:15.302+0000[m[2m | [m[2mmain[m[2m | [m[32mINFO [m[2m | [m[2mDefaultSynchronizer[m[2m | [m[32mStarting synchronizer.
[m[2m2026-10-01 23:38:15.320+0000[m[2m | [m[2mmain[m[2m | [m[32mINFO [m[2m | [m[2mTransactionPoolFactory[m[2m | [m[32mEnabling transaction handling following initial sync
[m[2m2026-10-01 23:38:15.324+0000[m[2m | [m[2mmain[m[2m | [m[32mINFO [m[2m | [m[2mBftMiningCoordinator[m[2m | [m[32mStarting BFT mining coordinator following initial sync
[m[2m2026-10-01 23:38:15.352+0000[m[2m | [m[2mmain[m[2m | [m[32mINFO [m[2m | [m[2mFullSyncDownloader[m[2m | [m[32mStarting full sync.
[m[2m2026-10-01 23:38:15.355+0000[m[2m | [m[2mmain[m[2m | [m[32mINFO [m[2m | [m[2mFullSyncTargetManager[m[2m | [m[32mUnable to find sync target. Waiting for 5 peers minimum. Currently checking 0 peers for usefulness
[m[2m2026-10-01 23:38:15.362+0000[m[2m | [m[2mmain[m[2m | [m[32mINFO [m[2m | [m[2mRunner[m[2m | [m[32mEthereum main loop is up.
[m[2m2026-10-01 23:38:19.636+0000[m[2m | [m[2mBftProcessorExecutor-QBFT-0[m[2m | [m[32mINFO [m[2m | [m[2mQbftRound[m[2m | [m[32mImporting proposed block to chain. round=ConsensusRoundIdentifier{Sequence=1, Round=1}, hash=0xcf45e39aad2a8436bfb8c3ee2da103447c1a2b3ba9315d045270cc4a0c024a6c
[m[2m2026-10-01 23:38:19.758+0000[m[2m | [m[2mBftProcessorExecutor-QBFT-0[m[2m | [m[32mINFO [m[2m | [m[2mQbftBesuControllerBuilder[m[2m | [m[32mImported empty block #1 / 0 tx / 0 pending / 0 (0.0%) gas / (0xcf45e39aad2a8436bfb8c3ee2da103447c1a2b3ba9315d045270cc4a0c024a6c)
[m[2m2026-10-01 23:38:20.358+0000[m[2m | [m[2mEthScheduler-Timer-0[m[2m | [m[32mINFO [m[2m | [m[2mFullSyncTargetManager[m[2m | [m[32mUnable to find sync target. Waiting for 5 peers minimum. Currently checking 1 peers for usefulness
[m[2m2026-10-01 23:38:21.056+0000[m[2m | [m[2mBftProcessorExecutor-QBFT-0[m[2m | [m[32mINFO [m[2m | [m[2mQbftBesuControllerBuilder[m[2m | [m[32mProduced empty block #2 / 0 tx / 0 pending / 0 (0.0%) gas / (0x4df9146aff900f6246a98e3ae1f41097839148b79168df01da6352eb10ebecde)
[m[2m2026-10-01 23:38:23.069+0000[m[2m | [m[2mBftProcessorExecutor-QBFT-0[m[2m | [m[32mINFO [m[2m | [m[2mQbftBesuControllerBuilder[m[2m | [m[32mImported empty block #3 / 0 tx / 0 pending / 0 (0.0%) gas / (0xacdcad48880ece6d14a60652339fe9c983f0a7cb088cada6c868029768ed5234)
[m[2m2026-10-01 23:38:25.045+0000[m[2m | [m[2mBftProcessorExecutor-QBFT-0[m[2m | [m[32mINFO [m[2m | [m[2mQbftBesuControllerBuilder[m[2m | [m[32mImported empty block #4 / 0 tx / 0 pending / 0 (0.0%) gas / (0xc444046e5eb5c2f3f6443ece58c2085b81a71fed5f8b7fa3de62196c12b861a9)
[m[2m2026-10-01 23:38:27.056+0000[m[2m | [m[2mBftProcessorExecutor-QBFT-0[m[2m | [m[32mINFO [m[2m | [m[2mQbftBesuControllerBuilder[m[2m | [m[32mImported empty block #5 / 0 tx / 0 pending / 0 (0.0%) gas / (0x9419510874eb1ea751eb7dffa3374adde1b6fa054dea9e7c18bf6f6d9f9347f3)
[m[2m2026-10-01 23:38:29.066+0000[m[2m | [m[2mBftProcessorExecutor-QBFT-0[m[2m | [m[32mINFO [m[2m | [m[2mQbftBesuControllerBuilder[m[2m | [m[32mProduced empty block #6 / 0 tx / 0 pending / 0 (0.0%) gas / (0x6d343f74bc935ef34e553dcca81fb1457dec3eef86504ad6c30bf792df651b92)
[m[2m2026-10-01 23:38:31.055+0000[m[2m | [m[2mBftProcessorExecutor-QBFT-0[m[2m | [m[32mINFO [m[2m | [m[2mQbftBesuControllerBuilder[m[2m | [m[32mImported empty block #7 / 0 tx / 0 pending / 0 (0.0%) gas / (0xb033777839f03d012efcfa32f289cf20d7e10bac95dd89704a703fc202b9c1d7)
[m[2m2026-10-01 23:38:33.047+0000[m[2m | [m[2mBftProcessorExecutor-QBFT-0[m[2m | [m[32mINFO [m[2m | [m[2mQbftBesuControllerBuilder[m[2m | [m[32mImported empty block #8 / 0 tx / 0 pending / 0 (0.0%) gas / (0x1f264808012591f5bd0e4b2a91957759457a6dca8f353145a1162169d8c8a012)
[m[2m2026-10-01 23:38:35.176+0000[m[2m | [m[2mBftProcessorExecutor-QBFT-0[m[2m | [m[32mINFO [m[2m | [m[2mQbftBesuControllerBuilder[m[2m | [m[32mImported block #9 / 1 tx / 0 pending / 904,698 (19.2%) gas / (0x93eefd8457859a880672b03aa5a01e7a1a6acb8ea53ca3098247ca0e20e19333)
[m[2m2026-10-01 23:38:37.185+0000[m[2m | [m[2mBftProcessorExecutor-QBFT-0[m[2m | [m[32mINFO [m[2m | [m[2mQbftBesuControllerBuilder[m[2m | [m[32mProduced block #10 / 10 tx / 4 pending / 1,435,606 (30.5%) gas / (0x985336143cc42445856efa602e5b64828e96fe173a37cc044ccb304aaf98d547)
[m[2m2026-10-01 23:38:43.191+0000[m[2m | [m[2mBftProcessorExecutor-QBFT-0[m[2m | [m[32mINFO [m[2m | [m[2mQbftRound[m[2m | [m[32mImporting proposed block to chain. round=ConsensusRoundIdentifier{Sequence=11, Round=1}, hash=0x9388ba100541dd7f369f6c227067735353463e1c4077de0812ba2051fe9de111
[m[2m2026-10-01 23:38:43.360+0000[m[2m | [m[2mBftProcessorExecutor-QBFT-0[m[2m | [m[32mINFO [m[2m | [m[2mQbftBesuControllerBuilder[m[2m | [m[32mImported block #11 / 32 tx / 34 pending / 4,539,188 (96.6%) gas / (0x9388ba100541dd7f369f6c227067735353463e1c4077de0812ba2051fe9de111)
[m[2m2026-10-01 23:38:46.288+0000[m[2m | [m[2mBftProcessorExecutor-QBFT-0[m[2m | [m[32mINFO [m[2m | [m[2mQbftBesuControllerBuilder[m[2m | [m[32mImported block #12 / 32 tx / 30 pending / 4,539,200 (96.6%) gas / (0x6c7019e36eaa03956733af68b492ee9a079bab2daf6f02a86545066ae36609de)
[m[2m2026-10-01 23:38:47.271+0000[m[2m | [m[2mBftProcessorExecutor-QBFT-0[m[2m | [m[32mINFO [m[2m | [m[2mQbftBesuControllerBuilder[m[2m | [m[32mProduced block #13 / 32 tx / 9 pending / 4,539,212 (96.6%) gas / (0xffb499d41601f3f58047783d39ba2d8b06acb4f46045c16de0e935f28fb42f76)
[m[2m2026-10-01 23:38:49.255+0000[m[2m | [m[2mBftProcessorExecutor-QBFT-0[m[2m | [m[32mINFO [m[2m | [m[2mQbftBesuControllerBuilder[m[2m | [m[32mImported block #14 / 26 tx / 3 pending / 3,688,094 (78.5%) gas / (0xe56063c625508696bdb8b3cf4b0dfd89a8e52f177998ca84096e851f9e9b2664)
[m[2m2026-10-01 23:38:51.237+0000[m[2m | [m[2mBftProcessorExecutor-QBFT-0[m[2m | [m[32mINFO [m[2m | [m[2mQbftBesuControllerBuilder[m[2m | [m[32mImported block #15 / 21 tx / 2 pending / 2,978,889 (63.4%) gas / (0x7646fe648dc3ac5312fe915174cc827cf3778479810f7ba6ad33b49c6f320760)
[m[2m2026-10-01 23:38:51.244+0000[m[2m | [m[2mEthScheduler-Workers-4[m[2m | [m[32mINFO [m[2m | [m[2mPersistBlockTask[m[2m | [m[32mBlock 15 (0x7646fe648dc3ac5312fe915174cc827cf3778479810f7ba6ad33b49c6f320760) is already imported
[m[2m2026-10-01 23:38:53.227+0000[m[2m | [m[2mBftProcessorExecutor-QBFT-0[m[2m | [m[32mINFO [m[2m | [m[2mQbftBesuControllerBuilder[m[2m | [m[32mImported block #16 / 20 tx / 2 pending / 2,837,000 (60.4%) gas / (0x959e540befb1421d4e5b9eaf26d6502213a32fd4362d5b0ed1a8b2d889179959)
[m[2m2026-10-01 23:38:55.156+0000[m[2m | [m[2mBftProcessorExecutor-QBFT-0[m[2m | [m[32mINFO [m[2m | [m[2mQbftBesuControllerBuilder[m[2m | [m[32mProduced block #17 / 20 tx / 1 pending / 2,836,940 (60.4%) gas / (0x5481865a3fee394edf799e895955d95bc75740ef5065698ac86d06a604194f33)
[m[2m2026-10-01 23:38:57.083+0000[m[2m | [m[2mBftProcessorExecutor-QBFT-0[m[2m | [m[32mINFO [m[2m | [m[2mQbftBesuControllerBuilder[m[2m | [m[32mImported block #18 / 20 tx / 1 pending / 2,836,988 (60.4%) gas / (0x702d2040a198d595c390d9e9c6c2019bab2d8edef8f44af62d60304461812cf7)
[m[2m2026-10-01 23:38:59.227+0000[m[2m | [m[2mBftProcessorExecutor-QBFT-0[m[2m | [m[32mINFO [m[2m | [m[2mQbftBesuControllerBuilder[m[2m | [m[32mImported block #19 / 20 tx / 2 pending / 2,837,012 (60.4%) gas / (0xd7d8c8b2863248bc86d17ed61d979e783b6195a92bcdc74f8e66eefdc0bacaf9)
[m[2m2026-10-01 23:39:01.327+0000[m[2m | [m[2mBftProcessorExecutor-QBFT-0[m[2m | [m[32mINFO [m[2m | [m[2mQbftBesuControllerBuilder[m[2m | [m[32mImported block #20 / 20 tx / 3 pending / 2,837,012 (60.4%) gas / (0x2ff6254aa6c2b0754c61542696c8644a5276698636af40d8a2638b2a0359c96d)
[m[2m2026-10-01 23:39:01.334+0000[m[2m | [m[2mEthScheduler-Workers-3[m[2m | [m[32mINFO [m[2m | [m[2mPersistBlockTask[m[2m | [m[32mBlock 20 (0x2ff6254aa6c2b0754c61542696c8644a5276698636af40d8a2638b2a0359c96d) is already imported
[m[2m2026-10-01 23:39:03.121+0000[m[2m | [m[2mBftProcessorExecutor-QBFT-0[m[2m | [m[32mINFO [m[2m | [m[2mQbftBesuControllerBuilder[m[2m | [m[32mProduced block #21 / 20 tx / 1 pending / 2,837,012 (60.4%) gas / (0x9e5c68bce708725cf1993696a2601b25890e28d56e49966e7a4826ba9a207696)
[m[2m2026-10-01 23:39:03.127+0000[m[2m | [m[2mEthScheduler-Workers-6[m[2m | [m[32mINFO [m[2m | [m[2mPersistBlockTask[m[2m | [m[32mBlock 21 (0x9e5c68bce708725cf1993696a2601b25890e28d56e49966e7a4826ba9a207696) is already imported
[m[2m2026-10-01 23:39:05.104+0000[m[2m | [m[2mBftProcessorExecutor-QBFT-0[m[2m | [m[32mINFO [m[2m | [m[2mQbftBesuControllerBuilder[m[2m | [m[32mImported block #22 / 20 tx / 1 pending / 2,837,000 (60.4%) gas / (0x19d9e22cb46ee4616c08d6ff352f659bd2411a0105e8a8bb6179ef18630a50f5)
[m[2m2026-10-01 23:39:07.090+0000[m[2m | [m[2mBftProcessorExecutor-QBFT-0[m[2m | [m[32mINFO [m[2m | [m[2mQbftBesuControllerBuilder[m[2m | [m[32mImported block #23 / 8 tx / 0 pending / 1,134,800 (24.1%) gas / (0xd14c062c6bf2c99f6a9aa87b07ee0f07cda5bca292f562a620df950c1efafb95)
[m[2m2026-10-01 23:39:09.060+0000[m[2m | [m[2mBftProcessorExecutor-QBFT-0[m[2m | [m[32mINFO [m[2m | [m[2mQbftBesuControllerBuilder[m[2m | [m[32mImported empty block #24 / 0 tx / 0 pending / 0 (0.0%) gas / (0xe945cac7d2bf55898c2706f5419d30754d36e01858deb3d1fd67843ad3f96fd9)
[m[2m2026-10-01 23:39:09.060+0000[m[2m | [m[2mEthScheduler-Workers-0[m[2m | [m[32mINFO [m[2m | [m[2mPersistBlockTask[m[2m | [m[32mImported empty block #24 / 0 tx / 0 om / 0 (0.0%) gas / (0xe945cac7d2bf55898c2706f5419d30754d36e01858deb3d1fd67843ad3f96fd9) in 0.000s. Peers: 4
[m[2m2026-10-01 23:39:11.027+0000[m[2m | [m[2mBftProcessorExecutor-QBFT-0[m[2m | [m[32mINFO [m[2m | [m[2mQbftBesuControllerBuilder[m[2m | [m[32mProduced empty block #25 / 0 tx / 0 pending / 0 (0.0%) gas / (0x08ff5f68e77ba31c1ba0b652e6123690c2e7d79b07c7e3f64af595a97ad1b4e2)
[m[2m2026-10-01 23:39:13.025+0000[m[2m | [m[2mBftProcessorExecutor-QBFT-0[m[2m | [m[32mINFO [m[2m | [m[2mQbftBesuControllerBuilder[m[2m | [m[32mImported empty block #26 / 0 tx / 0 pending / 0 (0.0%) gas / (0x02e83a54690743d066d9e0a55a7443d9db635cb5be279f0185cf7e4f3ba320c6)
[m[2m2026-10-01 23:39:15.040+0000[m[2m | [m[2mBftProcessorExecutor-QBFT-0[m[2m | [m[32mINFO [m[2m | [m[2mQbftBesuControllerBuilder[m[2m | [m[32mImported empty block #27 / 0 tx / 0 pending / 0 (0.0%) gas / (0x6bbf136d6f0050af695103aa1824a8be3cfd85f1162f68f32bc9be27af1bb88d)
[m[2m2026-10-01 23:39:17.030+0000[m[2m | [m[2mBftProcessorExecutor-QBFT-0[m[2m | [m[32mINFO [m[2m | [m[2mQbftBesuControllerBuilder[m[2m | [m[32mImported empty block #28 / 0 tx / 0 pending / 0 (0.0%) gas / (0x5b5d29d9c81e6690fdcbba5009c781c066973b3ddaafa96d0ac1df54bb1b627a)
[m[2m2026-10-01 23:39:19.107+0000[m[2m | [m[2mBftProcessorExecutor-QBFT-0[m[2m | [m[32mINFO [m[2m | [m[2mQbftBesuControllerBuilder[m[2m | [m[32mProduced block #29 / 16 tx / 2 pending / 2,269,612 (48.3%) gas / (0xdab225b8064d66949352c65bc27efd08497394217366efc57e1d4a1f6b4826d8)
[m[2m2026-10-01 23:39:21.124+0000[m[2m | [m[2mBftProcessorExecutor-QBFT-0[m[2m | [m[32mINFO [m[2m | [m[2mQbftBesuControllerBuilder[m[2m | [m[32mImported block #30 / 32 tx / 10 pending / 4,539,236 (96.6%) gas / (0x927a24875f92b7b5ded202aecc58d3456d814c09955f5f2efa6882fcd6006b9a)
[m[2m2026-10-01 23:39:23.138+0000[m[2m | [m[2mBftProcessorExecutor-QBFT-0[m[2m | [m[32mINFO [m[2m | [m[2mQbftBesuControllerBuilder[m[2m | [m[32mImported block #31 / 32 tx / 18 pending / 4,539,212 (96.6%) gas / (0x1524bca04c9e4de9bf00828df4fdc269fa3b9c7f04e97aac526b0b2d6334a25c)
[m[2m2026-10-01 23:39:25.333+0000[m[2m | [m[2mBftProcessorExecutor-QBFT-0[m[2m | [m[32mINFO [m[2m | [m[2mQbftBesuControllerBuilder[m[2m | [m[32mImported block #32 / 32 tx / 30 pending / 4,539,272 (96.6%) gas / (0x797932e9279ac8205e55ccc4c6a5b2f796ef2abdcd9d634c0fa17387192e75c5)
[m[2m2026-10-01 23:39:27.108+0000[m[2m | [m[2mBftProcessorExecutor-QBFT-0[m[2m | [m[32mINFO [m[2m | [m[2mQbftBesuControllerBuilder[m[2m | [m[32mProduced block #33 / 32 tx / 34 pending / 4,539,224 (96.6%) gas / (0xa7ca89f328a129910259ac381f64336f33acfc061882e81c31e914d7297183c1)
[m[2m2026-10-01 23:39:29.128+0000[m[2m | [m[2mBftProcessorExecutor-QBFT-0[m[2m | [m[32mINFO [m[2m | [m[2mQbftBesuControllerBuilder[m[2m | [m[32mImported block #34 / 32 tx / 42 pending / 4,539,200 (96.6%) gas / (0xe42f88ff5dfc315e4c3e78592eba83e0b572f74ee2b60017aa699969173729f5)
[m[2m2026-10-01 23:39:31.189+0000[m[2m | [m[2mBftProcessorExecutor-QBFT-0[m[2m | [m[32mINFO [m[2m | [m[2mQbftBesuControllerBuilder[m[2m | [m[32mImported block #35 / 32 tx / 52 pending / 4,539,212 (96.6%) gas / (0xb9a82ecfeb3ae20d87e72f90c54dae17431555ead52a13da701bcd1773eaec14)
[m[2m2026-10-01 23:39:33.100+0000[m[2m | [m[2mBftProcessorExecutor-QBFT-0[m[2m | [m[32mINFO [m[2m | [m[2mQbftBesuControllerBuilder[m[2m | [m[32mImported block #36 / 32 tx / 58 pending / 4,539,176 (96.6%) gas / (0xd8af0e402de19ffb7775b41fa5bec9954eb610005ffbddbf8912bc787f5e0349)
[m[2m2026-10-01 23:39:35.128+0000[m[2m | [m[2mEthScheduler-Workers-2[m[2m | [m[32mINFO [m[2m | [m[2mPersistBlockTask[m[2m | [m[32mBlock 37 (0xe0b3052e02fd49d4d4b55bfc2b3b85100939bb099efd394ec0dde84771feea71) is already imported
[m[2m2026-10-01 23:39:35.128+0000[m[2m | [m[2mBftProcessorExecutor-QBFT-0[m[2m | [m[32mINFO [m[2m | [m[2mQbftBesuControllerBuilder[m[2m | [m[32mProduced block #37 / 32 tx / 66 pending / 4,539,260 (96.6%) gas / (0xe0b3052e02fd49d4d4b55bfc2b3b85100939bb099efd394ec0dde84771feea71)
[m[2m2026-10-01 23:39:37.173+0000[m[2m | [m[2mBftProcessorExecutor-QBFT-0[m[2m | [m[32mINFO [m[2m | [m[2mQbftBesuControllerBuilder[m[2m | [m[32mImported block #38 / 32 tx / 75 pending / 4,539,200 (96.6%) gas / (0x3c4805698bb75376fefd4d142afbd1ebcf1d65cb993328764c30ffa17c28d966)
[m[2m2026-10-01 23:39:39.216+0000[m[2m | [m[2mBftProcessorExecutor-QBFT-0[m[2m | [m[32mINFO [m[2m | [m[2mQbftBesuControllerBuilder[m[2m | [m[32mImported block #39 / 32 tx / 83 pending / 4,539,200 (96.6%) gas / (0x7308aa8fe3902bc366bf428298f4001321ba93d914d0ebd52faec752180904cc)
[m[2m2026-10-01 23:39:41.164+0000[m[2m | [m[2mBftProcessorExecutor-QBFT-0[m[2m | [m[32mINFO [m[2m | [m[2mQbftBesuControllerBuilder[m[2m | [m[32mImported block #40 / 32 tx / 92 pending / 4,539,212 (96.6%) gas / (0x9c443a840a2c817afc46aad8005409631adbf0f3bdbc5569be9b959cf3b4b9b6)
[m[2m2026-10-01 23:39:43.162+0000[m[2m | [m[2mBftProcessorExecutor-QBFT-0[m[2m | [m[32mINFO [m[2m | [m[2mQbftBesuControllerBuilder[m[2m | [m[32mProduced block #41 / 32 tx / 99 pending / 4,539,236 (96.6%) gas / (0x27265a69b1d8d74e7bb3c099cd9e5874db0ee16470a782d011494b61b92f6638)
[m[2m2026-10-01 23:39:45.116+0000[m[2m | [m[2mBftProcessorExecutor-QBFT-0[m[2m | [m[32mINFO [m[2m | [m[2mQbftBesuControllerBuilder[m[2m | [m[32mImported block #42 / 32 tx / 106 pending / 4,539,188 (96.6%) gas / (0x64b7c0ec12a033ed2c51e00fef5e56d0f0c634e1ab2f83efd55459e24228886a)
[m[2m2026-10-01 23:39:47.135+0000[m[2m | [m[2mBftProcessorExecutor-QBFT-0[m[2m | [m[32mINFO [m[2m | [m[2mQbftBesuControllerBuilder[m[2m | [m[32mImported block #43 / 32 tx / 114 pending / 4,539,224 (96.6%) gas / (0x020fc74d802c87066a3d81da14049bfb336830f263a9617ad5c93a4044bc59eb)
[m[2m2026-10-01 23:39:47.136+0000[m[2m | [m[2mEthScheduler-Workers-1[m[2m | [m[32mINFO [m[2m | [m[2mPersistBlockTask[m[2m | [m[32mBlock 43 (0x020fc74d802c87066a3d81da14049bfb336830f263a9617ad5c93a4044bc59eb) is already imported
[m[2m2026-10-01 23:39:49.266+0000[m[2m | [m[2mBftProcessorExecutor-QBFT-0[m[2m | [m[32mINFO [m[2m | [m[2mQbftBesuControllerBuilder[m[2m | [m[32mImported block #44 / 32 tx / 105 pending / 4,539,212 (96.6%) gas / (0x061e6e7eff710d30a690258cc34a24feb7ba13485071d451d19a8d85a045e015)
[m[2m2026-10-01 23:39:51.114+0000[m[2m | [m[2mBftProcessorExecutor-QBFT-0[m[2m | [m[32mINFO [m[2m | [m[2mQbftBesuControllerBuilder[m[2m | [m[32mProduced block #45 / 32 tx / 73 pending / 4,539,188 (96.6%) gas / (0xab0e406d8beecf6f553fcb4762b59c5dabf246ed327ce614e3880a9c6c1ec118)
[m[2m2026-10-01 23:39:53.102+0000[m[2m | [m[2mBftProcessorExecutor-QBFT-0[m[2m | [m[32mINFO [m[2m | [m[2mQbftBesuControllerBuilder[m[2m | [m[32mImported block #46 / 32 tx / 41 pending / 4,539,200 (96.6%) gas / (0x99b5bafc950e2136b85f33a0cd70cee19276d88e068232267cbe9529f24c44a9)
[m[2m2026-10-01 23:39:55.376+0000[m[2m | [m[2mBftProcessorExecutor-QBFT-0[m[2m | [m[32mINFO [m[2m | [m[2mQbftBesuControllerBuilder[m[2m | [m[32mImported block #47 / 32 tx / 9 pending / 4,539,176 (96.6%) gas / (0xc0e0fb391c3b3373823c08d234a37f1b65ee0f1a46884ebc99b782432d214487)
[m[2m2026-10-01 23:39:57.289+0000[m[2m | [m[2mBftProcessorExecutor-QBFT-0[m[2m | [m[32mINFO [m[2m | [m[2mQbftBesuControllerBuilder[m[2m | [m[32mImported block #48 / 9 tx / 0 pending / 1,276,617 (27.2%) gas / (0xc1bca1ba78e48eea973c25220862e6c4b9f06fa11e91fb5a3602034c28841d49)
[m[2m2026-10-01 23:39:59.045+0000[m[2m | [m[2mBftProcessorExecutor-QBFT-0[m[2m | [m[32mINFO [m[2m | [m[2mQbftBesuControllerBuilder[m[2m | [m[32mProduced empty block #49 / 0 tx / 0 pending / 0 (0.0%) gas / (0xf8a7863654f8c38aa73681becdf04dc2c78806f979410e5a08a15d64b151f040)
[m[2m2026-10-01 23:40:01.048+0000[m[2m | [m[2mBftProcessorExecutor-QBFT-0[m[2m | [m[32mINFO [m[2m | [m[2mQbftBesuControllerBuilder[m[2m | [m[32mImported empty block #50 / 0 tx / 0 pending / 0 (0.0%) gas / (0xe087f1e4ceb1f836781d96b646270cfc4115ec6f0fda5dd08511d26f135f269a)
[m[2m2026-10-01 23:40:03.027+0000[m[2m | [m[2mBftProcessorExecutor-QBFT-0[m[2m | [m[32mINFO [m[2m | [m[2mQbftBesuControllerBuilder[m[2m | [m[32mImported empty block #51 / 0 tx / 0 pending / 0 (0.0%) gas / (0x299aa07dca80d662cf0efeae141609ae4497124baa24f8a2d219ef0961bfdfd9)
[m[2m2026-10-01 23:40:05.024+0000[m[2m | [m[2mBftProcessorExecutor-QBFT-0[m[2m | [m[32mINFO [m[2m | [m[2mQbftBesuControllerBuilder[m[2m | [m[32mImported empty block #52 / 0 tx / 0 pending / 0 (0.0%) gas / (0x7ab5d911aa6c1fe80fb4aa91c4a6c83d312592330f506c0574ea5d78daa051b5)
[m[2m2026-10-01 23:40:07.029+0000[m[2m | [m[2mBftProcessorExecutor-QBFT-0[m[2m | [m[32mINFO [m[2m | [m[2mQbftBesuControllerBuilder[m[2m | [m[32mProduced empty block #53 / 0 tx / 0 pending / 0 (0.0%) gas / (0x534e0e3337aa3b77ac11338723eea9abe303efb74797537ec677e0a25088cb3e)
[m[2m2026-10-01 23:40:09.146+0000[m[2m | [m[2mBftProcessorExecutor-QBFT-0[m[2m | [m[32mINFO [m[2m | [m[2mQbftBesuControllerBuilder[m[2m | [m[32mImported block #54 / 23 tx / 3 pending / 3,262,571 (69.4%) gas / (0xca8ad8dfcbd07b636d343374b5884d5a4fba7363b6a50df9f9bbec66bb239403)
[m[2m2026-10-01 23:40:11.163+0000[m[2m | [m[2mBftProcessorExecutor-QBFT-0[m[2m | [m[32mINFO [m[2m | [m[2mQbftBesuControllerBuilder[m[2m | [m[32mImported block #55 / 32 tx / 52 pending / 4,539,212 (96.6%) gas / (0xaa0e8542d43a9fe46f9485ff027033bb8bc16fdd04ffaa5e6b5e112c47f2ec62)
[m[2m2026-10-01 23:40:13.265+0000[m[2m | [m[2mBftProcessorExecutor-QBFT-0[m[2m | [m[32mINFO [m[2m | [m[2mQbftBesuControllerBuilder[m[2m | [m[32mImported block #56 / 32 tx / 104 pending / 4,539,236 (96.6%) gas / (0xbd0d413147ad14e71af14323b4494630ddb4912d6bab506ebf57a684ea1f22c5)
[m[2m2026-10-01 23:40:15.201+0000[m[2m | [m[2mBftProcessorExecutor-QBFT-0[m[2m | [m[32mINFO [m[2m | [m[2mQbftBesuControllerBuilder[m[2m | [m[32mProduced block #57 / 32 tx / 151 pending / 4,539,212 (96.6%) gas / (0xbf294872b3c2e8adcfcbe553b2394ed101abbee374bcc4a4bfd1bb0b08301ae9)
[m[2m2026-10-01 23:40:17.350+0000[m[2m | [m[2mBftProcessorExecutor-QBFT-0[m[2m | [m[32mINFO [m[2m | [m[2mQbftBesuControllerBuilder[m[2m | [m[32mImported block #58 / 32 tx / 168 pending / 4,539,164 (96.6%) gas / (0xea8f1c7c35dab5993f0c92fd84c20518d4a13578d6168eb839ebaca9fcfdc6b7)
[m[2m2026-10-01 23:40:19.278+0000[m[2m | [m[2mBftProcessorExecutor-QBFT-0[m[2m | [m[32mINFO [m[2m | [m[2mQbftBesuControllerBuilder[m[2m | [m[32mImported block #59 / 32 tx / 136 pending / 4,539,188 (96.6%) gas / (0x763e9d425486ae7f9e1d0caca23da38c4e7b963878ff1a15c0507dbc168f9354)
[m[2m2026-10-01 23:40:21.266+0000[m[2m | [m[2mBftProcessorExecutor-QBFT-0[m[2m | [m[32mINFO [m[2m | [m[2mQbftBesuControllerBuilder[m[2m | [m[32mImported block #60 / 32 tx / 104 pending / 4,539,176 (96.6%) gas / (0x6fc5f7c06ad0788a7d55712ce329494d61d885ee5561e5e33c2b298de077d39d)
[m[2m2026-10-01 23:40:23.223+0000[m[2m | [m[2mEthScheduler-Workers-1[m[2m | [m[32mINFO [m[2m | [m[2mPersistBlockTask[m[2m | [m[32mBlock 61 (0x0df8d25df69e8e83fda0deee651c7d032f23200767e1482941998dab5f9b4734) is already imported
[m[2m2026-10-01 23:40:23.223+0000[m[2m | [m[2mBftProcessorExecutor-QBFT-0[m[2m | [m[32mINFO [m[2m | [m[2mQbftBesuControllerBuilder[m[2m | [m[32mProduced block #61 / 32 tx / 72 pending / 4,539,176 (96.6%) gas / (0x0df8d25df69e8e83fda0deee651c7d032f23200767e1482941998dab5f9b4734)
[m[2m2026-10-01 23:40:25.193+0000[m[2m | [m[2mBftProcessorExecutor-QBFT-0[m[2m | [m[32mINFO [m[2m | [m[2mQbftBesuControllerBuilder[m[2m | [m[32mImported block #62 / 32 tx / 40 pending / 4,539,176 (96.6%) gas / (0x761644a6adc591f2df0f0afe325d105531b79f23fcc6432036595e5238b6446d)
[m[2m2026-10-01 23:40:27.202+0000[m[2m | [m[2mBftProcessorExecutor-QBFT-0[m[2m | [m[32mINFO [m[2m | [m[2mQbftBesuControllerBuilder[m[2m | [m[32mImported block #63 / 32 tx / 8 pending / 4,539,212 (96.6%) gas / (0x8e71bf8f688e9a365b08ac074db34f451488953f35ff8bf5588a05b28ef583a8)
[m[2m2026-10-01 23:40:29.107+0000[m[2m | [m[2mBftProcessorExecutor-QBFT-0[m[2m | [m[32mINFO [m[2m | [m[2mQbftBesuControllerBuilder[m[2m | [m[32mImported block #64 / 8 tx / 0 pending / 1,134,800 (24.1%) gas / (0xf406eeca96acd8aa19ab0bc8d295e95dc8116402bd2109df9ad0ea05fabf3234)
[m[2m2026-10-01 23:40:31.023+0000[m[2m | [m[2mBftProcessorExecutor-QBFT-0[m[2m | [m[32mINFO [m[2m | [m[2mQbftBesuControllerBuilder[m[2m | [m[32mProduced empty block #65 / 0 tx / 0 pending / 0 (0.0%) gas / (0x739d8189bb02af08b52b15dbca9979505b3dda5abeac1167e5d72d1ce12ea30a)
[m[2m2026-10-01 23:40:33.034+0000[m[2m | [m[2mBftProcessorExecutor-QBFT-0[m[2m | [m[32mINFO [m[2m | [m[2mQbftBesuControllerBuilder[m[2m | [m[32mImported empty block #66 / 0 tx / 0 pending / 0 (0.0%) gas / (0x8be94a6674674f58f5ec706bf1bdbab9ccde48daf1505aa475a81247017d48c5)
[m[2m2026-10-01 23:40:35.041+0000[m[2m | [m[2mBftProcessorExecutor-QBFT-0[m[2m | [m[32mINFO [m[2m | [m[2mQbftBesuControllerBuilder[m[2m | [m[32mImported empty block #67 / 0 tx / 0 pending / 0 (0.0%) gas / (0x3a2a53cad0a0f361b7b2cefb4d2e2341fa7e7a66af9f4b7edd0538ebdcfde467)
[m[2m2026-10-01 23:40:37.026+0000[m[2m | [m[2mBftProcessorExecutor-QBFT-0[m[2m | [m[32mINFO [m[2m | [m[2mQbftBesuControllerBuilder[m[2m | [m[32mImported empty block #68 / 0 tx / 0 pending / 0 (0.0%) gas / (0x7e6dcba63c6a19a42550e538b03127ca8185f7a6493a961fb49d076a26230c6b)
[m[2m2026-10-01 23:40:39.025+0000[m[2m | [m[2mBftProcessorExecutor-QBFT-0[m[2m | [m[32mINFO [m[2m | [m[2mQbftBesuControllerBuilder[m[2m | [m[32mProduced empty block #69 / 0 tx / 0 pending / 0 (0.0%) gas / (0xba5c7e2497418a81e302231f1c748b05948ef1120e4e03b35a4bdd98c4a33680)
[m[2m2026-10-01 23:40:41.022+0000[m[2m | [m[2mBftProcessorExecutor-QBFT-0[m[2m | [m[32mINFO [m[2m | [m[2mQbftBesuControllerBuilder[m[2m | [m[32mImported empty block #70 / 0 tx / 0 pending / 0 (0.0%) gas / (0x324f5bebe44742e880ddc6200f1c964bb109e43a64ca6d6c7809780cc8507f94)
[m[2m2026-10-01 23:40:43.027+0000[m[2m | [m[2mBftProcessorExecutor-QBFT-0[m[2m | [m[32mINFO [m[2m | [m[2mQbftBesuControllerBuilder[m[2m | [m[32mImported empty block #71 / 0 tx / 0 pending / 0 (0.0%) gas / (0xb90aeadd117a34ad151c50a790e589cf425a85d2f4336e54598fd35aab6a4828)
[m[2m2026-10-01 23:40:45.048+0000[m[2m | [m[2mBftProcessorExecutor-QBFT-0[m[2m | [m[32mINFO [m[2m | [m[2mQbftBesuControllerBuilder[m[2m | [m[32mImported empty block #72 / 0 tx / 0 pending / 0 (0.0%) gas / (0x297c42458908b43b0c9d5c8798a4dd343f83dd2ac3162749da58e8ba2e67bd9a)
[m[2m2026-10-01 23:40:47.020+0000[m[2m | [m[2mBftProcessorExecutor-QBFT-0[m[2m | [m[32mINFO [m[2m | [m[2mQbftBesuControllerBuilder[m[2m | [m[32mProduced empty block #73 / 0 tx / 0 pending / 0 (0.0%) gas / (0xe425262c97d3dae7e0c1a4847f3447f1e36f6e42b5d0dc12539e78a9c2166d9b)
[m[2m2026-10-01 23:40:49.021+0000[m[2m | [m[2mBftProcessorExecutor-QBFT-0[m[2m | [m[32mINFO [m[2m | [m[2mQbftBesuControllerBuilder[m[2m | [m[32mImported empty block #74 / 0 tx / 0 pending / 0 (0.0%) gas / (0xe9f3f12602642b60b8150eb7b557340837d4574f0e3e3910d71c6b27fa5f8b93)
[m[2m2026-10-01 23:40:51.022+0000[m[2m | [m[2mBftProcessorExecutor-QBFT-0[m[2m | [m[32mINFO [m[2m | [m[2mQbftBesuControllerBuilder[m[2m | [m[32mImported empty block #75 / 0 tx / 0 pending / 0 (0.0%) gas / (0xd614be4d62fd3318634da9d3528dd91b611c49dbd9626ac1de946fc533c8a75f)
[m[2m2026-10-01 23:40:53.022+0000[m[2m | [m[2mBftProcessorExecutor-QBFT-0[m[2m | [m[32mINFO [m[2m | [m[2mQbftBesuControllerBuilder[m[2m | [m[32mImported empty block #76 / 0 tx / 0 pending / 0 (0.0%) gas / (0x5ef0806c8b3022eb4a7950921b053c8f8c7823b559cb6d8b2278e6abc80ead9d)
[m[2m2026-10-01 23:40:55.020+0000[m[2m | [m[2mBftProcessorExecutor-QBFT-0[m[2m | [m[32mINFO [m[2m | [m[2mQbftBesuControllerBuilder[m[2m | [m[32mProduced empty block #77 / 0 tx / 0 pending / 0 (0.0%) gas / (0xa22c0a09b9bf5ae34e095e1e0d618e85033c31c1df4bd9f64a93fcce2c2801ef)
[m[2m2026-10-01 23:40:57.024+0000[m[2m | [m[2mBftProcessorExecutor-QBFT-0[m[2m | [m[32mINFO [m[2m | [m[2mQbftBesuControllerBuilder[m[2m | [m[32mImported empty block #78 / 0 tx / 0 pending / 0 (0.0%) gas / (0x7cf0314488c64d4608271d82726cf23e6f4ff5e34868fc0adddd56e81191dbbb)
[m[2m2026-10-01 23:40:59.024+0000[m[2m | [m[2mBftProcessorExecutor-QBFT-0[m[2m | [m[32mINFO [m[2m | [m[2mQbftBesuControllerBuilder[m[2m | [m[32mImported empty block #79 / 0 tx / 0 pending / 0 (0.0%) gas / (0xd7096d2740ca71956a6eca3a9e40d231e9101984c9047fd258b2579b13e3a78d)
[m[2m2026-10-01 23:41:01.025+0000[m[2m | [m[2mBftProcessorExecutor-QBFT-0[m[2m | [m[32mINFO [m[2m | [m[2mQbftBesuControllerBuilder[m[2m | [m[32mImported empty block #80 / 0 tx / 0 pending / 0 (0.0%) gas / (0xb2905b2cafa7dd6c85feb5d21169c6b70d6adfef3c9660737b7bf3b07878fcb2)
[m[2m2026-10-01 23:41:03.053+0000[m[2m | [m[2mBftProcessorExecutor-QBFT-0[m[2m | [m[32mINFO [m[2m | [m[2mQbftBesuControllerBuilder[m[2m | [m[32mProduced empty block #81 / 0 tx / 0 pending / 0 (0.0%) gas / (0xd4198a023390445675ebbf1968e0cb21802529ccf3dabfd6289bf6004d12bdda)
[m[2m2026-10-01 23:41:05.018+0000[m[2m | [m[2mBftProcessorExecutor-QBFT-0[m[2m | [m[32mINFO [m[2m | [m[2mQbftBesuControllerBuilder[m[2m | [m[32mImported empty block #82 / 0 tx / 0 pending / 0 (0.0%) gas / (0xbe6503490cac138243a269f1086f362cd8cc5922660a794837b37582dba06b47)
[m[2m2026-10-01 23:41:07.019+0000[m[2m | [m[2mBftProcessorExecutor-QBFT-0[m[2m | [m[32mINFO [m[2m | [m[2mQbftBesuControllerBuilder[m[2m | [m[32mImported empty block #83 / 0 tx / 0 pending / 0 (0.0%) gas / (0x7a3687be25322c8b183840b3d1c9e2fcf069e5e58ce424f01bebaeba5e2099e7)
[m[2m2026-10-01 23:41:09.022+0000[m[2m | [m[2mBftProcessorExecutor-QBFT-0[m[2m | [m[32mINFO [m[2m | [m[2mQbftBesuControllerBuilder[m[2m | [m[32mImported empty block #84 / 0 tx / 0 pending / 0 (0.0%) gas / (0xf31c58f2daee49065339aa3c81d98253ca1de222bc14ca02a507f8a8dd6e1ecb)
[m[2m2026-10-01 23:41:11.028+0000[m[2m | [m[2mBftProcessorExecutor-QBFT-0[m[2m | [m[32mINFO [m[2m | [m[2mQbftBesuControllerBuilder[m[2m | [m[32mProduced empty block #85 / 0 tx / 0 pending / 0 (0.0%) gas / (0xe61cebd31a2e3134c53c3079d5e4d33eb9b8e0099a2c69523ec94b597e3eb5e0)
[m[2m2026-10-01 23:41:13.021+0000[m[2m | [m[2mBftProcessorExecutor-QBFT-0[m[2m | [m[32mINFO [m[2m | [m[2mQbftBesuControllerBuilder[m[2m | [m[32mImported empty block #86 / 0 tx / 0 pending / 0 (0.0%) gas / (0xae56238c63792b3b0e152965a925173423697a0c574f1ed77187925a1ecb07b1)
[m[2m2026-10-01 23:41:15.023+0000[m[2m | [m[2mBftProcessorExecutor-QBFT-0[m[2m | [m[32mINFO [m[2m | [m[2mQbftBesuControllerBuilder[m[2m | [m[32mImported empty block #87 / 0 tx / 0 pending / 0 (0.0%) gas / (0xa48b2412d13b1d7650bcb7ff45260a7d39625a245fe455f6f8333d8d43aadfb5)
[m[2m2026-10-01 23:41:17.023+0000[m[2m | [m[2mBftProcessorExecutor-QBFT-0[m[2m | [m[32mINFO [m[2m | [m[2mQbftBesuControllerBuilder[m[2m | [m[32mImported empty block #88 / 0 tx / 0 pending / 0 (0.0%) gas / (0xd0baf5fea0f556c686b7fada8b4496dbb76063c3b42049780b27fffc47235836)
[m[2m2026-10-01 23:41:19.027+0000[m[2m | [m[2mBftProcessorExecutor-QBFT-0[m[2m | [m[32mINFO [m[2m | [m[2mQbftBesuControllerBuilder[m[2m | [m[32mProduced empty block #89 / 0 tx / 0 pending / 0 (0.0%) gas / (0x37f80c95a479533cd073443018ee566569dcedf8f1fdcc8e7400062f18976bf2)
[m[2m2026-10-01 23:41:21.041+0000[m[2m | [m[2mBftProcessorExecutor-QBFT-0[m[2m | [m[32mINFO [m[2m | [m[2mQbftBesuControllerBuilder[m[2m | [m[32mImported empty block #90 / 0 tx / 0 pending / 0 (0.0%) gas / (0x0c457fc03719c853ebb6618eb084770e4e09c61679b6c044bbc69365ef82e73a)
[m[2m2026-10-01 23:41:23.035+0000[m[2m | [m[2mBftProcessorExecutor-QBFT-0[m[2m | [m[32mINFO [m[2m | [m[2mQbftBesuControllerBuilder[m[2m | [m[32mImported empty block #91 / 0 tx / 0 pending / 0 (0.0%) gas / (0x0a02b9ccb5d41ca97b33bea3ebbc442c3d1b036b9f607a34095f93b6f5b90a6f)
[m[2m2026-10-01 23:41:25.024+0000[m[2m | [m[2mBftProcessorExecutor-QBFT-0[m[2m | [m[32mINFO [m[2m | [m[2mQbftBesuControllerBuilder[m[2m | [m[32mImported empty block #92 / 0 tx / 0 pending / 0 (0.0%) gas / (0x7a3e30ea160ad43f053c30d5004d826be8084014d7a479256e40a57f35c41e9b)
[m[2m2026-10-01 23:41:27.028+0000[m[2m | [m[2mBftProcessorExecutor-QBFT-0[m[2m | [m[32mINFO [m[2m | [m[2mQbftBesuControllerBuilder[m[2m | [m[32mProduced empty block #93 / 0 tx / 0 pending / 0 (0.0%) gas / (0xe11a57b2837f6791cd639b739fa7c36749e03045743495dbc085e7f53a26596b)
[m[2m2026-10-01 23:41:29.030+0000[m[2m | [m[2mBftProcessorExecutor-QBFT-0[m[2m | [m[32mINFO [m[2m | [m[2mQbftBesuControllerBuilder[m[2m | [m[32mImported empty block #94 / 0 tx / 0 pending / 0 (0.0%) gas / (0xe3de7deaf39d213d42e682bbba82262f5d43568c0ee6d5923c16ef495461c0f8)
[m[2m2026-10-01 23:41:31.024+0000[m[2m | [m[2mBftProcessorExecutor-QBFT-0[m[2m | [m[32mINFO [m[2m | [m[2mQbftBesuControllerBuilder[m[2m | [m[32mImported empty block #95 / 0 tx / 0 pending / 0 (0.0%) gas / (0x86f350184d3c6d6178b81726d619ae83a0de8ad9064c00dc80ba047b3cbc90df)
[m[2m2026-10-01 23:41:33.037+0000[m[2m | [m[2mBftProcessorExecutor-QBFT-0[m[2m | [m[32mINFO [m[2m | [m[2mQbftBesuControllerBuilder[m[2m | [m[32mImported empty block #96 / 0 tx / 0 pending / 0 (0.0%) gas / (0xc64aa6ca96ad0649ba9ce3d4ba5a3e6e06399f135885d9feb881c5ca3130f0dd)
[m[2m2026-10-01 23:41:35.078+0000[m[2m | [m[2mBftProcessorExecutor-QBFT-0[m[2m | [m[32mINFO [m[2m | [m[2mQbftBesuControllerBuilder[m[2m | [m[32mProduced empty block #97 / 0 tx / 0 pending / 0 (0.0%) gas / (0xe29dff3fb73fbdf5bdf902d5533ca4557dccccdd95a82511170ad75731b88181)
[m[2m2026-10-01 23:41:37.040+0000[m[2m | [m[2mBftProcessorExecutor-QBFT-0[m[2m | [m[32mINFO [m[2m | [m[2mQbftBesuControllerBuilder[m[2m | [m[32mImported empty block #98 / 0 tx / 0 pending / 0 (0.0%) gas / (0xea87d58ba900b9c25eb6e5d382900e727493f1ecd24b9ab34072a4cb03e1fd9e)
[m[2m2026-10-01 23:41:39.025+0000[m[2m | [m[2mBftProcessorExecutor-QBFT-0[m[2m | [m[32mINFO [m[2m | [m[2mQbftBesuControllerBuilder[m[2m | [m[32mImported empty block #99 / 0 tx / 0 pending / 0 (0.0%) gas / (0xe8e4e96d12f517524ef81015e6b896fbed7f4292f9ec3e13b0060448a8a94af6)
[m[2m2026-10-01 23:41:41.028+0000[m[2m | [m[2mBftProcessorExecutor-QBFT-0[m[2m | [m[32mINFO [m[2m | [m[2mQbftBesuControllerBuilder[m[2m | [m[32mImported empty block #100 / 0 tx / 0 pending / 0 (0.0%) gas / (0xcd3dad27fe1c8985b08b04bcb4cde3a4f65941351cde0b034d525495213fc1df)
[m[2m2026-10-01 23:41:43.021+0000[m[2m | [m[2mBftProcessorExecutor-QBFT-0[m[2m | [m[32mINFO [m[2m | [m[2mQbftBesuControllerBuilder[m[2m | [m[32mProduced empty block #101 / 0 tx / 0 pending / 0 (0.0%) gas / (0x0b36a8a32bbd1c435e86422d4ecee63d93bc9392931fee1d7ce0a9e1d591952e)
[m[2m2026-10-01 23:41:45.016+0000[m[2m | [m[2mBftProcessorExecutor-QBFT-0[m[2m | [m[32mINFO [m[2m | [m[2mQbftBesuControllerBuilder[m[2m | [m[32mImported empty block #102 / 0 tx / 0 pending / 0 (0.0%) gas / (0xe4471640e5b83a96986e2c9d1f290e5cdd374804490896993f5c7f2ce504486e)
[m[2m2026-10-01 23:41:47.047+0000[m[2m | [m[2mBftProcessorExecutor-QBFT-0[m[2m | [m[32mINFO [m[2m | [m[2mQbftBesuControllerBuilder[m[2m | [m[32mImported empty block #103 / 0 tx / 0 pending / 0 (0.0%) gas / (0xedbe1fe2f30f5e578a2c55b1e6417985567a604c8d676b8a60afa38bae7b2725)
[m[2m2026-10-01 23:41:49.048+0000[m[2m | [m[2mBftProcessorExecutor-QBFT-0[m[2m | [m[32mINFO [m[2m | [m[2mQbftBesuControllerBuilder[m[2m | [m[32mImported empty block #104 / 0 tx / 0 pending / 0 (0.0%) gas / (0xcbd83c9617be899c939031bdfa5f41e18a7895b72fc9351775df392b4b7a675d)
[m[2m2026-10-01 23:41:51.038+0000[m[2m | [m[2mBftProcessorExecutor-QBFT-0[m[2m | [m[32mINFO [m[2m | [m[2mQbftBesuControllerBuilder[m[2m | [m[32mProduced empty block #105 / 0 tx / 0 pending / 0 (0.0%) gas / (0x369342a62312469c9518fbb855a3731ff5b7c5c133dd6907df8df2839774a12e)
[m[2m2026-10-01 23:41:53.030+0000[m[2m | [m[2mBftProcessorExecutor-QBFT-0[m[2m | [m[32mINFO [m[2m | [m[2mQbftBesuControllerBuilder[m[2m | [m[32mImported empty block #106 / 0 tx / 0 pending / 0 (0.0%) gas / (0x4be0470cd0e99bd2bf42a72bf89a9a1bce2f52af940f152320c7ccd7d63be405)
