Setting permissions for: /data with access: READ_WRITE
[2m2026-10-01 23:22:26.427+0000[m[2m | [m[2mmain[m[2m | [m[32mINFO [m[2m | [m[2mBesu[m[2m | [m[32mStarting Besu
[m[2m2026-10-01 23:22:27.290+0000[m[2m | [m[2mmain[m[2m | [m[33mWARN [m[2m | [m[2mBesu[m[2m | [m[33m--rpc-ws-host has been ignored because --rpc-ws-enabled was not defined on the command line.
[m[2m2026-10-01 23:22:27.298+0000[m[2m | [m[2mmain[m[2m | [m[33mWARN [m[2m | [m[2mBesu[m[2m | [m[33m--graphql-http-host has been ignored because --graphql-http-enabled was not defined on the command line.
[m[2m2026-10-01 23:22:29.016+0000[m[2m | [m[2mmain[m[2m | [m[32mINFO [m[2m | [m[2mBesu[m[2m | [m[32mRPC HTTP JSON-RPC config: JsonRpcConfiguration{enabled=true, port=8545, host=0.0.0.0, corsAllowedDomains=[*], hostsAllowlist=[*], rpcApis=[ETH, NET, QBFT], authenticationEnabled=false, authenticationCredentialsFile=null, authenticationPublicKeyFile=null, tlsConfiguration=Optional.empty, httpTimeoutSec=30, maxActiveConnections=80, maxBatchSize=1024}
[m[2m2026-10-01 23:22:29.019+0000[m[2m | [m[2mmain[m[2m | [m[33mWARN [m[2m | [m[2mBesu[m[2m | [m[33mForcing --bonsai-limit-trie-logs-enabled=false, since it cannot be enabled with --sync-mode=FULL and --data-storage-format=BONSAI.
[m[2m2026-10-01 23:22:29.020+0000[m[2m | [m[2mmain[m[2m | [m[32mINFO [m[2m | [m[2mBesu[m[2m | [m[32mConnecting to 0 static nodes.
[m[2m2026-10-01 23:22:29.161+0000[m[2m | [m[2mmain[m[2m | [m[32mINFO [m[2m | [m[2mBesu[m[2m | [m[32m
####################################################################################################
#                                                                                                  #
# Besu version 26.6.0-RC1                                                                          #
#                                                                                                  #
# Configuration:                                                                                   #
# Network: Custom genesis file                                                                     #
# /genesis.json                                                                                    #
# Network Id: 1337                                                                                 #
# Data storage: Bonsai                                                                             #
# Sync mode: Full                                                                                  #
# Sync min peers: 5                                                                                #
# RPC HTTP APIs: ETH,NET,QBFT                                                                      #
# RPC HTTP port: 8545                                                                              #
# Using LAYERED transaction pool implementation                                                    #
# Using STACKED worldstate update mode                                                             #
# Opcode optimizations enabled                                                                     #
# Parallel transaction processing enabled                                                          #
# BAL pruning enabled (retained BALs: 113056)                                                      #
# Target Gas Limit: 60M                                                                            #
#                                                                                                  #
# Host:                                                                                            #
# Java: openjdk-java-25                                                                            #
# Maximum heap size: 1.94 GB                                                                       #
# OS: linux-aarch_64                                                                               #
# glibc: 2.39                                                                                      #
# jemalloc: 5.3.0-0-g54eaed1d8b56b1aa528be3bdd1877e59c56fa90c                                      #
# Total memory: 7.75 GB                                                                            #
# CPU cores: 10                                                                                    #
#                                                                                                  #
# Plugin Registration Summary:                                                                     #
# No plugins have been registered.                                                                 #
# TOTAL = 0 of 0 plugins successfully registered.                                                  #
#                                                                                                  #
####################################################################################################
[m[2m2026-10-01 23:22:29.161+0000[m[2m | [m[2mmain[m[2m | [m[32mINFO [m[2m | [m[2mBesu[m[2m | [m[32mSecurity Module: localfile
[m[2m2026-10-01 23:22:29.163+0000[m[2m | [m[2mmain[m[2m | [m[32mINFO [m[2m | [m[2mVersionMetadata[m[2m | [m[32mLookup version metadata file in data directory: /data
[m[2m2026-10-01 23:22:29.257+0000[m[2m | [m[2mmain[m[2m | [m[32mINFO [m[2m | [m[2mVersionMetadata[m[2m | [m[32mExisting version data detected. Besu version 26.6.0-RC1
[m[2m2026-10-01 23:22:29.286+0000[m[2m | [m[2mmain[m[2m | [m[32mINFO [m[2m | [m[2mBesu[m[2m | [m[32mUsing the native implementation of alt bn128
[m[2m2026-10-01 23:22:29.286+0000[m[2m | [m[2mmain[m[2m | [m[32mINFO [m[2m | [m[2mBesu[m[2m | [m[32mUsing the Java implementation of modexp
[m[2m2026-10-01 23:22:29.299+0000[m[2m | [m[2mmain[m[2m | [m[32mINFO [m[2m | [m[2mBesu[m[2m | [m[32mUsing the native implementation of the signature algorithm
[m[2m2026-10-01 23:22:29.309+0000[m[2m | [m[2mmain[m[2m | [m[32mINFO [m[2m | [m[2mBesu[m[2m | [m[32mUsing the Java implementation of the blake2bf algorithm
[m[2m2026-10-01 23:22:29.492+0000[m[2m | [m[2mmain[m[2m | [m[32mINFO [m[2m | [m[2mBesu[m[2m | [m[32mUsing the native BoringSSL implementation of p256verify
[m[2m2026-10-01 23:22:29.620+0000[m[2m | [m[2mmain[m[2m | [m[32mINFO [m[2m | [m[2mKeyPairUtil[m[2m | [m[32mAttempting to load public key from /data/key
[m[2m2026-10-01 23:22:29.663+0000[m[2m | [m[2mmain[m[2m | [m[32mINFO [m[2m | [m[2mKeyPairUtil[m[2m | [m[32mLoaded public key 0x85e90d08bf062a06bf43d850135e55351a4cdc6537e369ab2cadda9b45e08931a74ec76dcb42b91b116ed99104be8cc96c29fd55da6ccded9fe3740e887f045e from /data/key
[m[2m2026-10-01 23:22:30.086+0000[m[2m | [m[2mmain[m[2m | [m[32mINFO [m[2m | [m[2mProtocolScheduleBuilder[m[2m | [m[32mProtocol schedule created with milestones: [Berlin:0]
[m[2m2026-10-01 23:22:30.103+0000[m[2m | [m[2mmain[m[2m | [m[32mINFO [m[2m | [m[2mDatabaseMetadata[m[2m | [m[32mLookup database metadata file in data directory: /data
[m[2m2026-10-01 23:22:30.163+0000[m[2m | [m[2mmain[m[2m | [m[32mINFO [m[2m | [m[2mRocksDBKeyValueStorageFactory[m[2m | [m[32mExisting database at /data. Metadata versionedStorageFormat=BaseVersionedStorageFormat{format=BONSAI, version=3}. Processing WAL...
[m[2m2026-10-01 23:22:30.697+0000[m[2m | [m[2mmain[m[2m | [m[32mINFO [m[2m | [m[2mFlatDbStrategyProvider[m[2m | [m[32mFlat db mode found FULL
[m[2m2026-10-01 23:22:30.700+0000[m[2m | [m[2mmain[m[2m | [m[32mINFO [m[2m | [m[2mFlatDbStrategyProvider[m[2m | [m[32mDB mode with code stored using code hash enabled = true
[m[2m2026-10-01 23:22:30.719+0000[m[2m | [m[2mmain[m[2m | [m[32mINFO [m[2m | [m[2mFlatDbStrategyProvider[m[2m | [m[32mFlat db mode found FULL
[m[2m2026-10-01 23:22:30.720+0000[m[2m | [m[2mmain[m[2m | [m[32mINFO [m[2m | [m[2mFlatDbStrategyProvider[m[2m | [m[32mDB mode with code stored using code hash enabled = true
[m[2m2026-10-01 23:22:31.036+0000[m[2m | [m[2mmain[m[2m | [m[32mINFO [m[2m | [m[2mBesuControllerBuilder[m[2m | [m[32mAdding ChainDataPruner to observe block added events
[m[2m2026-10-01 23:22:31.039+0000[m[2m | [m[2mmain[m[2m | [m[32mINFO [m[2m | [m[2mBesuControllerBuilder[m[2m | [m[32mBAL pruning enabled | BALs retained: 113056 | Frequency: 256
[m[2m2026-10-01 23:22:31.090+0000[m[2m | [m[2mmain[m[2m | [m[32mINFO [m[2m | [m[2mTransactionPoolFactory[m[2m | [m[32mEnabling transaction pool
[m[2m2026-10-01 23:22:31.151+0000[m[2m | [m[2mmain[m[2m | [m[32mINFO [m[2m | [m[2mBesuControllerBuilder[m[2m | [m[32mQBFT is configured, creating initial sync for BFT
[m[2m2026-10-01 23:22:31.153+0000[m[2m | [m[2mmain[m[2m | [m[32mINFO [m[2m | [m[2mBFTPivotSelectorFromPeers[m[2m | [m[32mCreating pivot block selector for BFT node
[m[2m2026-10-01 23:22:31.228+0000[m[2m | [m[2mmain[m[2m | [m[32mINFO [m[2m | [m[2mRunnerBuilder[m[2m | [m[32mResolved 1 bootnodes.
[m[2m2026-10-01 23:22:31.262+0000[m[2m | [m[2mmain[m[2m | [m[32mINFO [m[2m | [m[2mRunnerBuilder[m[2m | [m[32mDetecting NAT service.
[m[2m2026-10-01 23:22:31.550+0000[m[2m | [m[2mmain[m[2m | [m[32mINFO [m[2m | [m[2mRunner[m[2m | [m[32mStarting external services ... 
[m[2m2026-10-01 23:22:31.551+0000[m[2m | [m[2mmain[m[2m | [m[32mINFO [m[2m | [m[2mJsonRpcHttpService[m[2m | [m[32mStarting JSON-RPC service on 0.0.0.0:8545
[m[2m2026-10-01 23:22:31.768+0000[m[2m | [m[2mvert.x-eventloop-thread-1[m[2m | [m[32mINFO [m[2m | [m[2mJsonRpcHttpService[m[2m | [m[32mJSON-RPC service started and listening on 0.0.0.0:8545
[m[2m2026-10-01 23:22:31.778+0000[m[2m | [m[2mmain[m[2m | [m[32mINFO [m[2m | [m[2mAutoTransactionLogBloomCachingService[m[2m | [m[32mStarting auto transaction log bloom caching service.
[m[2m2026-10-01 23:22:31.780+0000[m[2m | [m[2mmain[m[2m | [m[32mINFO [m[2m | [m[2mLogBloomCacheMetadata[m[2m | [m[32mLookup cache metadata file in data directory: /data/caches
[m[2m2026-10-01 23:22:31.808+0000[m[2m | [m[2mmain[m[2m | [m[32mINFO [m[2m | [m[2mRunner[m[2m | [m[32mStarting Ethereum main loop ... 
[m[2m2026-10-01 23:22:31.810+0000[m[2m | [m[2mmain[m[2m | [m[32mINFO [m[2m | [m[2mDockerNatManager[m[2m | [m[32mStarting docker NAT manager.
[m[2m2026-10-01 23:22:31.821+0000[m[2m | [m[2mmain[m[2m | [m[32mINFO [m[2m | [m[2mNetworkRunner[m[2m | [m[32mStarting Network.
[m[2m2026-10-01 23:22:31.840+0000[m[2m | [m[2mnioEventLoopGroup-2-1[m[2m | [m[32mINFO [m[2m | [m[2mRlpxAgent[m[2m | [m[32mP2P RLPx agent started and listening on /[0:0:0:0:0:0:0:0]:30303.
[m[2m2026-10-01 23:22:31.840+0000[m[2m | [m[2mmain[m[2m | [m[32mINFO [m[2m | [m[2mPeerDiscoveryAgentV4[m[2m | [m[32mStarting peer discovery agent on host=0.0.0.0, port=30303. IPv6 available.
[m[2m2026-10-01 23:22:31.857+0000[m[2m | [m[2mvert.x-eventloop-thread-1[m[2m | [m[32mINFO [m[2m | [m[2mVertxPeerDiscoveryAgent[m[2m | [m[32mStarted peer discovery agent successfully, on effective host=0:0:0:0:0:0:0:0 and port=30303
[m[2m2026-10-01 23:22:32.160+0000[m[2m | [m[2mvert.x-eventloop-thread-1[m[2m | [m[32mINFO [m[2m | [m[2mNodeRecordManager[m[2m | [m[32mWriting node record to disk. NodeRecord{seq=1, publicKey=0x0285e90d08bf062a06bf43d850135e55351a4cdc6537e369ab2cadda9b45e08931, udpAddress=Optional[/127.0.0.1:30303], tcpAddress=Optional[/127.0.0.1:30303], quicAddress=Optional.empty, udp6Address=Optional.empty, tcp6Address=Optional.empty, quic6Address=Optional.empty, asBase64=-Je4QAlRy7QU-rwmIPc1VGekbJtOG6OL8MK0F8Ab-viyV9MMF7teWP9m73Zs7QhQC_eFryZD5J1l7ePQ8fdAUDGq2VEBg2V0aMfGhPDO1jeAgmlkgnY0gmlwhH8AAAGJc2VjcDI1NmsxoQKF6Q0IvwYqBr9D2FATXlU1GkzcZTfjaassrdqbReCJMYN0Y3CCdl-DdWRwgnZf, nodeId=0x79606213b03bd03447fbc48783d3a47373eef19fef5c7fb48c37ea52d0ea8236, customFields={tcp=30303, udp=30303, eth=[[0xf0ced637, 0x]], id=V4, ip=0x7f000001, secp256k1=0x0285e90d08bf062a06bf43d850135e55351a4cdc6537e369ab2cadda9b45e08931}}
[m[2m2026-10-01 23:22:32.179+0000[m[2m | [m[2mvert.x-eventloop-thread-1[m[2m | [m[32mINFO [m[2m | [m[2mPeerDiscoveryAgentV4[m[2m | [m[32mP2P peer discovery agent started and listening on /[0:0:0:0:0:0:0:0]:30303
[m[2m2026-10-01 23:22:32.180+0000[m[2m | [m[2mmain[m[2m | [m[32mINFO [m[2m | [m[2mDefaultP2PNetwork[m[2m | [m[32mEnode URL enode://85e90d08bf062a06bf43d850135e55351a4cdc6537e369ab2cadda9b45e08931a74ec76dcb42b91b116ed99104be8cc96c29fd55da6ccded9fe3740e887f045e@127.0.0.1:30303
[m[2m2026-10-01 23:22:32.180+0000[m[2m | [m[2mmain[m[2m | [m[32mINFO [m[2m | [m[2mDefaultP2PNetwork[m[2m | [m[32mENR URL enr:-Je4QAlRy7QU-rwmIPc1VGekbJtOG6OL8MK0F8Ab-viyV9MMF7teWP9m73Zs7QhQC_eFryZD5J1l7ePQ8fdAUDGq2VEBg2V0aMfGhPDO1jeAgmlkgnY0gmlwhH8AAAGJc2VjcDI1NmsxoQKF6Q0IvwYqBr9D2FATXlU1GkzcZTfjaassrdqbReCJMYN0Y3CCdl-DdWRwgnZf
[m[2m2026-10-01 23:22:32.180+0000[m[2m | [m[2mmain[m[2m | [m[32mINFO [m[2m | [m[2mDefaultP2PNetwork[m[2m | [m[32mNode address 0x83d3a47373eef19fef5c7fb48c37ea52d0ea8236
[m[2m2026-10-01 23:22:32.189+0000[m[2m | [m[2mmain[m[2m | [m[32mINFO [m[2m | [m[2mNetworkRunner[m[2m | [m[32mSupported capabilities: [eth/68, eth/69, eth/70, eth/71], [istanbul/100], [snap/1]
[m[2m2026-10-01 23:22:32.194+0000[m[2m | [m[2mmain[m[2m | [m[32mINFO [m[2m | [m[2mDefaultSynchronizer[m[2m | [m[32mStarting synchronizer.
[m[2m2026-10-01 23:22:32.195+0000[m[2m | [m[2mmain[m[2m | [m[32mINFO [m[2m | [m[2mTransactionPoolFactory[m[2m | [m[32mEnabling transaction handling following initial sync
[m[2m2026-10-01 23:22:32.196+0000[m[2m | [m[2mmain[m[2m | [m[32mINFO [m[2m | [m[2mBftMiningCoordinator[m[2m | [m[32mStarting BFT mining coordinator following initial sync
[m[2m2026-10-01 23:22:32.236+0000[m[2m | [m[2mmain[m[2m | [m[32mINFO [m[2m | [m[2mFullSyncDownloader[m[2m | [m[32mStarting full sync.
[m[2m2026-10-01 23:22:32.237+0000[m[2m | [m[2mmain[m[2m | [m[32mINFO [m[2m | [m[2mFullSyncTargetManager[m[2m | [m[32mUnable to find sync target. Waiting for 5 peers minimum. Currently checking 0 peers for usefulness
[m[2m2026-10-01 23:22:32.270+0000[m[2m | [m[2mmain[m[2m | [m[32mINFO [m[2m | [m[2mRunner[m[2m | [m[32mEthereum main loop is up.
[m[2m2026-10-01 23:22:36.406+0000[m[2m | [m[2mBftProcessorExecutor-QBFT-0[m[2m | [m[32mINFO [m[2m | [m[2mQbftRound[m[2m | [m[32mImporting proposed block to chain. round=ConsensusRoundIdentifier{Sequence=1, Round=1}, hash=0x24f7eb96492617e87b561982d05f788ed14b0d4a0b40e1a643ec3257837b2095
[m[2m2026-10-01 23:22:36.457+0000[m[2m | [m[2mBftProcessorExecutor-QBFT-0[m[2m | [m[32mINFO [m[2m | [m[2mQbftBesuControllerBuilder[m[2m | [m[32mProduced empty block #1 / 0 tx / 0 pending / 0 (0.0%) gas / (0x24f7eb96492617e87b561982d05f788ed14b0d4a0b40e1a643ec3257837b2095)
[m[2m2026-10-01 23:22:37.259+0000[m[2m | [m[2mEthScheduler-Timer-0[m[2m | [m[32mINFO [m[2m | [m[2mFullSyncTargetManager[m[2m | [m[32mUnable to find sync target. Waiting for 5 peers minimum. Currently checking 1 peers for usefulness
[m[2m2026-10-01 23:22:38.047+0000[m[2m | [m[2mBftProcessorExecutor-QBFT-0[m[2m | [m[32mINFO [m[2m | [m[2mQbftBesuControllerBuilder[m[2m | [m[32mImported empty block #2 / 0 tx / 0 pending / 0 (0.0%) gas / (0xa09837266aa719f97aea54608e39919f6e990a5c43248c53df766e058abf3fe4)
[m[2m2026-10-01 23:22:40.055+0000[m[2m | [m[2mBftProcessorExecutor-QBFT-0[m[2m | [m[32mINFO [m[2m | [m[2mQbftBesuControllerBuilder[m[2m | [m[32mImported empty block #3 / 0 tx / 0 pending / 0 (0.0%) gas / (0xdfa78a29f23d15226a078b320e3b778a27e8cc7f2f40681674051f2572502868)
[m[2m2026-10-01 23:22:42.052+0000[m[2m | [m[2mBftProcessorExecutor-QBFT-0[m[2m | [m[32mINFO [m[2m | [m[2mQbftBesuControllerBuilder[m[2m | [m[32mImported empty block #4 / 0 tx / 0 pending / 0 (0.0%) gas / (0xb47f03b305ff6b702164bad4bf243ad7cbcd49452a82145d9ef8d5ba3c2f08ff)
[m[2m2026-10-01 23:22:44.038+0000[m[2m | [m[2mBftProcessorExecutor-QBFT-0[m[2m | [m[32mINFO [m[2m | [m[2mQbftBesuControllerBuilder[m[2m | [m[32mProduced empty block #5 / 0 tx / 0 pending / 0 (0.0%) gas / (0xcf916a152998be2d52657ea3a8991ea8b19562e20c1d5268aab46e611624e895)
[m[2m2026-10-01 23:22:46.038+0000[m[2m | [m[2mBftProcessorExecutor-QBFT-0[m[2m | [m[32mINFO [m[2m | [m[2mQbftBesuControllerBuilder[m[2m | [m[32mImported empty block #6 / 0 tx / 0 pending / 0 (0.0%) gas / (0xcad3e055a4b71816aca3713efb3d61f901d93f6ab3c358fcf23f46f55ca1cba1)
[m[2m2026-10-01 23:22:48.031+0000[m[2m | [m[2mBftProcessorExecutor-QBFT-0[m[2m | [m[32mINFO [m[2m | [m[2mQbftBesuControllerBuilder[m[2m | [m[32mImported empty block #7 / 0 tx / 0 pending / 0 (0.0%) gas / (0xecbbd307e0b143bbfc5e5367c938eda8d611839ea2b301c6a8d22c94cf87c585)
[m[2m2026-10-01 23:22:48.034+0000[m[2m | [m[2mEthScheduler-Workers-0[m[2m | [m[32mINFO [m[2m | [m[2mPersistBlockTask[m[2m | [m[32mBlock 7 (0xecbbd307e0b143bbfc5e5367c938eda8d611839ea2b301c6a8d22c94cf87c585) is already imported
[m[2m2026-10-01 23:22:50.034+0000[m[2m | [m[2mBftProcessorExecutor-QBFT-0[m[2m | [m[32mINFO [m[2m | [m[2mQbftBesuControllerBuilder[m[2m | [m[32mImported empty block #8 / 0 tx / 0 pending / 0 (0.0%) gas / (0xf3174533293a6bdb48fade3a79758bb8d24768b0fd0ff9017012cfbae479517a)
[m[2m2026-10-01 23:22:52.026+0000[m[2m | [m[2mBftProcessorExecutor-QBFT-0[m[2m | [m[32mINFO [m[2m | [m[2mQbftBesuControllerBuilder[m[2m | [m[32mProduced empty block #9 / 0 tx / 0 pending / 0 (0.0%) gas / (0xe3d53be621bb52db627465866ff708356404bbe9edb1c24ceda6d9a2b2cd25ea)
[m[2m2026-10-01 23:22:54.120+0000[m[2m | [m[2mBftProcessorExecutor-QBFT-0[m[2m | [m[32mINFO [m[2m | [m[2mQbftBesuControllerBuilder[m[2m | [m[32mImported block #10 / 1 tx / 0 pending / 904,698 (19.2%) gas / (0xbf990c4daac28d12c51257b9b0079d7d84eba459b157990e7ce50cf0cb5c111f)
[m[2m2026-10-01 23:22:56.142+0000[m[2m | [m[2mBftProcessorExecutor-QBFT-0[m[2m | [m[32mINFO [m[2m | [m[2mQbftBesuControllerBuilder[m[2m | [m[32mImported block #11 / 10 tx / 0 pending / 1,435,570 (30.5%) gas / (0xf76b785f7dc635538dc0891af7df81e7db3f351c24ce4326913323685fde1e10)
[m[2m2026-10-01 23:22:58.041+0000[m[2m | [m[2mBftProcessorExecutor-QBFT-0[m[2m | [m[32mINFO [m[2m | [m[2mQbftBesuControllerBuilder[m[2m | [m[32mImported empty block #12 / 0 tx / 0 pending / 0 (0.0%) gas / (0xb3d60b09e26f30d8613f371198566ab5725a68d6b3123246851e2c4b2cd4ce10)
[m[2m2026-10-01 23:23:00.037+0000[m[2m | [m[2mBftProcessorExecutor-QBFT-0[m[2m | [m[32mINFO [m[2m | [m[2mQbftBesuControllerBuilder[m[2m | [m[32mProduced empty block #13 / 0 tx / 0 pending / 0 (0.0%) gas / (0x4d96f89112d376ba515706bb36748fb4096c999060eab018633b15e0fcd6c739)
[m[2m2026-10-01 23:23:02.075+0000[m[2m | [m[2mBftProcessorExecutor-QBFT-0[m[2m | [m[32mINFO [m[2m | [m[2mQbftBesuControllerBuilder[m[2m | [m[32mImported empty block #14 / 0 tx / 1 pending / 0 (0.0%) gas / (0x2bf3ab2aa4ebf549de66c8d7de1a76f49cdd45f4e62961abaf909ec5df5d2786)
[m[2m2026-10-01 23:23:02.075+0000[m[2m | [m[2mEthScheduler-Workers-6[m[2m | [m[32mINFO [m[2m | [m[2mPersistBlockTask[m[2m | [m[32mBlock 14 (0x2bf3ab2aa4ebf549de66c8d7de1a76f49cdd45f4e62961abaf909ec5df5d2786) is already imported
[m[2m2026-10-01 23:23:04.190+0000[m[2m | [m[2mBftProcessorExecutor-QBFT-0[m[2m | [m[32mINFO [m[2m | [m[2mQbftBesuControllerBuilder[m[2m | [m[32mImported block #15 / 32 tx / 55 pending / 4,539,200 (96.6%) gas / (0x0e416ba54c9bb4cdc88011fe539d73e3d010b72fd8f57f4c4c35ad740eeca510)
[m[2m2026-10-01 23:23:06.178+0000[m[2m | [m[2mBftProcessorExecutor-QBFT-0[m[2m | [m[32mINFO [m[2m | [m[2mQbftBesuControllerBuilder[m[2m | [m[32mImported block #16 / 32 tx / 43 pending / 4,539,224 (96.6%) gas / (0x6c8afa04836768d9a84349ac7e3418219a574012b86d4e3e8ff45c441d1c6ce9)
[m[2m2026-10-01 23:23:08.196+0000[m[2m | [m[2mBftProcessorExecutor-QBFT-0[m[2m | [m[32mINFO [m[2m | [m[2mQbftBesuControllerBuilder[m[2m | [m[32mProduced block #17 / 32 tx / 31 pending / 4,539,236 (96.6%) gas / (0x46c63c808384960e7c31255dbb589d0bdb06a34d414564352845013a80dc0e34)
[m[2m2026-10-01 23:23:10.236+0000[m[2m | [m[2mBftProcessorExecutor-QBFT-0[m[2m | [m[32mINFO [m[2m | [m[2mQbftBesuControllerBuilder[m[2m | [m[32mImported block #18 / 32 tx / 19 pending / 4,539,236 (96.6%) gas / (0x1ac63949b6217644458ad9d6e8816ed4d128184ea9a83a930a51492f9ec8aa1b)
[m[2m2026-10-01 23:23:12.236+0000[m[2m | [m[2mBftProcessorExecutor-QBFT-0[m[2m | [m[32mINFO [m[2m | [m[2mQbftBesuControllerBuilder[m[2m | [m[32mImported block #19 / 32 tx / 7 pending / 4,539,248 (96.6%) gas / (0x6db8a7bb86800b864a4b9be51dbac0e90a4538b458cfaac85f3259bc6c3e16e2)
[m[2m2026-10-01 23:23:12.237+0000[m[2m | [m[2mEthScheduler-Workers-7[m[2m | [m[32mINFO [m[2m | [m[2mPersistBlockTask[m[2m | [m[32mBlock 19 (0x6db8a7bb86800b864a4b9be51dbac0e90a4538b458cfaac85f3259bc6c3e16e2) is already imported
[m[2m2026-10-01 23:23:14.208+0000[m[2m | [m[2mBftProcessorExecutor-QBFT-0[m[2m | [m[32mINFO [m[2m | [m[2mQbftBesuControllerBuilder[m[2m | [m[32mImported block #20 / 25 tx / 2 pending / 3,546,301 (75.5%) gas / (0xaa63b18d6fed71a531039dfae0608c33eb6f1c5c7da777ac46e1dfb7c660558f)
[m[2m2026-10-01 23:23:16.177+0000[m[2m | [m[2mBftProcessorExecutor-QBFT-0[m[2m | [m[32mINFO [m[2m | [m[2mQbftBesuControllerBuilder[m[2m | [m[32mProduced block #21 / 20 tx / 2 pending / 2,837,012 (60.4%) gas / (0x1a2c2e2a0ebb6aa1fdc1153138506afc5a160a811aa25c42b21d6b6190cf3f10)
[m[2m2026-10-01 23:23:18.117+0000[m[2m | [m[2mEthScheduler-Workers-3[m[2m | [m[32mINFO [m[2m | [m[2mPersistBlockTask[m[2m | [m[32mBlock 22 (0xe221744c6da83bec63f55bfb80f15934d9a44a5de234f03ac4356750060b1b92) is already imported
[m[2m2026-10-01 23:23:18.117+0000[m[2m | [m[2mBftProcessorExecutor-QBFT-0[m[2m | [m[32mINFO [m[2m | [m[2mQbftBesuControllerBuilder[m[2m | [m[32mImported block #22 / 18 tx / 3 pending / 2,553,330 (54.3%) gas / (0xe221744c6da83bec63f55bfb80f15934d9a44a5de234f03ac4356750060b1b92)
[m[2m2026-10-01 23:23:20.114+0000[m[2m | [m[2mBftProcessorExecutor-QBFT-0[m[2m | [m[32mINFO [m[2m | [m[2mQbftBesuControllerBuilder[m[2m | [m[32mImported block #23 / 22 tx / 1 pending / 3,120,682 (66.4%) gas / (0x713cc115de34499c3c369705062ee5ff46a7c5d26382216f6c33301a24cb88c9)
[m[2m2026-10-01 23:23:22.154+0000[m[2m | [m[2mEthScheduler-Workers-3[m[2m | [m[32mINFO [m[2m | [m[2mPersistBlockTask[m[2m | [m[32mBlock 24 (0x371cbe8ea3556d965c4135845051cca7a061d8fa2d625d80560c887a7f97c8b5) is already imported
[m[2m2026-10-01 23:23:22.154+0000[m[2m | [m[2mBftProcessorExecutor-QBFT-0[m[2m | [m[32mINFO [m[2m | [m[2mQbftBesuControllerBuilder[m[2m | [m[32mImported block #24 / 20 tx / 2 pending / 2,836,988 (60.4%) gas / (0x371cbe8ea3556d965c4135845051cca7a061d8fa2d625d80560c887a7f97c8b5)
[m[2m2026-10-01 23:23:24.101+0000[m[2m | [m[2mBftProcessorExecutor-QBFT-0[m[2m | [m[32mINFO [m[2m | [m[2mQbftBesuControllerBuilder[m[2m | [m[32mProduced block #25 / 20 tx / 1 pending / 2,837,024 (60.4%) gas / (0x76fd3e36540d0463aafdaf2a920a6ddfb20720419b2b2e6f2eb9765aceed0b43)
[m[2m2026-10-01 23:23:26.049+0000[m[2m | [m[2mBftProcessorExecutor-QBFT-0[m[2m | [m[32mINFO [m[2m | [m[2mQbftBesuControllerBuilder[m[2m | [m[32mImported block #26 / 6 tx / 0 pending / 851,118 (18.1%) gas / (0x85f29e37ce61c4208d688883498a7e85d84340cd204bf43637661342c46eccaa)
[m[2m2026-10-01 23:23:28.024+0000[m[2m | [m[2mBftProcessorExecutor-QBFT-0[m[2m | [m[32mINFO [m[2m | [m[2mQbftBesuControllerBuilder[m[2m | [m[32mImported empty block #27 / 0 tx / 0 pending / 0 (0.0%) gas / (0xec307101e067297f0dc989cd33ce175080c388b5aeb9ccc5e294632994c6b738)
[m[2m2026-10-01 23:23:30.026+0000[m[2m | [m[2mBftProcessorExecutor-QBFT-0[m[2m | [m[32mINFO [m[2m | [m[2mQbftBesuControllerBuilder[m[2m | [m[32mImported empty block #28 / 0 tx / 0 pending / 0 (0.0%) gas / (0xb545ee33aca5a3a50c33ce4d47fb8c1a7afa796ac50e8eea1a2f56b70294cffe)
[m[2m2026-10-01 23:23:32.013+0000[m[2m | [m[2mBftProcessorExecutor-QBFT-0[m[2m | [m[32mINFO [m[2m | [m[2mQbftBesuControllerBuilder[m[2m | [m[32mProduced empty block #29 / 0 tx / 0 pending / 0 (0.0%) gas / (0x85166f3e5ebbc8bd114e9b3d867fb23c35e0e72e633cf5981d388b16aad22862)
[m[2m2026-10-01 23:23:34.029+0000[m[2m | [m[2mBftProcessorExecutor-QBFT-0[m[2m | [m[32mINFO [m[2m | [m[2mQbftBesuControllerBuilder[m[2m | [m[32mImported empty block #30 / 0 tx / 0 pending / 0 (0.0%) gas / (0xf55ad6c17e6ff9c5f7f36347e895380bd3312addc84881a3ed1959ec17fda278)
[m[2m2026-10-01 23:23:34.029+0000[m[2m | [m[2mEthScheduler-Workers-1[m[2m | [m[32mINFO [m[2m | [m[2mPersistBlockTask[m[2m | [m[32mBlock 30 (0xf55ad6c17e6ff9c5f7f36347e895380bd3312addc84881a3ed1959ec17fda278) is already imported
[m[2m2026-10-01 23:23:36.024+0000[m[2m | [m[2mBftProcessorExecutor-QBFT-0[m[2m | [m[32mINFO [m[2m | [m[2mQbftBesuControllerBuilder[m[2m | [m[32mImported empty block #31 / 0 tx / 0 pending / 0 (0.0%) gas / (0x45a36a19ac3cfb07c4cb65e1b1be90d0b248bf355df1dc2dc9c996178dd99700)
[m[2m2026-10-01 23:23:38.049+0000[m[2m | [m[2mBftProcessorExecutor-QBFT-0[m[2m | [m[32mINFO [m[2m | [m[2mQbftBesuControllerBuilder[m[2m | [m[32mImported block #32 / 15 tx / 3 pending / 2,127,795 (45.3%) gas / (0x4d2c0b4cca7b8cad1060ad9cd9ff2fd957214e4b33aaa25a34a5c3f072f4b00f)
[m[2m2026-10-01 23:23:40.159+0000[m[2m | [m[2mBftProcessorExecutor-QBFT-0[m[2m | [m[32mINFO [m[2m | [m[2mQbftBesuControllerBuilder[m[2m | [m[32mProduced block #33 / 32 tx / 12 pending / 4,539,164 (96.6%) gas / (0x8ad87e8459c159827d703f8497c2f59ea40e9cef75c26057b68df1a606cd2a5a)
[m[2m2026-10-01 23:23:42.106+0000[m[2m | [m[2mBftProcessorExecutor-QBFT-0[m[2m | [m[32mINFO [m[2m | [m[2mQbftBesuControllerBuilder[m[2m | [m[32mImported block #34 / 32 tx / 19 pending / 4,539,212 (96.6%) gas / (0x71bfae3500496edb2ef9fbdef5f40f7d46ba92c9326322bca11e6f3fba5eb9f5)
[m[2m2026-10-01 23:23:44.143+0000[m[2m | [m[2mBftProcessorExecutor-QBFT-0[m[2m | [m[32mINFO [m[2m | [m[2mQbftBesuControllerBuilder[m[2m | [m[32mImported block #35 / 32 tx / 28 pending / 4,539,212 (96.6%) gas / (0x214b09459f740213b70f9f29029c52de2da648c582f9f0f45024a44343c05a5a)
[m[2m2026-10-01 23:23:46.123+0000[m[2m | [m[2mBftProcessorExecutor-QBFT-0[m[2m | [m[32mINFO [m[2m | [m[2mQbftBesuControllerBuilder[m[2m | [m[32mImported block #36 / 32 tx / 36 pending / 4,539,212 (96.6%) gas / (0x4f485fab4f35726c24fe929a6c8ed15bcc4fb64a0e5b1bbc8919b2d6b95a02cc)
[m[2m2026-10-01 23:23:48.098+0000[m[2m | [m[2mBftProcessorExecutor-QBFT-0[m[2m | [m[32mINFO [m[2m | [m[2mQbftBesuControllerBuilder[m[2m | [m[32mProduced block #37 / 32 tx / 43 pending / 4,539,212 (96.6%) gas / (0xe7e2da246d749141bf2b8ede191c7f0ed2a7d1a7f56c357be77b1fa9596efc33)
[m[2m2026-10-01 23:23:50.104+0000[m[2m | [m[2mBftProcessorExecutor-QBFT-0[m[2m | [m[32mINFO [m[2m | [m[2mQbftBesuControllerBuilder[m[2m | [m[32mImported block #38 / 32 tx / 52 pending / 4,539,188 (96.6%) gas / (0xc3d140a9051024661a4e5ea2b8697dead8b3b44bc81057b0513b53abdb34a9c4)
[m[2m2026-10-01 23:23:52.092+0000[m[2m | [m[2mBftProcessorExecutor-QBFT-0[m[2m | [m[32mINFO [m[2m | [m[2mQbftBesuControllerBuilder[m[2m | [m[32mImported block #39 / 32 tx / 59 pending / 4,539,236 (96.6%) gas / (0x6a59fb2ba7f56f788ad33428b73a8b535716b3abce8c6a1449d4d3b05f655175)
[m[2m2026-10-01 23:23:54.110+0000[m[2m | [m[2mBftProcessorExecutor-QBFT-0[m[2m | [m[32mINFO [m[2m | [m[2mQbftBesuControllerBuilder[m[2m | [m[32mImported block #40 / 32 tx / 67 pending / 4,539,176 (96.6%) gas / (0x9aac795fd5d447677ebcf79652faa0aea2ab02a9639e184eea2e37770214d86f)
[m[2m2026-10-01 23:23:56.072+0000[m[2m | [m[2mBftProcessorExecutor-QBFT-0[m[2m | [m[32mINFO [m[2m | [m[2mQbftBesuControllerBuilder[m[2m | [m[32mProduced block #41 / 32 tx / 75 pending / 4,539,128 (96.6%) gas / (0xbd2857f84ac5afb133befbac337e0ca9ee0c8107457c2769900514482abe8b4b)
[m[2m2026-10-01 23:23:58.103+0000[m[2m | [m[2mBftProcessorExecutor-QBFT-0[m[2m | [m[32mINFO [m[2m | [m[2mQbftBesuControllerBuilder[m[2m | [m[32mImported block #42 / 32 tx / 84 pending / 4,539,200 (96.6%) gas / (0xce1c0e98e1f3ccc4029931e9e619f43ff1bea69ba79f0367dcbb6b0c86c3c627)
[m[2m2026-10-01 23:24:00.090+0000[m[2m | [m[2mBftProcessorExecutor-QBFT-0[m[2m | [m[32mINFO [m[2m | [m[2mQbftBesuControllerBuilder[m[2m | [m[32mImported block #43 / 32 tx / 91 pending / 4,539,188 (96.6%) gas / (0x448b6e52456dd30b1f6450ceaef5a94e7d2f4bcfdb31b11c9a3411500835d457)
[m[2m2026-10-01 23:24:02.074+0000[m[2m | [m[2mBftProcessorExecutor-QBFT-0[m[2m | [m[32mINFO [m[2m | [m[2mQbftBesuControllerBuilder[m[2m | [m[32mImported block #44 / 32 tx / 100 pending / 4,539,116 (96.6%) gas / (0xbf3467456ccccdebe8f73685600d69008ed64a4a3267c5bbc7e44da0995d1917)
[m[2m2026-10-01 23:24:04.121+0000[m[2m | [m[2mBftProcessorExecutor-QBFT-0[m[2m | [m[32mINFO [m[2m | [m[2mQbftBesuControllerBuilder[m[2m | [m[32mProduced block #45 / 32 tx / 108 pending / 4,539,236 (96.6%) gas / (0x973cc7e7c53a558ec969e8493c3d4e867405fee59d624cf133c8461f3751c210)
[m[2m2026-10-01 23:24:06.108+0000[m[2m | [m[2mBftProcessorExecutor-QBFT-0[m[2m | [m[32mINFO [m[2m | [m[2mQbftBesuControllerBuilder[m[2m | [m[32mImported block #46 / 32 tx / 116 pending / 4,539,212 (96.6%) gas / (0x72808f6b06682d4cd696c9f52880e0fe15eb75e043d2dac74c2ba39fe81090db)
[m[2m2026-10-01 23:24:08.118+0000[m[2m | [m[2mBftProcessorExecutor-QBFT-0[m[2m | [m[32mINFO [m[2m | [m[2mQbftBesuControllerBuilder[m[2m | [m[32mImported block #47 / 32 tx / 106 pending / 4,539,224 (96.6%) gas / (0x41ab62cf15b66da8ad1b5a25c5e4f62604abd7c4b2ef90612e9462da1457be68)
[m[2m2026-10-01 23:24:10.112+0000[m[2m | [m[2mBftProcessorExecutor-QBFT-0[m[2m | [m[32mINFO [m[2m | [m[2mQbftBesuControllerBuilder[m[2m | [m[32mImported block #48 / 32 tx / 74 pending / 4,539,200 (96.6%) gas / (0xe38aeada19b9d229f85d75f7152a7fb5dc8f90c287b85f68ae778f19bca63859)
[m[2m2026-10-01 23:24:12.165+0000[m[2m | [m[2mBftProcessorExecutor-QBFT-0[m[2m | [m[32mINFO [m[2m | [m[2mQbftBesuControllerBuilder[m[2m | [m[32mProduced block #49 / 32 tx / 42 pending / 4,539,164 (96.6%) gas / (0x4f6df83e410f68681d108df077a9f6015adda4d7a99feeb63a1dc1d70477101b)
[m[2m2026-10-01 23:24:14.138+0000[m[2m | [m[2mBftProcessorExecutor-QBFT-0[m[2m | [m[32mINFO [m[2m | [m[2mQbftBesuControllerBuilder[m[2m | [m[32mImported block #50 / 32 tx / 10 pending / 4,539,200 (96.6%) gas / (0xb95969e6217ac39402b36803203c43c3f80e03de6d0cdf8a83123e9b6e5d3dda)
[m[2m2026-10-01 23:24:16.061+0000[m[2m | [m[2mBftProcessorExecutor-QBFT-0[m[2m | [m[32mINFO [m[2m | [m[2mQbftBesuControllerBuilder[m[2m | [m[32mImported block #51 / 10 tx / 0 pending / 1,418,506 (30.2%) gas / (0x223ae3c6b37b6710163729c00819153c0a7042a4126781ff3563be7534a97d4e)
[m[2m2026-10-01 23:24:16.061+0000[m[2m | [m[2mEthScheduler-Workers-0[m[2m | [m[32mINFO [m[2m | [m[2mPersistBlockTask[m[2m | [m[32mBlock 51 (0x223ae3c6b37b6710163729c00819153c0a7042a4126781ff3563be7534a97d4e) is already imported
[m[2m2026-10-01 23:24:18.024+0000[m[2m | [m[2mBftProcessorExecutor-QBFT-0[m[2m | [m[32mINFO [m[2m | [m[2mQbftBesuControllerBuilder[m[2m | [m[32mImported empty block #52 / 0 tx / 0 pending / 0 (0.0%) gas / (0x934c846b76e3776bd49bcb023a7737c5aa4803964200cb3515cb3d570444da0d)
[m[2m2026-10-01 23:24:20.021+0000[m[2m | [m[2mBftProcessorExecutor-QBFT-0[m[2m | [m[32mINFO [m[2m | [m[2mQbftBesuControllerBuilder[m[2m | [m[32mProduced empty block #53 / 0 tx / 0 pending / 0 (0.0%) gas / (0xb78bb634b0d8755aa9ad622eb5d015deca9451447a152b3a02919d396b74870c)
[m[2m2026-10-01 23:24:22.035+0000[m[2m | [m[2mBftProcessorExecutor-QBFT-0[m[2m | [m[32mINFO [m[2m | [m[2mQbftBesuControllerBuilder[m[2m | [m[32mImported empty block #54 / 0 tx / 0 pending / 0 (0.0%) gas / (0x49ccfd3c1ef9f0017ccd4e2a249d2c2490fc985473f4b83acec87a5d2748d780)
[m[2m2026-10-01 23:24:24.025+0000[m[2m | [m[2mBftProcessorExecutor-QBFT-0[m[2m | [m[32mINFO [m[2m | [m[2mQbftBesuControllerBuilder[m[2m | [m[32mImported empty block #55 / 0 tx / 0 pending / 0 (0.0%) gas / (0x4360ed2efc86ce22e6aa30d85acdc4a679069bcb78d3c35332808dfaddc4e394)
[m[2m2026-10-01 23:24:26.027+0000[m[2m | [m[2mBftProcessorExecutor-QBFT-0[m[2m | [m[32mINFO [m[2m | [m[2mQbftBesuControllerBuilder[m[2m | [m[32mImported empty block #56 / 0 tx / 0 pending / 0 (0.0%) gas / (0xb724572c39c97189b0ab6f475e0a04bf28264e5d7c08025535cdd9d55ef40ae5)
[m[2m2026-10-01 23:24:28.151+0000[m[2m | [m[2mBftProcessorExecutor-QBFT-0[m[2m | [m[32mINFO [m[2m | [m[2mQbftBesuControllerBuilder[m[2m | [m[32mProduced block #57 / 32 tx / 6 pending / 4,539,248 (96.6%) gas / (0x317da9d861d923eb4245d08c0ba3c2c9f4af64f949e6f495a98b1a74c695d775)
[m[2m2026-10-01 23:24:30.128+0000[m[2m | [m[2mBftProcessorExecutor-QBFT-0[m[2m | [m[32mINFO [m[2m | [m[2mQbftBesuControllerBuilder[m[2m | [m[32mImported block #58 / 32 tx / 53 pending / 4,539,188 (96.6%) gas / (0xb416ca8b3f5e37822df2b67b1c4874e8ef584718d0a3571575ec514775ca63b6)
[m[2m2026-10-01 23:24:32.136+0000[m[2m | [m[2mBftProcessorExecutor-QBFT-0[m[2m | [m[32mINFO [m[2m | [m[2mQbftBesuControllerBuilder[m[2m | [m[32mImported block #59 / 32 tx / 101 pending / 4,539,116 (96.6%) gas / (0xea65d36b828901ea757dd993c8f65f53a0de87d76919eb9c6b788619affe870a)
[m[2m2026-10-01 23:24:34.111+0000[m[2m | [m[2mBftProcessorExecutor-QBFT-0[m[2m | [m[32mINFO [m[2m | [m[2mQbftBesuControllerBuilder[m[2m | [m[32mImported block #60 / 32 tx / 150 pending / 4,539,236 (96.6%) gas / (0xd2cc2843bcd4235077e61b1ed7def9bd5b8fd0ceb8cb7090ca0f65074b173840)
[m[2m2026-10-01 23:24:36.104+0000[m[2m | [m[2mBftProcessorExecutor-QBFT-0[m[2m | [m[32mINFO [m[2m | [m[2mQbftBesuControllerBuilder[m[2m | [m[32mProduced block #61 / 32 tx / 168 pending / 4,539,164 (96.6%) gas / (0x6de378f255eb638af4be3a7e1fba81f95b94ae1ccc1518256a18f487e88eee81)
[m[2m2026-10-01 23:24:38.129+0000[m[2m | [m[2mBftProcessorExecutor-QBFT-0[m[2m | [m[32mINFO [m[2m | [m[2mQbftBesuControllerBuilder[m[2m | [m[32mImported block #62 / 32 tx / 137 pending / 4,539,236 (96.6%) gas / (0xcb61bf1f65855a2cefe7ab6237b62b76f488b9e982405e166d878ace0670f21d)
[m[2m2026-10-01 23:24:40.092+0000[m[2m | [m[2mBftProcessorExecutor-QBFT-0[m[2m | [m[32mINFO [m[2m | [m[2mQbftBesuControllerBuilder[m[2m | [m[32mImported block #63 / 32 tx / 105 pending / 4,539,152 (96.6%) gas / (0xbc3696cd9ba94a9767da3444c60db24e003d1b4368c20097dcccbf617e88b23e)
[m[2m2026-10-01 23:24:42.165+0000[m[2m | [m[2mBftProcessorExecutor-QBFT-0[m[2m | [m[32mINFO [m[2m | [m[2mQbftBesuControllerBuilder[m[2m | [m[32mImported block #64 / 32 tx / 73 pending / 4,539,176 (96.6%) gas / (0xdde86e93d30c5ee6fb120b6bd9fc4cfe66f0ee9ec957875f3f2a639a919b427b)
[m[2m2026-10-01 23:24:44.106+0000[m[2m | [m[2mBftProcessorExecutor-QBFT-0[m[2m | [m[32mINFO [m[2m | [m[2mQbftBesuControllerBuilder[m[2m | [m[32mProduced block #65 / 32 tx / 41 pending / 4,539,176 (96.6%) gas / (0x707b086d4b3efabf214e4fe0aad30849d1c7a33eec658b63920436921b89bfe3)
[m[2m2026-10-01 23:24:46.074+0000[m[2m | [m[2mBftProcessorExecutor-QBFT-0[m[2m | [m[32mINFO [m[2m | [m[2mQbftBesuControllerBuilder[m[2m | [m[32mImported block #66 / 32 tx / 9 pending / 4,539,188 (96.6%) gas / (0x403cfaa238c4258e835e129ce4c23709338a827f83a0caf3adb75d931264b447)
[m[2m2026-10-01 23:24:48.053+0000[m[2m | [m[2mBftProcessorExecutor-QBFT-0[m[2m | [m[32mINFO [m[2m | [m[2mQbftBesuControllerBuilder[m[2m | [m[32mImported block #67 / 8 tx / 1 pending / 1,134,788 (24.1%) gas / (0x002e5910b20c2badbbf03be151d4669d4ab8edfce956c5bd3d0b9a875fef7459)
[m[2m2026-10-01 23:24:50.029+0000[m[2m | [m[2mBftProcessorExecutor-QBFT-0[m[2m | [m[32mINFO [m[2m | [m[2mQbftBesuControllerBuilder[m[2m | [m[32mImported empty block #68 / 0 tx / 1 pending / 0 (0.0%) gas / (0xe00ca2212aa8122fa720fb5035ce64761b16009ee748ce1bf17a0acb07e752ce)
[m[2m2026-10-01 23:24:52.024+0000[m[2m | [m[2mBftProcessorExecutor-QBFT-0[m[2m | [m[32mINFO [m[2m | [m[2mQbftBesuControllerBuilder[m[2m | [m[32mProduced empty block #69 / 0 tx / 1 pending / 0 (0.0%) gas / (0xfafefa9567a2c6b46a3293b00a2c5193b0af54d9048cb1e5d990a5809518cb68)
[m[2m2026-10-01 23:24:54.026+0000[m[2m | [m[2mBftProcessorExecutor-QBFT-0[m[2m | [m[32mINFO [m[2m | [m[2mQbftBesuControllerBuilder[m[2m | [m[32mImported empty block #70 / 0 tx / 1 pending / 0 (0.0%) gas / (0xd6bf7b211bce4d1a45e7d83ba4b09b2ed0b8ef3e562c539fe0714aa3687a48dc)
[m[2m2026-10-01 23:24:56.027+0000[m[2m | [m[2mBftProcessorExecutor-QBFT-0[m[2m | [m[32mINFO [m[2m | [m[2mQbftBesuControllerBuilder[m[2m | [m[32mImported empty block #71 / 0 tx / 1 pending / 0 (0.0%) gas / (0x9fe87fd39bad6be5fedefeb8f6c4f19e00a4a5b82e27461febf7849eaeb7a8f1)
[m[2m2026-10-01 23:24:58.022+0000[m[2m | [m[2mBftProcessorExecutor-QBFT-0[m[2m | [m[32mINFO [m[2m | [m[2mQbftBesuControllerBuilder[m[2m | [m[32mImported empty block #72 / 0 tx / 1 pending / 0 (0.0%) gas / (0x330fe8d0118c563b37266186b90ca198d73be8b93f8ad6ace557b9c1bcd59c5b)
[m[2m2026-10-01 23:25:00.021+0000[m[2m | [m[2mBftProcessorExecutor-QBFT-0[m[2m | [m[32mINFO [m[2m | [m[2mQbftBesuControllerBuilder[m[2m | [m[32mProduced empty block #73 / 0 tx / 1 pending / 0 (0.0%) gas / (0xa7b0cf87ace7a895aed8894130edc7aa58dafbc9c4d0bd69ed62139ac903d575)
[m[2m2026-10-01 23:25:02.020+0000[m[2m | [m[2mBftProcessorExecutor-QBFT-0[m[2m | [m[32mINFO [m[2m | [m[2mQbftBesuControllerBuilder[m[2m | [m[32mImported empty block #74 / 0 tx / 1 pending / 0 (0.0%) gas / (0x242be47bb87b5f9850eba871e090ca80c86e9620bd90f9ee20f24d7668fd85ec)
[m[2m2026-10-01 23:25:04.022+0000[m[2m | [m[2mBftProcessorExecutor-QBFT-0[m[2m | [m[32mINFO [m[2m | [m[2mQbftBesuControllerBuilder[m[2m | [m[32mImported empty block #75 / 0 tx / 1 pending / 0 (0.0%) gas / (0xb0b229b43ddb3bfe54ca332acc3fc123e4720aa2524e0a1dcbe97f176e975215)
[m[2m2026-10-01 23:25:06.020+0000[m[2m | [m[2mBftProcessorExecutor-QBFT-0[m[2m | [m[32mINFO [m[2m | [m[2mQbftBesuControllerBuilder[m[2m | [m[32mImported empty block #76 / 0 tx / 1 pending / 0 (0.0%) gas / (0xbc4bdb6cae213d075c00e6d6efd4f91a15a6da188f47486e94d5156a9713057c)
[m[2m2026-10-01 23:25:08.020+0000[m[2m | [m[2mBftProcessorExecutor-QBFT-0[m[2m | [m[32mINFO [m[2m | [m[2mQbftBesuControllerBuilder[m[2m | [m[32mProduced empty block #77 / 0 tx / 1 pending / 0 (0.0%) gas / (0x31584fb3d451439b7e24532eecc017a1f9bdb7c8d1552932254aca236bd9e990)
[m[2m2026-10-01 23:25:10.020+0000[m[2m | [m[2mBftProcessorExecutor-QBFT-0[m[2m | [m[32mINFO [m[2m | [m[2mQbftBesuControllerBuilder[m[2m | [m[32mImported empty block #78 / 0 tx / 1 pending / 0 (0.0%) gas / (0x125bcae1dc130cd116741a75d2a312394e25c8f708b9bc9f47805e4babd1dba8)
[m[2m2026-10-01 23:25:12.023+0000[m[2m | [m[2mBftProcessorExecutor-QBFT-0[m[2m | [m[32mINFO [m[2m | [m[2mQbftBesuControllerBuilder[m[2m | [m[32mImported empty block #79 / 0 tx / 1 pending / 0 (0.0%) gas / (0x3b2582c5a6a6e00a4d4a0765c23136b620a0d9cdf283f1fdbbc501541300a4da)
[m[2m2026-10-01 23:25:14.024+0000[m[2m | [m[2mBftProcessorExecutor-QBFT-0[m[2m | [m[32mINFO [m[2m | [m[2mQbftBesuControllerBuilder[m[2m | [m[32mImported empty block #80 / 0 tx / 1 pending / 0 (0.0%) gas / (0xa541f6a44378a2b4bdad0b2af4a92e4b06a770ddd7a13003718fb60a846e35b4)
[m[2m2026-10-01 23:25:16.026+0000[m[2m | [m[2mBftProcessorExecutor-QBFT-0[m[2m | [m[32mINFO [m[2m | [m[2mQbftBesuControllerBuilder[m[2m | [m[32mProduced empty block #81 / 0 tx / 1 pending / 0 (0.0%) gas / (0xf64f7e9d93da7dac8a7fb86f90c30adee5c976f0452b2a750076ebf14b5c9193)
[m[2m2026-10-01 23:25:18.020+0000[m[2m | [m[2mBftProcessorExecutor-QBFT-0[m[2m | [m[32mINFO [m[2m | [m[2mQbftBesuControllerBuilder[m[2m | [m[32mImported empty block #82 / 0 tx / 1 pending / 0 (0.0%) gas / (0x5f57093e77da7bc32153f68b464f308ae40c2810e9388f85f980a8892e2f8629)
[m[2m2026-10-01 23:25:20.046+0000[m[2m | [m[2mBftProcessorExecutor-QBFT-0[m[2m | [m[32mINFO [m[2m | [m[2mQbftBesuControllerBuilder[m[2m | [m[32mImported empty block #83 / 0 tx / 1 pending / 0 (0.0%) gas / (0xa3235c260394e329797a139ad531e705cd35383a3dd64f9107985bdda756ee06)
[m[2m2026-10-01 23:25:22.022+0000[m[2m | [m[2mBftProcessorExecutor-QBFT-0[m[2m | [m[32mINFO [m[2m | [m[2mQbftBesuControllerBuilder[m[2m | [m[32mImported empty block #84 / 0 tx / 1 pending / 0 (0.0%) gas / (0xa8699b39751d5d5a0171cbc3fdd5e2689c2c4f0b6958f2ab31d92857c59d2177)
[m[2m2026-10-01 23:25:24.019+0000[m[2m | [m[2mBftProcessorExecutor-QBFT-0[m[2m | [m[32mINFO [m[2m | [m[2mQbftBesuControllerBuilder[m[2m | [m[32mProduced empty block #85 / 0 tx / 1 pending / 0 (0.0%) gas / (0xfa7d4c9e978cd777276783d1bb7d5acc299e3a313a01e1f2308f25be7b772c47)
[m[2m2026-10-01 23:25:26.020+0000[m[2m | [m[2mBftProcessorExecutor-QBFT-0[m[2m | [m[32mINFO [m[2m | [m[2mQbftBesuControllerBuilder[m[2m | [m[32mImported empty block #86 / 0 tx / 1 pending / 0 (0.0%) gas / (0x753951296cb4034e7c04fe8726e9af5ec97700d52ccbd675e345ff7f6ab7eb62)
[m[2m2026-10-01 23:25:28.019+0000[m[2m | [m[2mBftProcessorExecutor-QBFT-0[m[2m | [m[32mINFO [m[2m | [m[2mQbftBesuControllerBuilder[m[2m | [m[32mImported empty block #87 / 0 tx / 1 pending / 0 (0.0%) gas / (0xa22e37f8b8e71a97093d98f254a19937c75107d3ff05a952c282988ce6cc4575)
[m[2m2026-10-01 23:25:30.026+0000[m[2m | [m[2mBftProcessorExecutor-QBFT-0[m[2m | [m[32mINFO [m[2m | [m[2mQbftBesuControllerBuilder[m[2m | [m[32mImported empty block #88 / 0 tx / 1 pending / 0 (0.0%) gas / (0x047db256d8409ff6772d4867489bbd4e79ce1658d5b3fa7a41bb0f6c0e5ad88f)
[m[2m2026-10-01 23:25:32.017+0000[m[2m | [m[2mBftProcessorExecutor-QBFT-0[m[2m | [m[32mINFO [m[2m | [m[2mQbftBesuControllerBuilder[m[2m | [m[32mProduced empty block #89 / 0 tx / 1 pending / 0 (0.0%) gas / (0x68650e908673c1e0712f40008f3800856581e21bcfcef14fd5f3c71eeab8f380)
[m[2m2026-10-01 23:25:34.012+0000[m[2m | [m[2mBftProcessorExecutor-QBFT-0[m[2m | [m[32mINFO [m[2m | [m[2mQbftBesuControllerBuilder[m[2m | [m[32mImported empty block #90 / 0 tx / 1 pending / 0 (0.0%) gas / (0x5e8c8ce62484c186b02a4c216058f3d1fe022214782f4b4f00eae7fe4642d7ab)
[m[2m2026-10-01 23:25:36.016+0000[m[2m | [m[2mBftProcessorExecutor-QBFT-0[m[2m | [m[32mINFO [m[2m | [m[2mQbftBesuControllerBuilder[m[2m | [m[32mImported empty block #91 / 0 tx / 1 pending / 0 (0.0%) gas / (0xe009d7270ca7798560c6cc6893baacd3f0c3646fe47f3e18405d4adfaf1c26c3)
[m[2m2026-10-01 23:25:38.031+0000[m[2m | [m[2mBftProcessorExecutor-QBFT-0[m[2m | [m[32mINFO [m[2m | [m[2mQbftBesuControllerBuilder[m[2m | [m[32mImported empty block #92 / 0 tx / 1 pending / 0 (0.0%) gas / (0xfcbcc76c33f6c98b2634416ba7ca62e6469bc67a318a9298463a23ba37757504)
[m[2m2026-10-01 23:25:40.026+0000[m[2m | [m[2mBftProcessorExecutor-QBFT-0[m[2m | [m[32mINFO [m[2m | [m[2mQbftBesuControllerBuilder[m[2m | [m[32mProduced empty block #93 / 0 tx / 1 pending / 0 (0.0%) gas / (0xab9aa68b827b84f2df7d160977b8b87159b85ed591c97c0af6c0a0686954e260)
[m[2m2026-10-01 23:25:42.021+0000[m[2m | [m[2mBftProcessorExecutor-QBFT-0[m[2m | [m[32mINFO [m[2m | [m[2mQbftBesuControllerBuilder[m[2m | [m[32mImported empty block #94 / 0 tx / 1 pending / 0 (0.0%) gas / (0x8ec60e4c264ce76e66928bc1eaa772b7deca3e1e5e201a74b3d498dda9591d08)
[m[2m2026-10-01 23:25:44.026+0000[m[2m | [m[2mBftProcessorExecutor-QBFT-0[m[2m | [m[32mINFO [m[2m | [m[2mQbftBesuControllerBuilder[m[2m | [m[32mImported empty block #95 / 0 tx / 1 pending / 0 (0.0%) gas / (0x73b81b2f5121e119fc823afa28ac739c54e8891be796ee9966a179d3c6c393ce)
[m[2m2026-10-01 23:25:46.018+0000[m[2m | [m[2mBftProcessorExecutor-QBFT-0[m[2m | [m[32mINFO [m[2m | [m[2mQbftBesuControllerBuilder[m[2m | [m[32mImported empty block #96 / 0 tx / 1 pending / 0 (0.0%) gas / (0xa76aec381ce036c5b7aeba136a86a42f59768b9100e49a366b1b36479651033b)
[m[2m2026-10-01 23:25:48.020+0000[m[2m | [m[2mBftProcessorExecutor-QBFT-0[m[2m | [m[32mINFO [m[2m | [m[2mQbftBesuControllerBuilder[m[2m | [m[32mProduced empty block #97 / 0 tx / 1 pending / 0 (0.0%) gas / (0xbb482c3a34a4c50c439b21c33aac500c51517a6c7cb55767e883b5dc14e5d9df)
[m[2m2026-10-01 23:25:50.019+0000[m[2m | [m[2mBftProcessorExecutor-QBFT-0[m[2m | [m[32mINFO [m[2m | [m[2mQbftBesuControllerBuilder[m[2m | [m[32mImported empty block #98 / 0 tx / 1 pending / 0 (0.0%) gas / (0xe4c29b2abf9bae934c2d15d42f4b37f268484e2bc208e09c4edc19b2f7a228a2)
[m[2m2026-10-01 23:25:52.024+0000[m[2m | [m[2mBftProcessorExecutor-QBFT-0[m[2m | [m[32mINFO [m[2m | [m[2mQbftBesuControllerBuilder[m[2m | [m[32mImported empty block #99 / 0 tx / 1 pending / 0 (0.0%) gas / (0x006facb24dfbcab2b0a383284a7d3d901a662b077b643eccdb591ca631b08c99)
[m[2m2026-10-01 23:25:54.023+0000[m[2m | [m[2mBftProcessorExecutor-QBFT-0[m[2m | [m[32mINFO [m[2m | [m[2mQbftBesuControllerBuilder[m[2m | [m[32mImported empty block #100 / 0 tx / 1 pending / 0 (0.0%) gas / (0x354e5d3481304ee4a863d92624a5fa33858c4ea1a1576ed67e0949a4c972ff5b)
[m[2m2026-10-01 23:25:56.024+0000[m[2m | [m[2mBftProcessorExecutor-QBFT-0[m[2m | [m[32mINFO [m[2m | [m[2mQbftBesuControllerBuilder[m[2m | [m[32mProduced empty block #101 / 0 tx / 1 pending / 0 (0.0%) gas / (0x385c7677f2a60158a8b6a222fd38f12abe41936dc07317365171e1564e8b3f22)
[m[2m2026-10-01 23:25:58.022+0000[m[2m | [m[2mBftProcessorExecutor-QBFT-0[m[2m | [m[32mINFO [m[2m | [m[2mQbftBesuControllerBuilder[m[2m | [m[32mImported empty block #102 / 0 tx / 1 pending / 0 (0.0%) gas / (0xed1fb6ff180d395439212ac10134210b2464d3e1174bb822e4c1a8dfe91f7e3e)
[m[2m2026-10-01 23:26:00.020+0000[m[2m | [m[2mBftProcessorExecutor-QBFT-0[m[2m | [m[32mINFO [m[2m | [m[2mQbftBesuControllerBuilder[m[2m | [m[32mImported empty block #103 / 0 tx / 1 pending / 0 (0.0%) gas / (0x11f636d476da2f0047f59159c04353050bc3384e55be2ce3219b1ff0c381c20b)
[m[2m2026-10-01 23:26:02.024+0000[m[2m | [m[2mBftProcessorExecutor-QBFT-0[m[2m | [m[32mINFO [m[2m | [m[2mQbftBesuControllerBuilder[m[2m | [m[32mImported empty block #104 / 0 tx / 1 pending / 0 (0.0%) gas / (0x35b0bcc8a916e90f3fa376d6f868b21b1e1778cd6087fd6fe193cfea2cadbcce)
[m[2m2026-10-01 23:26:04.018+0000[m[2m | [m[2mBftProcessorExecutor-QBFT-0[m[2m | [m[32mINFO [m[2m | [m[2mQbftBesuControllerBuilder[m[2m | [m[32mProduced empty block #105 / 0 tx / 1 pending / 0 (0.0%) gas / (0xbc55ec23e689dff6629ddf31dc4e74511f78f4e59c0d46bf2b3d028a2d559319)
[m[2m2026-10-01 23:26:06.017+0000[m[2m | [m[2mBftProcessorExecutor-QBFT-0[m[2m | [m[32mINFO [m[2m | [m[2mQbftBesuControllerBuilder[m[2m | [m[32mImported empty block #106 / 0 tx / 1 pending / 0 (0.0%) gas / (0xcde66602651ce97696a1d5c7d80a5cd7d34411e5a6d3eb2158b1924d7258d2ea)
[m[2m2026-10-01 23:26:08.027+0000[m[2m | [m[2mBftProcessorExecutor-QBFT-0[m[2m | [m[32mINFO [m[2m | [m[2mQbftBesuControllerBuilder[m[2m | [m[32mImported empty block #107 / 0 tx / 1 pending / 0 (0.0%) gas / (0x57c2f94350a3e2e1275b93bdc51aa23419516e32163701190806855b63af0e02)
[m[2m2026-10-01 23:26:10.023+0000[m[2m | [m[2mBftProcessorExecutor-QBFT-0[m[2m | [m[32mINFO [m[2m | [m[2mQbftBesuControllerBuilder[m[2m | [m[32mImported empty block #108 / 0 tx / 1 pending / 0 (0.0%) gas / (0x32d9d6d23017bcfcb10da82fae5ee7530d1dbcb5c7efcb6e21c69d2fdeabb5c8)
[m[2m2026-10-01 23:26:12.021+0000[m[2m | [m[2mBftProcessorExecutor-QBFT-0[m[2m | [m[32mINFO [m[2m | [m[2mQbftBesuControllerBuilder[m[2m | [m[32mProduced empty block #109 / 0 tx / 1 pending / 0 (0.0%) gas / (0x53641f41d45702e37838f728d80fa83f4c01b899304c21921b13921687f73df4)
[m[2m2026-10-01 23:26:14.024+0000[m[2m | [m[2mBftProcessorExecutor-QBFT-0[m[2m | [m[32mINFO [m[2m | [m[2mQbftBesuControllerBuilder[m[2m | [m[32mImported empty block #110 / 0 tx / 1 pending / 0 (0.0%) gas / (0x0b3fb0b03ce6314d7f2c6d2f5afb8122658fe76398c43e469eec66253863eb5d)
[m[2m2026-10-01 23:26:16.013+0000[m[2m | [m[2mBftProcessorExecutor-QBFT-0[m[2m | [m[32mINFO [m[2m | [m[2mQbftBesuControllerBuilder[m[2m | [m[32mImported empty block #111 / 0 tx / 1 pending / 0 (0.0%) gas / (0x9c5ac24afdfdd90ee9c79331a1018621e75999d90e2e646bb2558d217910d675)
[m[2m2026-10-01 23:26:18.018+0000[m[2m | [m[2mBftProcessorExecutor-QBFT-0[m[2m | [m[32mINFO [m[2m | [m[2mQbftBesuControllerBuilder[m[2m | [m[32mImported empty block #112 / 0 tx / 1 pending / 0 (0.0%) gas / (0xbbd69d3f1ea0eadce7807ef160834c6fb1ec416e93856b008bace8da6d5feae2)
[m[2m2026-10-01 23:26:20.019+0000[m[2m | [m[2mBftProcessorExecutor-QBFT-0[m[2m | [m[32mINFO [m[2m | [m[2mQbftBesuControllerBuilder[m[2m | [m[32mProduced empty block #113 / 0 tx / 1 pending / 0 (0.0%) gas / (0x051519799413eada8697d4d7edf77bff35f4fa59fa32a083aa7bc5976ead8f38)
[m[2m2026-10-01 23:26:22.020+0000[m[2m | [m[2mBftProcessorExecutor-QBFT-0[m[2m | [m[32mINFO [m[2m | [m[2mQbftBesuControllerBuilder[m[2m | [m[32mImported empty block #114 / 0 tx / 1 pending / 0 (0.0%) gas / (0xb72af4d889dda9161d4e19bf2d794734403415c2bdf0652855b6d822c9f81468)
[m[2m2026-10-01 23:26:24.010+0000[m[2m | [m[2mBftProcessorExecutor-QBFT-0[m[2m | [m[32mINFO [m[2m | [m[2mQbftBesuControllerBuilder[m[2m | [m[32mImported empty block #115 / 0 tx / 1 pending / 0 (0.0%) gas / (0xc23d3cfeb6d043d248566a9f624a2072011c6238737903384c7c4bed239cd72d)
[m[2m2026-10-01 23:26:26.019+0000[m[2m | [m[2mBftProcessorExecutor-QBFT-0[m[2m | [m[32mINFO [m[2m | [m[2mQbftBesuControllerBuilder[m[2m | [m[32mImported empty block #116 / 0 tx / 1 pending / 0 (0.0%) gas / (0x7161c5803c40f23fcb6c4ed1b1a2231879e88c2bacc2082274975fe41f3324fc)
[m[2m2026-10-01 23:26:28.022+0000[m[2m | [m[2mBftProcessorExecutor-QBFT-0[m[2m | [m[32mINFO [m[2m | [m[2mQbftBesuControllerBuilder[m[2m | [m[32mProduced empty block #117 / 0 tx / 1 pending / 0 (0.0%) gas / (0x6439797a075005850f3549d9804566dd6168cc416b53eb64c3fbca38a4a53703)
[m[2m2026-10-01 23:26:30.048+0000[m[2m | [m[2mBftProcessorExecutor-QBFT-0[m[2m | [m[32mINFO [m[2m | [m[2mQbftBesuControllerBuilder[m[2m | [m[32mImported empty block #118 / 0 tx / 1 pending / 0 (0.0%) gas / (0xfd1859824924361c74caa46f77892c9444e62c545e7fccd6c77dcab6443662e2)
[m[2m2026-10-01 23:26:32.027+0000[m[2m | [m[2mBftProcessorExecutor-QBFT-0[m[2m | [m[32mINFO [m[2m | [m[2mQbftBesuControllerBuilder[m[2m | [m[32mImported empty block #119 / 0 tx / 1 pending / 0 (0.0%) gas / (0xb8d516add8416b96c96f1d472d3e4b320816afb8d31680e9f0618b52456169f8)
[m[2m2026-10-01 23:26:32.027+0000[m[2m | [m[2mEthScheduler-Workers-8[m[2m | [m[32mINFO [m[2m | [m[2mPersistBlockTask[m[2m | [m[32mBlock 119 (0xb8d516add8416b96c96f1d472d3e4b320816afb8d31680e9f0618b52456169f8) is already imported
[m[2m2026-10-01 23:26:34.021+0000[m[2m | [m[2mBftProcessorExecutor-QBFT-0[m[2m | [m[32mINFO [m[2m | [m[2mQbftBesuControllerBuilder[m[2m | [m[32mImported empty block #120 / 0 tx / 1 pending / 0 (0.0%) gas / (0x47a11e071887e4d2a424580e668dcb0e258d1592fb365c7206748fe82aedb438)
[m[2m2026-10-01 23:26:36.025+0000[m[2m | [m[2mBftProcessorExecutor-QBFT-0[m[2m | [m[32mINFO [m[2m | [m[2mQbftBesuControllerBuilder[m[2m | [m[32mProduced empty block #121 / 0 tx / 1 pending / 0 (0.0%) gas / (0x96d36d8c3d66857ad96e5adeb20aed4ae4ab39563b31d4c16de5274201ddeeac)
[m[2m2026-10-01 23:26:38.017+0000[m[2m | [m[2mBftProcessorExecutor-QBFT-0[m[2m | [m[32mINFO [m[2m | [m[2mQbftBesuControllerBuilder[m[2m | [m[32mImported empty block #122 / 0 tx / 1 pending / 0 (0.0%) gas / (0xb1ffa581bd4f54f42e3286a835a39bf1b565dee1cc4d3bdcbb7db16cfa704218)
[m[2m2026-10-01 23:26:40.021+0000[m[2m | [m[2mBftProcessorExecutor-QBFT-0[m[2m | [m[32mINFO [m[2m | [m[2mQbftBesuControllerBuilder[m[2m | [m[32mImported empty block #123 / 0 tx / 1 pending / 0 (0.0%) gas / (0xd2f0e1aa1c2dfb17b74305324a0672fc4939b2ff5ce4faadae7faa93d075a2e0)
[m[2m2026-10-01 23:26:42.023+0000[m[2m | [m[2mBftProcessorExecutor-QBFT-0[m[2m | [m[32mINFO [m[2m | [m[2mQbftBesuControllerBuilder[m[2m | [m[32mImported empty block #124 / 0 tx / 1 pending / 0 (0.0%) gas / (0xdd4ac606c75c02717b7d3bada166f7cdf6b0fade8276be65b747e60475598d72)
[m[2m2026-10-01 23:26:44.022+0000[m[2m | [m[2mBftProcessorExecutor-QBFT-0[m[2m | [m[32mINFO [m[2m | [m[2mQbftBesuControllerBuilder[m[2m | [m[32mProduced empty block #125 / 0 tx / 1 pending / 0 (0.0%) gas / (0x8df833d5c4c9667761bafeb9d83430e8322371851775827ebf487407283202d0)
[m[2m2026-10-01 23:26:46.018+0000[m[2m | [m[2mBftProcessorExecutor-QBFT-0[m[2m | [m[32mINFO [m[2m | [m[2mQbftBesuControllerBuilder[m[2m | [m[32mImported empty block #126 / 0 tx / 1 pending / 0 (0.0%) gas / (0xdc6c514c7f1626b6f9f797e70caa0143608a462ffc20fd5800ee91ed36468f9f)
[m[2m2026-10-01 23:26:48.013+0000[m[2m | [m[2mBftProcessorExecutor-QBFT-0[m[2m | [m[32mINFO [m[2m | [m[2mQbftBesuControllerBuilder[m[2m | [m[32mImported empty block #127 / 0 tx / 1 pending / 0 (0.0%) gas / (0xbc94440d7adfaf7c0b738fa6fba18e9c272d83ce0173345ec4dd7ed80b91a09b)
[m[2m2026-10-01 23:26:48.013+0000[m[2m | [m[2mEthScheduler-Workers-10[m[2m | [m[32mINFO [m[2m | [m[2mPersistBlockTask[m[2m | [m[32mBlock 127 (0xbc94440d7adfaf7c0b738fa6fba18e9c272d83ce0173345ec4dd7ed80b91a09b) is already imported
[m[2m2026-10-01 23:26:50.020+0000[m[2m | [m[2mBftProcessorExecutor-QBFT-0[m[2m | [m[32mINFO [m[2m | [m[2mQbftBesuControllerBuilder[m[2m | [m[32mImported empty block #128 / 0 tx / 1 pending / 0 (0.0%) gas / (0x265ff456ebd65c4b931adcb99000f558ba3c6983a19ea2d814b6d4db3e9d2646)
[m[2m2026-10-01 23:26:52.032+0000[m[2m | [m[2mBftProcessorExecutor-QBFT-0[m[2m | [m[32mINFO [m[2m | [m[2mQbftBesuControllerBuilder[m[2m | [m[32mProduced empty block #129 / 0 tx / 1 pending / 0 (0.0%) gas / (0x732295f89aed9ad545b8be95475b083e5a046dadf789ab9d6fea8187a9f3befb)
[m[2m2026-10-01 23:26:54.026+0000[m[2m | [m[2mBftProcessorExecutor-QBFT-0[m[2m | [m[32mINFO [m[2m | [m[2mQbftBesuControllerBuilder[m[2m | [m[32mImported empty block #130 / 0 tx / 1 pending / 0 (0.0%) gas / (0x52e732b981ba78412705a08ccb1000d9bbd7c4bf438ebd09b2e82e2c1bfc527f)
[m[2m2026-10-01 23:26:56.020+0000[m[2m | [m[2mBftProcessorExecutor-QBFT-0[m[2m | [m[32mINFO [m[2m | [m[2mQbftBesuControllerBuilder[m[2m | [m[32mImported empty block #131 / 0 tx / 1 pending / 0 (0.0%) gas / (0x7e83649214b10defaf9fd9749cab9120e23266b4f0af6cadf3395f6d80b9662c)
[m[2m2026-10-01 23:26:58.013+0000[m[2m | [m[2mBftProcessorExecutor-QBFT-0[m[2m | [m[32mINFO [m[2m | [m[2mQbftBesuControllerBuilder[m[2m | [m[32mImported empty block #132 / 0 tx / 1 pending / 0 (0.0%) gas / (0x9c41d0c5a1de07bc9222ad4bed1b57e3bc4f9189b814731df9e9d72fb6420756)
[m[2m2026-10-01 23:27:00.030+0000[m[2m | [m[2mBftProcessorExecutor-QBFT-0[m[2m | [m[32mINFO [m[2m | [m[2mQbftBesuControllerBuilder[m[2m | [m[32mProduced empty block #133 / 0 tx / 1 pending / 0 (0.0%) gas / (0x2bab6124ee6dd17d9b419ad507bb06d291c3c5d74da55090911639044d0e2d7d)
[m[2m2026-10-01 23:27:02.025+0000[m[2m | [m[2mBftProcessorExecutor-QBFT-0[m[2m | [m[32mINFO [m[2m | [m[2mQbftBesuControllerBuilder[m[2m | [m[32mImported empty block #134 / 0 tx / 1 pending / 0 (0.0%) gas / (0x02609ec5c6b129a6e3e44456afed095d4152880b70c33ab853675378e44da3d3)
[m[2m2026-10-01 23:27:04.025+0000[m[2m | [m[2mBftProcessorExecutor-QBFT-0[m[2m | [m[32mINFO [m[2m | [m[2mQbftBesuControllerBuilder[m[2m | [m[32mImported empty block #135 / 0 tx / 1 pending / 0 (0.0%) gas / (0xba0cf096ecf323bc0940660ffa1395745e4fc96e6f8c708206fbc5073b69c163)
[m[2m2026-10-01 23:27:06.029+0000[m[2m | [m[2mBftProcessorExecutor-QBFT-0[m[2m | [m[32mINFO [m[2m | [m[2mQbftBesuControllerBuilder[m[2m | [m[32mImported empty block #136 / 0 tx / 1 pending / 0 (0.0%) gas / (0x34bb3f33bf24281a7f77ad5f7d63c769d838c59e4b0b8857f5d60f20e8c77efa)
[m[2m2026-10-01 23:27:06.029+0000[m[2m | [m[2mEthScheduler-Workers-12[m[2m | [m[32mINFO [m[2m | [m[2mPersistBlockTask[m[2m | [m[32mBlock 136 (0x34bb3f33bf24281a7f77ad5f7d63c769d838c59e4b0b8857f5d60f20e8c77efa) is already imported
[m[2m2026-10-01 23:27:08.024+0000[m[2m | [m[2mBftProcessorExecutor-QBFT-0[m[2m | [m[32mINFO [m[2m | [m[2mQbftBesuControllerBuilder[m[2m | [m[32mProduced empty block #137 / 0 tx / 1 pending / 0 (0.0%) gas / (0x0477fc238906d5d0bfefb031751b5b3b4168318f35095d43cf77e3ede12ea88d)
[m[2m2026-10-01 23:27:10.023+0000[m[2m | [m[2mBftProcessorExecutor-QBFT-0[m[2m | [m[32mINFO [m[2m | [m[2mQbftBesuControllerBuilder[m[2m | [m[32mImported empty block #138 / 0 tx / 1 pending / 0 (0.0%) gas / (0x33ae1f913a0e6ecb3406937e039fdabb2bc5531a8f81e11981f80f5390adab3c)
[m[2m2026-10-01 23:27:12.019+0000[m[2m | [m[2mBftProcessorExecutor-QBFT-0[m[2m | [m[32mINFO [m[2m | [m[2mQbftBesuControllerBuilder[m[2m | [m[32mImported empty block #139 / 0 tx / 1 pending / 0 (0.0%) gas / (0x4c071ef0803feadc5e4b69b2991bb7b203e61aa3541a6c440734954b9cf216b6)
[m[2m2026-10-01 23:27:14.035+0000[m[2m | [m[2mBftProcessorExecutor-QBFT-0[m[2m | [m[32mINFO [m[2m | [m[2mQbftBesuControllerBuilder[m[2m | [m[32mImported empty block #140 / 0 tx / 1 pending / 0 (0.0%) gas / (0x9730dd0b03f64fc92508c0a1fa6f56ff2c2e84f1be93f6e860943fbd5df4985a)
[m[2m2026-10-01 23:27:16.021+0000[m[2m | [m[2mBftProcessorExecutor-QBFT-0[m[2m | [m[32mINFO [m[2m | [m[2mQbftBesuControllerBuilder[m[2m | [m[32mProduced empty block #141 / 0 tx / 1 pending / 0 (0.0%) gas / (0x29809e5c1f726983e81e0124e4acfd21e3d79ff74a7c551ebe431290faac11f0)
[m[2m2026-10-01 23:27:18.024+0000[m[2m | [m[2mBftProcessorExecutor-QBFT-0[m[2m | [m[32mINFO [m[2m | [m[2mQbftBesuControllerBuilder[m[2m | [m[32mImported empty block #142 / 0 tx / 1 pending / 0 (0.0%) gas / (0xc920997de8c6141b380c634bbdf1e68e3b8f2435af6e7d9430118845a3b77426)
[m[2m2026-10-01 23:27:20.024+0000[m[2m | [m[2mBftProcessorExecutor-QBFT-0[m[2m | [m[32mINFO [m[2m | [m[2mQbftBesuControllerBuilder[m[2m | [m[32mImported empty block #143 / 0 tx / 1 pending / 0 (0.0%) gas / (0x5fed0d1ca09831654d15169bf397d02441a04d7a72434ec0a8cd80003487ba24)
[m[2m2026-10-01 23:27:22.025+0000[m[2m | [m[2mBftProcessorExecutor-QBFT-0[m[2m | [m[32mINFO [m[2m | [m[2mQbftBesuControllerBuilder[m[2m | [m[32mImported empty block #144 / 0 tx / 1 pending / 0 (0.0%) gas / (0xb8b82adc5b4e3f5d4bcfd92da0916a8e0dc36691e20559a5785622e845a545d6)
[m[2m2026-10-01 23:27:24.047+0000[m[2m | [m[2mBftProcessorExecutor-QBFT-0[m[2m | [m[32mINFO [m[2m | [m[2mQbftBesuControllerBuilder[m[2m | [m[32mProduced empty block #145 / 0 tx / 1 pending / 0 (0.0%) gas / (0x221aa5a3c03ee1973e0f6e8d3f15c0754ac77fb5d0c33809bb38fad923a7fcf6)
[m[2m2026-10-01 23:27:26.022+0000[m[2m | [m[2mBftProcessorExecutor-QBFT-0[m[2m | [m[32mINFO [m[2m | [m[2mQbftBesuControllerBuilder[m[2m | [m[32mImported empty block #146 / 0 tx / 1 pending / 0 (0.0%) gas / (0xc1e3d001eed91bfeababe2b9441d98046c8387c57bf100fcbbc3b7aff41d8059)
[m[2m2026-10-01 23:27:28.024+0000[m[2m | [m[2mBftProcessorExecutor-QBFT-0[m[2m | [m[32mINFO [m[2m | [m[2mQbftBesuControllerBuilder[m[2m | [m[32mImported empty block #147 / 0 tx / 1 pending / 0 (0.0%) gas / (0x67a70cfa5d33aa28b486d724b92b7af8561e3abbf65557701399ff3412ae6d63)
[m[2m2026-10-01 23:27:30.021+0000[m[2m | [m[2mBftProcessorExecutor-QBFT-0[m[2m | [m[32mINFO [m[2m | [m[2mQbftBesuControllerBuilder[m[2m | [m[32mImported empty block #148 / 0 tx / 1 pending / 0 (0.0%) gas / (0xe696c11c45b0bb8f5b5b9fb84e96ffaaed7ecd0d380a0c7204db6c66ca473ca0)
[m[2m2026-10-01 23:27:32.022+0000[m[2m | [m[2mBftProcessorExecutor-QBFT-0[m[2m | [m[32mINFO [m[2m | [m[2mQbftBesuControllerBuilder[m[2m | [m[32mProduced empty block #149 / 0 tx / 1 pending / 0 (0.0%) gas / (0xb277b89822d3ba0ba00d05e01737da477afef1aff39b4055393a128f59b608d9)
[m[2m2026-10-01 23:27:34.026+0000[m[2m | [m[2mBftProcessorExecutor-QBFT-0[m[2m | [m[32mINFO [m[2m | [m[2mQbftBesuControllerBuilder[m[2m | [m[32mImported empty block #150 / 0 tx / 1 pending / 0 (0.0%) gas / (0x472f3a6a1a4b794b21990591021f3b47973423feb00db915c612668a036d488d)
