Setting permissions for: /data with access: READ_WRITE
[2m2026-10-01 23:42:24.233+0000[m[2m | [m[2mmain[m[2m | [m[32mINFO [m[2m | [m[2mBesu[m[2m | [m[32mStarting Besu
[m[2m2026-10-01 23:42:26.172+0000[m[2m | [m[2mmain[m[2m | [m[33mWARN [m[2m | [m[2mBesu[m[2m | [m[33m--rpc-ws-host has been ignored because --rpc-ws-enabled was not defined on the command line.
[m[2m2026-10-01 23:42:26.193+0000[m[2m | [m[2mmain[m[2m | [m[33mWARN [m[2m | [m[2mBesu[m[2m | [m[33m--graphql-http-host has been ignored because --graphql-http-enabled was not defined on the command line.
[m[2m2026-10-01 23:42:28.384+0000[m[2m | [m[2mmain[m[2m | [m[32mINFO [m[2m | [m[2mBesu[m[2m | [m[32mRPC HTTP JSON-RPC config: JsonRpcConfiguration{enabled=true, port=8545, host=0.0.0.0, corsAllowedDomains=[*], hostsAllowlist=[*], rpcApis=[ETH, NET, QBFT], authenticationEnabled=false, authenticationCredentialsFile=null, authenticationPublicKeyFile=null, tlsConfiguration=Optional.empty, httpTimeoutSec=30, maxActiveConnections=80, maxBatchSize=1024}
[m[2m2026-10-01 23:42:28.387+0000[m[2m | [m[2mmain[m[2m | [m[33mWARN [m[2m | [m[2mBesu[m[2m | [m[33mForcing --bonsai-limit-trie-logs-enabled=false, since it cannot be enabled with --sync-mode=FULL and --data-storage-format=BONSAI.
[m[2m2026-10-01 23:42:28.393+0000[m[2m | [m[2mmain[m[2m | [m[32mINFO [m[2m | [m[2mBesu[m[2m | [m[32mConnecting to 0 static nodes.
[m[2m2026-10-01 23:42:28.772+0000[m[2m | [m[2mmain[m[2m | [m[32mINFO [m[2m | [m[2mBesu[m[2m | [m[32m
####################################################################################################
#                                                                                                  #
# Besu version 26.6.0-RC1                                                                          #
#                                                                                                  #
# Configuration:                                                                                   #
# Network: Custom genesis file                                                                     #
# /genesis.json                                                                                    #
# Network Id: 1337                                                                                 #
# Data storage: Bonsai                                                                             #
# Sync mode: Full                                                                                  #
# Sync min peers: 5                                                                                #
# RPC HTTP APIs: ETH,NET,QBFT                                                                      #
# RPC HTTP port: 8545                                                                              #
# Using LAYERED transaction pool implementation                                                    #
# Using STACKED worldstate update mode                                                             #
# Opcode optimizations enabled                                                                     #
# Parallel transaction processing enabled                                                          #
# BAL pruning enabled (retained BALs: 113056)                                                      #
# Target Gas Limit: 60M                                                                            #
#                                                                                                  #
# Host:                                                                                            #
# Java: openjdk-java-25                                                                            #
# Maximum heap size: 1.94 GB                                                                       #
# OS: linux-aarch_64                                                                               #
# glibc: 2.39                                                                                      #
# jemalloc: 5.3.0-0-g54eaed1d8b56b1aa528be3bdd1877e59c56fa90c                                      #
# Total memory: 7.75 GB                                                                            #
# CPU cores: 10                                                                                    #
#                                                                                                  #
# Plugin Registration Summary:                                                                     #
# No plugins have been registered.                                                                 #
# TOTAL = 0 of 0 plugins successfully registered.                                                  #
#                                                                                                  #
####################################################################################################
[m[2m2026-10-01 23:42:28.773+0000[m[2m | [m[2mmain[m[2m | [m[32mINFO [m[2m | [m[2mBesu[m[2m | [m[32mSecurity Module: localfile
[m[2m2026-10-01 23:42:28.775+0000[m[2m | [m[2mmain[m[2m | [m[32mINFO [m[2m | [m[2mVersionMetadata[m[2m | [m[32mLookup version metadata file in data directory: /data
[m[2m2026-10-01 23:42:28.922+0000[m[2m | [m[2mmain[m[2m | [m[32mINFO [m[2m | [m[2mVersionMetadata[m[2m | [m[32mExisting version data detected. Besu version 26.6.0-RC1
[m[2m2026-10-01 23:42:29.090+0000[m[2m | [m[2mmain[m[2m | [m[32mINFO [m[2m | [m[2mBesu[m[2m | [m[32mUsing the native implementation of alt bn128
[m[2m2026-10-01 23:42:29.091+0000[m[2m | [m[2mmain[m[2m | [m[32mINFO [m[2m | [m[2mBesu[m[2m | [m[32mUsing the Java implementation of modexp
[m[2m2026-10-01 23:42:29.117+0000[m[2m | [m[2mmain[m[2m | [m[32mINFO [m[2m | [m[2mBesu[m[2m | [m[32mUsing the native implementation of the signature algorithm
[m[2m2026-10-01 23:42:29.129+0000[m[2m | [m[2mmain[m[2m | [m[32mINFO [m[2m | [m[2mBesu[m[2m | [m[32mUsing the Java implementation of the blake2bf algorithm
[m[2m2026-10-01 23:42:29.369+0000[m[2m | [m[2mmain[m[2m | [m[32mINFO [m[2m | [m[2mBesu[m[2m | [m[32mUsing the native BoringSSL implementation of p256verify
[m[2m2026-10-01 23:42:29.767+0000[m[2m | [m[2mmain[m[2m | [m[32mINFO [m[2m | [m[2mKeyPairUtil[m[2m | [m[32mAttempting to load public key from /data/key
[m[2m2026-10-01 23:42:29.815+0000[m[2m | [m[2mmain[m[2m | [m[32mINFO [m[2m | [m[2mKeyPairUtil[m[2m | [m[32mLoaded public key 0x5e637995343f2d88758fecd65ba7169fe82b832d6d67eabc81e7054b94737b55eaa7f1124d7ee54e87f830c2d972b70f322ed36cc56f1f2f30b1ce1ebdeefc8a from /data/key
[m[2m2026-10-01 23:42:30.075+0000[m[2m | [m[2mmain[m[2m | [m[32mINFO [m[2m | [m[2mProtocolScheduleBuilder[m[2m | [m[32mProtocol schedule created with milestones: [Berlin:0]
[m[2m2026-10-01 23:42:30.084+0000[m[2m | [m[2mmain[m[2m | [m[32mINFO [m[2m | [m[2mDatabaseMetadata[m[2m | [m[32mLookup database metadata file in data directory: /data
[m[2m2026-10-01 23:42:30.141+0000[m[2m | [m[2mmain[m[2m | [m[32mINFO [m[2m | [m[2mRocksDBKeyValueStorageFactory[m[2m | [m[32mExisting database at /data. Metadata versionedStorageFormat=BaseVersionedStorageFormat{format=BONSAI, version=3}. Processing WAL...
[m[2m2026-10-01 23:42:30.585+0000[m[2m | [m[2mmain[m[2m | [m[32mINFO [m[2m | [m[2mFlatDbStrategyProvider[m[2m | [m[32mFlat db mode found FULL
[m[2m2026-10-01 23:42:30.590+0000[m[2m | [m[2mmain[m[2m | [m[32mINFO [m[2m | [m[2mFlatDbStrategyProvider[m[2m | [m[32mDB mode with code stored using code hash enabled = true
[m[2m2026-10-01 23:42:30.629+0000[m[2m | [m[2mmain[m[2m | [m[32mINFO [m[2m | [m[2mFlatDbStrategyProvider[m[2m | [m[32mFlat db mode found FULL
[m[2m2026-10-01 23:42:30.631+0000[m[2m | [m[2mmain[m[2m | [m[32mINFO [m[2m | [m[2mFlatDbStrategyProvider[m[2m | [m[32mDB mode with code stored using code hash enabled = true
[m[2m2026-10-01 23:42:30.913+0000[m[2m | [m[2mmain[m[2m | [m[32mINFO [m[2m | [m[2mBesuControllerBuilder[m[2m | [m[32mAdding ChainDataPruner to observe block added events
[m[2m2026-10-01 23:42:30.916+0000[m[2m | [m[2mmain[m[2m | [m[32mINFO [m[2m | [m[2mBesuControllerBuilder[m[2m | [m[32mBAL pruning enabled | BALs retained: 113056 | Frequency: 256
[m[2m2026-10-01 23:42:30.951+0000[m[2m | [m[2mmain[m[2m | [m[32mINFO [m[2m | [m[2mTransactionPoolFactory[m[2m | [m[32mEnabling transaction pool
[m[2m2026-10-01 23:42:30.981+0000[m[2m | [m[2mmain[m[2m | [m[32mINFO [m[2m | [m[2mBesuControllerBuilder[m[2m | [m[32mQBFT is configured, creating initial sync for BFT
[m[2m2026-10-01 23:42:30.982+0000[m[2m | [m[2mmain[m[2m | [m[32mINFO [m[2m | [m[2mBFTPivotSelectorFromPeers[m[2m | [m[32mCreating pivot block selector for BFT node
[m[2m2026-10-01 23:42:31.041+0000[m[2m | [m[2mmain[m[2m | [m[32mINFO [m[2m | [m[2mRunnerBuilder[m[2m | [m[32mResolved 0 bootnodes.
[m[2m2026-10-01 23:42:31.069+0000[m[2m | [m[2mmain[m[2m | [m[32mINFO [m[2m | [m[2mRunnerBuilder[m[2m | [m[32mDetecting NAT service.
[m[2m2026-10-01 23:42:31.246+0000[m[2m | [m[2mmain[m[2m | [m[32mINFO [m[2m | [m[2mRunner[m[2m | [m[32mStarting external services ... 
[m[2m2026-10-01 23:42:31.247+0000[m[2m | [m[2mmain[m[2m | [m[32mINFO [m[2m | [m[2mJsonRpcHttpService[m[2m | [m[32mStarting JSON-RPC service on 0.0.0.0:8545
[m[2m2026-10-01 23:42:31.452+0000[m[2m | [m[2mvert.x-eventloop-thread-1[m[2m | [m[32mINFO [m[2m | [m[2mJsonRpcHttpService[m[2m | [m[32mJSON-RPC service started and listening on 0.0.0.0:8545
[m[2m2026-10-01 23:42:31.456+0000[m[2m | [m[2mmain[m[2m | [m[32mINFO [m[2m | [m[2mAutoTransactionLogBloomCachingService[m[2m | [m[32mStarting auto transaction log bloom caching service.
[m[2m2026-10-01 23:42:31.461+0000[m[2m | [m[2mmain[m[2m | [m[32mINFO [m[2m | [m[2mLogBloomCacheMetadata[m[2m | [m[32mLookup cache metadata file in data directory: /data/caches
[m[2m2026-10-01 23:42:31.504+0000[m[2m | [m[2mmain[m[2m | [m[32mINFO [m[2m | [m[2mRunner[m[2m | [m[32mStarting Ethereum main loop ... 
[m[2m2026-10-01 23:42:31.505+0000[m[2m | [m[2mmain[m[2m | [m[32mINFO [m[2m | [m[2mDockerNatManager[m[2m | [m[32mStarting docker NAT manager.
[m[2m2026-10-01 23:42:31.567+0000[m[2m | [m[2mmain[m[2m | [m[32mINFO [m[2m | [m[2mNetworkRunner[m[2m | [m[32mStarting Network.
[m[2m2026-10-01 23:42:31.601+0000[m[2m | [m[2mnioEventLoopGroup-2-1[m[2m | [m[32mINFO [m[2m | [m[2mRlpxAgent[m[2m | [m[32mP2P RLPx agent started and listening on /[0:0:0:0:0:0:0:0]:30303.
[m[2m2026-10-01 23:42:31.602+0000[m[2m | [m[2mmain[m[2m | [m[32mINFO [m[2m | [m[2mPeerDiscoveryAgentV4[m[2m | [m[32mStarting peer discovery agent on host=0.0.0.0, port=30303. IPv6 available.
[m[2m2026-10-01 23:42:31.637+0000[m[2m | [m[2mvert.x-eventloop-thread-1[m[2m | [m[32mINFO [m[2m | [m[2mVertxPeerDiscoveryAgent[m[2m | [m[32mStarted peer discovery agent successfully, on effective host=0:0:0:0:0:0:0:0 and port=30303
[m[2m2026-10-01 23:42:31.687+0000[m[2m | [m[2mvert.x-eventloop-thread-1[m[2m | [m[32mINFO [m[2m | [m[2mNodeRecordManager[m[2m | [m[32mWriting node record to disk. NodeRecord{seq=1, publicKey=0x025e637995343f2d88758fecd65ba7169fe82b832d6d67eabc81e7054b94737b55, udpAddress=Optional[/127.0.0.1:30303], tcpAddress=Optional[/127.0.0.1:30303], quicAddress=Optional.empty, udp6Address=Optional.empty, tcp6Address=Optional.empty, quic6Address=Optional.empty, asBase64=-Je4QJnkVtSJLkoobpRPSMm2eW2bmeEFMoYjbRYj2_5xOBmwTfMlr2GjTI0UlOznmE6fGedWq-5wQ3eVyhD5tsyREnIBg2V0aMfGhPDO1jeAgmlkgnY0gmlwhH8AAAGJc2VjcDI1NmsxoQJeY3mVND8tiHWP7NZbpxaf6CuDLW1n6ryB5wVLlHN7VYN0Y3CCdl-DdWRwgnZf, nodeId=0xeefe5404d6e3396c378f08b07d5d19929faae1c201ceb3e74272908e474e233a, customFields={tcp=30303, udp=30303, eth=[[0xf0ced637, 0x]], id=V4, ip=0x7f000001, secp256k1=0x025e637995343f2d88758fecd65ba7169fe82b832d6d67eabc81e7054b94737b55}}
[m[2m2026-10-01 23:42:31.726+0000[m[2m | [m[2mvert.x-eventloop-thread-1[m[2m | [m[32mINFO [m[2m | [m[2mPeerDiscoveryAgentV4[m[2m | [m[32mP2P peer discovery agent started and listening on /[0:0:0:0:0:0:0:0]:30303
[m[2m2026-10-01 23:42:31.727+0000[m[2m | [m[2mmain[m[2m | [m[32mINFO [m[2m | [m[2mDefaultP2PNetwork[m[2m | [m[32mEnode URL enode://5e637995343f2d88758fecd65ba7169fe82b832d6d67eabc81e7054b94737b55eaa7f1124d7ee54e87f830c2d972b70f322ed36cc56f1f2f30b1ce1ebdeefc8a@127.0.0.1:30303
[m[2m2026-10-01 23:42:31.728+0000[m[2m | [m[2mmain[m[2m | [m[32mINFO [m[2m | [m[2mDefaultP2PNetwork[m[2m | [m[32mENR URL enr:-Je4QJnkVtSJLkoobpRPSMm2eW2bmeEFMoYjbRYj2_5xOBmwTfMlr2GjTI0UlOznmE6fGedWq-5wQ3eVyhD5tsyREnIBg2V0aMfGhPDO1jeAgmlkgnY0gmlwhH8AAAGJc2VjcDI1NmsxoQJeY3mVND8tiHWP7NZbpxaf6CuDLW1n6ryB5wVLlHN7VYN0Y3CCdl-DdWRwgnZf
[m[2m2026-10-01 23:42:31.728+0000[m[2m | [m[2mmain[m[2m | [m[32mINFO [m[2m | [m[2mDefaultP2PNetwork[m[2m | [m[32mNode address 0x7d5d19929faae1c201ceb3e74272908e474e233a
[m[2m2026-10-01 23:42:31.765+0000[m[2m | [m[2mmain[m[2m | [m[32mINFO [m[2m | [m[2mNetworkRunner[m[2m | [m[32mSupported capabilities: [eth/68, eth/69, eth/70, eth/71], [istanbul/100], [snap/1]
[m[2m2026-10-01 23:42:31.771+0000[m[2m | [m[2mmain[m[2m | [m[32mINFO [m[2m | [m[2mDefaultSynchronizer[m[2m | [m[32mStarting synchronizer.
[m[2m2026-10-01 23:42:31.773+0000[m[2m | [m[2mmain[m[2m | [m[32mINFO [m[2m | [m[2mTransactionPoolFactory[m[2m | [m[32mEnabling transaction handling following initial sync
[m[2m2026-10-01 23:42:31.780+0000[m[2m | [m[2mmain[m[2m | [m[32mINFO [m[2m | [m[2mBftMiningCoordinator[m[2m | [m[32mStarting BFT mining coordinator following initial sync
[m[2m2026-10-01 23:42:31.848+0000[m[2m | [m[2mmain[m[2m | [m[32mINFO [m[2m | [m[2mFullSyncDownloader[m[2m | [m[32mStarting full sync.
[m[2m2026-10-01 23:42:31.849+0000[m[2m | [m[2mmain[m[2m | [m[32mINFO [m[2m | [m[2mFullSyncTargetManager[m[2m | [m[32mUnable to find sync target. Waiting for 5 peers minimum. Currently checking 0 peers for usefulness
[m[2m2026-10-01 23:42:31.863+0000[m[2m | [m[2mmain[m[2m | [m[32mINFO [m[2m | [m[2mRunner[m[2m | [m[32mEthereum main loop is up.
[m[2m2026-10-01 23:42:36.573+0000[m[2m | [m[2mBftProcessorExecutor-QBFT-0[m[2m | [m[32mINFO [m[2m | [m[2mQbftRound[m[2m | [m[32mImporting proposed block to chain. round=ConsensusRoundIdentifier{Sequence=1, Round=1}, hash=0x983873a59cadcfa01ada0cd19b6b6091ccfc0770cde879d28e78c242180b7455
[m[2m2026-10-01 23:42:36.613+0000[m[2m | [m[2mBftProcessorExecutor-QBFT-0[m[2m | [m[32mINFO [m[2m | [m[2mQbftBesuControllerBuilder[m[2m | [m[32mImported empty block #1 / 0 tx / 0 pending / 0 (0.0%) gas / (0x983873a59cadcfa01ada0cd19b6b6091ccfc0770cde879d28e78c242180b7455)
[m[2m2026-10-01 23:42:36.852+0000[m[2m | [m[2mEthScheduler-Timer-0[m[2m | [m[32mINFO [m[2m | [m[2mFullSyncTargetManager[m[2m | [m[32mUnable to find sync target. Waiting for 5 peers minimum. Currently checking 4 peers for usefulness
[m[2m2026-10-01 23:42:38.077+0000[m[2m | [m[2mBftProcessorExecutor-QBFT-0[m[2m | [m[32mINFO [m[2m | [m[2mQbftBesuControllerBuilder[m[2m | [m[32mImported empty block #2 / 0 tx / 0 pending / 0 (0.0%) gas / (0x341efcf420a7f9e37cec658aa792f8d607d5430ce4324c1dd24fe3cb0ab18e6a)
[m[2m2026-10-01 23:42:40.063+0000[m[2m | [m[2mBftProcessorExecutor-QBFT-0[m[2m | [m[32mINFO [m[2m | [m[2mQbftBesuControllerBuilder[m[2m | [m[32mImported empty block #3 / 0 tx / 0 pending / 0 (0.0%) gas / (0xd1477b27baa7e59a20b873a032a0757cbcbd89aa55e5a1400b09cd3304b01e6e)
[m[2m2026-10-01 23:42:42.151+0000[m[2m | [m[2mBftProcessorExecutor-QBFT-0[m[2m | [m[32mINFO [m[2m | [m[2mQbftBesuControllerBuilder[m[2m | [m[32mProduced empty block #4 / 0 tx / 0 pending / 0 (0.0%) gas / (0x3a870988c13b7390858b2d62ebda1fcac848bc242420fd319872ef40ee76934e)
[m[2m2026-10-01 23:42:44.079+0000[m[2m | [m[2mBftProcessorExecutor-QBFT-0[m[2m | [m[32mINFO [m[2m | [m[2mQbftBesuControllerBuilder[m[2m | [m[32mImported empty block #5 / 0 tx / 0 pending / 0 (0.0%) gas / (0x27fdedf027df86cc7deeb3b8c1802a36f2355ead3d01953f5fde027e0233721b)
[m[2m2026-10-01 23:42:46.102+0000[m[2m | [m[2mBftProcessorExecutor-QBFT-0[m[2m | [m[32mINFO [m[2m | [m[2mQbftBesuControllerBuilder[m[2m | [m[32mImported empty block #6 / 0 tx / 0 pending / 0 (0.0%) gas / (0x7d39851d5d0ffaae7b54378f91d2d208435b19b85f0d6a32c1a96fb7e9e57f01)
[m[2m2026-10-01 23:42:48.067+0000[m[2m | [m[2mBftProcessorExecutor-QBFT-0[m[2m | [m[32mINFO [m[2m | [m[2mQbftBesuControllerBuilder[m[2m | [m[32mImported empty block #7 / 0 tx / 0 pending / 0 (0.0%) gas / (0xce3e0749fe788959f082e1fbbdae0000f9feb621cba91fe67e20d5fcfeef1b42)
[m[2m2026-10-01 23:42:50.048+0000[m[2m | [m[2mBftProcessorExecutor-QBFT-0[m[2m | [m[32mINFO [m[2m | [m[2mQbftBesuControllerBuilder[m[2m | [m[32mProduced empty block #8 / 0 tx / 0 pending / 0 (0.0%) gas / (0x8377c6738ef490f90ff343d48b72178c0fb5c205b4a99a61532287e9a9a1b5f1)
[m[2m2026-10-01 23:42:52.124+0000[m[2m | [m[2mBftProcessorExecutor-QBFT-0[m[2m | [m[32mINFO [m[2m | [m[2mQbftBesuControllerBuilder[m[2m | [m[32mImported block #9 / 1 tx / 0 pending / 904,698 (19.2%) gas / (0xa7b69528b6d48f478e370001c7a7c4e630b419971db7190e9b7548f5aababe95)
[m[2m2026-10-01 23:42:54.227+0000[m[2m | [m[2mBftProcessorExecutor-QBFT-0[m[2m | [m[32mINFO [m[2m | [m[2mQbftBesuControllerBuilder[m[2m | [m[32mImported block #10 / 10 tx / 5 pending / 1,435,570 (30.5%) gas / (0x7e19b3bfce58b0c0cfac4e86f3c0d8f513a366cdbbeccfa69e09241df357518d)
[m[2m2026-10-01 23:43:06.234+0000[m[2m | [m[2mBftProcessorExecutor-QBFT-0[m[2m | [m[32mINFO [m[2m | [m[2mQbftRound[m[2m | [m[32mImporting proposed block to chain. round=ConsensusRoundIdentifier{Sequence=11, Round=1}, hash=0xc93991f4a1c7fbdad6f47f47518bc7df8f8b9b4151e1b3f2a38ab791fdf5c7f3
[m[2m2026-10-01 23:43:06.362+0000[m[2m | [m[2mBftProcessorExecutor-QBFT-0[m[2m | [m[32mINFO [m[2m | [m[2mQbftBesuControllerBuilder[m[2m | [m[32mProduced block #11 / 32 tx / 94 pending / 4,539,236 (96.6%) gas / (0xc93991f4a1c7fbdad6f47f47518bc7df8f8b9b4151e1b3f2a38ab791fdf5c7f3)
[m[2m2026-10-01 23:43:08.194+0000[m[2m | [m[2mBftProcessorExecutor-QBFT-0[m[2m | [m[32mINFO [m[2m | [m[2mQbftBesuControllerBuilder[m[2m | [m[32mImported block #12 / 32 tx / 81 pending / 4,539,188 (96.6%) gas / (0x0c08195f46ddc37576d79c8f48dc06e7528b208f02b6cc58cdc65a2e2e7032fc)
[m[2m2026-10-01 23:43:10.224+0000[m[2m | [m[2mBftProcessorExecutor-QBFT-0[m[2m | [m[32mINFO [m[2m | [m[2mQbftBesuControllerBuilder[m[2m | [m[32mImported block #13 / 32 tx / 69 pending / 4,539,236 (96.6%) gas / (0x45c35042c565823bbc0e5a00ccb427c26f348105e9b051f2546d9e1b4ac8de39)
[m[2m2026-10-01 23:43:12.259+0000[m[2m | [m[2mBftProcessorExecutor-QBFT-0[m[2m | [m[32mINFO [m[2m | [m[2mQbftBesuControllerBuilder[m[2m | [m[32mImported block #14 / 32 tx / 57 pending / 4,539,176 (96.6%) gas / (0xa21f97f40683f3f76f520a5e423d79f685d2383382f888a5d3464dbee5bc5080)
[m[2m2026-10-01 23:43:14.265+0000[m[2m | [m[2mBftProcessorExecutor-QBFT-0[m[2m | [m[32mINFO [m[2m | [m[2mQbftBesuControllerBuilder[m[2m | [m[32mProduced block #15 / 32 tx / 45 pending / 4,539,164 (96.6%) gas / (0xf248ac264f7471a02064ba6a46748cfd1eae11fa6177a87306ef72a4310d35b0)
[m[2m2026-10-01 23:43:16.230+0000[m[2m | [m[2mBftProcessorExecutor-QBFT-0[m[2m | [m[32mINFO [m[2m | [m[2mQbftBesuControllerBuilder[m[2m | [m[32mImported block #16 / 32 tx / 33 pending / 4,539,188 (96.6%) gas / (0x4de43d1fe7ada052db276a1b8160db95fd9b8e2ec97047dffe27554d2bfda714)
[m[2m2026-10-01 23:43:16.236+0000[m[2m | [m[2mEthScheduler-Workers-6[m[2m | [m[32mINFO [m[2m | [m[2mPersistBlockTask[m[2m | [m[32mBlock 16 (0x4de43d1fe7ada052db276a1b8160db95fd9b8e2ec97047dffe27554d2bfda714) is already imported
[m[2m2026-10-01 23:43:18.278+0000[m[2m | [m[2mBftProcessorExecutor-QBFT-0[m[2m | [m[32mINFO [m[2m | [m[2mQbftBesuControllerBuilder[m[2m | [m[32mImported block #17 / 32 tx / 21 pending / 4,539,176 (96.6%) gas / (0x661a30000ed7ade490a43eb778d138ae76ffeff8d6ba0fcd6abfb418c5df8c6d)
[m[2m2026-10-01 23:43:18.279+0000[m[2m | [m[2mEthScheduler-Workers-7[m[2m | [m[32mINFO [m[2m | [m[2mPersistBlockTask[m[2m | [m[32mBlock 17 (0x661a30000ed7ade490a43eb778d138ae76ffeff8d6ba0fcd6abfb418c5df8c6d) is already imported
[m[2m2026-10-01 23:43:20.299+0000[m[2m | [m[2mBftProcessorExecutor-QBFT-0[m[2m | [m[32mINFO [m[2m | [m[2mQbftBesuControllerBuilder[m[2m | [m[32mImported block #18 / 32 tx / 9 pending / 4,539,164 (96.6%) gas / (0xfffaea6bedbc657ce560e9b7e9daefd0fccf8a83d6430f367dc02f67774621a5)
[m[2m2026-10-01 23:43:22.225+0000[m[2m | [m[2mEthScheduler-Workers-6[m[2m | [m[32mINFO [m[2m | [m[2mPersistBlockTask[m[2m | [m[32mBlock 19 (0x09fb24404af98bdafa0e661198041f1d5a1e2977afaf4ecd700548dc7f0173c0) is already imported
[m[2m2026-10-01 23:43:22.225+0000[m[2m | [m[2mBftProcessorExecutor-QBFT-0[m[2m | [m[32mINFO [m[2m | [m[2mQbftBesuControllerBuilder[m[2m | [m[32mProduced block #19 / 28 tx / 1 pending / 3,971,788 (84.5%) gas / (0x09fb24404af98bdafa0e661198041f1d5a1e2977afaf4ecd700548dc7f0173c0)
[m[2m2026-10-01 23:43:24.056+0000[m[2m | [m[2mBftProcessorExecutor-QBFT-0[m[2m | [m[32mINFO [m[2m | [m[2mQbftBesuControllerBuilder[m[2m | [m[32mImported block #20 / 7 tx / 0 pending / 992,947 (21.1%) gas / (0xd18a7cfde38db1787ad4bba89dd55c5d5787bdcdf9fe64b3da5a54a82f1de7f0)
[m[2m2026-10-01 23:43:26.022+0000[m[2m | [m[2mBftProcessorExecutor-QBFT-0[m[2m | [m[32mINFO [m[2m | [m[2mQbftBesuControllerBuilder[m[2m | [m[32mImported empty block #21 / 0 tx / 0 pending / 0 (0.0%) gas / (0xa3f3d12990aaaca606c118ad84b14e5c12667b8dc56127558af33dbc1d99e708)
[m[2m2026-10-01 23:43:28.023+0000[m[2m | [m[2mBftProcessorExecutor-QBFT-0[m[2m | [m[32mINFO [m[2m | [m[2mQbftBesuControllerBuilder[m[2m | [m[32mImported empty block #22 / 0 tx / 0 pending / 0 (0.0%) gas / (0x6f325338f9c2f3e9795448889231e7b537b4fa8025d5f6bd9b504d5f4dc9d5d2)
[m[2m2026-10-01 23:43:30.023+0000[m[2m | [m[2mBftProcessorExecutor-QBFT-0[m[2m | [m[32mINFO [m[2m | [m[2mQbftBesuControllerBuilder[m[2m | [m[32mProduced empty block #23 / 0 tx / 0 pending / 0 (0.0%) gas / (0xe2998e0781e6f5690b8e144d691ac67805c65c703f4696ce7f4e60c2086227f4)
[m[2m2026-10-01 23:43:32.092+0000[m[2m | [m[2mBftProcessorExecutor-QBFT-0[m[2m | [m[32mINFO [m[2m | [m[2mQbftBesuControllerBuilder[m[2m | [m[32mImported empty block #24 / 0 tx / 0 pending / 0 (0.0%) gas / (0x4bda043570000f1ef51c4be5bec3a399501a2bff1cdbca9bee8a3ee3c35b5600)
[m[2m2026-10-01 23:43:34.028+0000[m[2m | [m[2mBftProcessorExecutor-QBFT-0[m[2m | [m[32mINFO [m[2m | [m[2mQbftBesuControllerBuilder[m[2m | [m[32mImported empty block #25 / 0 tx / 0 pending / 0 (0.0%) gas / (0x1192b4182be5ac69571e6198b675cb84946dfa3dd7b9770b9a7486eee5c9be40)
[m[2m2026-10-01 23:43:36.135+0000[m[2m | [m[2mBftProcessorExecutor-QBFT-0[m[2m | [m[32mINFO [m[2m | [m[2mQbftBesuControllerBuilder[m[2m | [m[32mImported block #26 / 11 tx / 9 pending / 1,560,347 (33.2%) gas / (0x2589c73ea43c6c0c75b4530370520f4b15ea2746644a61a1f93e9edb6bbf7d8a)
[m[2m2026-10-01 23:43:38.245+0000[m[2m | [m[2mBftProcessorExecutor-QBFT-0[m[2m | [m[32mINFO [m[2m | [m[2mQbftBesuControllerBuilder[m[2m | [m[32mProduced block #27 / 32 tx / 17 pending / 4,539,128 (96.6%) gas / (0xa7ba142fcf4aaaa98d08320235bd6add002e9edff32e5b5c50cf4407fda8b89a)
[m[2m2026-10-01 23:43:40.141+0000[m[2m | [m[2mBftProcessorExecutor-QBFT-0[m[2m | [m[32mINFO [m[2m | [m[2mQbftBesuControllerBuilder[m[2m | [m[32mImported block #28 / 32 tx / 25 pending / 4,539,200 (96.6%) gas / (0x521aec1667bbd2c8644836765b461be448f6b2d3f41fd0087ca59eb3b8da6525)
[m[2m2026-10-01 23:43:42.160+0000[m[2m | [m[2mBftProcessorExecutor-QBFT-0[m[2m | [m[32mINFO [m[2m | [m[2mQbftBesuControllerBuilder[m[2m | [m[32mImported block #29 / 32 tx / 33 pending / 4,539,188 (96.6%) gas / (0x1b98754465df882715fb888993ec0d362f234e91821911980bc1c9e9828edacb)
[m[2m2026-10-01 23:43:44.181+0000[m[2m | [m[2mBftProcessorExecutor-QBFT-0[m[2m | [m[32mINFO [m[2m | [m[2mQbftBesuControllerBuilder[m[2m | [m[32mImported block #30 / 32 tx / 42 pending / 4,539,152 (96.6%) gas / (0xa8a8055b5832c516b1d3c8e832a49143844fb1f3005646a03716879bc2afb4f8)
[m[2m2026-10-01 23:43:46.124+0000[m[2m | [m[2mBftProcessorExecutor-QBFT-0[m[2m | [m[32mINFO [m[2m | [m[2mQbftBesuControllerBuilder[m[2m | [m[32mProduced block #31 / 32 tx / 48 pending / 4,539,140 (96.6%) gas / (0xfe7aa9ffe1f928e2c0850550f12d52796973877612c6c90f07a4522d47cd39dc)
[m[2m2026-10-01 23:43:48.125+0000[m[2m | [m[2mBftProcessorExecutor-QBFT-0[m[2m | [m[32mINFO [m[2m | [m[2mQbftBesuControllerBuilder[m[2m | [m[32mImported block #32 / 32 tx / 56 pending / 4,539,188 (96.6%) gas / (0x0528630a928ff47de3f0995ad908d65528f856f8a783a274f65a286e94b7f616)
[m[2m2026-10-01 23:43:50.141+0000[m[2m | [m[2mBftProcessorExecutor-QBFT-0[m[2m | [m[32mINFO [m[2m | [m[2mQbftBesuControllerBuilder[m[2m | [m[32mImported block #33 / 32 tx / 65 pending / 4,539,200 (96.6%) gas / (0x91fb6c729b03922e8bc710350ca5809c7ac67211b9ac6657641388abe703d5e6)
[m[2m2026-10-01 23:43:52.196+0000[m[2m | [m[2mBftProcessorExecutor-QBFT-0[m[2m | [m[32mINFO [m[2m | [m[2mQbftBesuControllerBuilder[m[2m | [m[32mImported block #34 / 32 tx / 74 pending / 4,539,212 (96.6%) gas / (0xd45e53925e37bb257b03fffac5b39c93e60d1522503c88b367cef437e2d6c5e9)
[m[2m2026-10-01 23:43:54.130+0000[m[2m | [m[2mBftProcessorExecutor-QBFT-0[m[2m | [m[32mINFO [m[2m | [m[2mQbftBesuControllerBuilder[m[2m | [m[32mProduced block #35 / 32 tx / 80 pending / 4,539,260 (96.6%) gas / (0x388936c55be1fc6bfe92cdc7400c477891ef66104a1b2bbcd9e2e5f2a824a35b)
[m[2m2026-10-01 23:43:56.163+0000[m[2m | [m[2mBftProcessorExecutor-QBFT-0[m[2m | [m[32mINFO [m[2m | [m[2mQbftBesuControllerBuilder[m[2m | [m[32mImported block #36 / 32 tx / 89 pending / 4,539,188 (96.6%) gas / (0xe077a947e5c4cc0694e6f2d1b777353ebb7b9686e4e3b9d4695707cbe5341995)
[m[2m2026-10-01 23:43:58.361+0000[m[2m | [m[2mBftProcessorExecutor-QBFT-0[m[2m | [m[32mINFO [m[2m | [m[2mQbftBesuControllerBuilder[m[2m | [m[32mImported block #37 / 32 tx / 99 pending / 4,539,200 (96.6%) gas / (0x9d54dd27f0d9973f0ccfa371b7027a56215e91324d5c488315849ea2f7908ea9)
[m[2m2026-10-01 23:44:00.525+0000[m[2m | [m[2mBftProcessorExecutor-QBFT-0[m[2m | [m[32mINFO [m[2m | [m[2mQbftBesuControllerBuilder[m[2m | [m[32mImported block #38 / 32 tx / 111 pending / 4,539,176 (96.6%) gas / (0x26042782f23a0187109461412cefd8c0d81a536880d547affaa51e1910ea78be)
[m[2m2026-10-01 23:44:02.137+0000[m[2m | [m[2mBftProcessorExecutor-QBFT-0[m[2m | [m[32mINFO [m[2m | [m[2mQbftBesuControllerBuilder[m[2m | [m[32mProduced block #39 / 32 tx / 111 pending / 4,539,224 (96.6%) gas / (0x5cb4bcbbb22524a6d2eec88af60963bd77ff3f03da548c3af7c158d7aa8bc4fa)
[m[2m2026-10-01 23:44:04.100+0000[m[2m | [m[2mBftProcessorExecutor-QBFT-0[m[2m | [m[32mINFO [m[2m | [m[2mQbftBesuControllerBuilder[m[2m | [m[32mImported block #40 / 32 tx / 118 pending / 4,539,200 (96.6%) gas / (0x0df1afb8a8afe76b748b43a9fae6cd4d40765a0bf9eab0c2a67be6841566f2c2)
[m[2m2026-10-01 23:44:06.235+0000[m[2m | [m[2mBftProcessorExecutor-QBFT-0[m[2m | [m[32mINFO [m[2m | [m[2mQbftBesuControllerBuilder[m[2m | [m[32mImported block #41 / 32 tx / 109 pending / 4,539,176 (96.6%) gas / (0x4f960a6c9e169366320de562c27cfae8286d990f66bc764d1a81fe8f8ef686a3)
[m[2m2026-10-01 23:44:08.247+0000[m[2m | [m[2mBftProcessorExecutor-QBFT-0[m[2m | [m[32mINFO [m[2m | [m[2mQbftBesuControllerBuilder[m[2m | [m[32mImported block #42 / 32 tx / 78 pending / 4,539,224 (96.6%) gas / (0x24f20823ceb3122310315de1eb17999215634e74339e7ac19a8a6250dba0bafa)
[m[2m2026-10-01 23:44:10.190+0000[m[2m | [m[2mBftProcessorExecutor-QBFT-0[m[2m | [m[32mINFO [m[2m | [m[2mQbftBesuControllerBuilder[m[2m | [m[32mProduced block #43 / 32 tx / 46 pending / 4,539,140 (96.6%) gas / (0x60872ff285c7b91a21c68a7c8b92f3e441637cba3b1d78959948273f63bfb826)
[m[2m2026-10-01 23:44:12.139+0000[m[2m | [m[2mBftProcessorExecutor-QBFT-0[m[2m | [m[32mINFO [m[2m | [m[2mQbftBesuControllerBuilder[m[2m | [m[32mImported block #44 / 32 tx / 14 pending / 4,539,212 (96.6%) gas / (0x120a884cc382c1667952b990d6d4c387eee90b4c0d60a23958ad62aac30f2094)
[m[2m2026-10-01 23:44:14.082+0000[m[2m | [m[2mBftProcessorExecutor-QBFT-0[m[2m | [m[32mINFO [m[2m | [m[2mQbftBesuControllerBuilder[m[2m | [m[32mImported block #45 / 14 tx / 14 pending / 1,985,918 (42.3%) gas / (0xa7f29b3229afb5ce46cdf74ee071ecb3b799d4b97011b6f665d6cdaf034a4834)
[m[2m2026-10-01 23:44:16.036+0000[m[2m | [m[2mBftProcessorExecutor-QBFT-0[m[2m | [m[32mINFO [m[2m | [m[2mQbftBesuControllerBuilder[m[2m | [m[32mImported empty block #46 / 0 tx / 0 pending / 0 (0.0%) gas / (0x08fc1b48ec76d7e087a4135b44aaa0b17a5b3414ca3b1822c6fd911943a679dd)
[m[2m2026-10-01 23:44:18.030+0000[m[2m | [m[2mBftProcessorExecutor-QBFT-0[m[2m | [m[32mINFO [m[2m | [m[2mQbftBesuControllerBuilder[m[2m | [m[32mProduced empty block #47 / 0 tx / 0 pending / 0 (0.0%) gas / (0x08431c3c960688730e85d352e8c7675da371f26ae98ba5fb2623a151b0ba7b30)
[m[2m2026-10-01 23:44:20.025+0000[m[2m | [m[2mBftProcessorExecutor-QBFT-0[m[2m | [m[32mINFO [m[2m | [m[2mQbftBesuControllerBuilder[m[2m | [m[32mImported empty block #48 / 0 tx / 0 pending / 0 (0.0%) gas / (0xe9e7ae749eac2462c4c8700e7e005d5687bac6623c117135ff2c357c8b237b57)
[m[2m2026-10-01 23:44:22.039+0000[m[2m | [m[2mBftProcessorExecutor-QBFT-0[m[2m | [m[32mINFO [m[2m | [m[2mQbftBesuControllerBuilder[m[2m | [m[32mImported empty block #49 / 0 tx / 0 pending / 0 (0.0%) gas / (0x6df3a2d727101e0c500b19c1cab20d86a29bb3f2df4f52870791f79ea4a546fd)
[m[2m2026-10-01 23:44:24.045+0000[m[2m | [m[2mBftProcessorExecutor-QBFT-0[m[2m | [m[32mINFO [m[2m | [m[2mQbftBesuControllerBuilder[m[2m | [m[32mImported empty block #50 / 0 tx / 0 pending / 0 (0.0%) gas / (0x6d3692779ead0f090ea0564ed758567445b8fb907df425ec3ace5acf7c210674)
[m[2m2026-10-01 23:44:26.900+0000[m[2m | [m[2mBftProcessorExecutor-QBFT-0[m[2m | [m[32mINFO [m[2m | [m[2mQbftBesuControllerBuilder[m[2m | [m[32mProduced block #51 / 32 tx / 12 pending / 4,539,176 (96.6%) gas / (0x3aa4e664584a542b2a9e77f181af8d702c2d025855914d0eb938318d94ade7cb)
[m[2m2026-10-01 23:44:28.265+0000[m[2m | [m[2mBftProcessorExecutor-QBFT-0[m[2m | [m[32mINFO [m[2m | [m[2mQbftBesuControllerBuilder[m[2m | [m[32mImported block #52 / 32 tx / 59 pending / 4,539,164 (96.6%) gas / (0x6e1380635b2ead2802c98101f556b78701e2323309745153c46d6d89989681ab)
[m[2m2026-10-01 23:44:30.078+0000[m[2m | [m[2mBftProcessorExecutor-QBFT-0[m[2m | [m[32mINFO [m[2m | [m[2mQbftBesuControllerBuilder[m[2m | [m[32mImported block #53 / 32 tx / 100 pending / 4,539,140 (96.6%) gas / (0x3d8cfc7b563c6a1cb7698c1231a540e4bad38a1e9bd4e6c814de3c14c9c175fe)
[m[2m2026-10-01 23:44:32.110+0000[m[2m | [m[2mBftProcessorExecutor-QBFT-0[m[2m | [m[32mINFO [m[2m | [m[2mQbftBesuControllerBuilder[m[2m | [m[32mImported block #54 / 32 tx / 149 pending / 4,539,200 (96.6%) gas / (0x9e695d389c8c5ee0878ca2f81b0456b4f8e9beee3104d995986e1995c957f30f)
[m[2m2026-10-01 23:44:34.126+0000[m[2m | [m[2mBftProcessorExecutor-QBFT-0[m[2m | [m[32mINFO [m[2m | [m[2mQbftBesuControllerBuilder[m[2m | [m[32mProduced block #55 / 32 tx / 168 pending / 4,539,152 (96.6%) gas / (0xfba3c47ee154c48bd095dbd0b026af6789db8881723c3295abf0a21489077f49)
[m[2m2026-10-01 23:44:36.111+0000[m[2m | [m[2mBftProcessorExecutor-QBFT-0[m[2m | [m[32mINFO [m[2m | [m[2mQbftBesuControllerBuilder[m[2m | [m[32mImported block #56 / 32 tx / 137 pending / 4,539,212 (96.6%) gas / (0x0dbcaa22e1eb6e681c99c113a774cec8ede89b32d87f8539952defd230fcea10)
[m[2m2026-10-01 23:44:38.124+0000[m[2m | [m[2mBftProcessorExecutor-QBFT-0[m[2m | [m[32mINFO [m[2m | [m[2mQbftBesuControllerBuilder[m[2m | [m[32mImported block #57 / 32 tx / 105 pending / 4,539,200 (96.6%) gas / (0xe85c0c02829710435b5ebd87149fb16b79a2a990bc5ac42660cfea7e4e40e596)
[m[2m2026-10-01 23:44:40.158+0000[m[2m | [m[2mBftProcessorExecutor-QBFT-0[m[2m | [m[32mINFO [m[2m | [m[2mQbftBesuControllerBuilder[m[2m | [m[32mImported block #58 / 32 tx / 73 pending / 4,539,248 (96.6%) gas / (0x24a93b4380d161b8b93dba4ce21b2c1d108d1dee3aae008fbc936946b89bed68)
[m[2m2026-10-01 23:44:42.085+0000[m[2m | [m[2mBftProcessorExecutor-QBFT-0[m[2m | [m[32mINFO [m[2m | [m[2mQbftBesuControllerBuilder[m[2m | [m[32mProduced block #59 / 32 tx / 41 pending / 4,539,104 (96.6%) gas / (0x89e68497967714c84250a0ffc4b992da589290a8664e8550c3a8b460199a256c)
[m[2m2026-10-01 23:44:44.106+0000[m[2m | [m[2mBftProcessorExecutor-QBFT-0[m[2m | [m[32mINFO [m[2m | [m[2mQbftBesuControllerBuilder[m[2m | [m[32mImported block #60 / 32 tx / 9 pending / 4,539,164 (96.6%) gas / (0xb0c0afca646c4182dd2e15f55aa445ff5cb5e9d98d79587827cbc5999207c464)
[m[2m2026-10-01 23:44:46.056+0000[m[2m | [m[2mBftProcessorExecutor-QBFT-0[m[2m | [m[32mINFO [m[2m | [m[2mQbftBesuControllerBuilder[m[2m | [m[32mImported block #61 / 8 tx / 1 pending / 1,134,764 (24.1%) gas / (0xea0c39e3948199a6c144eaf79334e58ef580d4d0a9d203e4edebfe9a0c4909f9)
[m[2m2026-10-01 23:44:48.023+0000[m[2m | [m[2mBftProcessorExecutor-QBFT-0[m[2m | [m[32mINFO [m[2m | [m[2mQbftBesuControllerBuilder[m[2m | [m[32mImported empty block #62 / 0 tx / 1 pending / 0 (0.0%) gas / (0x18792ff35955ca091433c01fbf563a4fc5d45e9375ee877e1a5f78be286ff6fa)
[m[2m2026-10-01 23:44:50.027+0000[m[2m | [m[2mBftProcessorExecutor-QBFT-0[m[2m | [m[32mINFO [m[2m | [m[2mQbftBesuControllerBuilder[m[2m | [m[32mProduced empty block #63 / 0 tx / 1 pending / 0 (0.0%) gas / (0x0b801cbfa596396c46c4ee97d869ec3a07acc062e795fb6119aef58c2a70d8f4)
[m[2m2026-10-01 23:44:52.016+0000[m[2m | [m[2mBftProcessorExecutor-QBFT-0[m[2m | [m[32mINFO [m[2m | [m[2mQbftBesuControllerBuilder[m[2m | [m[32mImported empty block #64 / 0 tx / 1 pending / 0 (0.0%) gas / (0x0ea1a13f52937e07c07e33b34c57421454e10be481bf7e73ac1c7a30478e932e)
[m[2m2026-10-01 23:44:54.019+0000[m[2m | [m[2mBftProcessorExecutor-QBFT-0[m[2m | [m[32mINFO [m[2m | [m[2mQbftBesuControllerBuilder[m[2m | [m[32mImported empty block #65 / 0 tx / 1 pending / 0 (0.0%) gas / (0x12096f25822b0ba2b02b7a8381704d91b6fe7f6b56a06bef8fc031a3a669e552)
[m[2m2026-10-01 23:44:56.022+0000[m[2m | [m[2mBftProcessorExecutor-QBFT-0[m[2m | [m[32mINFO [m[2m | [m[2mQbftBesuControllerBuilder[m[2m | [m[32mImported empty block #66 / 0 tx / 1 pending / 0 (0.0%) gas / (0x0c2be2c4e335e5321695d129f1c0067db40a516622578e774dae075135fbbab9)
[m[2m2026-10-01 23:44:58.024+0000[m[2m | [m[2mBftProcessorExecutor-QBFT-0[m[2m | [m[32mINFO [m[2m | [m[2mQbftBesuControllerBuilder[m[2m | [m[32mProduced empty block #67 / 0 tx / 1 pending / 0 (0.0%) gas / (0x88b9ad7ccd20c6fec2479c06978c00ec1e23b9fa96f62321c556fced1a783e66)
[m[2m2026-10-01 23:45:00.029+0000[m[2m | [m[2mBftProcessorExecutor-QBFT-0[m[2m | [m[32mINFO [m[2m | [m[2mQbftBesuControllerBuilder[m[2m | [m[32mImported empty block #68 / 0 tx / 1 pending / 0 (0.0%) gas / (0x94db79ac92c8fb0df92f8520819c84b0d8b13d7e400476c009cef3437eadc3d2)
[m[2m2026-10-01 23:45:02.013+0000[m[2m | [m[2mBftProcessorExecutor-QBFT-0[m[2m | [m[32mINFO [m[2m | [m[2mQbftBesuControllerBuilder[m[2m | [m[32mImported empty block #69 / 0 tx / 1 pending / 0 (0.0%) gas / (0x2af6dc0a37a8d6305d72c8457a4f04aa36910d47b9b6d1a50339e3b825127f5b)
[m[2m2026-10-01 23:45:04.026+0000[m[2m | [m[2mBftProcessorExecutor-QBFT-0[m[2m | [m[32mINFO [m[2m | [m[2mQbftBesuControllerBuilder[m[2m | [m[32mImported empty block #70 / 0 tx / 1 pending / 0 (0.0%) gas / (0x069abb9fc0f4657098ab2acbb7e5b66a7517e7254c60d55fee367848e43c306f)
[m[2m2026-10-01 23:45:06.021+0000[m[2m | [m[2mBftProcessorExecutor-QBFT-0[m[2m | [m[32mINFO [m[2m | [m[2mQbftBesuControllerBuilder[m[2m | [m[32mProduced empty block #71 / 0 tx / 1 pending / 0 (0.0%) gas / (0xe32dea0c74f35d317289260beec54510acae1da82f2bd7bdfc0bd27f8914d05b)
[m[2m2026-10-01 23:45:08.022+0000[m[2m | [m[2mBftProcessorExecutor-QBFT-0[m[2m | [m[32mINFO [m[2m | [m[2mQbftBesuControllerBuilder[m[2m | [m[32mImported empty block #72 / 0 tx / 1 pending / 0 (0.0%) gas / (0x93f5c18aa80cd1da6426b6cf05b25f8fa90512cf8c6c49a14b759361052f89b7)
[m[2m2026-10-01 23:45:10.051+0000[m[2m | [m[2mBftProcessorExecutor-QBFT-0[m[2m | [m[32mINFO [m[2m | [m[2mQbftBesuControllerBuilder[m[2m | [m[32mImported empty block #73 / 0 tx / 1 pending / 0 (0.0%) gas / (0x7e02022c7f008bb6694feddaa46a479301cd07f9c353a62fb6b39e0238375a61)
[m[2m2026-10-01 23:45:12.029+0000[m[2m | [m[2mBftProcessorExecutor-QBFT-0[m[2m | [m[32mINFO [m[2m | [m[2mQbftBesuControllerBuilder[m[2m | [m[32mImported empty block #74 / 0 tx / 1 pending / 0 (0.0%) gas / (0x0c91e37be73d43d29f5f0b70e5d9de64bf36ee9d81e16f5631e31165f166bd65)
[m[2m2026-10-01 23:45:14.028+0000[m[2m | [m[2mBftProcessorExecutor-QBFT-0[m[2m | [m[32mINFO [m[2m | [m[2mQbftBesuControllerBuilder[m[2m | [m[32mProduced empty block #75 / 0 tx / 1 pending / 0 (0.0%) gas / (0xa2a9667f8e40f2ae0a05a233c217668f07fdd73037be168ef8bdb6154ed453df)
[m[2m2026-10-01 23:45:16.029+0000[m[2m | [m[2mBftProcessorExecutor-QBFT-0[m[2m | [m[32mINFO [m[2m | [m[2mQbftBesuControllerBuilder[m[2m | [m[32mImported empty block #76 / 0 tx / 1 pending / 0 (0.0%) gas / (0x34fb783e747aeb43da9c33248082301df6a2542aed3fe0e123d72afd3a8cd707)
[m[2m2026-10-01 23:45:18.028+0000[m[2m | [m[2mBftProcessorExecutor-QBFT-0[m[2m | [m[32mINFO [m[2m | [m[2mQbftBesuControllerBuilder[m[2m | [m[32mImported empty block #77 / 0 tx / 1 pending / 0 (0.0%) gas / (0xffcc3041bef8c9998dc0d850f3780e6c08bd76af466bab5cb16d35fb8bb7914c)
[m[2m2026-10-01 23:45:20.031+0000[m[2m | [m[2mBftProcessorExecutor-QBFT-0[m[2m | [m[32mINFO [m[2m | [m[2mQbftBesuControllerBuilder[m[2m | [m[32mImported empty block #78 / 0 tx / 1 pending / 0 (0.0%) gas / (0x704d2487f39fe8750085ef465ecb6607f306e3ab86e2765ba3b6e99897cf1425)
[m[2m2026-10-01 23:45:22.048+0000[m[2m | [m[2mBftProcessorExecutor-QBFT-0[m[2m | [m[32mINFO [m[2m | [m[2mQbftBesuControllerBuilder[m[2m | [m[32mProduced empty block #79 / 0 tx / 1 pending / 0 (0.0%) gas / (0xb85e251dcd68fc4e856c5c8aa1f8d219e6c4045f86c57b72903276da894fbf03)
[m[2m2026-10-01 23:45:24.039+0000[m[2m | [m[2mBftProcessorExecutor-QBFT-0[m[2m | [m[32mINFO [m[2m | [m[2mQbftBesuControllerBuilder[m[2m | [m[32mImported empty block #80 / 0 tx / 1 pending / 0 (0.0%) gas / (0x2628f5910a5a784f299460d7a0eb00262083109aa506c46a48bb874f30dd4af6)
[m[2m2026-10-01 23:45:26.023+0000[m[2m | [m[2mBftProcessorExecutor-QBFT-0[m[2m | [m[32mINFO [m[2m | [m[2mQbftBesuControllerBuilder[m[2m | [m[32mImported empty block #81 / 0 tx / 1 pending / 0 (0.0%) gas / (0x23ed9729b6f0f9903b2e5c7cd2d296200ac4d3ae9d7d8181a183b08f856f8c13)
[m[2m2026-10-01 23:45:28.028+0000[m[2m | [m[2mBftProcessorExecutor-QBFT-0[m[2m | [m[32mINFO [m[2m | [m[2mQbftBesuControllerBuilder[m[2m | [m[32mImported empty block #82 / 0 tx / 1 pending / 0 (0.0%) gas / (0x037df008994c6adbf44a875cbdf4c4dd4c6ef213d774f1caf98d1a29221f6308)
[m[2m2026-10-01 23:45:30.022+0000[m[2m | [m[2mBftProcessorExecutor-QBFT-0[m[2m | [m[32mINFO [m[2m | [m[2mQbftBesuControllerBuilder[m[2m | [m[32mProduced empty block #83 / 0 tx / 1 pending / 0 (0.0%) gas / (0x86140540b38f7d1c1c97545718a790aa79b78c58cfdbcc491bb065891a131584)
[m[2m2026-10-01 23:45:32.021+0000[m[2m | [m[2mBftProcessorExecutor-QBFT-0[m[2m | [m[32mINFO [m[2m | [m[2mQbftBesuControllerBuilder[m[2m | [m[32mImported empty block #84 / 0 tx / 1 pending / 0 (0.0%) gas / (0x7968479c0a34e4525544e11ce45d376fea2c0576d0ddbac3dac31643df49868e)
[m[2m2026-10-01 23:45:34.020+0000[m[2m | [m[2mBftProcessorExecutor-QBFT-0[m[2m | [m[32mINFO [m[2m | [m[2mQbftBesuControllerBuilder[m[2m | [m[32mImported empty block #85 / 0 tx / 1 pending / 0 (0.0%) gas / (0x4cc0f28beb7eadd4fc6c58acab4ddf6691384586f365aa21ee2dda7830fefe66)
[m[2m2026-10-01 23:45:36.027+0000[m[2m | [m[2mBftProcessorExecutor-QBFT-0[m[2m | [m[32mINFO [m[2m | [m[2mQbftBesuControllerBuilder[m[2m | [m[32mImported empty block #86 / 0 tx / 1 pending / 0 (0.0%) gas / (0x553c32a63fffd5aa71bd3012bba9eb462e762dcbda853fa84f0996ffece1fc9e)
[m[2m2026-10-01 23:45:38.022+0000[m[2m | [m[2mBftProcessorExecutor-QBFT-0[m[2m | [m[32mINFO [m[2m | [m[2mQbftBesuControllerBuilder[m[2m | [m[32mProduced empty block #87 / 0 tx / 1 pending / 0 (0.0%) gas / (0x4352c8334297990a2a7bed1a0bc285484a1819abfcc14a7ef612b3ecf58f2796)
[m[2m2026-10-01 23:45:40.021+0000[m[2m | [m[2mBftProcessorExecutor-QBFT-0[m[2m | [m[32mINFO [m[2m | [m[2mQbftBesuControllerBuilder[m[2m | [m[32mImported empty block #88 / 0 tx / 1 pending / 0 (0.0%) gas / (0x4fd65ec4442dcae497f000978befffd036d2271e4ba4374708a5c173fdc14e0b)
[m[2m2026-10-01 23:45:42.025+0000[m[2m | [m[2mBftProcessorExecutor-QBFT-0[m[2m | [m[32mINFO [m[2m | [m[2mQbftBesuControllerBuilder[m[2m | [m[32mImported empty block #89 / 0 tx / 1 pending / 0 (0.0%) gas / (0x22835e322700b47b56f80de9fce4516f5f9f01b929e6b29916f9708bdc23662e)
[m[2m2026-10-01 23:45:44.021+0000[m[2m | [m[2mBftProcessorExecutor-QBFT-0[m[2m | [m[32mINFO [m[2m | [m[2mQbftBesuControllerBuilder[m[2m | [m[32mImported empty block #90 / 0 tx / 1 pending / 0 (0.0%) gas / (0xccf79be331c8885b1e5641f8dfe767ce7f794d9f939d3365bce98a63d1789e83)
[m[2m2026-10-01 23:45:46.024+0000[m[2m | [m[2mBftProcessorExecutor-QBFT-0[m[2m | [m[32mINFO [m[2m | [m[2mQbftBesuControllerBuilder[m[2m | [m[32mProduced empty block #91 / 0 tx / 1 pending / 0 (0.0%) gas / (0xa19dab038913c4ffaeccef4cea07f7865761981017e8ff1119ae7aa1de817e38)
[m[2m2026-10-01 23:45:48.037+0000[m[2m | [m[2mBftProcessorExecutor-QBFT-0[m[2m | [m[32mINFO [m[2m | [m[2mQbftBesuControllerBuilder[m[2m | [m[32mImported empty block #92 / 0 tx / 1 pending / 0 (0.0%) gas / (0xcb40c7c4ed5c6fdc354989b3de7ecdab017217a403a0ba6478c13c2c4e33bbe0)
[m[2m2026-10-01 23:45:50.104+0000[m[2m | [m[2mBftProcessorExecutor-QBFT-0[m[2m | [m[32mINFO [m[2m | [m[2mQbftBesuControllerBuilder[m[2m | [m[32mImported empty block #93 / 0 tx / 1 pending / 0 (0.0%) gas / (0xbb96a7bbce693b25d8fc657629ea667f751e307681b7f474ada04c4474c584b3)
[m[2m2026-10-01 23:45:52.023+0000[m[2m | [m[2mBftProcessorExecutor-QBFT-0[m[2m | [m[32mINFO [m[2m | [m[2mQbftBesuControllerBuilder[m[2m | [m[32mImported empty block #94 / 0 tx / 1 pending / 0 (0.0%) gas / (0xf0d50035292d5008db627916ebf38dc17ea4f88e2d6f5c96f706b74653457049)
[m[2m2026-10-01 23:45:54.023+0000[m[2m | [m[2mBftProcessorExecutor-QBFT-0[m[2m | [m[32mINFO [m[2m | [m[2mQbftBesuControllerBuilder[m[2m | [m[32mProduced empty block #95 / 0 tx / 1 pending / 0 (0.0%) gas / (0xa6d4390655a96d6375e00a70842d75d8702f9f69f394c41b8cc46ef6b6a860ce)
[m[2m2026-10-01 23:45:56.019+0000[m[2m | [m[2mBftProcessorExecutor-QBFT-0[m[2m | [m[32mINFO [m[2m | [m[2mQbftBesuControllerBuilder[m[2m | [m[32mImported empty block #96 / 0 tx / 1 pending / 0 (0.0%) gas / (0x13ade3ebf9ce72ab3532ba45965cd43f86acc51ea84f3b107b49c77586adf1af)
[m[2m2026-10-01 23:45:58.024+0000[m[2m | [m[2mBftProcessorExecutor-QBFT-0[m[2m | [m[32mINFO [m[2m | [m[2mQbftBesuControllerBuilder[m[2m | [m[32mImported empty block #97 / 0 tx / 1 pending / 0 (0.0%) gas / (0xec9f7955750cf9aed10c97c0d93753e082884090260fa50dd3847b3142ad9e7a)
[m[2m2026-10-01 23:46:00.022+0000[m[2m | [m[2mBftProcessorExecutor-QBFT-0[m[2m | [m[32mINFO [m[2m | [m[2mQbftBesuControllerBuilder[m[2m | [m[32mImported empty block #98 / 0 tx / 1 pending / 0 (0.0%) gas / (0x7929585de2e169d493ea24393bad66164ee13cf4e31c60b1facbe3673e674ec5)
[m[2m2026-10-01 23:46:02.037+0000[m[2m | [m[2mBftProcessorExecutor-QBFT-0[m[2m | [m[32mINFO [m[2m | [m[2mQbftBesuControllerBuilder[m[2m | [m[32mProduced empty block #99 / 0 tx / 1 pending / 0 (0.0%) gas / (0xd500f8ec3882d79295037f287016a364673b13fdd25e07ada3c18d3185e38fa5)
[m[2m2026-10-01 23:46:04.023+0000[m[2m | [m[2mBftProcessorExecutor-QBFT-0[m[2m | [m[32mINFO [m[2m | [m[2mQbftBesuControllerBuilder[m[2m | [m[32mImported empty block #100 / 0 tx / 1 pending / 0 (0.0%) gas / (0x260fe3e27aaf68bbca30fb8e5c35eab3933d68ee4050b7c2076100d70cfa3b88)
[m[2m2026-10-01 23:46:06.014+0000[m[2m | [m[2mBftProcessorExecutor-QBFT-0[m[2m | [m[32mINFO [m[2m | [m[2mQbftBesuControllerBuilder[m[2m | [m[32mImported empty block #101 / 0 tx / 1 pending / 0 (0.0%) gas / (0x9ada9290874c8d5613cb7e50b6682e7ede31c3c75c1a7d4e6518d0ffa6b01a70)
[m[2m2026-10-01 23:46:08.029+0000[m[2m | [m[2mBftProcessorExecutor-QBFT-0[m[2m | [m[32mINFO [m[2m | [m[2mQbftBesuControllerBuilder[m[2m | [m[32mImported empty block #102 / 0 tx / 1 pending / 0 (0.0%) gas / (0x7833fea3409b159557d95577d706fcbde6cbe561f1f208868d9e21758c9ff91f)
[m[2m2026-10-01 23:46:10.028+0000[m[2m | [m[2mBftProcessorExecutor-QBFT-0[m[2m | [m[32mINFO [m[2m | [m[2mQbftBesuControllerBuilder[m[2m | [m[32mProduced empty block #103 / 0 tx / 1 pending / 0 (0.0%) gas / (0x094c887c4143e118941ff703cd6588458c466435259c9575ff3ca9361b59e5e1)
[m[2m2026-10-01 23:46:12.030+0000[m[2m | [m[2mBftProcessorExecutor-QBFT-0[m[2m | [m[32mINFO [m[2m | [m[2mQbftBesuControllerBuilder[m[2m | [m[32mImported empty block #104 / 0 tx / 1 pending / 0 (0.0%) gas / (0x2bef2467a7d3de775c174e69ca8ddd0b94d24f25974d78c7e1e1ae9f7487f191)
[m[2m2026-10-01 23:46:14.030+0000[m[2m | [m[2mBftProcessorExecutor-QBFT-0[m[2m | [m[32mINFO [m[2m | [m[2mQbftBesuControllerBuilder[m[2m | [m[32mImported empty block #105 / 0 tx / 1 pending / 0 (0.0%) gas / (0xaf4910cd629370d1a8fd638ed78d83d191125206c52750f37e210fadfdd5955b)
[m[2m2026-10-01 23:46:16.163+0000[m[2m | [m[2mBftProcessorExecutor-QBFT-0[m[2m | [m[32mINFO [m[2m | [m[2mQbftBesuControllerBuilder[m[2m | [m[32mImported empty block #106 / 0 tx / 1 pending / 0 (0.0%) gas / (0x8173d26d8ecdc7a61e65a77bffde59121fd97b9e6dc921423ac5b729275ff5b2)
[m[2m2026-10-01 23:46:18.025+0000[m[2m | [m[2mBftProcessorExecutor-QBFT-0[m[2m | [m[32mINFO [m[2m | [m[2mQbftBesuControllerBuilder[m[2m | [m[32mProduced empty block #107 / 0 tx / 1 pending / 0 (0.0%) gas / (0x564f95ce61635fa85cee0c9135aabd2985399295f544f11a87bd60a0ee068fdf)
[m[2m2026-10-01 23:46:20.034+0000[m[2m | [m[2mBftProcessorExecutor-QBFT-0[m[2m | [m[32mINFO [m[2m | [m[2mQbftBesuControllerBuilder[m[2m | [m[32mImported empty block #108 / 0 tx / 1 pending / 0 (0.0%) gas / (0xb41656f3f9c088fcbabc2e9cdac8f426ac647bc17b2bd418901353553060a746)
[m[2m2026-10-01 23:46:22.028+0000[m[2m | [m[2mBftProcessorExecutor-QBFT-0[m[2m | [m[32mINFO [m[2m | [m[2mQbftBesuControllerBuilder[m[2m | [m[32mImported empty block #109 / 0 tx / 1 pending / 0 (0.0%) gas / (0xaf12143b3ccd31d4136cbc41705627402572f2805d3beb658046ffb69bd2e9ad)
[m[2m2026-10-01 23:46:24.024+0000[m[2m | [m[2mBftProcessorExecutor-QBFT-0[m[2m | [m[32mINFO [m[2m | [m[2mQbftBesuControllerBuilder[m[2m | [m[32mImported empty block #110 / 0 tx / 1 pending / 0 (0.0%) gas / (0xc5bd1d146f3edbb764b73d9b8aa490eab717b2302d707b2798bd927d85ffec15)
[m[2m2026-10-01 23:46:26.037+0000[m[2m | [m[2mBftProcessorExecutor-QBFT-0[m[2m | [m[32mINFO [m[2m | [m[2mQbftBesuControllerBuilder[m[2m | [m[32mProduced empty block #111 / 0 tx / 1 pending / 0 (0.0%) gas / (0x94affb8d3179add8281f6e5d4ff5c9d1748bf107a10b0af621ffe6cd885cced0)
[m[2m2026-10-01 23:46:28.021+0000[m[2m | [m[2mBftProcessorExecutor-QBFT-0[m[2m | [m[32mINFO [m[2m | [m[2mQbftBesuControllerBuilder[m[2m | [m[32mImported empty block #112 / 0 tx / 1 pending / 0 (0.0%) gas / (0x59653d417620ec18412b0651c64c2bba1b96b2764760c3ad052eb57cd13dc06d)
[m[2m2026-10-01 23:46:30.041+0000[m[2m | [m[2mBftProcessorExecutor-QBFT-0[m[2m | [m[32mINFO [m[2m | [m[2mQbftBesuControllerBuilder[m[2m | [m[32mImported empty block #113 / 0 tx / 1 pending / 0 (0.0%) gas / (0x974c23d59ae53bd077598782533b4f5c30ea884bfeb4f8fdf398c09d4268ed4e)
[m[2m2026-10-01 23:46:32.024+0000[m[2m | [m[2mBftProcessorExecutor-QBFT-0[m[2m | [m[32mINFO [m[2m | [m[2mQbftBesuControllerBuilder[m[2m | [m[32mImported empty block #114 / 0 tx / 1 pending / 0 (0.0%) gas / (0xfbf8cfa4fef405090636a1211ba65a0fc448958ff6fb557eec4fc6a3976314ad)
[m[2m2026-10-01 23:46:34.042+0000[m[2m | [m[2mBftProcessorExecutor-QBFT-0[m[2m | [m[32mINFO [m[2m | [m[2mQbftBesuControllerBuilder[m[2m | [m[32mProduced empty block #115 / 0 tx / 1 pending / 0 (0.0%) gas / (0x2e0273a85e0dae02bef0e0b190fecf754dc84e8a02184dc2bc2d4cc7fa9d6ece)
[m[2m2026-10-01 23:46:36.019+0000[m[2m | [m[2mBftProcessorExecutor-QBFT-0[m[2m | [m[32mINFO [m[2m | [m[2mQbftBesuControllerBuilder[m[2m | [m[32mImported empty block #116 / 0 tx / 1 pending / 0 (0.0%) gas / (0xfcc17631ef42f08e127e61094c5416f46a9355beed9d3c054226ba49ab2e6636)
[m[2m2026-10-01 23:46:38.016+0000[m[2m | [m[2mBftProcessorExecutor-QBFT-0[m[2m | [m[32mINFO [m[2m | [m[2mQbftBesuControllerBuilder[m[2m | [m[32mImported empty block #117 / 0 tx / 1 pending / 0 (0.0%) gas / (0x083308ff0ba42351d3a3e4c0f6560865ad52754fd9e0d6008a9b4a36ae32a3e4)
[m[2m2026-10-01 23:46:40.022+0000[m[2m | [m[2mBftProcessorExecutor-QBFT-0[m[2m | [m[32mINFO [m[2m | [m[2mQbftBesuControllerBuilder[m[2m | [m[32mImported empty block #118 / 0 tx / 1 pending / 0 (0.0%) gas / (0x5e0fa579a2777ad40c36c7fbcfc4a92e49b5ae0fca840637e0638140ce615e15)
[m[2m2026-10-01 23:46:42.020+0000[m[2m | [m[2mBftProcessorExecutor-QBFT-0[m[2m | [m[32mINFO [m[2m | [m[2mQbftBesuControllerBuilder[m[2m | [m[32mProduced empty block #119 / 0 tx / 1 pending / 0 (0.0%) gas / (0x6b3bc2e162c2f59720ae66e4e6280592aac2a30e4a499854e1bf1ef9e6b7b545)
[m[2m2026-10-01 23:46:44.051+0000[m[2m | [m[2mBftProcessorExecutor-QBFT-0[m[2m | [m[32mINFO [m[2m | [m[2mQbftBesuControllerBuilder[m[2m | [m[32mImported empty block #120 / 0 tx / 1 pending / 0 (0.0%) gas / (0xef8ffd491704f64267d2791813b67fcc293c8fddc0091dbfe8f7c6f2cd369eb3)
[m[2m2026-10-01 23:46:46.024+0000[m[2m | [m[2mBftProcessorExecutor-QBFT-0[m[2m | [m[32mINFO [m[2m | [m[2mQbftBesuControllerBuilder[m[2m | [m[32mImported empty block #121 / 0 tx / 1 pending / 0 (0.0%) gas / (0xf8a6bbe9d2c8dc845a760f2518297368c9d8942ec09a57863f7aa4bb94cfb42d)
[m[2m2026-10-01 23:46:48.027+0000[m[2m | [m[2mBftProcessorExecutor-QBFT-0[m[2m | [m[32mINFO [m[2m | [m[2mQbftBesuControllerBuilder[m[2m | [m[32mImported empty block #122 / 0 tx / 1 pending / 0 (0.0%) gas / (0x3a2b8f3c74c82a510f521f2ee912e924aa92b3f9c13b12309ebcb02e6491f570)
[m[2m2026-10-01 23:46:50.024+0000[m[2m | [m[2mBftProcessorExecutor-QBFT-0[m[2m | [m[32mINFO [m[2m | [m[2mQbftBesuControllerBuilder[m[2m | [m[32mProduced empty block #123 / 0 tx / 1 pending / 0 (0.0%) gas / (0xa236a2008bb66294eafd80b753b62045624dd4fcdab0d3dec3f711ab15b3a121)
[m[2m2026-10-01 23:46:52.031+0000[m[2m | [m[2mBftProcessorExecutor-QBFT-0[m[2m | [m[32mINFO [m[2m | [m[2mQbftBesuControllerBuilder[m[2m | [m[32mImported empty block #124 / 0 tx / 1 pending / 0 (0.0%) gas / (0x7d3a71bab973537b4612ea1178bab7a98de477ead29bbd44b55c0ae791604c34)
[m[2m2026-10-01 23:46:54.031+0000[m[2m | [m[2mBftProcessorExecutor-QBFT-0[m[2m | [m[32mINFO [m[2m | [m[2mQbftBesuControllerBuilder[m[2m | [m[32mImported empty block #125 / 0 tx / 1 pending / 0 (0.0%) gas / (0x9cfb17b72d93c1120bbf93581af334b173ddb2c619833d7957c0714b61d2393d)
[m[2m2026-10-01 23:46:56.025+0000[m[2m | [m[2mBftProcessorExecutor-QBFT-0[m[2m | [m[32mINFO [m[2m | [m[2mQbftBesuControllerBuilder[m[2m | [m[32mImported empty block #126 / 0 tx / 1 pending / 0 (0.0%) gas / (0x458e24667ea9564d54699ec0184f6f0d425fef63d8d027b5c9b364240d28fe4e)
[m[2m2026-10-01 23:46:58.024+0000[m[2m | [m[2mBftProcessorExecutor-QBFT-0[m[2m | [m[32mINFO [m[2m | [m[2mQbftBesuControllerBuilder[m[2m | [m[32mProduced empty block #127 / 0 tx / 1 pending / 0 (0.0%) gas / (0xccc9c64eec64825cd6610fedb9fdae0bcad2102d5b021987f458ac1de563126d)
[m[2m2026-10-01 23:47:00.030+0000[m[2m | [m[2mBftProcessorExecutor-QBFT-0[m[2m | [m[32mINFO [m[2m | [m[2mQbftBesuControllerBuilder[m[2m | [m[32mImported empty block #128 / 0 tx / 1 pending / 0 (0.0%) gas / (0x00ed6ccb9d615b840e72c4d09e87ef74d287e5f6afc5ae8034c8aa1977170e02)
[m[2m2026-10-01 23:47:02.026+0000[m[2m | [m[2mBftProcessorExecutor-QBFT-0[m[2m | [m[32mINFO [m[2m | [m[2mQbftBesuControllerBuilder[m[2m | [m[32mImported empty block #129 / 0 tx / 1 pending / 0 (0.0%) gas / (0xa9acd61a7ba13aff6678404b436519fb5c8db74c3b236b47286e590633793028)
[m[2m2026-10-01 23:47:04.030+0000[m[2m | [m[2mBftProcessorExecutor-QBFT-0[m[2m | [m[32mINFO [m[2m | [m[2mQbftBesuControllerBuilder[m[2m | [m[32mImported empty block #130 / 0 tx / 1 pending / 0 (0.0%) gas / (0x19954a056a7cf8e14d70e647f5ffd1aec959118d62f015760a8ebbfa45210163)
[m[2m2026-10-01 23:47:04.030+0000[m[2m | [m[2mEthScheduler-Workers-8[m[2m | [m[32mINFO [m[2m | [m[2mPersistBlockTask[m[2m | [m[32mBlock 130 (0x19954a056a7cf8e14d70e647f5ffd1aec959118d62f015760a8ebbfa45210163) is already imported
[m[2m2026-10-01 23:47:06.016+0000[m[2m | [m[2mBftProcessorExecutor-QBFT-0[m[2m | [m[32mINFO [m[2m | [m[2mQbftBesuControllerBuilder[m[2m | [m[32mProduced empty block #131 / 0 tx / 1 pending / 0 (0.0%) gas / (0x5db5a16968b3aec439cee050abfdd9715b524dd6604529baf7528b439303af9f)
[m[2m2026-10-01 23:47:08.019+0000[m[2m | [m[2mBftProcessorExecutor-QBFT-0[m[2m | [m[32mINFO [m[2m | [m[2mQbftBesuControllerBuilder[m[2m | [m[32mImported empty block #132 / 0 tx / 1 pending / 0 (0.0%) gas / (0xf407329b916889caaa56cd761c77e7e9562102500c3b7363528259ebaa40d2fd)
[m[2m2026-10-01 23:47:10.033+0000[m[2m | [m[2mBftProcessorExecutor-QBFT-0[m[2m | [m[32mINFO [m[2m | [m[2mQbftBesuControllerBuilder[m[2m | [m[32mImported empty block #133 / 0 tx / 1 pending / 0 (0.0%) gas / (0xf95e51301f88fc3f7c33db582b044829bf17ac2d8ccd8bb9f3b53fd94e2954eb)
[m[2m2026-10-01 23:47:12.035+0000[m[2m | [m[2mBftProcessorExecutor-QBFT-0[m[2m | [m[32mINFO [m[2m | [m[2mQbftBesuControllerBuilder[m[2m | [m[32mImported empty block #134 / 0 tx / 1 pending / 0 (0.0%) gas / (0xb4cfe8196dd4b357bdbc271ff4c873c3451fe7c8763956ec6a0ed735b547a6ed)
[m[2m2026-10-01 23:47:14.039+0000[m[2m | [m[2mBftProcessorExecutor-QBFT-0[m[2m | [m[32mINFO [m[2m | [m[2mQbftBesuControllerBuilder[m[2m | [m[32mProduced empty block #135 / 0 tx / 1 pending / 0 (0.0%) gas / (0x12f0a570eb0352690beccc1dcc67a1b4fbe23c31af5fa7a8ae994946f3a130b2)
[m[2m2026-10-01 23:47:16.037+0000[m[2m | [m[2mBftProcessorExecutor-QBFT-0[m[2m | [m[32mINFO [m[2m | [m[2mQbftBesuControllerBuilder[m[2m | [m[32mImported empty block #136 / 0 tx / 1 pending / 0 (0.0%) gas / (0xe67d73aa2394dfcf9ebc3d4d88cd475790eb6ef4ad18b754f681a8ea6d84c376)
[m[2m2026-10-01 23:47:18.021+0000[m[2m | [m[2mBftProcessorExecutor-QBFT-0[m[2m | [m[32mINFO [m[2m | [m[2mQbftBesuControllerBuilder[m[2m | [m[32mImported empty block #137 / 0 tx / 1 pending / 0 (0.0%) gas / (0x950c6c3fcf87d093e6d88214774e10bd260d815fc31af8ef3df271cd73d76acc)
[m[2m2026-10-01 23:47:20.029+0000[m[2m | [m[2mBftProcessorExecutor-QBFT-0[m[2m | [m[32mINFO [m[2m | [m[2mQbftBesuControllerBuilder[m[2m | [m[32mImported empty block #138 / 0 tx / 1 pending / 0 (0.0%) gas / (0xba25de5d9eb1372f15751bbedd08daad04921c1e62e16ac81a6157e628300130)
[m[2m2026-10-01 23:47:22.028+0000[m[2m | [m[2mBftProcessorExecutor-QBFT-0[m[2m | [m[32mINFO [m[2m | [m[2mQbftBesuControllerBuilder[m[2m | [m[32mProduced empty block #139 / 0 tx / 1 pending / 0 (0.0%) gas / (0xdda1a65e698ee10c5740a1215cc4d96293a5a6296b546b5bf0956e4186210452)
[m[2m2026-10-01 23:47:24.024+0000[m[2m | [m[2mBftProcessorExecutor-QBFT-0[m[2m | [m[32mINFO [m[2m | [m[2mQbftBesuControllerBuilder[m[2m | [m[32mImported empty block #140 / 0 tx / 1 pending / 0 (0.0%) gas / (0xc33b9fe5780d25af9dbcc2bcecc11b48c86c17ece6f78a57c1706eac08893a22)
[m[2m2026-10-01 23:47:26.022+0000[m[2m | [m[2mBftProcessorExecutor-QBFT-0[m[2m | [m[32mINFO [m[2m | [m[2mQbftBesuControllerBuilder[m[2m | [m[32mImported empty block #141 / 0 tx / 1 pending / 0 (0.0%) gas / (0x92bfb581f44ade8ff17f37321075078bd8ade776870c5f3482120da78162280c)
[m[2m2026-10-01 23:47:28.020+0000[m[2m | [m[2mBftProcessorExecutor-QBFT-0[m[2m | [m[32mINFO [m[2m | [m[2mQbftBesuControllerBuilder[m[2m | [m[32mImported empty block #142 / 0 tx / 1 pending / 0 (0.0%) gas / (0x3a40666b70767ad2bccc3ff8794ca79ea9e49b2d10810d134e59daf5c87afc27)
[m[2m2026-10-01 23:47:30.013+0000[m[2m | [m[2mBftProcessorExecutor-QBFT-0[m[2m | [m[32mINFO [m[2m | [m[2mQbftBesuControllerBuilder[m[2m | [m[32mProduced empty block #143 / 0 tx / 1 pending / 0 (0.0%) gas / (0xbdb3b7212eea3e79386b3674a2cbd08255892092b8b0721f79e5d8617d4df255)
[m[2m2026-10-01 23:47:32.022+0000[m[2m | [m[2mBftProcessorExecutor-QBFT-0[m[2m | [m[32mINFO [m[2m | [m[2mQbftBesuControllerBuilder[m[2m | [m[32mImported empty block #144 / 0 tx / 1 pending / 0 (0.0%) gas / (0xa49b0e2dcae35a2190c9360dd45793221d115c84841d6615c23321073deb80bf)
