Setting permissions for: /data with access: READ_WRITE
[2m2026-10-01 23:48:09.017+0000[m[2m | [m[2mmain[m[2m | [m[32mINFO [m[2m | [m[2mBesu[m[2m | [m[32mStarting Besu
[m[2m2026-10-01 23:48:12.566+0000[m[2m | [m[2mmain[m[2m | [m[33mWARN [m[2m | [m[2mBesu[m[2m | [m[33m--rpc-ws-host has been ignored because --rpc-ws-enabled was not defined on the command line.
[m[2m2026-10-01 23:48:12.591+0000[m[2m | [m[2mmain[m[2m | [m[33mWARN [m[2m | [m[2mBesu[m[2m | [m[33m--graphql-http-host has been ignored because --graphql-http-enabled was not defined on the command line.
[m[2m2026-10-01 23:48:16.647+0000[m[2m | [m[2mmain[m[2m | [m[32mINFO [m[2m | [m[2mBesu[m[2m | [m[32mRPC HTTP JSON-RPC config: JsonRpcConfiguration{enabled=true, port=8545, host=0.0.0.0, corsAllowedDomains=[*], hostsAllowlist=[*], rpcApis=[ETH, NET, QBFT], authenticationEnabled=false, authenticationCredentialsFile=null, authenticationPublicKeyFile=null, tlsConfiguration=Optional.empty, httpTimeoutSec=30, maxActiveConnections=80, maxBatchSize=1024}
[m[2m2026-10-01 23:48:16.652+0000[m[2m | [m[2mmain[m[2m | [m[33mWARN [m[2m | [m[2mBesu[m[2m | [m[33mForcing --bonsai-limit-trie-logs-enabled=false, since it cannot be enabled with --sync-mode=FULL and --data-storage-format=BONSAI.
[m[2m2026-10-01 23:48:16.654+0000[m[2m | [m[2mmain[m[2m | [m[32mINFO [m[2m | [m[2mBesu[m[2m | [m[32mConnecting to 0 static nodes.
[m[2m2026-10-01 23:48:17.031+0000[m[2m | [m[2mmain[m[2m | [m[32mINFO [m[2m | [m[2mBesu[m[2m | [m[32m
####################################################################################################
#                                                                                                  #
# Besu version 26.6.0-RC1                                                                          #
#                                                                                                  #
# Configuration:                                                                                   #
# Network: Custom genesis file                                                                     #
# /genesis.json                                                                                    #
# Network Id: 1337                                                                                 #
# Data storage: Bonsai                                                                             #
# Sync mode: Full                                                                                  #
# Sync min peers: 5                                                                                #
# RPC HTTP APIs: ETH,NET,QBFT                                                                      #
# RPC HTTP port: 8545                                                                              #
# Using LAYERED transaction pool implementation                                                    #
# Using STACKED worldstate update mode                                                             #
# Opcode optimizations enabled                                                                     #
# Parallel transaction processing enabled                                                          #
# BAL pruning enabled (retained BALs: 113056)                                                      #
# Target Gas Limit: 60M                                                                            #
#                                                                                                  #
# Host:                                                                                            #
# Java: openjdk-java-25                                                                            #
# Maximum heap size: 1.94 GB                                                                       #
# OS: linux-aarch_64                                                                               #
# glibc: 2.39                                                                                      #
# jemalloc: 5.3.0-0-g54eaed1d8b56b1aa528be3bdd1877e59c56fa90c                                      #
# Total memory: 7.75 GB                                                                            #
# CPU cores: 10                                                                                    #
#                                                                                                  #
# Plugin Registration Summary:                                                                     #
# No plugins have been registered.                                                                 #
# TOTAL = 0 of 0 plugins successfully registered.                                                  #
#                                                                                                  #
####################################################################################################
[m[2m2026-10-01 23:48:17.033+0000[m[2m | [m[2mmain[m[2m | [m[32mINFO [m[2m | [m[2mBesu[m[2m | [m[32mSecurity Module: localfile
[m[2m2026-10-01 23:48:17.035+0000[m[2m | [m[2mmain[m[2m | [m[32mINFO [m[2m | [m[2mVersionMetadata[m[2m | [m[32mLookup version metadata file in data directory: /data
[m[2m2026-10-01 23:48:17.317+0000[m[2m | [m[2mmain[m[2m | [m[32mINFO [m[2m | [m[2mVersionMetadata[m[2m | [m[32mExisting version data detected. Besu version 26.6.0-RC1
[m[2m2026-10-01 23:48:17.433+0000[m[2m | [m[2mmain[m[2m | [m[32mINFO [m[2m | [m[2mBesu[m[2m | [m[32mUsing the native implementation of alt bn128
[m[2m2026-10-01 23:48:17.435+0000[m[2m | [m[2mmain[m[2m | [m[32mINFO [m[2m | [m[2mBesu[m[2m | [m[32mUsing the Java implementation of modexp
[m[2m2026-10-01 23:48:17.596+0000[m[2m | [m[2mmain[m[2m | [m[32mINFO [m[2m | [m[2mBesu[m[2m | [m[32mUsing the native implementation of the signature algorithm
[m[2m2026-10-01 23:48:17.620+0000[m[2m | [m[2mmain[m[2m | [m[32mINFO [m[2m | [m[2mBesu[m[2m | [m[32mUsing the Java implementation of the blake2bf algorithm
[m[2m2026-10-01 23:48:17.892+0000[m[2m | [m[2mmain[m[2m | [m[32mINFO [m[2m | [m[2mBesu[m[2m | [m[32mUsing the native BoringSSL implementation of p256verify
[m[2m2026-10-01 23:48:18.211+0000[m[2m | [m[2mmain[m[2m | [m[32mINFO [m[2m | [m[2mKeyPairUtil[m[2m | [m[32mAttempting to load public key from /data/key
[m[2m2026-10-01 23:48:18.251+0000[m[2m | [m[2mmain[m[2m | [m[32mINFO [m[2m | [m[2mKeyPairUtil[m[2m | [m[32mLoaded public key 0x5e637995343f2d88758fecd65ba7169fe82b832d6d67eabc81e7054b94737b55eaa7f1124d7ee54e87f830c2d972b70f322ed36cc56f1f2f30b1ce1ebdeefc8a from /data/key
[m[2m2026-10-01 23:48:18.630+0000[m[2m | [m[2mmain[m[2m | [m[32mINFO [m[2m | [m[2mProtocolScheduleBuilder[m[2m | [m[32mProtocol schedule created with milestones: [Berlin:0]
[m[2m2026-10-01 23:48:18.644+0000[m[2m | [m[2mmain[m[2m | [m[32mINFO [m[2m | [m[2mDatabaseMetadata[m[2m | [m[32mLookup database metadata file in data directory: /data
[m[2m2026-10-01 23:48:18.795+0000[m[2m | [m[2mmain[m[2m | [m[32mINFO [m[2m | [m[2mRocksDBKeyValueStorageFactory[m[2m | [m[32mExisting database at /data. Metadata versionedStorageFormat=BaseVersionedStorageFormat{format=BONSAI, version=3}. Processing WAL...
[m[2m2026-10-01 23:48:19.868+0000[m[2m | [m[2mmain[m[2m | [m[32mINFO [m[2m | [m[2mFlatDbStrategyProvider[m[2m | [m[32mFlat db mode found FULL
[m[2m2026-10-01 23:48:19.872+0000[m[2m | [m[2mmain[m[2m | [m[32mINFO [m[2m | [m[2mFlatDbStrategyProvider[m[2m | [m[32mDB mode with code stored using code hash enabled = true
[m[2m2026-10-01 23:48:19.924+0000[m[2m | [m[2mmain[m[2m | [m[32mINFO [m[2m | [m[2mFlatDbStrategyProvider[m[2m | [m[32mFlat db mode found FULL
[m[2m2026-10-01 23:48:19.927+0000[m[2m | [m[2mmain[m[2m | [m[32mINFO [m[2m | [m[2mFlatDbStrategyProvider[m[2m | [m[32mDB mode with code stored using code hash enabled = true
[m[2m2026-10-01 23:48:20.685+0000[m[2m | [m[2mmain[m[2m | [m[32mINFO [m[2m | [m[2mBesuControllerBuilder[m[2m | [m[32mAdding ChainDataPruner to observe block added events
[m[2m2026-10-01 23:48:20.692+0000[m[2m | [m[2mmain[m[2m | [m[32mINFO [m[2m | [m[2mBesuControllerBuilder[m[2m | [m[32mBAL pruning enabled | BALs retained: 113056 | Frequency: 256
[m[2m2026-10-01 23:48:20.813+0000[m[2m | [m[2mmain[m[2m | [m[32mINFO [m[2m | [m[2mTransactionPoolFactory[m[2m | [m[32mEnabling transaction pool
[m[2m2026-10-01 23:48:20.877+0000[m[2m | [m[2mmain[m[2m | [m[32mINFO [m[2m | [m[2mBesuControllerBuilder[m[2m | [m[32mQBFT is configured, creating initial sync for BFT
[m[2m2026-10-01 23:48:20.886+0000[m[2m | [m[2mmain[m[2m | [m[32mINFO [m[2m | [m[2mBFTPivotSelectorFromPeers[m[2m | [m[32mCreating pivot block selector for BFT node
[m[2m2026-10-01 23:48:21.019+0000[m[2m | [m[2mmain[m[2m | [m[32mINFO [m[2m | [m[2mRunnerBuilder[m[2m | [m[32mResolved 0 bootnodes.
[m[2m2026-10-01 23:48:21.056+0000[m[2m | [m[2mmain[m[2m | [m[32mINFO [m[2m | [m[2mRunnerBuilder[m[2m | [m[32mDetecting NAT service.
[m[2m2026-10-01 23:48:21.529+0000[m[2m | [m[2mmain[m[2m | [m[32mINFO [m[2m | [m[2mRunner[m[2m | [m[32mStarting external services ... 
[m[2m2026-10-01 23:48:21.530+0000[m[2m | [m[2mmain[m[2m | [m[32mINFO [m[2m | [m[2mJsonRpcHttpService[m[2m | [m[32mStarting JSON-RPC service on 0.0.0.0:8545
[m[2m2026-10-01 23:48:22.071+0000[m[2m | [m[2mvert.x-eventloop-thread-1[m[2m | [m[32mINFO [m[2m | [m[2mJsonRpcHttpService[m[2m | [m[32mJSON-RPC service started and listening on 0.0.0.0:8545
[m[2m2026-10-01 23:48:22.264+0000[m[2m | [m[2mmain[m[2m | [m[32mINFO [m[2m | [m[2mAutoTransactionLogBloomCachingService[m[2m | [m[32mStarting auto transaction log bloom caching service.
[m[2m2026-10-01 23:48:22.298+0000[m[2m | [m[2mmain[m[2m | [m[32mINFO [m[2m | [m[2mLogBloomCacheMetadata[m[2m | [m[32mLookup cache metadata file in data directory: /data/caches
[m[2m2026-10-01 23:48:22.482+0000[m[2m | [m[2mmain[m[2m | [m[32mINFO [m[2m | [m[2mRunner[m[2m | [m[32mStarting Ethereum main loop ... 
[m[2m2026-10-01 23:48:22.483+0000[m[2m | [m[2mmain[m[2m | [m[32mINFO [m[2m | [m[2mDockerNatManager[m[2m | [m[32mStarting docker NAT manager.
[m[2m2026-10-01 23:48:22.512+0000[m[2m | [m[2mmain[m[2m | [m[32mINFO [m[2m | [m[2mNetworkRunner[m[2m | [m[32mStarting Network.
[m[2m2026-10-01 23:48:22.765+0000[m[2m | [m[2mnioEventLoopGroup-2-1[m[2m | [m[32mINFO [m[2m | [m[2mRlpxAgent[m[2m | [m[32mP2P RLPx agent started and listening on /[0:0:0:0:0:0:0:0]:30303.
[m[2m2026-10-01 23:48:22.779+0000[m[2m | [m[2mmain[m[2m | [m[32mINFO [m[2m | [m[2mPeerDiscoveryAgentV4[m[2m | [m[32mStarting peer discovery agent on host=0.0.0.0, port=30303. IPv6 available.
[m[2m2026-10-01 23:48:22.842+0000[m[2m | [m[2mvert.x-eventloop-thread-1[m[2m | [m[32mINFO [m[2m | [m[2mVertxPeerDiscoveryAgent[m[2m | [m[32mStarted peer discovery agent successfully, on effective host=0:0:0:0:0:0:0:0 and port=30303
[m[2m2026-10-01 23:48:23.010+0000[m[2m | [m[2mvert.x-eventloop-thread-1[m[2m | [m[32mINFO [m[2m | [m[2mNodeRecordManager[m[2m | [m[32mWriting node record to disk. NodeRecord{seq=1, publicKey=0x025e637995343f2d88758fecd65ba7169fe82b832d6d67eabc81e7054b94737b55, udpAddress=Optional[/127.0.0.1:30303], tcpAddress=Optional[/127.0.0.1:30303], quicAddress=Optional.empty, udp6Address=Optional.empty, tcp6Address=Optional.empty, quic6Address=Optional.empty, asBase64=-Je4QJnkVtSJLkoobpRPSMm2eW2bmeEFMoYjbRYj2_5xOBmwTfMlr2GjTI0UlOznmE6fGedWq-5wQ3eVyhD5tsyREnIBg2V0aMfGhPDO1jeAgmlkgnY0gmlwhH8AAAGJc2VjcDI1NmsxoQJeY3mVND8tiHWP7NZbpxaf6CuDLW1n6ryB5wVLlHN7VYN0Y3CCdl-DdWRwgnZf, nodeId=0xeefe5404d6e3396c378f08b07d5d19929faae1c201ceb3e74272908e474e233a, customFields={tcp=30303, udp=30303, eth=[[0xf0ced637, 0x]], id=V4, ip=0x7f000001, secp256k1=0x025e637995343f2d88758fecd65ba7169fe82b832d6d67eabc81e7054b94737b55}}
[m[2m2026-10-01 23:48:23.058+0000[m[2m | [m[2mvert.x-eventloop-thread-1[m[2m | [m[32mINFO [m[2m | [m[2mPeerDiscoveryAgentV4[m[2m | [m[32mP2P peer discovery agent started and listening on /[0:0:0:0:0:0:0:0]:30303
[m[2m2026-10-01 23:48:23.060+0000[m[2m | [m[2mmain[m[2m | [m[32mINFO [m[2m | [m[2mDefaultP2PNetwork[m[2m | [m[32mEnode URL enode://5e637995343f2d88758fecd65ba7169fe82b832d6d67eabc81e7054b94737b55eaa7f1124d7ee54e87f830c2d972b70f322ed36cc56f1f2f30b1ce1ebdeefc8a@127.0.0.1:30303
[m[2m2026-10-01 23:48:23.061+0000[m[2m | [m[2mmain[m[2m | [m[32mINFO [m[2m | [m[2mDefaultP2PNetwork[m[2m | [m[32mENR URL enr:-Je4QJnkVtSJLkoobpRPSMm2eW2bmeEFMoYjbRYj2_5xOBmwTfMlr2GjTI0UlOznmE6fGedWq-5wQ3eVyhD5tsyREnIBg2V0aMfGhPDO1jeAgmlkgnY0gmlwhH8AAAGJc2VjcDI1NmsxoQJeY3mVND8tiHWP7NZbpxaf6CuDLW1n6ryB5wVLlHN7VYN0Y3CCdl-DdWRwgnZf
[m[2m2026-10-01 23:48:23.064+0000[m[2m | [m[2mmain[m[2m | [m[32mINFO [m[2m | [m[2mDefaultP2PNetwork[m[2m | [m[32mNode address 0x7d5d19929faae1c201ceb3e74272908e474e233a
[m[2m2026-10-01 23:48:23.095+0000[m[2m | [m[2mmain[m[2m | [m[32mINFO [m[2m | [m[2mNetworkRunner[m[2m | [m[32mSupported capabilities: [eth/68, eth/69, eth/70, eth/71], [istanbul/100], [snap/1]
[m[2m2026-10-01 23:48:23.098+0000[m[2m | [m[2mmain[m[2m | [m[32mINFO [m[2m | [m[2mDefaultSynchronizer[m[2m | [m[32mStarting synchronizer.
[m[2m2026-10-01 23:48:23.100+0000[m[2m | [m[2mmain[m[2m | [m[32mINFO [m[2m | [m[2mTransactionPoolFactory[m[2m | [m[32mEnabling transaction handling following initial sync
[m[2m2026-10-01 23:48:23.101+0000[m[2m | [m[2mmain[m[2m | [m[32mINFO [m[2m | [m[2mBftMiningCoordinator[m[2m | [m[32mStarting BFT mining coordinator following initial sync
[m[2m2026-10-01 23:48:23.161+0000[m[2m | [m[2mmain[m[2m | [m[32mINFO [m[2m | [m[2mFullSyncDownloader[m[2m | [m[32mStarting full sync.
[m[2m2026-10-01 23:48:23.168+0000[m[2m | [m[2mmain[m[2m | [m[32mINFO [m[2m | [m[2mFullSyncTargetManager[m[2m | [m[32mUnable to find sync target. Waiting for 5 peers minimum. Currently checking 0 peers for usefulness
[m[2m2026-10-01 23:48:23.204+0000[m[2m | [m[2mmain[m[2m | [m[32mINFO [m[2m | [m[2mRunner[m[2m | [m[32mEthereum main loop is up.
[m[2m2026-10-01 23:48:28.195+0000[m[2m | [m[2mEthScheduler-Timer-0[m[2m | [m[32mINFO [m[2m | [m[2mFullSyncTargetManager[m[2m | [m[32mUnable to find sync target. Waiting for 5 peers minimum. Currently checking 4 peers for usefulness
[m[2m2026-10-01 23:48:28.413+0000[m[2m | [m[2mBftProcessorExecutor-QBFT-0[m[2m | [m[32mINFO [m[2m | [m[2mQbftRound[m[2m | [m[32mImporting proposed block to chain. round=ConsensusRoundIdentifier{Sequence=1, Round=1}, hash=0xfcd0df2bba6e89f00119c26185ee9562131f830956a52cb6e7ca31532d8ade6c
[m[2m2026-10-01 23:48:28.450+0000[m[2m | [m[2mBftProcessorExecutor-QBFT-0[m[2m | [m[32mINFO [m[2m | [m[2mQbftBesuControllerBuilder[m[2m | [m[32mImported empty block #1 / 0 tx / 0 pending / 0 (0.0%) gas / (0xfcd0df2bba6e89f00119c26185ee9562131f830956a52cb6e7ca31532d8ade6c)
[m[2m2026-10-01 23:48:30.120+0000[m[2m | [m[2mBftProcessorExecutor-QBFT-0[m[2m | [m[32mINFO [m[2m | [m[2mQbftBesuControllerBuilder[m[2m | [m[32mImported empty block #2 / 0 tx / 0 pending / 0 (0.0%) gas / (0xb952f61e1a619606f3f2d618e8895b11a852f53a73936da8f23a6abc5cc71b99)
[m[2m2026-10-01 23:48:32.102+0000[m[2m | [m[2mBftProcessorExecutor-QBFT-0[m[2m | [m[32mINFO [m[2m | [m[2mQbftBesuControllerBuilder[m[2m | [m[32mImported empty block #3 / 0 tx / 0 pending / 0 (0.0%) gas / (0xb16cc6eafa997540403aab8188be323c57294e1247b883df3e0e23b3c277c12d)
[m[2m2026-10-01 23:48:34.033+0000[m[2m | [m[2mBftProcessorExecutor-QBFT-0[m[2m | [m[32mINFO [m[2m | [m[2mQbftBesuControllerBuilder[m[2m | [m[32mProduced empty block #4 / 0 tx / 0 pending / 0 (0.0%) gas / (0xc0e7ce1ca98d36a1b6c1c489a20e5b0b5e2e7ab3cae0086c9f5d853e2721a40c)
[m[2m2026-10-01 23:48:36.041+0000[m[2m | [m[2mBftProcessorExecutor-QBFT-0[m[2m | [m[32mINFO [m[2m | [m[2mQbftBesuControllerBuilder[m[2m | [m[32mImported empty block #5 / 0 tx / 0 pending / 0 (0.0%) gas / (0x863611d34fa072636313316e5044bae00da9949ac9fa67f0830e16ac37bafec7)
[m[2m2026-10-01 23:48:38.032+0000[m[2m | [m[2mBftProcessorExecutor-QBFT-0[m[2m | [m[32mINFO [m[2m | [m[2mQbftBesuControllerBuilder[m[2m | [m[32mImported empty block #6 / 0 tx / 0 pending / 0 (0.0%) gas / (0x25bae58e2d7add67aa6c9b303daf3f55ceda74e1bfe8ab240b94d3d01f8bf19d)
[m[2m2026-10-01 23:48:40.056+0000[m[2m | [m[2mBftProcessorExecutor-QBFT-0[m[2m | [m[32mINFO [m[2m | [m[2mQbftBesuControllerBuilder[m[2m | [m[32mImported empty block #7 / 0 tx / 0 pending / 0 (0.0%) gas / (0x4430a753072ba3fdea873db5c9983a7c019f4487d8a3f8ed85f46c20f33e28b5)
[m[2m2026-10-01 23:48:42.407+0000[m[2m | [m[2mBftProcessorExecutor-QBFT-0[m[2m | [m[32mINFO [m[2m | [m[2mQbftBesuControllerBuilder[m[2m | [m[32mProduced block #8 / 1 tx / 0 pending / 904,698 (19.2%) gas / (0x6c478344a4eb31bc13febabee676a02234c7363c0348cf7eaebe9187e2c2ac11)
[m[2m2026-10-01 23:48:44.252+0000[m[2m | [m[2mBftProcessorExecutor-QBFT-0[m[2m | [m[32mINFO [m[2m | [m[2mQbftBesuControllerBuilder[m[2m | [m[32mImported block #9 / 6 tx / 2 pending / 868,218 (18.5%) gas / (0x8d4961595b7ddb3519c7de194a49d1bbff7c6f2051296556b5e90b06745215ad)
[m[2m2026-10-01 23:48:46.708+0000[m[2m | [m[2mBftProcessorExecutor-QBFT-0[m[2m | [m[32mINFO [m[2m | [m[2mQbftBesuControllerBuilder[m[2m | [m[32mImported block #10 / 15 tx / 10 pending / 2,127,795 (45.3%) gas / (0xf5143e52a3a2fbc358391c8a04f0ed72a0543483fce80eca1da3bfbdaef50fb2)
[m[2m2026-10-01 23:48:46.711+0000[m[2m | [m[2mEthScheduler-Workers-3[m[2m | [m[32mINFO [m[2m | [m[2mPersistBlockTask[m[2m | [m[32mBlock 10 (0xf5143e52a3a2fbc358391c8a04f0ed72a0543483fce80eca1da3bfbdaef50fb2) is already imported
[m[2m2026-10-01 23:48:48.193+0000[m[2m | [m[2mBftProcessorExecutor-QBFT-0[m[2m | [m[32mINFO [m[2m | [m[2mQbftBesuControllerBuilder[m[2m | [m[32mImported block #11 / 25 tx / 2 pending / 3,546,169 (75.5%) gas / (0x7b579426bcaf3a27619a43b50ae12d1104cfd0dd2eeedf10460966d45d02246b)
[m[2m2026-10-01 23:48:50.137+0000[m[2m | [m[2mBftProcessorExecutor-QBFT-0[m[2m | [m[32mINFO [m[2m | [m[2mQbftBesuControllerBuilder[m[2m | [m[32mProduced block #12 / 20 tx / 1 pending / 2,837,024 (60.4%) gas / (0xbe4d2cb0e0d71e48c8dac448e5c2175cb80c55e9f387e9cc880d3d22f3d659cc)
[m[2m2026-10-01 23:48:52.421+0000[m[2m | [m[2mBftProcessorExecutor-QBFT-0[m[2m | [m[32mINFO [m[2m | [m[2mQbftBesuControllerBuilder[m[2m | [m[32mImported block #13 / 16 tx / 6 pending / 2,269,552 (48.3%) gas / (0x77a2bc26eca6a975c8872b576756ab112a02b16af4daf74771b067afd7e6bb81)
[m[2m2026-10-01 23:48:55.763+0000[m[2m | [m[2mBftProcessorExecutor-QBFT-0[m[2m | [m[32mINFO [m[2m | [m[2mQbftBesuControllerBuilder[m[2m | [m[32mImported block #14 / 32 tx / 8 pending / 4,539,212 (96.6%) gas / (0x9fdef9c3c625007cb0cfbcef4acd1fab9e5940be362793e9b4f86bc5c272a835)
[m[2m2026-10-01 23:48:58.175+0000[m[2m | [m[2mBftProcessorExecutor-QBFT-0[m[2m | [m[32mINFO [m[2m | [m[2mQbftBesuControllerBuilder[m[2m | [m[32mImported block #15 / 20 tx / 10 pending / 2,837,000 (60.4%) gas / (0x6b58ca42be6c12b7f78981461581fe301e05facbd92d33f843ab35ccda9b114f)
[m[2m2026-10-01 23:48:59.487+0000[m[2m | [m[2mBftProcessorExecutor-QBFT-0[m[2m | [m[32mINFO [m[2m | [m[2mQbftBesuControllerBuilder[m[2m | [m[32mProduced block #16 / 22 tx / 5 pending / 3,120,718 (66.4%) gas / (0x7e0b495fbe8c81999b2aef7c70553e6d89f5b5dcb8d23f8f5a98efdb302462b5)
[m[2m2026-10-01 23:49:01.148+0000[m[2m | [m[2mBftProcessorExecutor-QBFT-0[m[2m | [m[32mINFO [m[2m | [m[2mQbftBesuControllerBuilder[m[2m | [m[32mImported block #17 / 19 tx / 2 pending / 2,695,147 (57.3%) gas / (0xcabacbce357d7fe1caf430639fcb7f92650398ddf2d429b882fe8920c3848eb0)
[m[2m2026-10-01 23:49:03.168+0000[m[2m | [m[2mBftProcessorExecutor-QBFT-0[m[2m | [m[32mINFO [m[2m | [m[2mQbftBesuControllerBuilder[m[2m | [m[32mImported block #18 / 18 tx / 4 pending / 2,553,294 (54.3%) gas / (0xff88d8226a8b7a33a0a2f97b817b90fc491f5e33fe5202065272895ee3c3eba2)
[m[2m2026-10-01 23:49:03.169+0000[m[2m | [m[2mEthScheduler-Workers-0[m[2m | [m[32mINFO [m[2m | [m[2mPersistBlockTask[m[2m | [m[32mBlock 18 (0xff88d8226a8b7a33a0a2f97b817b90fc491f5e33fe5202065272895ee3c3eba2) is already imported
[m[2m2026-10-01 23:49:05.153+0000[m[2m | [m[2mBftProcessorExecutor-QBFT-0[m[2m | [m[32mINFO [m[2m | [m[2mQbftBesuControllerBuilder[m[2m | [m[32mImported block #19 / 23 tx / 0 pending / 3,262,523 (69.4%) gas / (0x096d64ab3ac44d9ba68a89e6ed899cec13169577539a9a0c908d4463ab58127b)
[m[2m2026-10-01 23:49:07.098+0000[m[2m | [m[2mBftProcessorExecutor-QBFT-0[m[2m | [m[32mINFO [m[2m | [m[2mQbftBesuControllerBuilder[m[2m | [m[32mProduced block #20 / 20 tx / 1 pending / 2,837,060 (60.4%) gas / (0x531ed29934a9f6fdc2028d698d572b81a02851a99917dbf7e7367de07fef43e6)
[m[2m2026-10-01 23:49:09.128+0000[m[2m | [m[2mBftProcessorExecutor-QBFT-0[m[2m | [m[32mINFO [m[2m | [m[2mQbftBesuControllerBuilder[m[2m | [m[32mImported block #21 / 20 tx / 1 pending / 2,837,024 (60.4%) gas / (0x836e05afc0d3678eb1f0b22f1b182b03db926e189ab63612f4a2a9b116ca9b2e)
[m[2m2026-10-01 23:49:11.140+0000[m[2m | [m[2mBftProcessorExecutor-QBFT-0[m[2m | [m[32mINFO [m[2m | [m[2mQbftBesuControllerBuilder[m[2m | [m[32mImported block #22 / 20 tx / 1 pending / 2,837,036 (60.4%) gas / (0x99f5308f5aa344caee420643b9618ac1626fb63c5f8f3300f72357385e98d78e)
[m[2m2026-10-01 23:49:13.127+0000[m[2m | [m[2mBftProcessorExecutor-QBFT-0[m[2m | [m[32mINFO [m[2m | [m[2mQbftBesuControllerBuilder[m[2m | [m[32mImported block #23 / 20 tx / 1 pending / 2,837,012 (60.4%) gas / (0x8d89bf28f1018822812694881026063a12e53737c91fd06c1d4402a75ec6e11b)
[m[2m2026-10-01 23:49:15.057+0000[m[2m | [m[2mBftProcessorExecutor-QBFT-0[m[2m | [m[32mINFO [m[2m | [m[2mQbftBesuControllerBuilder[m[2m | [m[32mProduced block #24 / 5 tx / 0 pending / 709,253 (15.1%) gas / (0xf5f57bc7ac903cc1356f819dbb43daa4afa1cea93a2989eb8b722746b409b79b)
[m[2m2026-10-01 23:49:17.032+0000[m[2m | [m[2mBftProcessorExecutor-QBFT-0[m[2m | [m[32mINFO [m[2m | [m[2mQbftBesuControllerBuilder[m[2m | [m[32mImported empty block #25 / 0 tx / 0 pending / 0 (0.0%) gas / (0x8939ca4858874cc18e65629d8c74b050fdadfd2ecc38d72073ed2e1df4d5880d)
[m[2m2026-10-01 23:49:19.029+0000[m[2m | [m[2mBftProcessorExecutor-QBFT-0[m[2m | [m[32mINFO [m[2m | [m[2mQbftBesuControllerBuilder[m[2m | [m[32mImported empty block #26 / 0 tx / 0 pending / 0 (0.0%) gas / (0xe8b4ab53ffc92f116470f404eedc18da8fd2297119e7a4791a89d0710df2c6bd)
[m[2m2026-10-01 23:49:21.026+0000[m[2m | [m[2mBftProcessorExecutor-QBFT-0[m[2m | [m[32mINFO [m[2m | [m[2mQbftBesuControllerBuilder[m[2m | [m[32mImported empty block #27 / 0 tx / 0 pending / 0 (0.0%) gas / (0x781831c9c08279e37304167427b59eea5eeacba1e155f20851d728c868720a39)
[m[2m2026-10-01 23:49:23.026+0000[m[2m | [m[2mBftProcessorExecutor-QBFT-0[m[2m | [m[32mINFO [m[2m | [m[2mQbftBesuControllerBuilder[m[2m | [m[32mProduced empty block #28 / 0 tx / 0 pending / 0 (0.0%) gas / (0x38f0b4b8c8b30e57cf5486962cd470bd3199054e36f074d084d26b14960f35ba)
[m[2m2026-10-01 23:49:25.026+0000[m[2m | [m[2mBftProcessorExecutor-QBFT-0[m[2m | [m[32mINFO [m[2m | [m[2mQbftBesuControllerBuilder[m[2m | [m[32mImported empty block #29 / 0 tx / 0 pending / 0 (0.0%) gas / (0x83e01ad991eca4e14167b78e5ddbefd8ba2128a313ab747ec94f90efbe97b7f2)
[m[2m2026-10-01 23:49:27.127+0000[m[2m | [m[2mBftProcessorExecutor-QBFT-0[m[2m | [m[32mINFO [m[2m | [m[2mQbftBesuControllerBuilder[m[2m | [m[32mImported block #30 / 18 tx / 2 pending / 2,553,306 (54.3%) gas / (0xee6edb941d2066597b3b288f90bd8cc1e5e1333a94c383ea083e05e8ea8ce727)
[m[2m2026-10-01 23:49:29.111+0000[m[2m | [m[2mBftProcessorExecutor-QBFT-0[m[2m | [m[32mINFO [m[2m | [m[2mQbftBesuControllerBuilder[m[2m | [m[32mImported block #31 / 32 tx / 10 pending / 4,539,272 (96.6%) gas / (0x7c9c5667f1b1f95cdf9bf4bdf7fcdebbdbf578391790501c930619d34deb5a10)
[m[2m2026-10-01 23:49:31.112+0000[m[2m | [m[2mBftProcessorExecutor-QBFT-0[m[2m | [m[32mINFO [m[2m | [m[2mQbftBesuControllerBuilder[m[2m | [m[32mProduced block #32 / 32 tx / 18 pending / 4,539,212 (96.6%) gas / (0xf59eafe7a54e1f9f8e033104dd846171c68df4ae4630074a9a3afd2ef9cc7ffb)
[m[2m2026-10-01 23:49:33.119+0000[m[2m | [m[2mBftProcessorExecutor-QBFT-0[m[2m | [m[32mINFO [m[2m | [m[2mQbftBesuControllerBuilder[m[2m | [m[32mImported block #33 / 32 tx / 26 pending / 4,539,200 (96.6%) gas / (0xaffb8f66ee91725811d0b84a9ea33591daeb9207f1a73466d5350844aad501d9)
[m[2m2026-10-01 23:49:35.100+0000[m[2m | [m[2mBftProcessorExecutor-QBFT-0[m[2m | [m[32mINFO [m[2m | [m[2mQbftBesuControllerBuilder[m[2m | [m[32mImported block #34 / 32 tx / 33 pending / 4,539,176 (96.6%) gas / (0x5b7c7a9c83cf485879c630619c29cfb8c1f4b0a884aebc6e8e60d22b23a4d172)
[m[2m2026-10-01 23:49:37.096+0000[m[2m | [m[2mBftProcessorExecutor-QBFT-0[m[2m | [m[32mINFO [m[2m | [m[2mQbftBesuControllerBuilder[m[2m | [m[32mImported block #35 / 32 tx / 41 pending / 4,539,128 (96.6%) gas / (0xce808b86009953848e02c10d5f911874eb7243431b55d4e676327ddbc80ec84d)
[m[2m2026-10-01 23:49:39.074+0000[m[2m | [m[2mBftProcessorExecutor-QBFT-0[m[2m | [m[32mINFO [m[2m | [m[2mQbftBesuControllerBuilder[m[2m | [m[32mProduced block #36 / 32 tx / 49 pending / 4,539,248 (96.6%) gas / (0x6ded6beeb2d116f30633e6ea6d44222b5a422b4a18b31ac545b6115f54208818)
[m[2m2026-10-01 23:49:41.109+0000[m[2m | [m[2mBftProcessorExecutor-QBFT-0[m[2m | [m[32mINFO [m[2m | [m[2mQbftBesuControllerBuilder[m[2m | [m[32mImported block #37 / 32 tx / 58 pending / 4,539,188 (96.6%) gas / (0x00b46cf5795c809a9e7fc71a1227dee6551ada259ff9891e69ecdb1a6f23367c)
[m[2m2026-10-01 23:49:43.156+0000[m[2m | [m[2mBftProcessorExecutor-QBFT-0[m[2m | [m[32mINFO [m[2m | [m[2mQbftBesuControllerBuilder[m[2m | [m[32mImported block #38 / 32 tx / 66 pending / 4,539,224 (96.6%) gas / (0xc46ae1effac84ee716acfec5d666de89ae96a2500010df06fdbc485b20057daa)
[m[2m2026-10-01 23:49:45.105+0000[m[2m | [m[2mBftProcessorExecutor-QBFT-0[m[2m | [m[32mINFO [m[2m | [m[2mQbftBesuControllerBuilder[m[2m | [m[32mImported block #39 / 32 tx / 74 pending / 4,539,236 (96.6%) gas / (0xca15014a1fb8d194dd35544864cd4cbead027ebc59115a4dd3750624becfc18a)
[m[2m2026-10-01 23:49:47.104+0000[m[2m | [m[2mBftProcessorExecutor-QBFT-0[m[2m | [m[32mINFO [m[2m | [m[2mQbftBesuControllerBuilder[m[2m | [m[32mProduced block #40 / 32 tx / 82 pending / 4,539,224 (96.6%) gas / (0x844735d256d207c7dc3be0f0f446c28cc715386b5b880b9dac1eabb93741e85a)
[m[2m2026-10-01 23:49:49.090+0000[m[2m | [m[2mBftProcessorExecutor-QBFT-0[m[2m | [m[32mINFO [m[2m | [m[2mQbftBesuControllerBuilder[m[2m | [m[32mImported block #41 / 32 tx / 89 pending / 4,539,128 (96.6%) gas / (0xcf634a815c8e31b59b676f4d1b0409567916aab4e94b76f084808db34341f914)
[m[2m2026-10-01 23:49:51.120+0000[m[2m | [m[2mBftProcessorExecutor-QBFT-0[m[2m | [m[32mINFO [m[2m | [m[2mQbftBesuControllerBuilder[m[2m | [m[32mImported block #42 / 32 tx / 97 pending / 4,539,224 (96.6%) gas / (0x23f2e1acb4dc58d5b42af777788081c5a792e44045be67e82aac8eb8474dc0ee)
[m[2m2026-10-01 23:49:53.119+0000[m[2m | [m[2mBftProcessorExecutor-QBFT-0[m[2m | [m[32mINFO [m[2m | [m[2mQbftBesuControllerBuilder[m[2m | [m[32mImported block #43 / 32 tx / 103 pending / 4,539,188 (96.6%) gas / (0x2ae81f5bddd9f780fffc2731cbea6eab636ecb0b9653770b12248cb6ab8d1171)
[m[2m2026-10-01 23:49:55.065+0000[m[2m | [m[2mBftProcessorExecutor-QBFT-0[m[2m | [m[32mINFO [m[2m | [m[2mQbftBesuControllerBuilder[m[2m | [m[32mProduced block #44 / 32 tx / 113 pending / 4,539,200 (96.6%) gas / (0xdd3a9a5c6aa6cd66c7bee656a76456c91f48f3551d1885d70ddb0827d0e05a75)
[m[2m2026-10-01 23:49:57.110+0000[m[2m | [m[2mBftProcessorExecutor-QBFT-0[m[2m | [m[32mINFO [m[2m | [m[2mQbftBesuControllerBuilder[m[2m | [m[32mImported block #45 / 32 tx / 103 pending / 4,539,152 (96.6%) gas / (0xc19b13dd0519ec5cb1aacc85d6e2c988e73cf3d192f72b2f2d9f1ab37c7de7cb)
[m[2m2026-10-01 23:49:59.105+0000[m[2m | [m[2mBftProcessorExecutor-QBFT-0[m[2m | [m[32mINFO [m[2m | [m[2mQbftBesuControllerBuilder[m[2m | [m[32mImported block #46 / 32 tx / 71 pending / 4,539,212 (96.6%) gas / (0x755caae91f7503ed6542dde61aae65483831a5cc6a54062c5bb992fa913d0530)
[m[2m2026-10-01 23:50:01.077+0000[m[2m | [m[2mBftProcessorExecutor-QBFT-0[m[2m | [m[32mINFO [m[2m | [m[2mQbftBesuControllerBuilder[m[2m | [m[32mImported block #47 / 32 tx / 39 pending / 4,539,212 (96.6%) gas / (0xb41e6ddebaf0f3318be7ef9b85ba05bd78706e4b3fc218cf9a71b1d83a0acc71)
[m[2m2026-10-01 23:50:03.093+0000[m[2m | [m[2mBftProcessorExecutor-QBFT-0[m[2m | [m[32mINFO [m[2m | [m[2mQbftBesuControllerBuilder[m[2m | [m[32mProduced block #48 / 32 tx / 7 pending / 4,539,272 (96.6%) gas / (0xef16ae2c76cdf5f4ac268fd61c830430247f3c98628116d34b44747604e97798)
[m[2m2026-10-01 23:50:05.051+0000[m[2m | [m[2mBftProcessorExecutor-QBFT-0[m[2m | [m[32mINFO [m[2m | [m[2mQbftBesuControllerBuilder[m[2m | [m[32mImported block #49 / 7 tx / 0 pending / 992,959 (21.1%) gas / (0xe52b3b8af86ea1c05879c949d9cceca957e1d3c96fd3fc767686bfc5d8aed86c)
[m[2m2026-10-01 23:50:07.026+0000[m[2m | [m[2mBftProcessorExecutor-QBFT-0[m[2m | [m[32mINFO [m[2m | [m[2mQbftBesuControllerBuilder[m[2m | [m[32mImported empty block #50 / 0 tx / 0 pending / 0 (0.0%) gas / (0xa08c8e813afda183720558613dcfcccb369201efd26aa1eb5d152738bc1ee150)
[m[2m2026-10-01 23:50:09.025+0000[m[2m | [m[2mBftProcessorExecutor-QBFT-0[m[2m | [m[32mINFO [m[2m | [m[2mQbftBesuControllerBuilder[m[2m | [m[32mImported empty block #51 / 0 tx / 0 pending / 0 (0.0%) gas / (0x24e975c04ada87ae2349f8c3e04ad21a424d82ea17aff525d3f336429adac012)
[m[2m2026-10-01 23:50:11.026+0000[m[2m | [m[2mBftProcessorExecutor-QBFT-0[m[2m | [m[32mINFO [m[2m | [m[2mQbftBesuControllerBuilder[m[2m | [m[32mProduced empty block #52 / 0 tx / 0 pending / 0 (0.0%) gas / (0xbd614a344dd6bb7de3537baa83dc2a6cb72232552c29dae355a2884c45204778)
[m[2m2026-10-01 23:50:13.030+0000[m[2m | [m[2mBftProcessorExecutor-QBFT-0[m[2m | [m[32mINFO [m[2m | [m[2mQbftBesuControllerBuilder[m[2m | [m[32mImported empty block #53 / 0 tx / 0 pending / 0 (0.0%) gas / (0x1f31e4b820210d329b84c41e35e62dd5d4a9f486f1ef7016b513549b161b2b30)
[m[2m2026-10-01 23:50:15.026+0000[m[2m | [m[2mBftProcessorExecutor-QBFT-0[m[2m | [m[32mINFO [m[2m | [m[2mQbftBesuControllerBuilder[m[2m | [m[32mImported empty block #54 / 0 tx / 0 pending / 0 (0.0%) gas / (0x5b862af2a5573c8e916a8693def56031deb2ccb81daee840e6c8cebad2f1e87d)
[m[2m2026-10-01 23:50:17.154+0000[m[2m | [m[2mBftProcessorExecutor-QBFT-0[m[2m | [m[32mINFO [m[2m | [m[2mQbftBesuControllerBuilder[m[2m | [m[32mImported block #55 / 32 tx / 5 pending / 4,539,224 (96.6%) gas / (0x212f039fbe5620ef4ad14a908b8beb9e9f19040c5b772a9365345c4b3168f979)
[m[2m2026-10-01 23:50:19.192+0000[m[2m | [m[2mBftProcessorExecutor-QBFT-0[m[2m | [m[32mINFO [m[2m | [m[2mQbftBesuControllerBuilder[m[2m | [m[32mProduced block #56 / 32 tx / 55 pending / 4,539,152 (96.6%) gas / (0x1efb61e251130a7f525b489f999b6b73d1a6084e11dc9498a29667386e351e93)
[m[2m2026-10-01 23:50:21.355+0000[m[2m | [m[2mBftProcessorExecutor-QBFT-0[m[2m | [m[32mINFO [m[2m | [m[2mQbftBesuControllerBuilder[m[2m | [m[32mImported block #57 / 32 tx / 110 pending / 4,539,236 (96.6%) gas / (0x5f13c81aeed05a5b6ae8414746812c5a234c9296c9a0e99ab906639a7e15021c)
[m[2m2026-10-01 23:50:23.427+0000[m[2m | [m[2mBftProcessorExecutor-QBFT-0[m[2m | [m[32mINFO [m[2m | [m[2mQbftBesuControllerBuilder[m[2m | [m[32mImported block #58 / 32 tx / 158 pending / 4,539,212 (96.6%) gas / (0x6d3c30fd88035b3be13c95d372c96abd0f179ee9a9ff1397dd93ccfe33b4d34b)
[m[2m2026-10-01 23:50:25.217+0000[m[2m | [m[2mBftProcessorExecutor-QBFT-0[m[2m | [m[32mINFO [m[2m | [m[2mQbftBesuControllerBuilder[m[2m | [m[32mImported block #59 / 32 tx / 168 pending / 4,539,224 (96.6%) gas / (0xec251fabcf57eb06e286579c3ac2ba5f93ee468c2e57b9f982ae7d28201f8073)
[m[2m2026-10-01 23:50:25.217+0000[m[2m | [m[2mEthScheduler-Workers-2[m[2m | [m[32mINFO [m[2m | [m[2mPersistBlockTask[m[2m | [m[32mBlock 59 (0xec251fabcf57eb06e286579c3ac2ba5f93ee468c2e57b9f982ae7d28201f8073) is already imported
[m[2m2026-10-01 23:50:27.200+0000[m[2m | [m[2mBftProcessorExecutor-QBFT-0[m[2m | [m[32mINFO [m[2m | [m[2mQbftBesuControllerBuilder[m[2m | [m[32mProduced block #60 / 32 tx / 136 pending / 4,539,128 (96.6%) gas / (0x475392ca86ebfca598b35127fa4eca82dd78a6c5a5b18ce13733def0cf0058b1)
[m[2m2026-10-01 23:50:29.123+0000[m[2m | [m[2mBftProcessorExecutor-QBFT-0[m[2m | [m[32mINFO [m[2m | [m[2mQbftBesuControllerBuilder[m[2m | [m[32mImported block #61 / 32 tx / 104 pending / 4,539,152 (96.6%) gas / (0x1b96a4eda83205ef6e4a5141f5f5a04c636773460c47abb95e0179a129e5750b)
[m[2m2026-10-01 23:50:31.215+0000[m[2m | [m[2mBftProcessorExecutor-QBFT-0[m[2m | [m[32mINFO [m[2m | [m[2mQbftBesuControllerBuilder[m[2m | [m[32mImported block #62 / 32 tx / 72 pending / 4,539,176 (96.6%) gas / (0x090e5be866fd4452a5d9495b0cdd49983a7b7100812bd324618aad44763dd80d)
[m[2m2026-10-01 23:50:33.164+0000[m[2m | [m[2mBftProcessorExecutor-QBFT-0[m[2m | [m[32mINFO [m[2m | [m[2mQbftBesuControllerBuilder[m[2m | [m[32mImported block #63 / 32 tx / 40 pending / 4,539,236 (96.6%) gas / (0x219a16cc0d684e0decebf5a652df1bd18586ca860a2f05c6acda3daebdef14fe)
[m[2m2026-10-01 23:50:35.147+0000[m[2m | [m[2mBftProcessorExecutor-QBFT-0[m[2m | [m[32mINFO [m[2m | [m[2mQbftBesuControllerBuilder[m[2m | [m[32mProduced block #64 / 32 tx / 8 pending / 4,539,248 (96.6%) gas / (0xe24478cf732cffc5c866ff3d337aae3c1557e5dbb3f04bf885c851d5fdd6e0ba)
[m[2m2026-10-01 23:50:37.069+0000[m[2m | [m[2mBftProcessorExecutor-QBFT-0[m[2m | [m[32mINFO [m[2m | [m[2mQbftBesuControllerBuilder[m[2m | [m[32mImported block #65 / 8 tx / 0 pending / 1,134,788 (24.1%) gas / (0x26f494a90098b25c2cc71484f6eda5137cd81b75c5a118984155d76bbb347920)
[m[2m2026-10-01 23:50:39.014+0000[m[2m | [m[2mBftProcessorExecutor-QBFT-0[m[2m | [m[32mINFO [m[2m | [m[2mQbftBesuControllerBuilder[m[2m | [m[32mImported empty block #66 / 0 tx / 0 pending / 0 (0.0%) gas / (0xe55fede53c45a6c7f859445532e8f2f69c4a4332d2745a2ab6e124e4cd2a440a)
[m[2m2026-10-01 23:50:41.020+0000[m[2m | [m[2mBftProcessorExecutor-QBFT-0[m[2m | [m[32mINFO [m[2m | [m[2mQbftBesuControllerBuilder[m[2m | [m[32mImported empty block #67 / 0 tx / 0 pending / 0 (0.0%) gas / (0x052718af2f35caab56f3a99e918601a74ac218b24f52e4242a5be1b5dd95e122)
[m[2m2026-10-01 23:50:43.018+0000[m[2m | [m[2mBftProcessorExecutor-QBFT-0[m[2m | [m[32mINFO [m[2m | [m[2mQbftBesuControllerBuilder[m[2m | [m[32mProduced empty block #68 / 0 tx / 0 pending / 0 (0.0%) gas / (0xceba6fa512faa55b44a89282f4f6462efc27e42d6a8d278708b8eb50d40a241f)
[m[2m2026-10-01 23:50:45.032+0000[m[2m | [m[2mBftProcessorExecutor-QBFT-0[m[2m | [m[32mINFO [m[2m | [m[2mQbftBesuControllerBuilder[m[2m | [m[32mImported empty block #69 / 0 tx / 0 pending / 0 (0.0%) gas / (0x88601e2cf8ba7aa28870866e933fa8a1ceb1175a09b6b21d918f5385aa62e30b)
[m[2m2026-10-01 23:50:47.025+0000[m[2m | [m[2mBftProcessorExecutor-QBFT-0[m[2m | [m[32mINFO [m[2m | [m[2mQbftBesuControllerBuilder[m[2m | [m[32mImported empty block #70 / 0 tx / 0 pending / 0 (0.0%) gas / (0x2fe2856842b8b898a2b80ab95aaa790cc85b4018cbaec44fabb317b8ade8a9ed)
[m[2m2026-10-01 23:50:49.022+0000[m[2m | [m[2mBftProcessorExecutor-QBFT-0[m[2m | [m[32mINFO [m[2m | [m[2mQbftBesuControllerBuilder[m[2m | [m[32mImported empty block #71 / 0 tx / 0 pending / 0 (0.0%) gas / (0xb7fa82882132380ade8ab32511d11f03c22bcb541ce27632d9eca620267bd96c)
[m[2m2026-10-01 23:50:51.026+0000[m[2m | [m[2mBftProcessorExecutor-QBFT-0[m[2m | [m[32mINFO [m[2m | [m[2mQbftBesuControllerBuilder[m[2m | [m[32mProduced empty block #72 / 0 tx / 0 pending / 0 (0.0%) gas / (0x5b664276685e5c821f8b0248e1ad3ee3178836ba20117172d36b850ee27a48a2)
[m[2m2026-10-01 23:50:53.023+0000[m[2m | [m[2mBftProcessorExecutor-QBFT-0[m[2m | [m[32mINFO [m[2m | [m[2mQbftBesuControllerBuilder[m[2m | [m[32mImported empty block #73 / 0 tx / 0 pending / 0 (0.0%) gas / (0x73838c3c76aa5f756de51e6e01212e79f92a305b2b7e2b7e2d31e8e2b681a278)
[m[2m2026-10-01 23:50:55.031+0000[m[2m | [m[2mBftProcessorExecutor-QBFT-0[m[2m | [m[32mINFO [m[2m | [m[2mQbftBesuControllerBuilder[m[2m | [m[32mImported empty block #74 / 0 tx / 0 pending / 0 (0.0%) gas / (0xfad6eb687e8f6b684ab2cbd6f7fb14ccae72bf31c34b7a5c8fa00ee99e5b5f77)
[m[2m2026-10-01 23:50:57.024+0000[m[2m | [m[2mBftProcessorExecutor-QBFT-0[m[2m | [m[32mINFO [m[2m | [m[2mQbftBesuControllerBuilder[m[2m | [m[32mImported empty block #75 / 0 tx / 0 pending / 0 (0.0%) gas / (0x7e143dd40721514a7c5b4ee607abb91f2fe2c1d2afdebdc262ecf29fb2d040d8)
[m[2m2026-10-01 23:50:59.028+0000[m[2m | [m[2mBftProcessorExecutor-QBFT-0[m[2m | [m[32mINFO [m[2m | [m[2mQbftBesuControllerBuilder[m[2m | [m[32mProduced empty block #76 / 0 tx / 0 pending / 0 (0.0%) gas / (0x46d95a62a7171151489373dc78950f258cfa7a6c6809787573a0f63cb1d0e464)
[m[2m2026-10-01 23:51:01.037+0000[m[2m | [m[2mBftProcessorExecutor-QBFT-0[m[2m | [m[32mINFO [m[2m | [m[2mQbftBesuControllerBuilder[m[2m | [m[32mImported empty block #77 / 0 tx / 0 pending / 0 (0.0%) gas / (0x8d0bb626a67cf223b7eda36ff8e980ea0c9496fed6eeb28c23bdaedec21df0d5)
[m[2m2026-10-01 23:51:03.023+0000[m[2m | [m[2mBftProcessorExecutor-QBFT-0[m[2m | [m[32mINFO [m[2m | [m[2mQbftBesuControllerBuilder[m[2m | [m[32mImported empty block #78 / 0 tx / 0 pending / 0 (0.0%) gas / (0x4f0079c8673d61a9f04208497588efa41e5e0cbd94b8201debc2380823f69017)
[m[2m2026-10-01 23:51:05.023+0000[m[2m | [m[2mBftProcessorExecutor-QBFT-0[m[2m | [m[32mINFO [m[2m | [m[2mQbftBesuControllerBuilder[m[2m | [m[32mImported empty block #79 / 0 tx / 0 pending / 0 (0.0%) gas / (0x449c1b81981d6e852fcee14e3964d09311f412676ace30751efa7e8d88dedf73)
[m[2m2026-10-01 23:51:07.029+0000[m[2m | [m[2mBftProcessorExecutor-QBFT-0[m[2m | [m[32mINFO [m[2m | [m[2mQbftBesuControllerBuilder[m[2m | [m[32mProduced empty block #80 / 0 tx / 0 pending / 0 (0.0%) gas / (0xd8b861e307983b23c4d0b4d8912f3a31fc668a4dacd47c90576b6db4584e0b60)
[m[2m2026-10-01 23:51:09.025+0000[m[2m | [m[2mBftProcessorExecutor-QBFT-0[m[2m | [m[32mINFO [m[2m | [m[2mQbftBesuControllerBuilder[m[2m | [m[32mImported empty block #81 / 0 tx / 0 pending / 0 (0.0%) gas / (0xc845b2b2a39f31957dbdd9dd7a05ab18137d7e2e04b02668965cd860f71d9e54)
[m[2m2026-10-01 23:51:11.027+0000[m[2m | [m[2mBftProcessorExecutor-QBFT-0[m[2m | [m[32mINFO [m[2m | [m[2mQbftBesuControllerBuilder[m[2m | [m[32mImported empty block #82 / 0 tx / 0 pending / 0 (0.0%) gas / (0xa3bbb1906f2f9b6fb75f988e01afd01a1c02731ec3b82aa43ed68cb11233da06)
[m[2m2026-10-01 23:51:13.020+0000[m[2m | [m[2mBftProcessorExecutor-QBFT-0[m[2m | [m[32mINFO [m[2m | [m[2mQbftBesuControllerBuilder[m[2m | [m[32mImported empty block #83 / 0 tx / 0 pending / 0 (0.0%) gas / (0x3c025b1bb5741ad42d85ec93504216469cdc41a1f694f4d08ffa1ee9727f2786)
[m[2m2026-10-01 23:51:15.032+0000[m[2m | [m[2mBftProcessorExecutor-QBFT-0[m[2m | [m[32mINFO [m[2m | [m[2mQbftBesuControllerBuilder[m[2m | [m[32mProduced empty block #84 / 0 tx / 0 pending / 0 (0.0%) gas / (0x7f3b5fcd43facf9da1c094d66b462ca095ff4b756d7c46dbd296e1ac94ecdc72)
[m[2m2026-10-01 23:51:17.022+0000[m[2m | [m[2mBftProcessorExecutor-QBFT-0[m[2m | [m[32mINFO [m[2m | [m[2mQbftBesuControllerBuilder[m[2m | [m[32mImported empty block #85 / 0 tx / 0 pending / 0 (0.0%) gas / (0x5d3b9d7dba81ae704a2d38ff71545c0776cb7213260f7b78df63e8dc51ed20d1)
[m[2m2026-10-01 23:51:19.023+0000[m[2m | [m[2mBftProcessorExecutor-QBFT-0[m[2m | [m[32mINFO [m[2m | [m[2mQbftBesuControllerBuilder[m[2m | [m[32mImported empty block #86 / 0 tx / 0 pending / 0 (0.0%) gas / (0x440f83f6d136f6b0206aff53ba38e630e3aa38926415e2bc64f1d1066156a6ee)
[m[2m2026-10-01 23:51:21.020+0000[m[2m | [m[2mBftProcessorExecutor-QBFT-0[m[2m | [m[32mINFO [m[2m | [m[2mQbftBesuControllerBuilder[m[2m | [m[32mImported empty block #87 / 0 tx / 0 pending / 0 (0.0%) gas / (0x26829bc0ddeb0f8a0dda8d96801ebe5f6f5aef57bc00a6427ff7253790de4d60)
[m[2m2026-10-01 23:51:23.022+0000[m[2m | [m[2mBftProcessorExecutor-QBFT-0[m[2m | [m[32mINFO [m[2m | [m[2mQbftBesuControllerBuilder[m[2m | [m[32mProduced empty block #88 / 0 tx / 0 pending / 0 (0.0%) gas / (0xaac04492dec0301fda52f89c5a3b3687a661d2efa746681ae41e1d63c9a41435)
[m[2m2026-10-01 23:51:25.034+0000[m[2m | [m[2mBftProcessorExecutor-QBFT-0[m[2m | [m[32mINFO [m[2m | [m[2mQbftBesuControllerBuilder[m[2m | [m[32mImported empty block #89 / 0 tx / 0 pending / 0 (0.0%) gas / (0x794e8898a661e1b883588bb762d006812a308c3fd05a355dc2b3d1c7420a265d)
[m[2m2026-10-01 23:51:27.026+0000[m[2m | [m[2mBftProcessorExecutor-QBFT-0[m[2m | [m[32mINFO [m[2m | [m[2mQbftBesuControllerBuilder[m[2m | [m[32mImported empty block #90 / 0 tx / 0 pending / 0 (0.0%) gas / (0xa66b4437f1823de54cfd159a70cbc582ed7f1beb35165a2cf4a1c0baeb991ed8)
[m[2m2026-10-01 23:51:29.022+0000[m[2m | [m[2mBftProcessorExecutor-QBFT-0[m[2m | [m[32mINFO [m[2m | [m[2mQbftBesuControllerBuilder[m[2m | [m[32mImported empty block #91 / 0 tx / 0 pending / 0 (0.0%) gas / (0x094c0bc4d923243a81d34fb22a82e10abfa6e758a7a17a0943c567362db3dc4e)
[m[2m2026-10-01 23:51:31.026+0000[m[2m | [m[2mBftProcessorExecutor-QBFT-0[m[2m | [m[32mINFO [m[2m | [m[2mQbftBesuControllerBuilder[m[2m | [m[32mProduced empty block #92 / 0 tx / 0 pending / 0 (0.0%) gas / (0xb1045d817f3a6b574e05fa8c4d40ea4435ee7d277ea9e7e583e8c8a87db49c38)
[m[2m2026-10-01 23:51:33.021+0000[m[2m | [m[2mBftProcessorExecutor-QBFT-0[m[2m | [m[32mINFO [m[2m | [m[2mQbftBesuControllerBuilder[m[2m | [m[32mImported empty block #93 / 0 tx / 0 pending / 0 (0.0%) gas / (0x8a05b818c2543bcca97e611c6ae9c392f2a6b147c26f9a393ca83f4083c56e14)
[m[2m2026-10-01 23:51:35.024+0000[m[2m | [m[2mBftProcessorExecutor-QBFT-0[m[2m | [m[32mINFO [m[2m | [m[2mQbftBesuControllerBuilder[m[2m | [m[32mImported empty block #94 / 0 tx / 0 pending / 0 (0.0%) gas / (0xc331cf2770901aa9a7c96bd92b95340eb8d003c3e2501882ffaddad4ba2cd34a)
[m[2m2026-10-01 23:51:37.044+0000[m[2m | [m[2mBftProcessorExecutor-QBFT-0[m[2m | [m[32mINFO [m[2m | [m[2mQbftBesuControllerBuilder[m[2m | [m[32mImported empty block #95 / 0 tx / 0 pending / 0 (0.0%) gas / (0x8db3e5d922f56a6daa245870c4b21a0b3623722be9443f0998dc35c85cb108ca)
[m[2m2026-10-01 23:51:39.035+0000[m[2m | [m[2mBftProcessorExecutor-QBFT-0[m[2m | [m[32mINFO [m[2m | [m[2mQbftBesuControllerBuilder[m[2m | [m[32mProduced empty block #96 / 0 tx / 0 pending / 0 (0.0%) gas / (0xaad80f2dea8e606b005bea26386c6def1217cccd2ca17549001c21ffb451a893)
[m[2m2026-10-01 23:51:41.021+0000[m[2m | [m[2mBftProcessorExecutor-QBFT-0[m[2m | [m[32mINFO [m[2m | [m[2mQbftBesuControllerBuilder[m[2m | [m[32mImported empty block #97 / 0 tx / 0 pending / 0 (0.0%) gas / (0x85f691a740f976a64b19b7341f440cc19ad6655d7eb61a3297d023094ffa7967)
[m[2m2026-10-01 23:51:43.023+0000[m[2m | [m[2mBftProcessorExecutor-QBFT-0[m[2m | [m[32mINFO [m[2m | [m[2mQbftBesuControllerBuilder[m[2m | [m[32mImported empty block #98 / 0 tx / 0 pending / 0 (0.0%) gas / (0x91a22a144609a7576e15fd05799665773b4c169c87050b80c6ed88651dc30349)
[m[2m2026-10-01 23:51:45.039+0000[m[2m | [m[2mBftProcessorExecutor-QBFT-0[m[2m | [m[32mINFO [m[2m | [m[2mQbftBesuControllerBuilder[m[2m | [m[32mImported empty block #99 / 0 tx / 0 pending / 0 (0.0%) gas / (0x3519700bfec81c7333719e333022cd97ec65ff51622be51bd2e2842d3f83e51d)
[m[2m2026-10-01 23:51:47.076+0000[m[2m | [m[2mBftProcessorExecutor-QBFT-0[m[2m | [m[32mINFO [m[2m | [m[2mQbftBesuControllerBuilder[m[2m | [m[32mProduced empty block #100 / 0 tx / 0 pending / 0 (0.0%) gas / (0x1635f7c09a51863bddf172367bd5819388a57773d4d78f593ed9767d1dbca141)
[m[2m2026-10-01 23:51:49.028+0000[m[2m | [m[2mBftProcessorExecutor-QBFT-0[m[2m | [m[32mINFO [m[2m | [m[2mQbftBesuControllerBuilder[m[2m | [m[32mImported empty block #101 / 0 tx / 0 pending / 0 (0.0%) gas / (0x951d667c94ca366bbc80f3cd43389bfa66206271ab73b28f3eba079cb14ed39f)
[m[2m2026-10-01 23:51:51.028+0000[m[2m | [m[2mBftProcessorExecutor-QBFT-0[m[2m | [m[32mINFO [m[2m | [m[2mQbftBesuControllerBuilder[m[2m | [m[32mImported empty block #102 / 0 tx / 0 pending / 0 (0.0%) gas / (0xb96577113537d958350985257e36a24fc3c8fad1921348f2b1f7d0f7e266e640)
[m[2m2026-10-01 23:51:53.023+0000[m[2m | [m[2mBftProcessorExecutor-QBFT-0[m[2m | [m[32mINFO [m[2m | [m[2mQbftBesuControllerBuilder[m[2m | [m[32mImported empty block #103 / 0 tx / 0 pending / 0 (0.0%) gas / (0x18230ad85987b94447563ba5a4b7f5a5187f63d10561a314498af808e26fb67b)
[m[2m2026-10-01 23:51:55.028+0000[m[2m | [m[2mBftProcessorExecutor-QBFT-0[m[2m | [m[32mINFO [m[2m | [m[2mQbftBesuControllerBuilder[m[2m | [m[32mProduced empty block #104 / 0 tx / 0 pending / 0 (0.0%) gas / (0xce964645ee053b93c7a7488e3e370e2bada03ca0bae211826ac21d976b847f03)
[m[2m2026-10-01 23:51:57.027+0000[m[2m | [m[2mBftProcessorExecutor-QBFT-0[m[2m | [m[32mINFO [m[2m | [m[2mQbftBesuControllerBuilder[m[2m | [m[32mImported empty block #105 / 0 tx / 0 pending / 0 (0.0%) gas / (0x07cb697d182e3e3d5fba646f4f7d391251d75fff08aeeaca657f346dd34b7fc9)
[m[2m2026-10-01 23:51:59.023+0000[m[2m | [m[2mBftProcessorExecutor-QBFT-0[m[2m | [m[32mINFO [m[2m | [m[2mQbftBesuControllerBuilder[m[2m | [m[32mImported empty block #106 / 0 tx / 0 pending / 0 (0.0%) gas / (0x8f211c73b41d55cf6671e58747de772403bfe618a67da390364b38a729da08ec)
[m[2m2026-10-01 23:52:01.022+0000[m[2m | [m[2mBftProcessorExecutor-QBFT-0[m[2m | [m[32mINFO [m[2m | [m[2mQbftBesuControllerBuilder[m[2m | [m[32mImported empty block #107 / 0 tx / 0 pending / 0 (0.0%) gas / (0x22874447fb84589911f1184cf97636d91c4b22fb178edfa00947d309f27f3dd7)
