Setting permissions for: /data with access: READ_WRITE
[2m2026-10-01 23:29:18.677+0000[m[2m | [m[2mmain[m[2m | [m[32mINFO [m[2m | [m[2mBesu[m[2m | [m[32mStarting Besu
[m[2m2026-10-01 23:29:19.820+0000[m[2m | [m[2mmain[m[2m | [m[33mWARN [m[2m | [m[2mBesu[m[2m | [m[33m--rpc-ws-host has been ignored because --rpc-ws-enabled was not defined on the command line.
[m[2m2026-10-01 23:29:19.823+0000[m[2m | [m[2mmain[m[2m | [m[33mWARN [m[2m | [m[2mBesu[m[2m | [m[33m--graphql-http-host has been ignored because --graphql-http-enabled was not defined on the command line.
[m[2m2026-10-01 23:29:21.605+0000[m[2m | [m[2mmain[m[2m | [m[32mINFO [m[2m | [m[2mBesu[m[2m | [m[32mRPC HTTP JSON-RPC config: JsonRpcConfiguration{enabled=true, port=8545, host=0.0.0.0, corsAllowedDomains=[*], hostsAllowlist=[*], rpcApis=[ETH, NET, QBFT], authenticationEnabled=false, authenticationCredentialsFile=null, authenticationPublicKeyFile=null, tlsConfiguration=Optional.empty, httpTimeoutSec=30, maxActiveConnections=80, maxBatchSize=1024}
[m[2m2026-10-01 23:29:21.614+0000[m[2m | [m[2mmain[m[2m | [m[33mWARN [m[2m | [m[2mBesu[m[2m | [m[33mForcing --bonsai-limit-trie-logs-enabled=false, since it cannot be enabled with --sync-mode=FULL and --data-storage-format=BONSAI.
[m[2m2026-10-01 23:29:21.617+0000[m[2m | [m[2mmain[m[2m | [m[32mINFO [m[2m | [m[2mBesu[m[2m | [m[32mConnecting to 0 static nodes.
[m[2m2026-10-01 23:29:21.805+0000[m[2m | [m[2mmain[m[2m | [m[32mINFO [m[2m | [m[2mBesu[m[2m | [m[32m
####################################################################################################
#                                                                                                  #
# Besu version 26.6.0-RC1                                                                          #
#                                                                                                  #
# Configuration:                                                                                   #
# Network: Custom genesis file                                                                     #
# /genesis.json                                                                                    #
# Network Id: 1337                                                                                 #
# Data storage: Bonsai                                                                             #
# Sync mode: Full                                                                                  #
# Sync min peers: 5                                                                                #
# RPC HTTP APIs: ETH,NET,QBFT                                                                      #
# RPC HTTP port: 8545                                                                              #
# Using LAYERED transaction pool implementation                                                    #
# Using STACKED worldstate update mode                                                             #
# Opcode optimizations enabled                                                                     #
# Parallel transaction processing enabled                                                          #
# BAL pruning enabled (retained BALs: 113056)                                                      #
# Target Gas Limit: 60M                                                                            #
#                                                                                                  #
# Host:                                                                                            #
# Java: openjdk-java-25                                                                            #
# Maximum heap size: 1.94 GB                                                                       #
# OS: linux-aarch_64                                                                               #
# glibc: 2.39                                                                                      #
# jemalloc: 5.3.0-0-g54eaed1d8b56b1aa528be3bdd1877e59c56fa90c                                      #
# Total memory: 7.75 GB                                                                            #
# CPU cores: 10                                                                                    #
#                                                                                                  #
# Plugin Registration Summary:                                                                     #
# No plugins have been registered.                                                                 #
# TOTAL = 0 of 0 plugins successfully registered.                                                  #
#                                                                                                  #
####################################################################################################
[m[2m2026-10-01 23:29:21.805+0000[m[2m | [m[2mmain[m[2m | [m[32mINFO [m[2m | [m[2mBesu[m[2m | [m[32mSecurity Module: localfile
[m[2m2026-10-01 23:29:21.806+0000[m[2m | [m[2mmain[m[2m | [m[32mINFO [m[2m | [m[2mVersionMetadata[m[2m | [m[32mLookup version metadata file in data directory: /data
[m[2m2026-10-01 23:29:21.878+0000[m[2m | [m[2mmain[m[2m | [m[32mINFO [m[2m | [m[2mVersionMetadata[m[2m | [m[32mExisting version data detected. Besu version 26.6.0-RC1
[m[2m2026-10-01 23:29:21.920+0000[m[2m | [m[2mmain[m[2m | [m[32mINFO [m[2m | [m[2mBesu[m[2m | [m[32mUsing the native implementation of alt bn128
[m[2m2026-10-01 23:29:21.922+0000[m[2m | [m[2mmain[m[2m | [m[32mINFO [m[2m | [m[2mBesu[m[2m | [m[32mUsing the Java implementation of modexp
[m[2m2026-10-01 23:29:21.942+0000[m[2m | [m[2mmain[m[2m | [m[32mINFO [m[2m | [m[2mBesu[m[2m | [m[32mUsing the native implementation of the signature algorithm
[m[2m2026-10-01 23:29:21.963+0000[m[2m | [m[2mmain[m[2m | [m[32mINFO [m[2m | [m[2mBesu[m[2m | [m[32mUsing the Java implementation of the blake2bf algorithm
[m[2m2026-10-01 23:29:22.115+0000[m[2m | [m[2mmain[m[2m | [m[32mINFO [m[2m | [m[2mBesu[m[2m | [m[32mUsing the native BoringSSL implementation of p256verify
[m[2m2026-10-01 23:29:22.373+0000[m[2m | [m[2mmain[m[2m | [m[32mINFO [m[2m | [m[2mKeyPairUtil[m[2m | [m[32mAttempting to load public key from /data/key
[m[2m2026-10-01 23:29:22.413+0000[m[2m | [m[2mmain[m[2m | [m[32mINFO [m[2m | [m[2mKeyPairUtil[m[2m | [m[32mLoaded public key 0x5e637995343f2d88758fecd65ba7169fe82b832d6d67eabc81e7054b94737b55eaa7f1124d7ee54e87f830c2d972b70f322ed36cc56f1f2f30b1ce1ebdeefc8a from /data/key
[m[2m2026-10-01 23:29:22.589+0000[m[2m | [m[2mmain[m[2m | [m[32mINFO [m[2m | [m[2mProtocolScheduleBuilder[m[2m | [m[32mProtocol schedule created with milestones: [Berlin:0]
[m[2m2026-10-01 23:29:22.592+0000[m[2m | [m[2mmain[m[2m | [m[32mINFO [m[2m | [m[2mDatabaseMetadata[m[2m | [m[32mLookup database metadata file in data directory: /data
[m[2m2026-10-01 23:29:22.641+0000[m[2m | [m[2mmain[m[2m | [m[32mINFO [m[2m | [m[2mRocksDBKeyValueStorageFactory[m[2m | [m[32mExisting database at /data. Metadata versionedStorageFormat=BaseVersionedStorageFormat{format=BONSAI, version=3}. Processing WAL...
[m[2m2026-10-01 23:29:23.018+0000[m[2m | [m[2mmain[m[2m | [m[32mINFO [m[2m | [m[2mFlatDbStrategyProvider[m[2m | [m[32mFlat db mode found FULL
[m[2m2026-10-01 23:29:23.022+0000[m[2m | [m[2mmain[m[2m | [m[32mINFO [m[2m | [m[2mFlatDbStrategyProvider[m[2m | [m[32mDB mode with code stored using code hash enabled = true
[m[2m2026-10-01 23:29:23.041+0000[m[2m | [m[2mmain[m[2m | [m[32mINFO [m[2m | [m[2mFlatDbStrategyProvider[m[2m | [m[32mFlat db mode found FULL
[m[2m2026-10-01 23:29:23.042+0000[m[2m | [m[2mmain[m[2m | [m[32mINFO [m[2m | [m[2mFlatDbStrategyProvider[m[2m | [m[32mDB mode with code stored using code hash enabled = true
[m[2m2026-10-01 23:29:23.180+0000[m[2m | [m[2mmain[m[2m | [m[32mINFO [m[2m | [m[2mBesuControllerBuilder[m[2m | [m[32mAdding ChainDataPruner to observe block added events
[m[2m2026-10-01 23:29:23.181+0000[m[2m | [m[2mmain[m[2m | [m[32mINFO [m[2m | [m[2mBesuControllerBuilder[m[2m | [m[32mBAL pruning enabled | BALs retained: 113056 | Frequency: 256
[m[2m2026-10-01 23:29:23.214+0000[m[2m | [m[2mmain[m[2m | [m[32mINFO [m[2m | [m[2mTransactionPoolFactory[m[2m | [m[32mEnabling transaction pool
[m[2m2026-10-01 23:29:23.240+0000[m[2m | [m[2mmain[m[2m | [m[32mINFO [m[2m | [m[2mBesuControllerBuilder[m[2m | [m[32mQBFT is configured, creating initial sync for BFT
[m[2m2026-10-01 23:29:23.243+0000[m[2m | [m[2mmain[m[2m | [m[32mINFO [m[2m | [m[2mBFTPivotSelectorFromPeers[m[2m | [m[32mCreating pivot block selector for BFT node
[m[2m2026-10-01 23:29:23.384+0000[m[2m | [m[2mmain[m[2m | [m[32mINFO [m[2m | [m[2mRunnerBuilder[m[2m | [m[32mResolved 0 bootnodes.
[m[2m2026-10-01 23:29:23.466+0000[m[2m | [m[2mmain[m[2m | [m[32mINFO [m[2m | [m[2mRunnerBuilder[m[2m | [m[32mDetecting NAT service.
[m[2m2026-10-01 23:29:23.711+0000[m[2m | [m[2mmain[m[2m | [m[32mINFO [m[2m | [m[2mRunner[m[2m | [m[32mStarting external services ... 
[m[2m2026-10-01 23:29:23.711+0000[m[2m | [m[2mmain[m[2m | [m[32mINFO [m[2m | [m[2mJsonRpcHttpService[m[2m | [m[32mStarting JSON-RPC service on 0.0.0.0:8545
[m[2m2026-10-01 23:29:24.242+0000[m[2m | [m[2mvert.x-eventloop-thread-1[m[2m | [m[32mINFO [m[2m | [m[2mJsonRpcHttpService[m[2m | [m[32mJSON-RPC service started and listening on 0.0.0.0:8545
[m[2m2026-10-01 23:29:24.262+0000[m[2m | [m[2mmain[m[2m | [m[32mINFO [m[2m | [m[2mAutoTransactionLogBloomCachingService[m[2m | [m[32mStarting auto transaction log bloom caching service.
[m[2m2026-10-01 23:29:24.294+0000[m[2m | [m[2mmain[m[2m | [m[32mINFO [m[2m | [m[2mLogBloomCacheMetadata[m[2m | [m[32mLookup cache metadata file in data directory: /data/caches
[m[2m2026-10-01 23:29:24.401+0000[m[2m | [m[2mmain[m[2m | [m[32mINFO [m[2m | [m[2mRunner[m[2m | [m[32mStarting Ethereum main loop ... 
[m[2m2026-10-01 23:29:24.401+0000[m[2m | [m[2mmain[m[2m | [m[32mINFO [m[2m | [m[2mDockerNatManager[m[2m | [m[32mStarting docker NAT manager.
[m[2m2026-10-01 23:29:24.422+0000[m[2m | [m[2mmain[m[2m | [m[32mINFO [m[2m | [m[2mNetworkRunner[m[2m | [m[32mStarting Network.
[m[2m2026-10-01 23:29:24.460+0000[m[2m | [m[2mmain[m[2m | [m[32mINFO [m[2m | [m[2mRlpxAgent[m[2m | [m[32mP2P RLPx agent started and listening on /[0:0:0:0:0:0:0:0]:30303.
[m[2m2026-10-01 23:29:24.461+0000[m[2m | [m[2mmain[m[2m | [m[32mINFO [m[2m | [m[2mPeerDiscoveryAgentV4[m[2m | [m[32mStarting peer discovery agent on host=0.0.0.0, port=30303. IPv6 available.
[m[2m2026-10-01 23:29:24.522+0000[m[2m | [m[2mvert.x-eventloop-thread-1[m[2m | [m[32mINFO [m[2m | [m[2mVertxPeerDiscoveryAgent[m[2m | [m[32mStarted peer discovery agent successfully, on effective host=0:0:0:0:0:0:0:0 and port=30303
[m[2m2026-10-01 23:29:24.597+0000[m[2m | [m[2mvert.x-eventloop-thread-1[m[2m | [m[32mINFO [m[2m | [m[2mNodeRecordManager[m[2m | [m[32mWriting node record to disk. NodeRecord{seq=1, publicKey=0x025e637995343f2d88758fecd65ba7169fe82b832d6d67eabc81e7054b94737b55, udpAddress=Optional[/127.0.0.1:30303], tcpAddress=Optional[/127.0.0.1:30303], quicAddress=Optional.empty, udp6Address=Optional.empty, tcp6Address=Optional.empty, quic6Address=Optional.empty, asBase64=-Je4QJnkVtSJLkoobpRPSMm2eW2bmeEFMoYjbRYj2_5xOBmwTfMlr2GjTI0UlOznmE6fGedWq-5wQ3eVyhD5tsyREnIBg2V0aMfGhPDO1jeAgmlkgnY0gmlwhH8AAAGJc2VjcDI1NmsxoQJeY3mVND8tiHWP7NZbpxaf6CuDLW1n6ryB5wVLlHN7VYN0Y3CCdl-DdWRwgnZf, nodeId=0xeefe5404d6e3396c378f08b07d5d19929faae1c201ceb3e74272908e474e233a, customFields={tcp=30303, udp=30303, eth=[[0xf0ced637, 0x]], id=V4, ip=0x7f000001, secp256k1=0x025e637995343f2d88758fecd65ba7169fe82b832d6d67eabc81e7054b94737b55}}
[m[2m2026-10-01 23:29:24.620+0000[m[2m | [m[2mvert.x-eventloop-thread-1[m[2m | [m[32mINFO [m[2m | [m[2mPeerDiscoveryAgentV4[m[2m | [m[32mP2P peer discovery agent started and listening on /[0:0:0:0:0:0:0:0]:30303
[m[2m2026-10-01 23:29:24.623+0000[m[2m | [m[2mmain[m[2m | [m[32mINFO [m[2m | [m[2mDefaultP2PNetwork[m[2m | [m[32mEnode URL enode://5e637995343f2d88758fecd65ba7169fe82b832d6d67eabc81e7054b94737b55eaa7f1124d7ee54e87f830c2d972b70f322ed36cc56f1f2f30b1ce1ebdeefc8a@127.0.0.1:30303
[m[2m2026-10-01 23:29:24.629+0000[m[2m | [m[2mmain[m[2m | [m[32mINFO [m[2m | [m[2mDefaultP2PNetwork[m[2m | [m[32mENR URL enr:-Je4QJnkVtSJLkoobpRPSMm2eW2bmeEFMoYjbRYj2_5xOBmwTfMlr2GjTI0UlOznmE6fGedWq-5wQ3eVyhD5tsyREnIBg2V0aMfGhPDO1jeAgmlkgnY0gmlwhH8AAAGJc2VjcDI1NmsxoQJeY3mVND8tiHWP7NZbpxaf6CuDLW1n6ryB5wVLlHN7VYN0Y3CCdl-DdWRwgnZf
[m[2m2026-10-01 23:29:24.630+0000[m[2m | [m[2mmain[m[2m | [m[32mINFO [m[2m | [m[2mDefaultP2PNetwork[m[2m | [m[32mNode address 0x7d5d19929faae1c201ceb3e74272908e474e233a
[m[2m2026-10-01 23:29:24.655+0000[m[2m | [m[2mmain[m[2m | [m[32mINFO [m[2m | [m[2mNetworkRunner[m[2m | [m[32mSupported capabilities: [eth/68, eth/69, eth/70, eth/71], [istanbul/100], [snap/1]
[m[2m2026-10-01 23:29:24.656+0000[m[2m | [m[2mmain[m[2m | [m[32mINFO [m[2m | [m[2mDefaultSynchronizer[m[2m | [m[32mStarting synchronizer.
[m[2m2026-10-01 23:29:24.657+0000[m[2m | [m[2mmain[m[2m | [m[32mINFO [m[2m | [m[2mTransactionPoolFactory[m[2m | [m[32mEnabling transaction handling following initial sync
[m[2m2026-10-01 23:29:24.657+0000[m[2m | [m[2mmain[m[2m | [m[32mINFO [m[2m | [m[2mBftMiningCoordinator[m[2m | [m[32mStarting BFT mining coordinator following initial sync
[m[2m2026-10-01 23:29:24.673+0000[m[2m | [m[2mmain[m[2m | [m[32mINFO [m[2m | [m[2mFullSyncDownloader[m[2m | [m[32mStarting full sync.
[m[2m2026-10-01 23:29:24.674+0000[m[2m | [m[2mmain[m[2m | [m[32mINFO [m[2m | [m[2mFullSyncTargetManager[m[2m | [m[32mUnable to find sync target. Waiting for 5 peers minimum. Currently checking 0 peers for usefulness
[m[2m2026-10-01 23:29:24.678+0000[m[2m | [m[2mmain[m[2m | [m[32mINFO [m[2m | [m[2mRunner[m[2m | [m[32mEthereum main loop is up.
[m[2m2026-10-01 23:29:29.014+0000[m[2m | [m[2mBftProcessorExecutor-QBFT-0[m[2m | [m[32mINFO [m[2m | [m[2mQbftRound[m[2m | [m[32mImporting proposed block to chain. round=ConsensusRoundIdentifier{Sequence=1, Round=1}, hash=0x989befc458e73e2eebb6c7b6ffeca00dc53ea5b3787345eadd78411b9da8eb4f
[m[2m2026-10-01 23:29:29.051+0000[m[2m | [m[2mBftProcessorExecutor-QBFT-0[m[2m | [m[32mINFO [m[2m | [m[2mQbftBesuControllerBuilder[m[2m | [m[32mImported empty block #1 / 0 tx / 0 pending / 0 (0.0%) gas / (0x989befc458e73e2eebb6c7b6ffeca00dc53ea5b3787345eadd78411b9da8eb4f)
[m[2m2026-10-01 23:29:29.677+0000[m[2m | [m[2mEthScheduler-Timer-0[m[2m | [m[32mINFO [m[2m | [m[2mFullSyncTargetManager[m[2m | [m[32mUnable to find sync target. Waiting for 5 peers minimum. Currently checking 4 peers for usefulness
[m[2m2026-10-01 23:29:30.045+0000[m[2m | [m[2mBftProcessorExecutor-QBFT-0[m[2m | [m[32mINFO [m[2m | [m[2mQbftBesuControllerBuilder[m[2m | [m[32mImported empty block #2 / 0 tx / 0 pending / 0 (0.0%) gas / (0x8644f1dad8c3411c2a385465a6ae3ec2f580732c40f54a51ba9038bf4a3c8a91)
[m[2m2026-10-01 23:29:32.087+0000[m[2m | [m[2mBftProcessorExecutor-QBFT-0[m[2m | [m[32mINFO [m[2m | [m[2mQbftBesuControllerBuilder[m[2m | [m[32mImported empty block #3 / 0 tx / 0 pending / 0 (0.0%) gas / (0xec43fa3aff2480b0124d0f5bc356c459033d911c381f782894f0c9295b440f8e)
[m[2m2026-10-01 23:29:34.026+0000[m[2m | [m[2mBftProcessorExecutor-QBFT-0[m[2m | [m[32mINFO [m[2m | [m[2mQbftBesuControllerBuilder[m[2m | [m[32mProduced empty block #4 / 0 tx / 0 pending / 0 (0.0%) gas / (0xf69af786038776d6b22dc3076c30c18bbfe09e7bcb883f953c320b9e8d453c24)
[m[2m2026-10-01 23:29:36.035+0000[m[2m | [m[2mBftProcessorExecutor-QBFT-0[m[2m | [m[32mINFO [m[2m | [m[2mQbftBesuControllerBuilder[m[2m | [m[32mImported empty block #5 / 0 tx / 0 pending / 0 (0.0%) gas / (0x7a83b6cc1aee7eb72d8e486bf81bd013ae744575b0983044e13794cbb59c4502)
[m[2m2026-10-01 23:29:38.045+0000[m[2m | [m[2mBftProcessorExecutor-QBFT-0[m[2m | [m[32mINFO [m[2m | [m[2mQbftBesuControllerBuilder[m[2m | [m[32mImported empty block #6 / 0 tx / 0 pending / 0 (0.0%) gas / (0xadf6a154f7dd4afa1fa8a563446c2eb426fc6bfbfd3d2a1ce6c9960e553c03cd)
[m[2m2026-10-01 23:29:40.035+0000[m[2m | [m[2mBftProcessorExecutor-QBFT-0[m[2m | [m[32mINFO [m[2m | [m[2mQbftBesuControllerBuilder[m[2m | [m[32mImported empty block #7 / 0 tx / 0 pending / 0 (0.0%) gas / (0xec835912d0285dc23c87f0e26c00f823dbd2b1fe2c2b645cf7bec7389bd8f343)
[m[2m2026-10-01 23:29:42.090+0000[m[2m | [m[2mBftProcessorExecutor-QBFT-0[m[2m | [m[32mINFO [m[2m | [m[2mQbftBesuControllerBuilder[m[2m | [m[32mProduced block #8 / 1 tx / 0 pending / 904,698 (19.2%) gas / (0x0d7d2ba9039527cdb8a289d1af1195513c330e510222fa2200cb6767f4acb706)
[m[2m2026-10-01 23:29:44.184+0000[m[2m | [m[2mBftProcessorExecutor-QBFT-0[m[2m | [m[32mINFO [m[2m | [m[2mQbftBesuControllerBuilder[m[2m | [m[32mImported block #9 / 14 tx / 4 pending / 2,002,982 (42.6%) gas / (0xe5a295c6715d2e1b7b4c201c372e4121fb205d3399916983037148e2dc9bab27)
[m[2m2026-10-01 23:29:46.123+0000[m[2m | [m[2mBftProcessorExecutor-QBFT-0[m[2m | [m[32mINFO [m[2m | [m[2mQbftBesuControllerBuilder[m[2m | [m[32mImported block #10 / 20 tx / 3 pending / 2,837,024 (60.4%) gas / (0x01897237b9c7390f03ebea3f65b18f61b361dbd3d1f6677768ea78f35a222f16)
[m[2m2026-10-01 23:29:52.113+0000[m[2m | [m[2mBftProcessorExecutor-QBFT-0[m[2m | [m[32mINFO [m[2m | [m[2mQbftRound[m[2m | [m[32mImporting proposed block to chain. round=ConsensusRoundIdentifier{Sequence=11, Round=1}, hash=0xf897c26bca74ed80719a9e8bf992589a93330175c716e53297a02810ca7b8f66
[m[2m2026-10-01 23:29:52.197+0000[m[2m | [m[2mBftProcessorExecutor-QBFT-0[m[2m | [m[32mINFO [m[2m | [m[2mQbftBesuControllerBuilder[m[2m | [m[32mProduced block #11 / 32 tx / 31 pending / 4,539,176 (96.6%) gas / (0xf897c26bca74ed80719a9e8bf992589a93330175c716e53297a02810ca7b8f66)
[m[2m2026-10-01 23:29:54.127+0000[m[2m | [m[2mBftProcessorExecutor-QBFT-0[m[2m | [m[32mINFO [m[2m | [m[2mQbftBesuControllerBuilder[m[2m | [m[32mImported block #12 / 32 tx / 19 pending / 4,539,188 (96.6%) gas / (0x712fe9987deb894bfe1aae90f2b737ca8f3efa0b40d32efba1483aac30e0e9d4)
[m[2m2026-10-01 23:29:56.216+0000[m[2m | [m[2mBftProcessorExecutor-QBFT-0[m[2m | [m[32mINFO [m[2m | [m[2mQbftBesuControllerBuilder[m[2m | [m[32mImported block #13 / 32 tx / 6 pending / 4,539,272 (96.6%) gas / (0xea9f7b2529cf5f7249f4d534dfdbbc012d29a580044d26f0f0daa2a5909fd499)
[m[2m2026-10-01 23:29:58.174+0000[m[2m | [m[2mBftProcessorExecutor-QBFT-0[m[2m | [m[32mINFO [m[2m | [m[2mQbftBesuControllerBuilder[m[2m | [m[32mImported block #14 / 26 tx / 1 pending / 3,688,046 (78.5%) gas / (0x1165c2d9659fbe9e3ee38a1937a295b9eea87fd23fd9a6d8210e5fc383618e76)
[m[2m2026-10-01 23:30:00.134+0000[m[2m | [m[2mBftProcessorExecutor-QBFT-0[m[2m | [m[32mINFO [m[2m | [m[2mQbftBesuControllerBuilder[m[2m | [m[32mProduced block #15 / 20 tx / 0 pending / 2,836,988 (60.4%) gas / (0x7db49da4f1c69c70d088d40e3aa91390db0c61525c0bffe4d9ff3befd784adc2)
[m[2m2026-10-01 23:30:02.117+0000[m[2m | [m[2mBftProcessorExecutor-QBFT-0[m[2m | [m[32mINFO [m[2m | [m[2mQbftBesuControllerBuilder[m[2m | [m[32mImported block #16 / 20 tx / 1 pending / 2,837,024 (60.4%) gas / (0x4bd3585d9dd842622898226c1a6baefc906cb2387e7942210264401f1156d335)
[m[2m2026-10-01 23:30:04.096+0000[m[2m | [m[2mBftProcessorExecutor-QBFT-0[m[2m | [m[32mINFO [m[2m | [m[2mQbftBesuControllerBuilder[m[2m | [m[32mImported block #17 / 20 tx / 1 pending / 2,837,024 (60.4%) gas / (0xddfc6792b4c1fbbf06cfb8ce7b614c06671538dbe70f274345415264821eb5de)
[m[2m2026-10-01 23:30:06.099+0000[m[2m | [m[2mBftProcessorExecutor-QBFT-0[m[2m | [m[32mINFO [m[2m | [m[2mQbftBesuControllerBuilder[m[2m | [m[32mImported block #18 / 20 tx / 0 pending / 2,837,012 (60.4%) gas / (0x47222f2609502e1463aeef35068bdaf181a8c4217c0d01b74187e252c93ebb3b)
[m[2m2026-10-01 23:30:08.083+0000[m[2m | [m[2mBftProcessorExecutor-QBFT-0[m[2m | [m[32mINFO [m[2m | [m[2mQbftBesuControllerBuilder[m[2m | [m[32mProduced block #19 / 20 tx / 0 pending / 2,837,000 (60.4%) gas / (0x6fc8dfb19ad4191634a11dcf764bd2f4871246a0c2c48693a56e6b9d7d728a3f)
[m[2m2026-10-01 23:30:10.119+0000[m[2m | [m[2mBftProcessorExecutor-QBFT-0[m[2m | [m[32mINFO [m[2m | [m[2mQbftBesuControllerBuilder[m[2m | [m[32mImported block #20 / 20 tx / 1 pending / 2,837,012 (60.4%) gas / (0x286fb3ff538e3d638bc7cc4d8b99347a55f00558e3fcb1fa0856b904298ad318)
[m[2m2026-10-01 23:30:12.079+0000[m[2m | [m[2mBftProcessorExecutor-QBFT-0[m[2m | [m[32mINFO [m[2m | [m[2mQbftBesuControllerBuilder[m[2m | [m[32mImported block #21 / 20 tx / 0 pending / 2,837,012 (60.4%) gas / (0x83512131bddc6dfb1f67fdbf0a6c8574eb20e65dfe74b2494522b108cbb090b1)
[m[2m2026-10-01 23:30:14.064+0000[m[2m | [m[2mBftProcessorExecutor-QBFT-0[m[2m | [m[32mINFO [m[2m | [m[2mQbftBesuControllerBuilder[m[2m | [m[32mImported block #22 / 5 tx / 0 pending / 709,241 (15.1%) gas / (0x76a94be749491cedc5b4271bfb94c91a0baf5f417576c2be8a749c4f2b1f7e3a)
[m[2m2026-10-01 23:30:14.066+0000[m[2m | [m[2mEthScheduler-Workers-6[m[2m | [m[32mINFO [m[2m | [m[2mPersistBlockTask[m[2m | [m[32mBlock 22 (0x76a94be749491cedc5b4271bfb94c91a0baf5f417576c2be8a749c4f2b1f7e3a) is already imported
[m[2m2026-10-01 23:30:16.026+0000[m[2m | [m[2mBftProcessorExecutor-QBFT-0[m[2m | [m[32mINFO [m[2m | [m[2mQbftBesuControllerBuilder[m[2m | [m[32mProduced empty block #23 / 0 tx / 0 pending / 0 (0.0%) gas / (0x3d411537420af2ecdd848ccc3f3b934f736a33ac46a197265ec23d4272b90424)
[m[2m2026-10-01 23:30:18.023+0000[m[2m | [m[2mBftProcessorExecutor-QBFT-0[m[2m | [m[32mINFO [m[2m | [m[2mQbftBesuControllerBuilder[m[2m | [m[32mImported empty block #24 / 0 tx / 0 pending / 0 (0.0%) gas / (0xcc211c92cc70a357d3e608c5e2c2819c4d6206f9250c77c1921594937ce87e45)
[m[2m2026-10-01 23:30:20.022+0000[m[2m | [m[2mBftProcessorExecutor-QBFT-0[m[2m | [m[32mINFO [m[2m | [m[2mQbftBesuControllerBuilder[m[2m | [m[32mImported empty block #25 / 0 tx / 0 pending / 0 (0.0%) gas / (0x6a29970a7d33e579173970f4bae93ea54f4e18b8cf598d78b8c4d3c025019862)
[m[2m2026-10-01 23:30:22.030+0000[m[2m | [m[2mBftProcessorExecutor-QBFT-0[m[2m | [m[32mINFO [m[2m | [m[2mQbftBesuControllerBuilder[m[2m | [m[32mImported empty block #26 / 0 tx / 0 pending / 0 (0.0%) gas / (0x678b2e07c9b2d267d44ea341f13336d74733894260c4c4176795a7eaa7b2d869)
[m[2m2026-10-01 23:30:24.017+0000[m[2m | [m[2mBftProcessorExecutor-QBFT-0[m[2m | [m[32mINFO [m[2m | [m[2mQbftBesuControllerBuilder[m[2m | [m[32mProduced empty block #27 / 0 tx / 0 pending / 0 (0.0%) gas / (0x8db0559a3482438412646eb3e3861743acd66e06498941d24c7c1475dfb1f62f)
[m[2m2026-10-01 23:30:26.074+0000[m[2m | [m[2mBftProcessorExecutor-QBFT-0[m[2m | [m[32mINFO [m[2m | [m[2mQbftBesuControllerBuilder[m[2m | [m[32mImported block #28 / 18 tx / 2 pending / 2,553,318 (54.3%) gas / (0x399831268d6826464adb57c01cc9fa933ab1562b97d7bfdb83153cba5bf437bc)
[m[2m2026-10-01 23:30:28.098+0000[m[2m | [m[2mBftProcessorExecutor-QBFT-0[m[2m | [m[32mINFO [m[2m | [m[2mQbftBesuControllerBuilder[m[2m | [m[32mImported block #29 / 32 tx / 9 pending / 4,539,188 (96.6%) gas / (0xd4d11a6677b01c12d84f399aebec9947c9b39cf2216d398f591e67904615cc8a)
[m[2m2026-10-01 23:30:30.224+0000[m[2m | [m[2mBftProcessorExecutor-QBFT-0[m[2m | [m[32mINFO [m[2m | [m[2mQbftBesuControllerBuilder[m[2m | [m[32mImported block #30 / 32 tx / 19 pending / 4,539,128 (96.6%) gas / (0x6897285c38562cf6d25ec8d232d128f98aa9e7c9094339a3585fbd36e04e93c1)
[m[2m2026-10-01 23:30:30.224+0000[m[2m | [m[2mEthScheduler-Workers-2[m[2m | [m[32mINFO [m[2m | [m[2mPersistBlockTask[m[2m | [m[32mBlock 30 (0x6897285c38562cf6d25ec8d232d128f98aa9e7c9094339a3585fbd36e04e93c1) is already imported
[m[2m2026-10-01 23:30:32.102+0000[m[2m | [m[2mBftProcessorExecutor-QBFT-0[m[2m | [m[32mINFO [m[2m | [m[2mQbftBesuControllerBuilder[m[2m | [m[32mProduced block #31 / 32 tx / 25 pending / 4,539,248 (96.6%) gas / (0x6ceeddbd07e1f548035b77e17fbecbd76b5b7fd189645935dfbd5502a6c13c8d)
[m[2m2026-10-01 23:30:34.229+0000[m[2m | [m[2mBftProcessorExecutor-QBFT-0[m[2m | [m[32mINFO [m[2m | [m[2mQbftBesuControllerBuilder[m[2m | [m[32mImported block #32 / 32 tx / 35 pending / 4,539,212 (96.6%) gas / (0xe20b9ada9aafd441856444eae1fc43fab6dec50fa2d9f8c2a1a0787ee42aaec5)
[m[2m2026-10-01 23:30:36.179+0000[m[2m | [m[2mBftProcessorExecutor-QBFT-0[m[2m | [m[32mINFO [m[2m | [m[2mQbftBesuControllerBuilder[m[2m | [m[32mImported block #33 / 32 tx / 43 pending / 4,539,200 (96.6%) gas / (0x6dd7d60f98a86c8727e712f765b0fb0b26eec53f2aaea2e6a3db24788183cd8e)
[m[2m2026-10-01 23:30:38.132+0000[m[2m | [m[2mBftProcessorExecutor-QBFT-0[m[2m | [m[32mINFO [m[2m | [m[2mQbftBesuControllerBuilder[m[2m | [m[32mImported block #34 / 32 tx / 50 pending / 4,539,176 (96.6%) gas / (0x9d94e0b61d4ed77b357cb0a6883cd0c5664cd86138e7f1138bbcffd354ecc6f2)
[m[2m2026-10-01 23:30:40.187+0000[m[2m | [m[2mBftProcessorExecutor-QBFT-0[m[2m | [m[32mINFO [m[2m | [m[2mQbftBesuControllerBuilder[m[2m | [m[32mProduced block #35 / 32 tx / 58 pending / 4,539,140 (96.6%) gas / (0x46f3f0cb617baaae0492d2e053ba0a872a4f6d81db3d3e7512d883c61e24ea5c)
[m[2m2026-10-01 23:30:42.145+0000[m[2m | [m[2mBftProcessorExecutor-QBFT-0[m[2m | [m[32mINFO [m[2m | [m[2mQbftBesuControllerBuilder[m[2m | [m[32mImported block #36 / 32 tx / 66 pending / 4,539,188 (96.6%) gas / (0x1e734a48096835f44c5947b8854f60cfd36dc69d1a5bd87e6507488058f34f2e)
[m[2m2026-10-01 23:30:42.147+0000[m[2m | [m[2mEthScheduler-Workers-4[m[2m | [m[32mINFO [m[2m | [m[2mPersistBlockTask[m[2m | [m[32mBlock 36 (0x1e734a48096835f44c5947b8854f60cfd36dc69d1a5bd87e6507488058f34f2e) is already imported
[m[2m2026-10-01 23:30:44.190+0000[m[2m | [m[2mBftProcessorExecutor-QBFT-0[m[2m | [m[32mINFO [m[2m | [m[2mQbftBesuControllerBuilder[m[2m | [m[32mImported block #37 / 32 tx / 76 pending / 4,539,188 (96.6%) gas / (0x7e99e949e8058a4f631a41a9f03cdbea3bfad8f4a5375eba0b32a8de0438b444)
[m[2m2026-10-01 23:30:46.147+0000[m[2m | [m[2mBftProcessorExecutor-QBFT-0[m[2m | [m[32mINFO [m[2m | [m[2mQbftBesuControllerBuilder[m[2m | [m[32mImported block #38 / 32 tx / 82 pending / 4,539,200 (96.6%) gas / (0x764a1ad4c42ecd52f6a8eef424eaaf408d77d295ae4097e3d0c48f0471b9213a)
[m[2m2026-10-01 23:30:48.131+0000[m[2m | [m[2mBftProcessorExecutor-QBFT-0[m[2m | [m[32mINFO [m[2m | [m[2mQbftBesuControllerBuilder[m[2m | [m[32mProduced block #39 / 32 tx / 89 pending / 4,539,200 (96.6%) gas / (0xbb747f27466d85e81ab31fbda13738d5af2a8c93cd9f3a1121db998b3c3c90df)
[m[2m2026-10-01 23:30:50.086+0000[m[2m | [m[2mBftProcessorExecutor-QBFT-0[m[2m | [m[32mINFO [m[2m | [m[2mQbftBesuControllerBuilder[m[2m | [m[32mImported block #40 / 32 tx / 97 pending / 4,539,164 (96.6%) gas / (0x0f9dd0bde09a020a53c51d210500def1fffadd99ecf6622a78ea0eab52f7067d)
[m[2m2026-10-01 23:30:52.116+0000[m[2m | [m[2mBftProcessorExecutor-QBFT-0[m[2m | [m[32mINFO [m[2m | [m[2mQbftBesuControllerBuilder[m[2m | [m[32mImported block #41 / 32 tx / 106 pending / 4,539,200 (96.6%) gas / (0x6065c4341b25225e5991612e78713002ba6956ff280c3fa7115274081e96dfac)
[m[2m2026-10-01 23:30:54.154+0000[m[2m | [m[2mBftProcessorExecutor-QBFT-0[m[2m | [m[32mINFO [m[2m | [m[2mQbftBesuControllerBuilder[m[2m | [m[32mImported block #42 / 32 tx / 114 pending / 4,539,224 (96.6%) gas / (0x9423a1d8806619d52e71030723063f1dd718152e463d21b312ef348b1e6d2b6b)
[m[2m2026-10-01 23:30:56.117+0000[m[2m | [m[2mBftProcessorExecutor-QBFT-0[m[2m | [m[32mINFO [m[2m | [m[2mQbftBesuControllerBuilder[m[2m | [m[32mProduced block #43 / 32 tx / 103 pending / 4,539,164 (96.6%) gas / (0xef4ef0090f92c4a14ec4ac0f74db4b8a184844091df2687a40ec829dd4545f60)
[m[2m2026-10-01 23:30:58.096+0000[m[2m | [m[2mBftProcessorExecutor-QBFT-0[m[2m | [m[32mINFO [m[2m | [m[2mQbftBesuControllerBuilder[m[2m | [m[32mImported block #44 / 32 tx / 71 pending / 4,539,200 (96.6%) gas / (0xbe24f7325fe279edd9ca7c427c213adfabda0acb11bad293ee49bd94b516bdfc)
[m[2m2026-10-01 23:31:00.135+0000[m[2m | [m[2mBftProcessorExecutor-QBFT-0[m[2m | [m[32mINFO [m[2m | [m[2mQbftBesuControllerBuilder[m[2m | [m[32mImported block #45 / 32 tx / 39 pending / 4,539,212 (96.6%) gas / (0x76f725e693a79c7af2605334ded663c955f7327cf7258a2f71ba1a2a15f7aad4)
[m[2m2026-10-01 23:31:02.098+0000[m[2m | [m[2mBftProcessorExecutor-QBFT-0[m[2m | [m[32mINFO [m[2m | [m[2mQbftBesuControllerBuilder[m[2m | [m[32mImported block #46 / 32 tx / 7 pending / 4,539,236 (96.6%) gas / (0x424edd017debd168572c58019f23e5d8443cbc2451f063313398108e48ca2d83)
[m[2m2026-10-01 23:31:04.040+0000[m[2m | [m[2mBftProcessorExecutor-QBFT-0[m[2m | [m[32mINFO [m[2m | [m[2mQbftBesuControllerBuilder[m[2m | [m[32mProduced block #47 / 7 tx / 0 pending / 992,947 (21.1%) gas / (0x971176f2bd23240343f1f42fa38609860f5be64f99714bb996a68bb39185f65a)
[m[2m2026-10-01 23:31:06.019+0000[m[2m | [m[2mBftProcessorExecutor-QBFT-0[m[2m | [m[32mINFO [m[2m | [m[2mQbftBesuControllerBuilder[m[2m | [m[32mImported empty block #48 / 0 tx / 0 pending / 0 (0.0%) gas / (0xfa76af21fd9c3130785681714207f3050b5f9993737f4744ebbba6fecc77eada)
[m[2m2026-10-01 23:31:08.023+0000[m[2m | [m[2mBftProcessorExecutor-QBFT-0[m[2m | [m[32mINFO [m[2m | [m[2mQbftBesuControllerBuilder[m[2m | [m[32mImported empty block #49 / 0 tx / 0 pending / 0 (0.0%) gas / (0xa05a0ef99e1113707b278dbb1607e79523f530ea22e863db8526c205528652f7)
[m[2m2026-10-01 23:31:10.029+0000[m[2m | [m[2mBftProcessorExecutor-QBFT-0[m[2m | [m[32mINFO [m[2m | [m[2mQbftBesuControllerBuilder[m[2m | [m[32mImported empty block #50 / 0 tx / 0 pending / 0 (0.0%) gas / (0x1d8f317f405384caf1563c994611437c7247924c5e10a6ee40a6899b017a2184)
[m[2m2026-10-01 23:31:12.024+0000[m[2m | [m[2mBftProcessorExecutor-QBFT-0[m[2m | [m[32mINFO [m[2m | [m[2mQbftBesuControllerBuilder[m[2m | [m[32mProduced empty block #51 / 0 tx / 0 pending / 0 (0.0%) gas / (0x2d3178dbb35edd1e93a04c50ece749a852ad26802c9f083d5d6df1095f1246dd)
[m[2m2026-10-01 23:31:14.019+0000[m[2m | [m[2mBftProcessorExecutor-QBFT-0[m[2m | [m[32mINFO [m[2m | [m[2mQbftBesuControllerBuilder[m[2m | [m[32mImported empty block #52 / 0 tx / 0 pending / 0 (0.0%) gas / (0x4686f0f84736c50ee4784792cf0c9f028ab989644c475391f4b10f7d09c0497b)
[m[2m2026-10-01 23:31:16.541+0000[m[2m | [m[2mBftProcessorExecutor-QBFT-0[m[2m | [m[32mINFO [m[2m | [m[2mQbftBesuControllerBuilder[m[2m | [m[32mImported block #53 / 32 tx / 16 pending / 4,539,212 (96.6%) gas / (0x5eefc91fb2a9a733291f340645c756294762ea6ccb9747f6e23b56ef23687db9)
[m[2m2026-10-01 23:31:18.113+0000[m[2m | [m[2mBftProcessorExecutor-QBFT-0[m[2m | [m[32mINFO [m[2m | [m[2mQbftBesuControllerBuilder[m[2m | [m[32mImported block #54 / 32 tx / 55 pending / 4,539,224 (96.6%) gas / (0x9a6ca135c1ecd06cd06111fa6f1c43c90f4ab4c084eab9e427eb4f647f50dcce)
[m[2m2026-10-01 23:31:20.072+0000[m[2m | [m[2mBftProcessorExecutor-QBFT-0[m[2m | [m[32mINFO [m[2m | [m[2mQbftBesuControllerBuilder[m[2m | [m[32mProduced block #55 / 32 tx / 100 pending / 4,539,200 (96.6%) gas / (0x1e5428040973d929d4d7e83a00dec5b383317dc9756e62df2cadf0e4a1b8d939)
[m[2m2026-10-01 23:31:22.176+0000[m[2m | [m[2mBftProcessorExecutor-QBFT-0[m[2m | [m[32mINFO [m[2m | [m[2mQbftBesuControllerBuilder[m[2m | [m[32mImported block #56 / 32 tx / 152 pending / 4,539,200 (96.6%) gas / (0xcfa878ea4e789de1b9836af510201a406d367404f0f136fbe56bed28dd7728ca)
[m[2m2026-10-01 23:31:24.099+0000[m[2m | [m[2mBftProcessorExecutor-QBFT-0[m[2m | [m[32mINFO [m[2m | [m[2mQbftBesuControllerBuilder[m[2m | [m[32mImported block #57 / 32 tx / 168 pending / 4,539,188 (96.6%) gas / (0xd3fb9c4406433106d314254e98c3c951d52994419fed48c87976852bb267730b)
[m[2m2026-10-01 23:31:26.075+0000[m[2m | [m[2mBftProcessorExecutor-QBFT-0[m[2m | [m[32mINFO [m[2m | [m[2mQbftBesuControllerBuilder[m[2m | [m[32mImported block #58 / 32 tx / 136 pending / 4,539,248 (96.6%) gas / (0xb872eb9427fcb137ec84da660fec2107d007fc21f9b9ab42dd10d8315cd3154b)
[m[2m2026-10-01 23:31:28.064+0000[m[2m | [m[2mBftProcessorExecutor-QBFT-0[m[2m | [m[32mINFO [m[2m | [m[2mQbftBesuControllerBuilder[m[2m | [m[32mProduced block #59 / 32 tx / 104 pending / 4,539,128 (96.6%) gas / (0x1dbaf92db3979d355a1f2e7cddd1f20467913fb4c0bbc5ec7fcf4351f4c4601a)
[m[2m2026-10-01 23:31:30.086+0000[m[2m | [m[2mBftProcessorExecutor-QBFT-0[m[2m | [m[32mINFO [m[2m | [m[2mQbftBesuControllerBuilder[m[2m | [m[32mImported block #60 / 32 tx / 72 pending / 4,539,212 (96.6%) gas / (0xf538cb32ba82a011b7e1a8915192c47fb40081066ad64c5edc601815cf87f5a8)
[m[2m2026-10-01 23:31:32.062+0000[m[2m | [m[2mBftProcessorExecutor-QBFT-0[m[2m | [m[32mINFO [m[2m | [m[2mQbftBesuControllerBuilder[m[2m | [m[32mImported block #61 / 32 tx / 40 pending / 4,539,104 (96.6%) gas / (0x28ca5804e4381da623ac723590b72bf411cf476fbd1db2aa3e8b5e9d5e16bbb3)
[m[2m2026-10-01 23:31:34.058+0000[m[2m | [m[2mBftProcessorExecutor-QBFT-0[m[2m | [m[32mINFO [m[2m | [m[2mQbftBesuControllerBuilder[m[2m | [m[32mImported block #62 / 32 tx / 8 pending / 4,539,212 (96.6%) gas / (0x4f195f42e818a7ec1c5cfa0397bb59dd65fe46616c26a4dd66c06656a320405a)
[m[2m2026-10-01 23:31:36.043+0000[m[2m | [m[2mBftProcessorExecutor-QBFT-0[m[2m | [m[32mINFO [m[2m | [m[2mQbftBesuControllerBuilder[m[2m | [m[32mProduced block #63 / 8 tx / 0 pending / 1,134,800 (24.1%) gas / (0x8455e8bb85f63d02e0c5da29ff60e87f6ca26e58eef920b2e5b1e08695d5d29e)
[m[2m2026-10-01 23:31:38.019+0000[m[2m | [m[2mBftProcessorExecutor-QBFT-0[m[2m | [m[32mINFO [m[2m | [m[2mQbftBesuControllerBuilder[m[2m | [m[32mImported empty block #64 / 0 tx / 0 pending / 0 (0.0%) gas / (0xa4885a416e5102f243345fcdc923fda2c1a47c88745a799e365f2452437e4676)
[m[2m2026-10-01 23:31:40.015+0000[m[2m | [m[2mBftProcessorExecutor-QBFT-0[m[2m | [m[32mINFO [m[2m | [m[2mQbftBesuControllerBuilder[m[2m | [m[32mImported empty block #65 / 0 tx / 0 pending / 0 (0.0%) gas / (0xee05610d69fdc8e0fe6d734b2e14d7967d0513ef30a82c29b3021e99e9055bb4)
[m[2m2026-10-01 23:31:42.022+0000[m[2m | [m[2mBftProcessorExecutor-QBFT-0[m[2m | [m[32mINFO [m[2m | [m[2mQbftBesuControllerBuilder[m[2m | [m[32mImported empty block #66 / 0 tx / 0 pending / 0 (0.0%) gas / (0xeda69dc88b6453c2ce40c1a6a8c65485c3d8a60d898d23e4fcb18391a1c29665)
[m[2m2026-10-01 23:31:44.014+0000[m[2m | [m[2mBftProcessorExecutor-QBFT-0[m[2m | [m[32mINFO [m[2m | [m[2mQbftBesuControllerBuilder[m[2m | [m[32mProduced empty block #67 / 0 tx / 0 pending / 0 (0.0%) gas / (0xa3df91fe76902aac0c523fafb32fe5651e89c962f63a649de488a5df2cf399dc)
[m[2m2026-10-01 23:31:46.023+0000[m[2m | [m[2mBftProcessorExecutor-QBFT-0[m[2m | [m[32mINFO [m[2m | [m[2mQbftBesuControllerBuilder[m[2m | [m[32mImported empty block #68 / 0 tx / 0 pending / 0 (0.0%) gas / (0xf70d107ffda671e815098a1bea9e5623e3754259b590a120a78e1578f64abf77)
[m[2m2026-10-01 23:31:48.021+0000[m[2m | [m[2mBftProcessorExecutor-QBFT-0[m[2m | [m[32mINFO [m[2m | [m[2mQbftBesuControllerBuilder[m[2m | [m[32mImported empty block #69 / 0 tx / 0 pending / 0 (0.0%) gas / (0x80a666c898a1d99547193b40b449242826083543b023ce9f860b16d37fd8c27b)
[m[2m2026-10-01 23:31:50.013+0000[m[2m | [m[2mBftProcessorExecutor-QBFT-0[m[2m | [m[32mINFO [m[2m | [m[2mQbftBesuControllerBuilder[m[2m | [m[32mImported empty block #70 / 0 tx / 0 pending / 0 (0.0%) gas / (0xe4494001c69520be9455b6e20e81af3946fdfef4a38a49ef8086e9db6780321e)
[m[2m2026-10-01 23:31:52.011+0000[m[2m | [m[2mBftProcessorExecutor-QBFT-0[m[2m | [m[32mINFO [m[2m | [m[2mQbftBesuControllerBuilder[m[2m | [m[32mProduced empty block #71 / 0 tx / 0 pending / 0 (0.0%) gas / (0x7dc6c992e28ce5c878ef54cb4a9e217c3cc8dc402d3e72253c816e3199d197a7)
[m[2m2026-10-01 23:31:54.012+0000[m[2m | [m[2mBftProcessorExecutor-QBFT-0[m[2m | [m[32mINFO [m[2m | [m[2mQbftBesuControllerBuilder[m[2m | [m[32mImported empty block #72 / 0 tx / 0 pending / 0 (0.0%) gas / (0x13bbc4792ca65217946d085108e020ab87c6ca8f0cbb64e5694118a6d987086a)
[m[2m2026-10-01 23:31:56.020+0000[m[2m | [m[2mBftProcessorExecutor-QBFT-0[m[2m | [m[32mINFO [m[2m | [m[2mQbftBesuControllerBuilder[m[2m | [m[32mImported empty block #73 / 0 tx / 0 pending / 0 (0.0%) gas / (0x5323bfaf1d11f4908c9d60f34156d4f0ca39f80e131aeef217579389451e3471)
[m[2m2026-10-01 23:31:58.017+0000[m[2m | [m[2mBftProcessorExecutor-QBFT-0[m[2m | [m[32mINFO [m[2m | [m[2mQbftBesuControllerBuilder[m[2m | [m[32mImported empty block #74 / 0 tx / 0 pending / 0 (0.0%) gas / (0x7c76a1d56888cf4fbf05391b41099fdff0ef6020f0cd7ddf65c3211ec4f10bb0)
[m[2m2026-10-01 23:32:00.021+0000[m[2m | [m[2mBftProcessorExecutor-QBFT-0[m[2m | [m[32mINFO [m[2m | [m[2mQbftBesuControllerBuilder[m[2m | [m[32mProduced empty block #75 / 0 tx / 0 pending / 0 (0.0%) gas / (0x66d8ad1bbbae8105810767b7afa078e8b5a70f2cf1aaea91ef95709b81608809)
[m[2m2026-10-01 23:32:02.017+0000[m[2m | [m[2mBftProcessorExecutor-QBFT-0[m[2m | [m[32mINFO [m[2m | [m[2mQbftBesuControllerBuilder[m[2m | [m[32mImported empty block #76 / 0 tx / 0 pending / 0 (0.0%) gas / (0x552fc545dd3d2e1f7419de0096cc4c13df62a9294241b98608a589325144f762)
[m[2m2026-10-01 23:32:04.059+0000[m[2m | [m[2mBftProcessorExecutor-QBFT-0[m[2m | [m[32mINFO [m[2m | [m[2mQbftBesuControllerBuilder[m[2m | [m[32mImported empty block #77 / 0 tx / 0 pending / 0 (0.0%) gas / (0xee72212ad3011eab2d8ddbd52d951f589e065ad7c5bfb093c2dde1205d758c94)
[m[2m2026-10-01 23:32:06.019+0000[m[2m | [m[2mBftProcessorExecutor-QBFT-0[m[2m | [m[32mINFO [m[2m | [m[2mQbftBesuControllerBuilder[m[2m | [m[32mImported empty block #78 / 0 tx / 0 pending / 0 (0.0%) gas / (0x243eb7da217c82012970aaae806d34297fd596eadf8e3aa4a54b74d6b069d791)
[m[2m2026-10-01 23:32:08.022+0000[m[2m | [m[2mBftProcessorExecutor-QBFT-0[m[2m | [m[32mINFO [m[2m | [m[2mQbftBesuControllerBuilder[m[2m | [m[32mProduced empty block #79 / 0 tx / 0 pending / 0 (0.0%) gas / (0x2c9891bbb422c4af33108a131d8ad6135330c2f232008feeb2557917ab943bc4)
[m[2m2026-10-01 23:32:10.038+0000[m[2m | [m[2mBftProcessorExecutor-QBFT-0[m[2m | [m[32mINFO [m[2m | [m[2mQbftBesuControllerBuilder[m[2m | [m[32mImported empty block #80 / 0 tx / 0 pending / 0 (0.0%) gas / (0x1f547a2990d5a1c6458f90011073b8e8b5ce3e18a1181bf8062b2dd6584891c6)
[m[2m2026-10-01 23:32:12.026+0000[m[2m | [m[2mBftProcessorExecutor-QBFT-0[m[2m | [m[32mINFO [m[2m | [m[2mQbftBesuControllerBuilder[m[2m | [m[32mImported empty block #81 / 0 tx / 0 pending / 0 (0.0%) gas / (0xf81d1c9ce8f0c265c3000a13522c311b669fefffd603dab9fd11483d6476ced1)
[m[2m2026-10-01 23:32:14.013+0000[m[2m | [m[2mBftProcessorExecutor-QBFT-0[m[2m | [m[32mINFO [m[2m | [m[2mQbftBesuControllerBuilder[m[2m | [m[32mImported empty block #82 / 0 tx / 0 pending / 0 (0.0%) gas / (0x4c7504434a7ed416b43c2b5f803908cc502807e14a531f7a8c060c5bb147d3e9)
[m[2m2026-10-01 23:32:16.018+0000[m[2m | [m[2mBftProcessorExecutor-QBFT-0[m[2m | [m[32mINFO [m[2m | [m[2mQbftBesuControllerBuilder[m[2m | [m[32mProduced empty block #83 / 0 tx / 0 pending / 0 (0.0%) gas / (0xb590cd79d78e9b9677e9b75a64871b720daf080bf03ee83440fe2a6e9254f057)
[m[2m2026-10-01 23:32:18.014+0000[m[2m | [m[2mBftProcessorExecutor-QBFT-0[m[2m | [m[32mINFO [m[2m | [m[2mQbftBesuControllerBuilder[m[2m | [m[32mImported empty block #84 / 0 tx / 0 pending / 0 (0.0%) gas / (0x6f375d6df5b50179d416ef481184f48832dca23e53211c0ccfd1a64079417970)
[m[2m2026-10-01 23:32:20.022+0000[m[2m | [m[2mBftProcessorExecutor-QBFT-0[m[2m | [m[32mINFO [m[2m | [m[2mQbftBesuControllerBuilder[m[2m | [m[32mImported empty block #85 / 0 tx / 0 pending / 0 (0.0%) gas / (0x428cd8bfff65dfe21aaf7903338f2264e5e231181e8eed40a65a10369e28dfbc)
[m[2m2026-10-01 23:32:22.016+0000[m[2m | [m[2mBftProcessorExecutor-QBFT-0[m[2m | [m[32mINFO [m[2m | [m[2mQbftBesuControllerBuilder[m[2m | [m[32mImported empty block #86 / 0 tx / 0 pending / 0 (0.0%) gas / (0xcf871fa1ea6fa838de6d669a420ad06517d51058c7570f99ce81a596b0d94840)
[m[2m2026-10-01 23:32:24.017+0000[m[2m | [m[2mBftProcessorExecutor-QBFT-0[m[2m | [m[32mINFO [m[2m | [m[2mQbftBesuControllerBuilder[m[2m | [m[32mProduced empty block #87 / 0 tx / 0 pending / 0 (0.0%) gas / (0x5411ca6e3f8bc705c523ea6fb2c4a960d22ea9470c136fba1915d66fe7034fde)
[m[2m2026-10-01 23:32:26.020+0000[m[2m | [m[2mBftProcessorExecutor-QBFT-0[m[2m | [m[32mINFO [m[2m | [m[2mQbftBesuControllerBuilder[m[2m | [m[32mImported empty block #88 / 0 tx / 0 pending / 0 (0.0%) gas / (0xa42f6becd89aa8cfd9e38c7d4d92da5e54f56001b1483a7e17d29062aaa6e660)
[m[2m2026-10-01 23:32:28.020+0000[m[2m | [m[2mBftProcessorExecutor-QBFT-0[m[2m | [m[32mINFO [m[2m | [m[2mQbftBesuControllerBuilder[m[2m | [m[32mImported empty block #89 / 0 tx / 0 pending / 0 (0.0%) gas / (0xcd8cf2395453af8802b0397341208d8e3940c310ee3bf0d7e683390e0f5e9553)
[m[2m2026-10-01 23:32:30.023+0000[m[2m | [m[2mBftProcessorExecutor-QBFT-0[m[2m | [m[32mINFO [m[2m | [m[2mQbftBesuControllerBuilder[m[2m | [m[32mImported empty block #90 / 0 tx / 0 pending / 0 (0.0%) gas / (0x6ace9e460929b6e1b85736e134629d80c3a7de43e513eeb13707b645ea3517d2)
[m[2m2026-10-01 23:32:32.021+0000[m[2m | [m[2mBftProcessorExecutor-QBFT-0[m[2m | [m[32mINFO [m[2m | [m[2mQbftBesuControllerBuilder[m[2m | [m[32mProduced empty block #91 / 0 tx / 0 pending / 0 (0.0%) gas / (0x174f966556e20af14ddc33446287101475e400b0445e58791bdb1a03be03794a)
[m[2m2026-10-01 23:32:34.014+0000[m[2m | [m[2mBftProcessorExecutor-QBFT-0[m[2m | [m[32mINFO [m[2m | [m[2mQbftBesuControllerBuilder[m[2m | [m[32mImported empty block #92 / 0 tx / 0 pending / 0 (0.0%) gas / (0x6e0e6b102730d28bb79ff57260a86507fa7d0fa901431380fa7010343cedb99d)
[m[2m2026-10-01 23:32:36.017+0000[m[2m | [m[2mBftProcessorExecutor-QBFT-0[m[2m | [m[32mINFO [m[2m | [m[2mQbftBesuControllerBuilder[m[2m | [m[32mImported empty block #93 / 0 tx / 0 pending / 0 (0.0%) gas / (0xc7d04301c0826d4f529f928a3e4defe0a88808d48f471c383e313dbc808dca56)
[m[2m2026-10-01 23:32:38.027+0000[m[2m | [m[2mBftProcessorExecutor-QBFT-0[m[2m | [m[32mINFO [m[2m | [m[2mQbftBesuControllerBuilder[m[2m | [m[32mImported empty block #94 / 0 tx / 0 pending / 0 (0.0%) gas / (0x6a2204c474910eb0a1e564f714347b04fc9d27b146360c6f7fceb5561bb131f2)
[m[2m2026-10-01 23:32:40.021+0000[m[2m | [m[2mBftProcessorExecutor-QBFT-0[m[2m | [m[32mINFO [m[2m | [m[2mQbftBesuControllerBuilder[m[2m | [m[32mProduced empty block #95 / 0 tx / 0 pending / 0 (0.0%) gas / (0x7841753a3a530a9ff1917c8a5fe739b3949ebd263ba96db69b4a2a62a20e578a)
[m[2m2026-10-01 23:32:42.021+0000[m[2m | [m[2mBftProcessorExecutor-QBFT-0[m[2m | [m[32mINFO [m[2m | [m[2mQbftBesuControllerBuilder[m[2m | [m[32mImported empty block #96 / 0 tx / 0 pending / 0 (0.0%) gas / (0x914313f48ec9c0cb5aee2205ecdac64a0d09fc4ea54ecc9c8bbdaebd9313f3fc)
[m[2m2026-10-01 23:32:44.009+0000[m[2m | [m[2mBftProcessorExecutor-QBFT-0[m[2m | [m[32mINFO [m[2m | [m[2mQbftBesuControllerBuilder[m[2m | [m[32mImported empty block #97 / 0 tx / 0 pending / 0 (0.0%) gas / (0x0a6bc82aa6fa015e5e15d1344a80fcccd6c614cd3c4f53041b3e2ab7a7175fc0)
[m[2m2026-10-01 23:32:46.016+0000[m[2m | [m[2mBftProcessorExecutor-QBFT-0[m[2m | [m[32mINFO [m[2m | [m[2mQbftBesuControllerBuilder[m[2m | [m[32mImported empty block #98 / 0 tx / 0 pending / 0 (0.0%) gas / (0x62b1257c44b97e8d61d90b950e79c2104b2e5820f959b6bc67432752de47cee5)
[m[2m2026-10-01 23:32:48.019+0000[m[2m | [m[2mBftProcessorExecutor-QBFT-0[m[2m | [m[32mINFO [m[2m | [m[2mQbftBesuControllerBuilder[m[2m | [m[32mProduced empty block #99 / 0 tx / 0 pending / 0 (0.0%) gas / (0x7581f0310aba83e30a20764671a74427699e26de8f0e1cdd858d555dbdbe0099)
[m[2m2026-10-01 23:32:50.020+0000[m[2m | [m[2mBftProcessorExecutor-QBFT-0[m[2m | [m[32mINFO [m[2m | [m[2mQbftBesuControllerBuilder[m[2m | [m[32mImported empty block #100 / 0 tx / 0 pending / 0 (0.0%) gas / (0x8f98cebea1573734bd2c4079005750898433ded0a16b0b7b136909ebadd43d7e)
[m[2m2026-10-01 23:32:52.018+0000[m[2m | [m[2mBftProcessorExecutor-QBFT-0[m[2m | [m[32mINFO [m[2m | [m[2mQbftBesuControllerBuilder[m[2m | [m[32mImported empty block #101 / 0 tx / 0 pending / 0 (0.0%) gas / (0xc09c750c19b9be65b0690676e73b0e41b54493bd20a604c88f2f409e48957371)
[m[2m2026-10-01 23:32:54.013+0000[m[2m | [m[2mBftProcessorExecutor-QBFT-0[m[2m | [m[32mINFO [m[2m | [m[2mQbftBesuControllerBuilder[m[2m | [m[32mImported empty block #102 / 0 tx / 0 pending / 0 (0.0%) gas / (0xfeefb33fa5ba7d0f7effb8173c6b43cead32122546614112c1322d21408493f9)
[m[2m2026-10-01 23:32:56.016+0000[m[2m | [m[2mBftProcessorExecutor-QBFT-0[m[2m | [m[32mINFO [m[2m | [m[2mQbftBesuControllerBuilder[m[2m | [m[32mProduced empty block #103 / 0 tx / 0 pending / 0 (0.0%) gas / (0x305ce09c41cf925684b6705417875e4b73b6bd2af2cd9b0d094ab1a3778cf075)
[m[2m2026-10-01 23:32:58.017+0000[m[2m | [m[2mBftProcessorExecutor-QBFT-0[m[2m | [m[32mINFO [m[2m | [m[2mQbftBesuControllerBuilder[m[2m | [m[32mImported empty block #104 / 0 tx / 0 pending / 0 (0.0%) gas / (0xd5b4b44aba9d1663ac8b92de404f18d7f1dd2244e45d9782de78988efc90eba7)
[m[2m2026-10-01 23:33:00.032+0000[m[2m | [m[2mBftProcessorExecutor-QBFT-0[m[2m | [m[32mINFO [m[2m | [m[2mQbftBesuControllerBuilder[m[2m | [m[32mImported empty block #105 / 0 tx / 0 pending / 0 (0.0%) gas / (0x1ae8f9ac39fe6dbafcb096530ce64aefd026a17af496d406f3b8859884709a43)
