Setting permissions for: /data with access: READ_WRITE
[2m2026-10-01 19:27:30.026+0000[m[2m | [m[2mmain[m[2m | [m[32mINFO [m[2m | [m[2mBesu[m[2m | [m[32mStarting Besu
[m[2m2026-10-01 19:27:30.867+0000[m[2m | [m[2mmain[m[2m | [m[33mWARN [m[2m | [m[2mBesu[m[2m | [m[33m--graphql-http-host has been ignored because --graphql-http-enabled was not defined on the command line.
[m[2m2026-10-01 19:27:31.964+0000[m[2m | [m[2mmain[m[2m | [m[32mINFO [m[2m | [m[2mBesu[m[2m | [m[32mRPC HTTP JSON-RPC config: JsonRpcConfiguration{enabled=true, port=8545, host=0.0.0.0, corsAllowedDomains=[*], hostsAllowlist=[*], rpcApis=[ETH, NET, QBFT, WEB3], authenticationEnabled=false, authenticationCredentialsFile=null, authenticationPublicKeyFile=null, tlsConfiguration=Optional.empty, httpTimeoutSec=30, maxActiveConnections=80, maxBatchSize=1024}
[m[2m2026-10-01 19:27:31.967+0000[m[2m | [m[2mmain[m[2m | [m[33mWARN [m[2m | [m[2mBesu[m[2m | [m[33mForcing --bonsai-limit-trie-logs-enabled=false, since it cannot be enabled with --sync-mode=FULL and --data-storage-format=BONSAI.
[m[2m2026-10-01 19:27:31.970+0000[m[2m | [m[2mmain[m[2m | [m[32mINFO [m[2m | [m[2mBesu[m[2m | [m[32mConnecting to 0 static nodes.
[m[2m2026-10-01 19:27:32.065+0000[m[2m | [m[2mmain[m[2m | [m[32mINFO [m[2m | [m[2mBesu[m[2m | [m[32m
####################################################################################################
#                                                                                                  #
# Besu version 26.6.0-RC1                                                                          #
#                                                                                                  #
# Configuration:                                                                                   #
# Network: Custom genesis file                                                                     #
# /genesis.json                                                                                    #
# Network Id: 1337                                                                                 #
# Data storage: Bonsai                                                                             #
# Sync mode: Full                                                                                  #
# Sync min peers: 5                                                                                #
# RPC HTTP APIs: ETH,NET,QBFT,WEB3                                                                 #
# RPC HTTP port: 8545                                                                              #
# Using LAYERED transaction pool implementation                                                    #
# Using STACKED worldstate update mode                                                             #
# Opcode optimizations enabled                                                                     #
# Parallel transaction processing enabled                                                          #
# BAL pruning enabled (retained BALs: 113056)                                                      #
# Target Gas Limit: 60M                                                                            #
#                                                                                                  #
# Host:                                                                                            #
# Java: openjdk-java-25                                                                            #
# Maximum heap size: 1.94 GB                                                                       #
# OS: linux-aarch_64                                                                               #
# glibc: 2.39                                                                                      #
# jemalloc: 5.3.0-0-g54eaed1d8b56b1aa528be3bdd1877e59c56fa90c                                      #
# Total memory: 7.75 GB                                                                            #
# CPU cores: 10                                                                                    #
#                                                                                                  #
# Plugin Registration Summary:                                                                     #
# No plugins have been registered.                                                                 #
# TOTAL = 0 of 0 plugins successfully registered.                                                  #
#                                                                                                  #
####################################################################################################
[m[2m2026-10-01 19:27:32.065+0000[m[2m | [m[2mmain[m[2m | [m[32mINFO [m[2m | [m[2mBesu[m[2m | [m[32mSecurity Module: localfile
[m[2m2026-10-01 19:27:32.067+0000[m[2m | [m[2mmain[m[2m | [m[32mINFO [m[2m | [m[2mVersionMetadata[m[2m | [m[32mLookup version metadata file in data directory: /data
[m[2m2026-10-01 19:27:32.164+0000[m[2m | [m[2mmain[m[2m | [m[32mINFO [m[2m | [m[2mVersionMetadata[m[2m | [m[32mExisting version data detected. Besu version 26.6.0-RC1
[m[2m2026-10-01 19:27:32.190+0000[m[2m | [m[2mmain[m[2m | [m[32mINFO [m[2m | [m[2mBesu[m[2m | [m[32mUsing the native implementation of alt bn128
[m[2m2026-10-01 19:27:32.190+0000[m[2m | [m[2mmain[m[2m | [m[32mINFO [m[2m | [m[2mBesu[m[2m | [m[32mUsing the Java implementation of modexp
[m[2m2026-10-01 19:27:32.204+0000[m[2m | [m[2mmain[m[2m | [m[32mINFO [m[2m | [m[2mBesu[m[2m | [m[32mUsing the native implementation of the signature algorithm
[m[2m2026-10-01 19:27:32.209+0000[m[2m | [m[2mmain[m[2m | [m[32mINFO [m[2m | [m[2mBesu[m[2m | [m[32mUsing the Java implementation of the blake2bf algorithm
[m[2m2026-10-01 19:27:32.324+0000[m[2m | [m[2mmain[m[2m | [m[32mINFO [m[2m | [m[2mBesu[m[2m | [m[32mUsing the native BoringSSL implementation of p256verify
[m[2m2026-10-01 19:27:32.440+0000[m[2m | [m[2mmain[m[2m | [m[32mINFO [m[2m | [m[2mKeyPairUtil[m[2m | [m[32mAttempting to load public key from /data/key
[m[2m2026-10-01 19:27:32.460+0000[m[2m | [m[2mmain[m[2m | [m[32mINFO [m[2m | [m[2mKeyPairUtil[m[2m | [m[32mLoaded public key 0x9dad7e05d2eae8b7fe4b0ad3e9154c90931d2526592ab1142683c6cdcbc634082dcb7aec22a64b4d2f11283cd9ca7e32848417a0579b5932cfcae4b18b8a46a2 from /data/key
[m[2m2026-10-01 19:27:32.586+0000[m[2m | [m[2mmain[m[2m | [m[32mINFO [m[2m | [m[2mProtocolScheduleBuilder[m[2m | [m[32mProtocol schedule created with milestones: [Berlin:0]
[m[2m2026-10-01 19:27:32.595+0000[m[2m | [m[2mmain[m[2m | [m[32mINFO [m[2m | [m[2mDatabaseMetadata[m[2m | [m[32mLookup database metadata file in data directory: /data
[m[2m2026-10-01 19:27:32.660+0000[m[2m | [m[2mmain[m[2m | [m[32mINFO [m[2m | [m[2mRocksDBKeyValueStorageFactory[m[2m | [m[32mExisting database at /data. Metadata versionedStorageFormat=BaseVersionedStorageFormat{format=BONSAI, version=3}. Processing WAL...
[m[2m2026-10-01 19:27:33.098+0000[m[2m | [m[2mmain[m[2m | [m[32mINFO [m[2m | [m[2mFlatDbStrategyProvider[m[2m | [m[32mFlat db mode found FULL
[m[2m2026-10-01 19:27:33.104+0000[m[2m | [m[2mmain[m[2m | [m[32mINFO [m[2m | [m[2mFlatDbStrategyProvider[m[2m | [m[32mDB mode with code stored using code hash enabled = true
[m[2m2026-10-01 19:27:33.125+0000[m[2m | [m[2mmain[m[2m | [m[32mINFO [m[2m | [m[2mFlatDbStrategyProvider[m[2m | [m[32mFlat db mode found FULL
[m[2m2026-10-01 19:27:33.126+0000[m[2m | [m[2mmain[m[2m | [m[32mINFO [m[2m | [m[2mFlatDbStrategyProvider[m[2m | [m[32mDB mode with code stored using code hash enabled = true
[m[2m2026-10-01 19:27:33.315+0000[m[2m | [m[2mmain[m[2m | [m[32mINFO [m[2m | [m[2mBesuControllerBuilder[m[2m | [m[32mAdding ChainDataPruner to observe block added events
[m[2m2026-10-01 19:27:33.316+0000[m[2m | [m[2mmain[m[2m | [m[32mINFO [m[2m | [m[2mBesuControllerBuilder[m[2m | [m[32mBAL pruning enabled | BALs retained: 113056 | Frequency: 256
[m[2m2026-10-01 19:27:33.470+0000[m[2m | [m[2mmain[m[2m | [m[32mINFO [m[2m | [m[2mTransactionPoolFactory[m[2m | [m[32mEnabling transaction pool
[m[2m2026-10-01 19:27:33.502+0000[m[2m | [m[2mmain[m[2m | [m[32mINFO [m[2m | [m[2mBesuControllerBuilder[m[2m | [m[32mQBFT is configured, creating initial sync for BFT
[m[2m2026-10-01 19:27:33.503+0000[m[2m | [m[2mmain[m[2m | [m[32mINFO [m[2m | [m[2mBFTPivotSelectorFromPeers[m[2m | [m[32mCreating pivot block selector for BFT node
[m[2m2026-10-01 19:27:33.581+0000[m[2m | [m[2mmain[m[2m | [m[32mINFO [m[2m | [m[2mRunnerBuilder[m[2m | [m[32mResolved 1 bootnodes.
[m[2m2026-10-01 19:27:33.590+0000[m[2m | [m[2mmain[m[2m | [m[32mINFO [m[2m | [m[2mRunnerBuilder[m[2m | [m[32mDetecting NAT service.
[m[2m2026-10-01 19:27:33.758+0000[m[2m | [m[2mmain[m[2m | [m[32mINFO [m[2m | [m[2mRunner[m[2m | [m[32mStarting external services ... 
[m[2m2026-10-01 19:27:33.759+0000[m[2m | [m[2mmain[m[2m | [m[32mINFO [m[2m | [m[2mJsonRpcHttpService[m[2m | [m[32mStarting JSON-RPC service on 0.0.0.0:8545
[m[2m2026-10-01 19:27:33.861+0000[m[2m | [m[2mvert.x-eventloop-thread-3[m[2m | [m[32mINFO [m[2m | [m[2mJsonRpcHttpService[m[2m | [m[32mJSON-RPC service started and listening on 0.0.0.0:8545
[m[2m2026-10-01 19:27:33.864+0000[m[2m | [m[2mmain[m[2m | [m[32mINFO [m[2m | [m[2mWebSocketService[m[2m | [m[32mStarting Websocket service on 0.0.0.0:8546
[m[2m2026-10-01 19:27:33.867+0000[m[2m | [m[2mvert.x-eventloop-thread-3[m[2m | [m[32mINFO [m[2m | [m[2mWebSocketService[m[2m | [m[32mWebsocket service started and listening on 0.0.0.0:8546
[m[2m2026-10-01 19:27:33.869+0000[m[2m | [m[2mmain[m[2m | [m[32mINFO [m[2m | [m[2mAutoTransactionLogBloomCachingService[m[2m | [m[32mStarting auto transaction log bloom caching service.
[m[2m2026-10-01 19:27:33.872+0000[m[2m | [m[2mmain[m[2m | [m[32mINFO [m[2m | [m[2mLogBloomCacheMetadata[m[2m | [m[32mLookup cache metadata file in data directory: /data/caches
[m[2m2026-10-01 19:27:33.917+0000[m[2m | [m[2mmain[m[2m | [m[32mINFO [m[2m | [m[2mRunner[m[2m | [m[32mStarting Ethereum main loop ... 
[m[2m2026-10-01 19:27:33.917+0000[m[2m | [m[2mmain[m[2m | [m[32mINFO [m[2m | [m[2mDockerNatManager[m[2m | [m[32mStarting docker NAT manager.
[m[2m2026-10-01 19:27:33.939+0000[m[2m | [m[2mmain[m[2m | [m[32mINFO [m[2m | [m[2mNetworkRunner[m[2m | [m[32mStarting Network.
[m[2m2026-10-01 19:27:33.963+0000[m[2m | [m[2mnioEventLoopGroup-2-1[m[2m | [m[32mINFO [m[2m | [m[2mRlpxAgent[m[2m | [m[32mP2P RLPx agent started and listening on /[0:0:0:0:0:0:0:0]:30303.
[m[2m2026-10-01 19:27:33.975+0000[m[2m | [m[2mmain[m[2m | [m[32mINFO [m[2m | [m[2mPeerDiscoveryAgentV4[m[2m | [m[32mStarting peer discovery agent on host=0.0.0.0, port=30303. IPv6 available.
[m[2m2026-10-01 19:27:34.000+0000[m[2m | [m[2mvert.x-eventloop-thread-3[m[2m | [m[32mINFO [m[2m | [m[2mVertxPeerDiscoveryAgent[m[2m | [m[32mStarted peer discovery agent successfully, on effective host=0:0:0:0:0:0:0:0 and port=30303
[m[2m2026-10-01 19:27:34.098+0000[m[2m | [m[2mmain[m[2m | [m[32mINFO [m[2m | [m[2mNodeRecordManager[m[2m | [m[32mWriting node record to disk. NodeRecord{seq=1, publicKey=0x029dad7e05d2eae8b7fe4b0ad3e9154c90931d2526592ab1142683c6cdcbc63408, udpAddress=Optional[/127.0.0.1:30303], tcpAddress=Optional[/127.0.0.1:30303], quicAddress=Optional.empty, udp6Address=Optional.empty, tcp6Address=Optional.empty, quic6Address=Optional.empty, asBase64=-Je4QL6qFcBjvvBcWR-ccciMAL4FocSskvf1c7RaDzf1ppi4Ah49GNuDZDCSTc_jWRZdk8RCiChWCnnwPbY9_7Q60R4Bg2V0aMfGhPDO1jeAgmlkgnY0gmlwhH8AAAGJc2VjcDI1NmsxoQKdrX4F0urot_5LCtPpFUyQkx0lJlkqsRQmg8bNy8Y0CIN0Y3CCdl-DdWRwgnZf, nodeId=0xdada538c31b924e8cbe425697037d866c8786a0d0562fa2af851fa2096e62bfc, customFields={tcp=30303, udp=30303, eth=[[0xf0ced637, 0x]], id=V4, ip=0x7f000001, secp256k1=0x029dad7e05d2eae8b7fe4b0ad3e9154c90931d2526592ab1142683c6cdcbc63408}}
[m[2m2026-10-01 19:27:34.133+0000[m[2m | [m[2mmain[m[2m | [m[32mINFO [m[2m | [m[2mPeerDiscoveryAgentV4[m[2m | [m[32mP2P peer discovery agent started and listening on /[0:0:0:0:0:0:0:0]:30303
[m[2m2026-10-01 19:27:34.135+0000[m[2m | [m[2mmain[m[2m | [m[32mINFO [m[2m | [m[2mDefaultP2PNetwork[m[2m | [m[32mEnode URL enode://9dad7e05d2eae8b7fe4b0ad3e9154c90931d2526592ab1142683c6cdcbc634082dcb7aec22a64b4d2f11283cd9ca7e32848417a0579b5932cfcae4b18b8a46a2@127.0.0.1:30303
[m[2m2026-10-01 19:27:34.136+0000[m[2m | [m[2mmain[m[2m | [m[32mINFO [m[2m | [m[2mDefaultP2PNetwork[m[2m | [m[32mENR URL enr:-Je4QL6qFcBjvvBcWR-ccciMAL4FocSskvf1c7RaDzf1ppi4Ah49GNuDZDCSTc_jWRZdk8RCiChWCnnwPbY9_7Q60R4Bg2V0aMfGhPDO1jeAgmlkgnY0gmlwhH8AAAGJc2VjcDI1NmsxoQKdrX4F0urot_5LCtPpFUyQkx0lJlkqsRQmg8bNy8Y0CIN0Y3CCdl-DdWRwgnZf
[m[2m2026-10-01 19:27:34.136+0000[m[2m | [m[2mmain[m[2m | [m[32mINFO [m[2m | [m[2mDefaultP2PNetwork[m[2m | [m[32mNode address 0x7037d866c8786a0d0562fa2af851fa2096e62bfc
[m[2m2026-10-01 19:27:34.143+0000[m[2m | [m[2mmain[m[2m | [m[32mINFO [m[2m | [m[2mNetworkRunner[m[2m | [m[32mSupported capabilities: [eth/68, eth/69, eth/70, eth/71], [istanbul/100], [snap/1]
[m[2m2026-10-01 19:27:34.145+0000[m[2m | [m[2mmain[m[2m | [m[32mINFO [m[2m | [m[2mDefaultSynchronizer[m[2m | [m[32mStarting synchronizer.
[m[2m2026-10-01 19:27:34.145+0000[m[2m | [m[2mmain[m[2m | [m[32mINFO [m[2m | [m[2mTransactionPoolFactory[m[2m | [m[32mEnabling transaction handling following initial sync
[m[2m2026-10-01 19:27:34.149+0000[m[2m | [m[2mmain[m[2m | [m[32mINFO [m[2m | [m[2mBftMiningCoordinator[m[2m | [m[32mStarting BFT mining coordinator following initial sync
[m[2m2026-10-01 19:27:34.185+0000[m[2m | [m[2mmain[m[2m | [m[32mINFO [m[2m | [m[2mFullSyncDownloader[m[2m | [m[32mStarting full sync.
[m[2m2026-10-01 19:27:34.186+0000[m[2m | [m[2mmain[m[2m | [m[32mINFO [m[2m | [m[2mFullSyncTargetManager[m[2m | [m[32mUnable to find sync target. Waiting for 5 peers minimum. Currently checking 0 peers for usefulness
[m[2m2026-10-01 19:27:34.195+0000[m[2m | [m[2mmain[m[2m | [m[32mINFO [m[2m | [m[2mRunner[m[2m | [m[32mEthereum main loop is up.
[m[2m2026-10-01 19:27:37.951+0000[m[2m | [m[2mEthScheduler-Workers-0[m[2m | [m[32mINFO [m[2m | [m[2mPersistBlockTask[m[2m | [m[32mImported empty block #1 / 0 tx / 0 om / 0 (0.0%) gas / (0xeb3787ab2123846777b2371fda44de0f226683ddf3f28e9dee12f7760bb0debe) in 0.000s. Peers: 1
[m[2m2026-10-01 19:27:39.052+0000[m[2m | [m[2mEthScheduler-Workers-2[m[2m | [m[32mINFO [m[2m | [m[2mPersistBlockTask[m[2m | [m[32mImported empty block #2 / 0 tx / 0 om / 0 (0.0%) gas / (0xca4aea4b9e510054c37d1e3c1774518d9e5324770c7c1274a57fc45a0b23ec94) in 0.000s. Peers: 1
[m[2m2026-10-01 19:27:41.059+0000[m[2m | [m[2mEthScheduler-Workers-4[m[2m | [m[32mINFO [m[2m | [m[2mPersistBlockTask[m[2m | [m[32mImported empty block #3 / 0 tx / 0 om / 0 (0.0%) gas / (0x42ac0a10a33dde3203ba1c22a8ee9e3a704f380de59ed70e55eb9dd9c6e8213c) in 0.000s. Peers: 1
[m[2m2026-10-01 19:27:43.045+0000[m[2m | [m[2mEthScheduler-Workers-6[m[2m | [m[32mINFO [m[2m | [m[2mPersistBlockTask[m[2m | [m[32mImported empty block #4 / 0 tx / 0 om / 0 (0.0%) gas / (0x016b2b0e6f33f1ca557d8be5192186bfb13f64301e46c8686eec828db30b346b) in 0.000s. Peers: 1
[m[2m2026-10-01 19:27:45.033+0000[m[2m | [m[2mEthScheduler-Workers-1[m[2m | [m[32mINFO [m[2m | [m[2mPersistBlockTask[m[2m | [m[32mImported empty block #5 / 0 tx / 0 om / 0 (0.0%) gas / (0x714f00121e90f833a1509ddb50ae2ae17129e387b87465c94537664678e04650) in 0.000s. Peers: 1
[m[2m2026-10-01 19:27:47.040+0000[m[2m | [m[2mEthScheduler-Workers-3[m[2m | [m[32mINFO [m[2m | [m[2mPersistBlockTask[m[2m | [m[32mImported empty block #6 / 0 tx / 0 om / 0 (0.0%) gas / (0x9d17f83b92740d2a04a8677d5c176ab1c81240533b99e006f02a71a7e9dd8fb8) in 0.000s. Peers: 1
[m[2m2026-10-01 19:27:49.033+0000[m[2m | [m[2mEthScheduler-Workers-5[m[2m | [m[32mINFO [m[2m | [m[2mPersistBlockTask[m[2m | [m[32mImported empty block #7 / 0 tx / 0 om / 0 (0.0%) gas / (0xf74c521eeee689b49f76da12f947a70017145c62550d6f200721b36bfdeb288a) in 0.000s. Peers: 1
[m[2m2026-10-01 19:27:51.034+0000[m[2m | [m[2mEthScheduler-Workers-7[m[2m | [m[32mINFO [m[2m | [m[2mPersistBlockTask[m[2m | [m[32mImported empty block #8 / 0 tx / 0 om / 0 (0.0%) gas / (0xabbac0090982f7a29de2192756a8b4db3dc0d6bfbc8b2c7d4ef9fd921af33416) in 0.000s. Peers: 1
[m[2m2026-10-01 19:27:53.200+0000[m[2m | [m[2mEthScheduler-Workers-1[m[2m | [m[32mINFO [m[2m | [m[2mPersistBlockTask[m[2m | [m[32mImported block #9 / 1 tx / 0 om / 904,698 (19.2%) gas / (0xa40e29513c9266cb9ab8ba3e840d2098e59eed9f503b9222c3a6c09de4fcc5f3) in 0.000s. Peers: 1
[m[2m2026-10-01 19:27:59.549+0000[m[2m | [m[2mEthScheduler-Workers-7[m[2m | [m[32mINFO [m[2m | [m[2mPersistBlockTask[m[2m | [m[32mImported block #10 / 31 tx / 0 om / 4,414,447 (93.9%) gas / (0xe6db53108bce7c791e961b1ab8eb7b22b0745b1a7eb7dc61922bebda0d7e7e78) in 0.000s. Peers: 1
[m[2m2026-10-01 19:28:01.383+0000[m[2m | [m[2mEthScheduler-Workers-3[m[2m | [m[32mINFO [m[2m | [m[2mPersistBlockTask[m[2m | [m[32mImported block #11 / 32 tx / 0 om / 4,539,188 (96.6%) gas / (0x4d49444f10025b97388c5ba954bdac492eef64f897aa319017198ac1ff1232b7) in 0.000s. Peers: 1
[m[2m2026-10-01 19:28:03.290+0000[m[2m | [m[2mEthScheduler-Workers-2[m[2m | [m[32mINFO [m[2m | [m[2mPersistBlockTask[m[2m | [m[32mImported block #12 / 32 tx / 0 om / 4,539,164 (96.6%) gas / (0x3888eb61a371f2109d2495cfd2b0961d76a2e8cd0873b8382e5776422185efb0) in 0.000s. Peers: 1
[m[2m2026-10-01 19:28:05.287+0000[m[2m | [m[2mEthScheduler-Workers-5[m[2m | [m[32mINFO [m[2m | [m[2mPersistBlockTask[m[2m | [m[32mImported block #13 / 21 tx / 0 om / 2,978,853 (63.4%) gas / (0xfad4bf6c9942ea799fa2df9042a8af3a7b1df639464aa6fc5c4211187f6db0d7) in 0.000s. Peers: 4
[m[2m2026-10-01 19:28:07.217+0000[m[2m | [m[2mEthScheduler-Workers-5[m[2m | [m[32mINFO [m[2m | [m[2mPersistBlockTask[m[2m | [m[32mImported block #14 / 20 tx / 0 om / 2,837,000 (60.4%) gas / (0x4d0982ed792e0d3e6fba9eec6973dde1a62a91b2dc6d7b8271cd84991a865140) in 0.000s. Peers: 4
[m[2m2026-10-01 19:28:09.194+0000[m[2m | [m[2mEthScheduler-Workers-6[m[2m | [m[32mINFO [m[2m | [m[2mPersistBlockTask[m[2m | [m[32mImported block #15 / 19 tx / 0 om / 2,695,195 (57.3%) gas / (0xe1c7a83ebd973ea188c5e9e59bf0f6f88133e99a7e083b5b506177ca8129e468) in 0.000s. Peers: 4
[m[2m2026-10-01 19:28:11.174+0000[m[2m | [m[2mEthScheduler-Workers-0[m[2m | [m[32mINFO [m[2m | [m[2mPersistBlockTask[m[2m | [m[32mImported block #16 / 21 tx / 0 om / 2,978,865 (63.4%) gas / (0x285bd39fed07aac10002943108cd24ead2727fa8b6709f8830731dd420b33985) in 0.000s. Peers: 4
[m[2m2026-10-01 19:28:13.132+0000[m[2m | [m[2mEthScheduler-Workers-1[m[2m | [m[32mINFO [m[2m | [m[2mPersistBlockTask[m[2m | [m[32mImported block #17 / 20 tx / 0 om / 2,836,988 (60.4%) gas / (0xe517131d7f5b3365b8c38568fe9565620818cf69f7a9230d717b273e784778ca) in 0.000s. Peers: 4
[m[2m2026-10-01 19:28:15.120+0000[m[2m | [m[2mEthScheduler-Workers-2[m[2m | [m[32mINFO [m[2m | [m[2mPersistBlockTask[m[2m | [m[32mImported block #18 / 20 tx / 0 om / 2,837,000 (60.4%) gas / (0xe95da5c519765bac693a9b6fec27856adb068712fe34f8920865d650028f0910) in 0.000s. Peers: 4
[m[2m2026-10-01 19:28:17.175+0000[m[2m | [m[2mEthScheduler-Workers-6[m[2m | [m[32mINFO [m[2m | [m[2mPersistBlockTask[m[2m | [m[32mImported block #19 / 20 tx / 0 om / 2,837,012 (60.4%) gas / (0x38693fb9be7957efe8b0763d0c83b30e051ab01a69a32b6996ac3498a2c64854) in 0.000s. Peers: 4
[m[2m2026-10-01 19:28:19.161+0000[m[2m | [m[2mEthScheduler-Workers-3[m[2m | [m[32mINFO [m[2m | [m[2mPersistBlockTask[m[2m | [m[32mImported block #20 / 19 tx / 0 om / 2,695,147 (57.3%) gas / (0x21603c38b853c4899f78dc36520733ce11333996a57407a8f12f517d5e5ed6a5) in 0.000s. Peers: 4
[m[2m2026-10-01 19:28:21.138+0000[m[2m | [m[2mEthScheduler-Workers-0[m[2m | [m[32mINFO [m[2m | [m[2mPersistBlockTask[m[2m | [m[32mImported block #21 / 21 tx / 0 om / 2,978,853 (63.4%) gas / (0xf0274615e488b13b6d24d1ab633a707f0c8f6a015f342e47fa2fbaad737b7e77) in 0.000s. Peers: 4
[m[2m2026-10-01 19:28:23.138+0000[m[2m | [m[2mEthScheduler-Workers-5[m[2m | [m[32mINFO [m[2m | [m[2mPersistBlockTask[m[2m | [m[32mImported block #22 / 20 tx / 0 om / 2,836,976 (60.4%) gas / (0xb0505f2501fd5c10fbcb12a4f71b5e9f4745a2ed03a75d17d0a4e44cea853e7f) in 0.000s. Peers: 4
[m[2m2026-10-01 19:28:25.052+0000[m[2m | [m[2mEthScheduler-Workers-3[m[2m | [m[32mINFO [m[2m | [m[2mPersistBlockTask[m[2m | [m[32mImported block #23 / 5 tx / 0 om / 709,265 (15.1%) gas / (0x52351e0434bf041c4f702bb086b78eddc8e308f57a693ca981ada2697a54b6a9) in 0.000s. Peers: 4
[m[2m2026-10-01 19:28:27.066+0000[m[2m | [m[2mEthScheduler-Workers-7[m[2m | [m[32mINFO [m[2m | [m[2mPersistBlockTask[m[2m | [m[32mImported empty block #24 / 0 tx / 0 om / 0 (0.0%) gas / (0x7f15b8c0617edb93b64929cec785b0e2ac610229d7c20fa8fd17e352c63ea275) in 0.000s. Peers: 4
[m[2m2026-10-01 19:28:29.037+0000[m[2m | [m[2mEthScheduler-Workers-2[m[2m | [m[32mINFO [m[2m | [m[2mPersistBlockTask[m[2m | [m[32mImported empty block #25 / 0 tx / 0 om / 0 (0.0%) gas / (0x68120641bfd9e10154edef5298a8cf7f2ce686dc71c88101807e51a2fb08a2a8) in 0.000s. Peers: 4
[m[2m2026-10-01 19:28:31.031+0000[m[2m | [m[2mEthScheduler-Workers-5[m[2m | [m[32mINFO [m[2m | [m[2mPersistBlockTask[m[2m | [m[32mImported empty block #26 / 0 tx / 0 om / 0 (0.0%) gas / (0xc35460442648be3d271e0d8414b749fa78b569ccc82935a38a2a452a1b298ebf) in 0.000s. Peers: 4
[m[2m2026-10-01 19:28:33.032+0000[m[2m | [m[2mEthScheduler-Workers-4[m[2m | [m[32mINFO [m[2m | [m[2mPersistBlockTask[m[2m | [m[32mImported empty block #27 / 0 tx / 0 om / 0 (0.0%) gas / (0x1bf39c45a5c447ab65d9b501e2cf1ea78ff3db899163a7826e23d8b790ccc283) in 0.000s. Peers: 4
[m[2m2026-10-01 19:28:35.038+0000[m[2m | [m[2mEthScheduler-Workers-0[m[2m | [m[32mINFO [m[2m | [m[2mPersistBlockTask[m[2m | [m[32mImported empty block #28 / 0 tx / 0 om / 0 (0.0%) gas / (0x96e2588dc146dfa2bac78327a78017f9797fcf0d6d3643b51747ae9863279598) in 0.000s. Peers: 4
[m[2m2026-10-01 19:28:37.111+0000[m[2m | [m[2mEthScheduler-Workers-0[m[2m | [m[32mINFO [m[2m | [m[2mPersistBlockTask[m[2m | [m[32mImported block #29 / 18 tx / 0 om / 2,553,282 (54.3%) gas / (0x4b6e05ae05df9ba2f75d4fcce1ed4a612220535b3e5b57420a703334fdbf103e) in 0.000s. Peers: 4
[m[2m2026-10-01 19:28:39.201+0000[m[2m | [m[2mEthScheduler-Workers-3[m[2m | [m[32mINFO [m[2m | [m[2mPersistBlockTask[m[2m | [m[32mImported block #30 / 32 tx / 0 om / 4,539,212 (96.6%) gas / (0x93215af8868c078e680d93ee6415bd89a101a8be6d9c058ca1b179ad46d5e225) in 0.000s. Peers: 4
[m[2m2026-10-01 19:28:41.143+0000[m[2m | [m[2mEthScheduler-Workers-5[m[2m | [m[32mINFO [m[2m | [m[2mPersistBlockTask[m[2m | [m[32mImported block #31 / 32 tx / 0 om / 4,539,224 (96.6%) gas / (0x7cec82d62c0002552c1e1352ff8719456ed692ec2d884b6d19d6c7bc4fc2190f) in 0.000s. Peers: 4
[m[2m2026-10-01 19:28:43.208+0000[m[2m | [m[2mEthScheduler-Workers-2[m[2m | [m[32mINFO [m[2m | [m[2mPersistBlockTask[m[2m | [m[32mImported block #32 / 32 tx / 0 om / 4,539,188 (96.6%) gas / (0xe5a6008595b8a783fe7375408261056d302ec5458f9c2c7926b67c64ed149517) in 0.000s. Peers: 4
[m[2m2026-10-01 19:28:45.132+0000[m[2m | [m[2mEthScheduler-Workers-6[m[2m | [m[32mINFO [m[2m | [m[2mPersistBlockTask[m[2m | [m[32mImported block #33 / 32 tx / 0 om / 4,539,236 (96.6%) gas / (0x0482dde08490e7382a9d2f9c0ba5b5392499c542e8a54f851ba64df5d185fcf5) in 0.000s. Peers: 4
[m[2m2026-10-01 19:28:47.192+0000[m[2m | [m[2mEthScheduler-Workers-4[m[2m | [m[32mINFO [m[2m | [m[2mPersistBlockTask[m[2m | [m[32mImported block #34 / 32 tx / 0 om / 4,539,248 (96.6%) gas / (0xe96147a99672d46dd1cee5148c3693ba8b74dab1be92d121fa425a1554997188) in 0.000s. Peers: 4
[m[2m2026-10-01 19:28:49.186+0000[m[2m | [m[2mEthScheduler-Workers-3[m[2m | [m[32mINFO [m[2m | [m[2mPersistBlockTask[m[2m | [m[32mImported block #35 / 32 tx / 0 om / 4,539,200 (96.6%) gas / (0x345a5411c535ee39392aefb99805a091bf203a5a685d2a40ce21c88bce0d334a) in 0.000s. Peers: 4
[m[2m2026-10-01 19:28:51.143+0000[m[2m | [m[2mEthScheduler-Workers-7[m[2m | [m[32mINFO [m[2m | [m[2mPersistBlockTask[m[2m | [m[32mImported block #36 / 32 tx / 0 om / 4,539,200 (96.6%) gas / (0x0b797f95da13a3f835dd6ed1c9f2846e1379491f10aeda2951790ed1cbc4654b) in 0.000s. Peers: 4
[m[2m2026-10-01 19:28:53.217+0000[m[2m | [m[2mEthScheduler-Workers-7[m[2m | [m[32mINFO [m[2m | [m[2mPersistBlockTask[m[2m | [m[32mImported block #37 / 32 tx / 0 om / 4,539,272 (96.6%) gas / (0x1a42f4dedbd0b48c053099fa853c8ed8ab0cafeb3ad7c8b287bd433fcb13a9eb) in 0.000s. Peers: 4
[m[2m2026-10-01 19:28:55.135+0000[m[2m | [m[2mEthScheduler-Workers-4[m[2m | [m[32mINFO [m[2m | [m[2mPersistBlockTask[m[2m | [m[32mImported block #38 / 32 tx / 0 om / 4,539,176 (96.6%) gas / (0x2d3128afe7b4071e29a64919f053a62f9fee557808d96a2b3aab3c4bf94405ca) in 0.000s. Peers: 4
[m[2m2026-10-01 19:28:57.143+0000[m[2m | [m[2mEthScheduler-Workers-2[m[2m | [m[32mINFO [m[2m | [m[2mPersistBlockTask[m[2m | [m[32mImported block #39 / 32 tx / 0 om / 4,539,200 (96.6%) gas / (0xb5e711eb33f4a54432989f18fbd4a90076f6b93eb2d7814076d045e825a62395) in 0.000s. Peers: 4
[m[2m2026-10-01 19:28:59.117+0000[m[2m | [m[2mEthScheduler-Workers-0[m[2m | [m[32mINFO [m[2m | [m[2mPersistBlockTask[m[2m | [m[32mImported block #40 / 32 tx / 0 om / 4,539,236 (96.6%) gas / (0x4e16b97de8393254856f75d410d54b29ae0683665e43713ffb0bf575d49facbd) in 0.000s. Peers: 4
[m[2m2026-10-01 19:29:01.142+0000[m[2m | [m[2mEthScheduler-Workers-0[m[2m | [m[32mINFO [m[2m | [m[2mPersistBlockTask[m[2m | [m[32mImported block #41 / 32 tx / 0 om / 4,539,212 (96.6%) gas / (0xe0ac3e565f32e3114aaf8bb26a3b92dff41becea21c53cb13909a1bc0ffc9811) in 0.000s. Peers: 4
[m[2m2026-10-01 19:29:03.201+0000[m[2m | [m[2mEthScheduler-Workers-6[m[2m | [m[32mINFO [m[2m | [m[2mPersistBlockTask[m[2m | [m[32mImported block #42 / 32 tx / 0 om / 4,539,248 (96.6%) gas / (0x0d3e45a17981c44c061b6cefed836d39d68eab41f365e7d55ca86386155dcf84) in 0.000s. Peers: 4
[m[2m2026-10-01 19:29:05.127+0000[m[2m | [m[2mEthScheduler-Workers-0[m[2m | [m[32mINFO [m[2m | [m[2mPersistBlockTask[m[2m | [m[32mImported block #43 / 32 tx / 0 om / 4,539,176 (96.6%) gas / (0xbdb085bd9524e5c945ae120ef390185f7869f5ae4b6b8d7c0dcfc0e090b75aa7) in 0.000s. Peers: 4
[m[2m2026-10-01 19:29:07.158+0000[m[2m | [m[2mEthScheduler-Workers-2[m[2m | [m[32mINFO [m[2m | [m[2mPersistBlockTask[m[2m | [m[32mImported block #44 / 32 tx / 0 om / 4,539,152 (96.6%) gas / (0x05b6ad4d78b783079d256a4f29a4254749613be7360465064a367f896cb258c3) in 0.000s. Peers: 4
[m[2m2026-10-01 19:29:09.110+0000[m[2m | [m[2mEthScheduler-Workers-0[m[2m | [m[32mINFO [m[2m | [m[2mPersistBlockTask[m[2m | [m[32mImported block #45 / 32 tx / 0 om / 4,539,212 (96.6%) gas / (0x2e3335f1468ae70bb77905e54f98007060077bec8b2b8d97d07b862ad89721b2) in 0.000s. Peers: 4
[m[2m2026-10-01 19:29:11.138+0000[m[2m | [m[2mEthScheduler-Workers-7[m[2m | [m[32mINFO [m[2m | [m[2mPersistBlockTask[m[2m | [m[32mImported block #46 / 32 tx / 0 om / 4,539,212 (96.6%) gas / (0xa70688b0b5a7ce15167236b444905a6cc31b4e0a531cce78390809b4917c7fab) in 0.000s. Peers: 4
[m[2m2026-10-01 19:29:13.107+0000[m[2m | [m[2mEthScheduler-Workers-4[m[2m | [m[32mINFO [m[2m | [m[2mPersistBlockTask[m[2m | [m[32mImported block #47 / 32 tx / 0 om / 4,539,188 (96.6%) gas / (0x7ca545b46adff1c671e2f5b3db618339b116bd148f1527a17b11937d4be285ce) in 0.000s. Peers: 4
[m[2m2026-10-01 19:29:15.055+0000[m[2m | [m[2mEthScheduler-Workers-3[m[2m | [m[32mINFO [m[2m | [m[2mPersistBlockTask[m[2m | [m[32mImported block #48 / 7 tx / 0 om / 992,935 (21.1%) gas / (0xda703af3380a8c5c06b1751f7e7025860dc3111208fb961a4335f72151f83551) in 0.000s. Peers: 4
[m[2m2026-10-01 19:29:17.030+0000[m[2m | [m[2mEthScheduler-Workers-6[m[2m | [m[32mINFO [m[2m | [m[2mPersistBlockTask[m[2m | [m[32mImported empty block #49 / 0 tx / 0 om / 0 (0.0%) gas / (0x4014197518b2ca369b8a922301f9f307588301eb12e4fe7e699b69816c6c46a1) in 0.000s. Peers: 4
[m[2m2026-10-01 19:29:19.024+0000[m[2m | [m[2mEthScheduler-Workers-1[m[2m | [m[32mINFO [m[2m | [m[2mPersistBlockTask[m[2m | [m[32mImported empty block #50 / 0 tx / 0 om / 0 (0.0%) gas / (0x14609a6d4f55b44d94f14c86ac52b5bf931ebb905166753dd5e261fff07b77a6) in 0.000s. Peers: 4
[m[2m2026-10-01 19:29:21.023+0000[m[2m | [m[2mEthScheduler-Workers-5[m[2m | [m[32mINFO [m[2m | [m[2mPersistBlockTask[m[2m | [m[32mImported empty block #51 / 0 tx / 0 om / 0 (0.0%) gas / (0x8200cb4182fb62ee5cf661f0be539ecfc1ff191901cb82259cd9bca5d4da41b5) in 0.000s. Peers: 4
[m[2m2026-10-01 19:29:23.021+0000[m[2m | [m[2mEthScheduler-Workers-2[m[2m | [m[32mINFO [m[2m | [m[2mPersistBlockTask[m[2m | [m[32mImported empty block #52 / 0 tx / 0 om / 0 (0.0%) gas / (0xdf853bf5ac47c757bbd85ffd9b65262028f8ec94b20d731a1fa3c2a6f5b5451f) in 0.000s. Peers: 4
[m[2m2026-10-01 19:29:25.013+0000[m[2m | [m[2mEthScheduler-Workers-0[m[2m | [m[32mINFO [m[2m | [m[2mPersistBlockTask[m[2m | [m[32mImported empty block #53 / 0 tx / 0 om / 0 (0.0%) gas / (0x4096cc8764c044b00e3a89f2a8db6a8fe7360f87189535003f215cae5972a4f3) in 0.000s. Peers: 4
[m[2m2026-10-01 19:29:27.147+0000[m[2m | [m[2mEthScheduler-Workers-0[m[2m | [m[32mINFO [m[2m | [m[2mPersistBlockTask[m[2m | [m[32mImported block #54 / 32 tx / 0 om / 4,539,200 (96.6%) gas / (0x04277d2591fa72d285d0adfe3ef061795919034d7597db159121804dc8c03d29) in 0.000s. Peers: 4
[m[2m2026-10-01 19:29:29.161+0000[m[2m | [m[2mEthScheduler-Workers-2[m[2m | [m[32mINFO [m[2m | [m[2mPersistBlockTask[m[2m | [m[32mImported block #55 / 32 tx / 0 om / 4,539,200 (96.6%) gas / (0x487a8d947ab44c8d54fa2cd5c78b90fc1256e9073c13b93903eb2ab98e037b87) in 0.000s. Peers: 4
[m[2m2026-10-01 19:29:31.114+0000[m[2m | [m[2mEthScheduler-Workers-2[m[2m | [m[32mINFO [m[2m | [m[2mPersistBlockTask[m[2m | [m[32mImported block #56 / 32 tx / 0 om / 4,539,176 (96.6%) gas / (0x7b52f25d82a5eec01d86b002bd9ffa571210a85c22b09a79ef56c130278c0a3f) in 0.000s. Peers: 4
[m[2m2026-10-01 19:29:33.155+0000[m[2m | [m[2mEthScheduler-Workers-0[m[2m | [m[32mINFO [m[2m | [m[2mPersistBlockTask[m[2m | [m[32mImported block #57 / 32 tx / 0 om / 4,539,176 (96.6%) gas / (0x4abd6d79e4ff36a9697936adb80dfb725276d580a71b929ef8fe8ef9c76ed87c) in 0.000s. Peers: 4
[m[2m2026-10-01 19:29:35.123+0000[m[2m | [m[2mEthScheduler-Workers-7[m[2m | [m[32mINFO [m[2m | [m[2mPersistBlockTask[m[2m | [m[32mImported block #58 / 32 tx / 0 om / 4,539,200 (96.6%) gas / (0x7e3e84becc23421aef71598915e3ee3f3df407f4f4e48d47e49c7bb417b50c75) in 0.000s. Peers: 4
[m[2m2026-10-01 19:29:37.105+0000[m[2m | [m[2mEthScheduler-Workers-3[m[2m | [m[32mINFO [m[2m | [m[2mPersistBlockTask[m[2m | [m[32mImported block #59 / 32 tx / 0 om / 4,539,212 (96.6%) gas / (0xcaa285a59ba5b5de488f308ddd1e848343cf3fddbde75d8e61624990644256d5) in 0.000s. Peers: 4
[m[2m2026-10-01 19:29:39.105+0000[m[2m | [m[2mEthScheduler-Workers-5[m[2m | [m[32mINFO [m[2m | [m[2mPersistBlockTask[m[2m | [m[32mImported block #60 / 32 tx / 0 om / 4,539,236 (96.6%) gas / (0x76c41c5e7270159195daa7a41440312ef6ddaac3fe894e0b1f17063ae59f95a1) in 0.000s. Peers: 4
[m[2m2026-10-01 19:29:41.097+0000[m[2m | [m[2mEthScheduler-Workers-0[m[2m | [m[32mINFO [m[2m | [m[2mPersistBlockTask[m[2m | [m[32mImported block #61 / 32 tx / 0 om / 4,539,212 (96.6%) gas / (0xc8ff65d065165492071f8c11dbc6446c3cd6166c34f2e3c3a8f79bcb0ecadcee) in 0.000s. Peers: 4
[m[2m2026-10-01 19:29:43.125+0000[m[2m | [m[2mEthScheduler-Workers-4[m[2m | [m[32mINFO [m[2m | [m[2mPersistBlockTask[m[2m | [m[32mImported block #62 / 32 tx / 0 om / 4,539,212 (96.6%) gas / (0xaf135c6abc9a5f62ad776a2872ec971f18e7ed8a6d9158e70455d63565c55da4) in 0.000s. Peers: 4
[m[2m2026-10-01 19:29:45.146+0000[m[2m | [m[2mEthScheduler-Workers-2[m[2m | [m[32mINFO [m[2m | [m[2mPersistBlockTask[m[2m | [m[32mImported block #63 / 32 tx / 0 om / 4,539,212 (96.6%) gas / (0xe2ec948c5ca0fbe86c666ccdb609b4a79f4f5716b67e0bf58a126b2d3d58f991) in 0.000s. Peers: 4
[m[2m2026-10-01 19:29:47.070+0000[m[2m | [m[2mEthScheduler-Workers-7[m[2m | [m[32mINFO [m[2m | [m[2mPersistBlockTask[m[2m | [m[32mImported block #64 / 8 tx / 0 om / 1,134,824 (24.1%) gas / (0x17654069efa03e15b0bc92413be1f231d33a3cc5a06d6b726072c4174a526f25) in 0.000s. Peers: 4
[m[2m2026-10-01 19:29:49.024+0000[m[2m | [m[2mEthScheduler-Workers-6[m[2m | [m[32mINFO [m[2m | [m[2mPersistBlockTask[m[2m | [m[32mImported empty block #65 / 0 tx / 0 om / 0 (0.0%) gas / (0x6ef5d5625c967702c03f091174a68c05171428534b6a14b45e01ce3c4ef9a05f) in 0.000s. Peers: 4
[m[2m2026-10-01 19:29:51.022+0000[m[2m | [m[2mEthScheduler-Workers-1[m[2m | [m[32mINFO [m[2m | [m[2mPersistBlockTask[m[2m | [m[32mImported empty block #66 / 0 tx / 0 om / 0 (0.0%) gas / (0xcad0275ee7ea4bf0f9f942094d6939f3c781e40fea88187f858ac908aaec9e59) in 0.000s. Peers: 4
[m[2m2026-10-01 19:29:53.023+0000[m[2m | [m[2mEthScheduler-Workers-3[m[2m | [m[32mINFO [m[2m | [m[2mPersistBlockTask[m[2m | [m[32mImported empty block #67 / 0 tx / 0 om / 0 (0.0%) gas / (0x84225bf560ab1d6abd0f77300d104c9c5dd899675f4ec91b4ecaca628ffbc738) in 0.000s. Peers: 4
[m[2m2026-10-01 19:29:55.022+0000[m[2m | [m[2mEthScheduler-Workers-5[m[2m | [m[32mINFO [m[2m | [m[2mPersistBlockTask[m[2m | [m[32mImported empty block #68 / 0 tx / 0 om / 0 (0.0%) gas / (0x2aed23a03c67c25c7c5269be1d24afbb03ee54bb19a6cc1a87f58b237a845908) in 0.000s. Peers: 4
[m[2m2026-10-01 19:29:57.022+0000[m[2m | [m[2mEthScheduler-Workers-0[m[2m | [m[32mINFO [m[2m | [m[2mPersistBlockTask[m[2m | [m[32mImported empty block #69 / 0 tx / 0 om / 0 (0.0%) gas / (0x2545c858ee3f55b3159e006110f97fc0d55f0b77499e1b9300aaabc6c8008359) in 0.000s. Peers: 4
[m[2m2026-10-01 19:29:59.024+0000[m[2m | [m[2mEthScheduler-Workers-4[m[2m | [m[32mINFO [m[2m | [m[2mPersistBlockTask[m[2m | [m[32mImported empty block #70 / 0 tx / 0 om / 0 (0.0%) gas / (0x7eec7198e8c590886b04b57878a599430cac2cdd751e1de77d8036367acb8088) in 0.000s. Peers: 4
[m[2m2026-10-01 19:30:01.026+0000[m[2m | [m[2mEthScheduler-Workers-2[m[2m | [m[32mINFO [m[2m | [m[2mPersistBlockTask[m[2m | [m[32mImported empty block #71 / 0 tx / 0 om / 0 (0.0%) gas / (0x9593523fa6adea0465000a484acbc9278962b9ec2096b6dadc3bacf38f30fe4d) in 0.000s. Peers: 4
[m[2m2026-10-01 19:30:03.024+0000[m[2m | [m[2mEthScheduler-Workers-7[m[2m | [m[32mINFO [m[2m | [m[2mPersistBlockTask[m[2m | [m[32mImported empty block #72 / 0 tx / 0 om / 0 (0.0%) gas / (0x74194f0420c83e92eb98037eda6f4b2b8b2d8ddcc94d258b19f8a15932ad42ec) in 0.000s. Peers: 4
[m[2m2026-10-01 19:30:05.023+0000[m[2m | [m[2mEthScheduler-Workers-6[m[2m | [m[32mINFO [m[2m | [m[2mPersistBlockTask[m[2m | [m[32mImported empty block #73 / 0 tx / 0 om / 0 (0.0%) gas / (0xc38e311f54873e04bae1cf55aa1e2e2e5ee48f8d413f56e52bf243042aed652b) in 0.000s. Peers: 4
[m[2m2026-10-01 19:30:07.026+0000[m[2m | [m[2mEthScheduler-Workers-1[m[2m | [m[32mINFO [m[2m | [m[2mPersistBlockTask[m[2m | [m[32mImported empty block #74 / 0 tx / 0 om / 0 (0.0%) gas / (0x1c4999392c3f1a738d949c2e4ac2620e0640c1e2bb4dcecb77e7627986d96b06) in 0.000s. Peers: 4
[m[2m2026-10-01 19:30:09.031+0000[m[2m | [m[2mEthScheduler-Workers-3[m[2m | [m[32mINFO [m[2m | [m[2mPersistBlockTask[m[2m | [m[32mImported empty block #75 / 0 tx / 0 om / 0 (0.0%) gas / (0xf9e3a43e5152b323c72174d647bdfcee94676f00eb47d6da0fd8acc677f20c68) in 0.000s. Peers: 4
[m[2m2026-10-01 19:30:11.022+0000[m[2m | [m[2mEthScheduler-Workers-5[m[2m | [m[32mINFO [m[2m | [m[2mPersistBlockTask[m[2m | [m[32mImported empty block #76 / 0 tx / 0 om / 0 (0.0%) gas / (0x4a6ae6e4f231740c4a849b81db48e7cb6a5d6c343add02240d3ca7fc538f75b6) in 0.000s. Peers: 4
[m[2m2026-10-01 19:30:13.026+0000[m[2m | [m[2mEthScheduler-Workers-0[m[2m | [m[32mINFO [m[2m | [m[2mPersistBlockTask[m[2m | [m[32mImported empty block #77 / 0 tx / 0 om / 0 (0.0%) gas / (0xa0dd83290068823ab93170b1283fe87d0ff02341e81cb99198c03da52213e8ad) in 0.000s. Peers: 4
[m[2m2026-10-01 19:30:15.022+0000[m[2m | [m[2mEthScheduler-Workers-4[m[2m | [m[32mINFO [m[2m | [m[2mPersistBlockTask[m[2m | [m[32mImported empty block #78 / 0 tx / 0 om / 0 (0.0%) gas / (0x51ba0edc6b8974d1d628d31ad45f4f95afe3580bc7e6db9d93b4fc59094c6be3) in 0.000s. Peers: 4
[m[2m2026-10-01 19:30:17.027+0000[m[2m | [m[2mEthScheduler-Workers-2[m[2m | [m[32mINFO [m[2m | [m[2mPersistBlockTask[m[2m | [m[32mImported empty block #79 / 0 tx / 0 om / 0 (0.0%) gas / (0x8dfa9e503aa06eda73b9eadab839dda3cb804d49cec82886de279ef15941f54c) in 0.000s. Peers: 4
[m[2m2026-10-01 19:30:19.024+0000[m[2m | [m[2mEthScheduler-Workers-7[m[2m | [m[32mINFO [m[2m | [m[2mPersistBlockTask[m[2m | [m[32mImported empty block #80 / 0 tx / 0 om / 0 (0.0%) gas / (0xd1caf42d6c5f66bc77f9d74db2e0a628324e5f3e0177952c6a24b45676bac7dc) in 0.000s. Peers: 4
[m[2m2026-10-01 19:30:21.023+0000[m[2m | [m[2mEthScheduler-Workers-6[m[2m | [m[32mINFO [m[2m | [m[2mPersistBlockTask[m[2m | [m[32mImported empty block #81 / 0 tx / 0 om / 0 (0.0%) gas / (0x29bb455293335bfc95861853e853fd862a57c6adae087dd99362d017becb592d) in 0.000s. Peers: 4
[m[2m2026-10-01 19:30:23.023+0000[m[2m | [m[2mEthScheduler-Workers-1[m[2m | [m[32mINFO [m[2m | [m[2mPersistBlockTask[m[2m | [m[32mImported empty block #82 / 0 tx / 0 om / 0 (0.0%) gas / (0x0e7849940db1766dca14841fb4c5adb261822ceebea7ee1d76b9f888467bf6ab) in 0.000s. Peers: 4
[m[2m2026-10-01 19:30:25.027+0000[m[2m | [m[2mEthScheduler-Workers-3[m[2m | [m[32mINFO [m[2m | [m[2mPersistBlockTask[m[2m | [m[32mImported empty block #83 / 0 tx / 0 om / 0 (0.0%) gas / (0xe2ab38b436f6239f2c90671686e059fd72fe5a3b4bacb16dcc2849a87d07f2a2) in 0.000s. Peers: 4
[m[2m2026-10-01 19:30:27.024+0000[m[2m | [m[2mEthScheduler-Workers-5[m[2m | [m[32mINFO [m[2m | [m[2mPersistBlockTask[m[2m | [m[32mImported empty block #84 / 0 tx / 0 om / 0 (0.0%) gas / (0x9b7184521d2f2c5257f3e77b758c870c6ea8f3efdd6b008e708004cec6fae2b5) in 0.000s. Peers: 4
[m[2m2026-10-01 19:30:29.028+0000[m[2m | [m[2mEthScheduler-Workers-0[m[2m | [m[32mINFO [m[2m | [m[2mPersistBlockTask[m[2m | [m[32mImported empty block #85 / 0 tx / 0 om / 0 (0.0%) gas / (0x016f8afc5210efb682e0d212f7e011e95ad88ed021c6a8f3b291569adce0b966) in 0.000s. Peers: 4
[m[2m2026-10-01 19:30:31.024+0000[m[2m | [m[2mEthScheduler-Workers-4[m[2m | [m[32mINFO [m[2m | [m[2mPersistBlockTask[m[2m | [m[32mImported empty block #86 / 0 tx / 0 om / 0 (0.0%) gas / (0xd8ff5e7ed72b35d09276d9415ab131fae19b826ac319820f8f8425af2c3dee41) in 0.000s. Peers: 4
[m[2m2026-10-01 19:30:33.027+0000[m[2m | [m[2mEthScheduler-Workers-2[m[2m | [m[32mINFO [m[2m | [m[2mPersistBlockTask[m[2m | [m[32mImported empty block #87 / 0 tx / 0 om / 0 (0.0%) gas / (0xe4c4f6bc931c4fc8200c2059bd95ea1372a04432ed5554fd6038e1184a5c7d37) in 0.000s. Peers: 4
[m[2m2026-10-01 19:30:35.022+0000[m[2m | [m[2mEthScheduler-Workers-7[m[2m | [m[32mINFO [m[2m | [m[2mPersistBlockTask[m[2m | [m[32mImported empty block #88 / 0 tx / 0 om / 0 (0.0%) gas / (0x471b478db5bebfe911fb29e984838a938b0bd2004a35e08b4d8dc479c9202a4f) in 0.000s. Peers: 4
[m[2m2026-10-01 19:30:37.028+0000[m[2m | [m[2mEthScheduler-Workers-6[m[2m | [m[32mINFO [m[2m | [m[2mPersistBlockTask[m[2m | [m[32mImported empty block #89 / 0 tx / 0 om / 0 (0.0%) gas / (0x3839e289e7a5f895c7c400bc21336dd5b7f437d1c80da2dc89f53def8ad313dd) in 0.000s. Peers: 4
[m[2m2026-10-01 19:30:39.023+0000[m[2m | [m[2mEthScheduler-Workers-1[m[2m | [m[32mINFO [m[2m | [m[2mPersistBlockTask[m[2m | [m[32mImported empty block #90 / 0 tx / 0 om / 0 (0.0%) gas / (0x9a2b2dae3d70f2b7a414265c6b683a5be7ec5e3c0266bad5630a1fd2243d80d0) in 0.000s. Peers: 4
[m[2m2026-10-01 19:30:41.026+0000[m[2m | [m[2mEthScheduler-Workers-3[m[2m | [m[32mINFO [m[2m | [m[2mPersistBlockTask[m[2m | [m[32mImported empty block #91 / 0 tx / 0 om / 0 (0.0%) gas / (0xe733e3b67966eb65e5a4f3d784c0376569a856beb690375bf640446882672e05) in 0.000s. Peers: 4
[m[2m2026-10-01 19:30:43.032+0000[m[2m | [m[2mEthScheduler-Workers-5[m[2m | [m[32mINFO [m[2m | [m[2mPersistBlockTask[m[2m | [m[32mImported empty block #92 / 0 tx / 0 om / 0 (0.0%) gas / (0x1a2d9ee278f37e4f3257a0b2f0a0dc9dec779e94b203afdbb4694ab27bba4168) in 0.000s. Peers: 4
[m[2m2026-10-01 19:30:45.025+0000[m[2m | [m[2mEthScheduler-Workers-0[m[2m | [m[32mINFO [m[2m | [m[2mPersistBlockTask[m[2m | [m[32mImported empty block #93 / 0 tx / 0 om / 0 (0.0%) gas / (0x2289a5da7194c4e40c00985d582ab4d9a4cb8590d83a91f3e0b23bd6cb30a61d) in 0.000s. Peers: 4
[m[2m2026-10-01 19:30:47.025+0000[m[2m | [m[2mEthScheduler-Workers-4[m[2m | [m[32mINFO [m[2m | [m[2mPersistBlockTask[m[2m | [m[32mImported empty block #94 / 0 tx / 0 om / 0 (0.0%) gas / (0x6a89114c20ddf6797ce644ccb180c67f184f494dc0930c1250517ea23128228a) in 0.000s. Peers: 4
[m[2m2026-10-01 19:30:49.027+0000[m[2m | [m[2mEthScheduler-Workers-2[m[2m | [m[32mINFO [m[2m | [m[2mPersistBlockTask[m[2m | [m[32mImported empty block #95 / 0 tx / 0 om / 0 (0.0%) gas / (0x11099cc13225290f60b8f574220e9eb394b0ed2e854e05ee7009d2abc68931d7) in 0.000s. Peers: 4
[m[2m2026-10-01 19:30:51.023+0000[m[2m | [m[2mEthScheduler-Workers-7[m[2m | [m[32mINFO [m[2m | [m[2mPersistBlockTask[m[2m | [m[32mImported empty block #96 / 0 tx / 0 om / 0 (0.0%) gas / (0x5692b3a1751980e9c29e1cf4f7a48137adb4f4cad14db5f506c153d126a6452f) in 0.000s. Peers: 4
[m[2m2026-10-01 19:30:53.025+0000[m[2m | [m[2mEthScheduler-Workers-6[m[2m | [m[32mINFO [m[2m | [m[2mPersistBlockTask[m[2m | [m[32mImported empty block #97 / 0 tx / 0 om / 0 (0.0%) gas / (0x861fedbdf2bd8a9499332b6b3bf86b36e046f20fa0a709ea1526fd6308b48948) in 0.000s. Peers: 4
[m[2m2026-10-01 19:30:55.025+0000[m[2m | [m[2mEthScheduler-Workers-1[m[2m | [m[32mINFO [m[2m | [m[2mPersistBlockTask[m[2m | [m[32mImported empty block #98 / 0 tx / 0 om / 0 (0.0%) gas / (0x6cbc61c94ced8da3763beb8d8c35ed439615af6440c8af0a60c2afda136f45ed) in 0.000s. Peers: 4
[m[2m2026-10-01 19:30:57.024+0000[m[2m | [m[2mEthScheduler-Workers-3[m[2m | [m[32mINFO [m[2m | [m[2mPersistBlockTask[m[2m | [m[32mImported empty block #99 / 0 tx / 0 om / 0 (0.0%) gas / (0x68be590a819f798661105263c52b7cc082c61f9de6c1dab0dcb44f4da79b23ad) in 0.000s. Peers: 4
[m[2m2026-10-01 19:30:59.025+0000[m[2m | [m[2mEthScheduler-Workers-5[m[2m | [m[32mINFO [m[2m | [m[2mPersistBlockTask[m[2m | [m[32mImported empty block #100 / 0 tx / 0 om / 0 (0.0%) gas / (0x1189b55e2a96b3c1ede7864245a8d128ce59b61bdd29b1102578691f4847004b) in 0.000s. Peers: 4
[m[2m2026-10-01 19:31:01.024+0000[m[2m | [m[2mEthScheduler-Workers-0[m[2m | [m[32mINFO [m[2m | [m[2mPersistBlockTask[m[2m | [m[32mImported empty block #101 / 0 tx / 0 om / 0 (0.0%) gas / (0xf39166c9f35ef5b1da33fde9586308bcb5d39c43b8828a536c64ec2b6ee4fea4) in 0.000s. Peers: 4
[m[2m2026-10-01 19:31:03.021+0000[m[2m | [m[2mEthScheduler-Workers-4[m[2m | [m[32mINFO [m[2m | [m[2mPersistBlockTask[m[2m | [m[32mImported empty block #102 / 0 tx / 0 om / 0 (0.0%) gas / (0x3a292cd8cfe44ac84e53c0668ce5110d984b28cfff910776d891e0676cf40418) in 0.000s. Peers: 4
[m[2m2026-10-01 19:31:05.023+0000[m[2m | [m[2mEthScheduler-Workers-2[m[2m | [m[32mINFO [m[2m | [m[2mPersistBlockTask[m[2m | [m[32mImported empty block #103 / 0 tx / 0 om / 0 (0.0%) gas / (0x5da3a26e0cd191b65c1267753e2ba51e745cc827606e9d20730d9e1af406bc44) in 0.000s. Peers: 4
[m[2m2026-10-01 19:31:07.024+0000[m[2m | [m[2mEthScheduler-Workers-7[m[2m | [m[32mINFO [m[2m | [m[2mPersistBlockTask[m[2m | [m[32mImported empty block #104 / 0 tx / 0 om / 0 (0.0%) gas / (0xdee22f677f6e641d173c7fe152a8b748d98f11e6e0496e495136d1fc18307cca) in 0.000s. Peers: 4
[m[2m2026-10-01 19:31:09.026+0000[m[2m | [m[2mEthScheduler-Workers-6[m[2m | [m[32mINFO [m[2m | [m[2mPersistBlockTask[m[2m | [m[32mImported empty block #105 / 0 tx / 0 om / 0 (0.0%) gas / (0x1b1a337aae20bde789d4c8502b436e461d867d0124f46eeffcff65b2c60d5240) in 0.000s. Peers: 4
[m[2m2026-10-01 19:31:11.022+0000[m[2m | [m[2mEthScheduler-Workers-1[m[2m | [m[32mINFO [m[2m | [m[2mPersistBlockTask[m[2m | [m[32mImported empty block #106 / 0 tx / 0 om / 0 (0.0%) gas / (0x841a71c8ed82d9c993d70e6fc207e2c987d19aa4f61dfbf968f569c3831749dc) in 0.000s. Peers: 4
[m[2m2026-10-01 19:31:13.023+0000[m[2m | [m[2mEthScheduler-Workers-3[m[2m | [m[32mINFO [m[2m | [m[2mPersistBlockTask[m[2m | [m[32mImported empty block #107 / 0 tx / 0 om / 0 (0.0%) gas / (0x236d0ac58ff255797eb5f15ecbf70a6e80474394898f9c1d72afd00bf347e957) in 0.000s. Peers: 4
[m[2m2026-10-01 19:31:15.024+0000[m[2m | [m[2mEthScheduler-Workers-5[m[2m | [m[32mINFO [m[2m | [m[2mPersistBlockTask[m[2m | [m[32mImported empty block #108 / 0 tx / 0 om / 0 (0.0%) gas / (0x6794528f65c56a97a5ee6929ebe4042c35d5403414ebcbbe6e0531fb7c97087d) in 0.000s. Peers: 4
[m[2m2026-10-01 19:31:17.027+0000[m[2m | [m[2mEthScheduler-Workers-0[m[2m | [m[32mINFO [m[2m | [m[2mPersistBlockTask[m[2m | [m[32mImported empty block #109 / 0 tx / 0 om / 0 (0.0%) gas / (0x0b8b188950a770e853a20081de81f21bd0a5299b34ae0a51ae77835abcc77c27) in 0.000s. Peers: 4
[m[2m2026-10-01 19:31:19.025+0000[m[2m | [m[2mEthScheduler-Workers-4[m[2m | [m[32mINFO [m[2m | [m[2mPersistBlockTask[m[2m | [m[32mImported empty block #110 / 0 tx / 0 om / 0 (0.0%) gas / (0xa8b5c97d67cf08c1138e3e9befa436536bc40ae2e45453449c0f3187d92ccaad) in 0.000s. Peers: 4
[m[2m2026-10-01 19:31:21.025+0000[m[2m | [m[2mEthScheduler-Workers-2[m[2m | [m[32mINFO [m[2m | [m[2mPersistBlockTask[m[2m | [m[32mImported empty block #111 / 0 tx / 0 om / 0 (0.0%) gas / (0x559b2d28551242e44e7b77d5ddcd99199dac30e7ed21990fbec7c3036f57b027) in 0.000s. Peers: 4
[m[2m2026-10-01 19:31:23.021+0000[m[2m | [m[2mEthScheduler-Workers-7[m[2m | [m[32mINFO [m[2m | [m[2mPersistBlockTask[m[2m | [m[32mImported empty block #112 / 0 tx / 0 om / 0 (0.0%) gas / (0xcb25ca04f49b381f1d3e81a5f16533c29c6be53caa589ae7638c7d65566d81fd) in 0.000s. Peers: 4
[m[2m2026-10-01 19:31:25.026+0000[m[2m | [m[2mEthScheduler-Workers-6[m[2m | [m[32mINFO [m[2m | [m[2mPersistBlockTask[m[2m | [m[32mImported empty block #113 / 0 tx / 0 om / 0 (0.0%) gas / (0xb22cce42a35d0f85f8e85168009f060d6080174af9932401a07854f4fc959a85) in 0.000s. Peers: 4
[m[2m2026-10-01 19:31:27.023+0000[m[2m | [m[2mEthScheduler-Workers-1[m[2m | [m[32mINFO [m[2m | [m[2mPersistBlockTask[m[2m | [m[32mImported empty block #114 / 0 tx / 0 om / 0 (0.0%) gas / (0xd20ceff68bda9168531bf3bda62f5e2cb95c6d2187e9ef3b42fd9d8af370a23d) in 0.000s. Peers: 4
[m[2m2026-10-01 19:31:29.025+0000[m[2m | [m[2mEthScheduler-Workers-3[m[2m | [m[32mINFO [m[2m | [m[2mPersistBlockTask[m[2m | [m[32mImported empty block #115 / 0 tx / 0 om / 0 (0.0%) gas / (0x067e0b7634bcb8a050f1359ec938b23c97abfbf8dff0d816570d35529bb186ef) in 0.000s. Peers: 4
[m[2m2026-10-01 19:31:31.024+0000[m[2m | [m[2mEthScheduler-Workers-5[m[2m | [m[32mINFO [m[2m | [m[2mPersistBlockTask[m[2m | [m[32mImported empty block #116 / 0 tx / 0 om / 0 (0.0%) gas / (0x7db444e0d4410d7c395b59e3f4c32cb8f9509cd88a10c9e31889bcec9151fbde) in 0.000s. Peers: 4
[m[2m2026-10-01 19:31:33.027+0000[m[2m | [m[2mEthScheduler-Workers-0[m[2m | [m[32mINFO [m[2m | [m[2mPersistBlockTask[m[2m | [m[32mImported empty block #117 / 0 tx / 0 om / 0 (0.0%) gas / (0x2c4cb9c3b26b715c40220a4c5baf1f96b82372caac7bd0f9723ccbb9d24639b0) in 0.000s. Peers: 4
[m[2m2026-10-01 19:31:35.023+0000[m[2m | [m[2mEthScheduler-Workers-4[m[2m | [m[32mINFO [m[2m | [m[2mPersistBlockTask[m[2m | [m[32mImported empty block #118 / 0 tx / 0 om / 0 (0.0%) gas / (0xbf53a22aca6e5c886a1900d2d5295cd0480151fa00958cae13796bd6e90bf2ca) in 0.000s. Peers: 4
[m[2m2026-10-01 19:31:37.029+0000[m[2m | [m[2mEthScheduler-Workers-2[m[2m | [m[32mINFO [m[2m | [m[2mPersistBlockTask[m[2m | [m[32mImported empty block #119 / 0 tx / 0 om / 0 (0.0%) gas / (0x33af8a1e77e87608d2e94bbba8fcba4080279c5a521e6af298d215b4076d4d00) in 0.000s. Peers: 4
[m[2m2026-10-01 19:31:39.026+0000[m[2m | [m[2mEthScheduler-Workers-7[m[2m | [m[32mINFO [m[2m | [m[2mPersistBlockTask[m[2m | [m[32mImported empty block #120 / 0 tx / 0 om / 0 (0.0%) gas / (0x3e4bf498650910cbacac18ea5f0332ac3e595fcad7a80c5fd75c7bf54b425dd4) in 0.000s. Peers: 4
[m[2m2026-10-01 19:31:41.026+0000[m[2m | [m[2mEthScheduler-Workers-6[m[2m | [m[32mINFO [m[2m | [m[2mPersistBlockTask[m[2m | [m[32mImported empty block #121 / 0 tx / 0 om / 0 (0.0%) gas / (0xd7e87e7f968c55246c85560e06b06a41f4a624d535f4bd4ee3b423d8e25afbad) in 0.000s. Peers: 4
[m[2m2026-10-01 19:31:43.024+0000[m[2m | [m[2mEthScheduler-Workers-1[m[2m | [m[32mINFO [m[2m | [m[2mPersistBlockTask[m[2m | [m[32mImported empty block #122 / 0 tx / 0 om / 0 (0.0%) gas / (0x5ee8bfb15c3d28952b911714e5e6cf557adb3c1fc0ce6d47c564063b1a0f14d1) in 0.000s. Peers: 4
[m[2m2026-10-01 19:31:45.017+0000[m[2m | [m[2mEthScheduler-Workers-3[m[2m | [m[32mINFO [m[2m | [m[2mPersistBlockTask[m[2m | [m[32mImported empty block #123 / 0 tx / 0 om / 0 (0.0%) gas / (0x6170759cc8125c9bdc1bd7d55655b63023e4e90e7aefb0486367e8299fb5244f) in 0.000s. Peers: 4
[m[2m2026-10-01 19:31:47.026+0000[m[2m | [m[2mEthScheduler-Workers-5[m[2m | [m[32mINFO [m[2m | [m[2mPersistBlockTask[m[2m | [m[32mImported empty block #124 / 0 tx / 0 om / 0 (0.0%) gas / (0xc8563f99f487bb07c1678a64ee79b0ad59b8522192fbe12ada60acfe38003155) in 0.000s. Peers: 4
[m[2m2026-10-01 19:31:49.018+0000[m[2m | [m[2mEthScheduler-Workers-0[m[2m | [m[32mINFO [m[2m | [m[2mPersistBlockTask[m[2m | [m[32mImported empty block #125 / 0 tx / 0 om / 0 (0.0%) gas / (0x5703785daa5605488fb282b7dbdd422f640f224f0c81d38969f4306355608e45) in 0.000s. Peers: 4
[m[2m2026-10-01 19:31:51.016+0000[m[2m | [m[2mEthScheduler-Workers-4[m[2m | [m[32mINFO [m[2m | [m[2mPersistBlockTask[m[2m | [m[32mImported empty block #126 / 0 tx / 0 om / 0 (0.0%) gas / (0x2ead59c1b7ae4857d83284a6841a1cfa78d70b2756a9c777370ae17f6a7710b6) in 0.000s. Peers: 4
[m[2m2026-10-01 19:31:53.024+0000[m[2m | [m[2mEthScheduler-Workers-2[m[2m | [m[32mINFO [m[2m | [m[2mPersistBlockTask[m[2m | [m[32mImported empty block #127 / 0 tx / 0 om / 0 (0.0%) gas / (0x9024593d35c0c9294c51f850b351d05029613cc752cc2e6190143b252a988b8c) in 0.000s. Peers: 4
[m[2m2026-10-01 19:31:55.022+0000[m[2m | [m[2mEthScheduler-Workers-7[m[2m | [m[32mINFO [m[2m | [m[2mPersistBlockTask[m[2m | [m[32mImported empty block #128 / 0 tx / 0 om / 0 (0.0%) gas / (0x882bc02ae5ba77676ee94ed12f1b5755230b0a5763904cc8d56871d909d4f13b) in 0.000s. Peers: 4
[m[2m2026-10-01 19:31:57.013+0000[m[2m | [m[2mEthScheduler-Workers-6[m[2m | [m[32mINFO [m[2m | [m[2mPersistBlockTask[m[2m | [m[32mImported empty block #129 / 0 tx / 0 om / 0 (0.0%) gas / (0xca362461c59b0aac1f88f5ac9181fa0410a871b0b081c8483c388305ba04b9f1) in 0.000s. Peers: 4
[m[2m2026-10-01 19:31:59.035+0000[m[2m | [m[2mEthScheduler-Workers-1[m[2m | [m[32mINFO [m[2m | [m[2mPersistBlockTask[m[2m | [m[32mImported empty block #130 / 0 tx / 0 om / 0 (0.0%) gas / (0x7ccfbcbbdcc68ddbfba83524e2daa2745e50ae52c031bc3777d685b5a83cc853) in 0.000s. Peers: 4
[m[2m2026-10-01 19:32:01.019+0000[m[2m | [m[2mEthScheduler-Workers-3[m[2m | [m[32mINFO [m[2m | [m[2mPersistBlockTask[m[2m | [m[32mImported empty block #131 / 0 tx / 0 om / 0 (0.0%) gas / (0x49ded5b6e4c68311ea1a3986fe08e3ac161b2ef31c188fb86750fc5188a830ab) in 0.000s. Peers: 4
[m[2m2026-10-01 19:32:03.023+0000[m[2m | [m[2mEthScheduler-Workers-5[m[2m | [m[32mINFO [m[2m | [m[2mPersistBlockTask[m[2m | [m[32mImported empty block #132 / 0 tx / 0 om / 0 (0.0%) gas / (0x428a9c32c948c54de9021d0aacaf8238093b45aeabcaded06416f8c0d7d56299) in 0.000s. Peers: 4
[m[2m2026-10-01 19:32:05.027+0000[m[2m | [m[2mEthScheduler-Workers-0[m[2m | [m[32mINFO [m[2m | [m[2mPersistBlockTask[m[2m | [m[32mImported empty block #133 / 0 tx / 0 om / 0 (0.0%) gas / (0x2414933adcfc98bba09f7b31c63571489dbbe4d5fa15cdd28f362933632ef5fc) in 0.000s. Peers: 4
[m[2m2026-10-01 19:32:07.023+0000[m[2m | [m[2mEthScheduler-Workers-4[m[2m | [m[32mINFO [m[2m | [m[2mPersistBlockTask[m[2m | [m[32mImported empty block #134 / 0 tx / 0 om / 0 (0.0%) gas / (0x2243bf624b73a0152aa6731aaca521dc7f405265be51adc581e414b7d1446fc1) in 0.000s. Peers: 4
[m[2m2026-10-01 19:32:09.022+0000[m[2m | [m[2mEthScheduler-Workers-2[m[2m | [m[32mINFO [m[2m | [m[2mPersistBlockTask[m[2m | [m[32mImported empty block #135 / 0 tx / 0 om / 0 (0.0%) gas / (0xeabc318c75327b9acbbe9f8c631d2d081a8323b3641d1b7ee167f391381d5823) in 0.000s. Peers: 4
[m[2m2026-10-01 19:32:11.019+0000[m[2m | [m[2mEthScheduler-Workers-7[m[2m | [m[32mINFO [m[2m | [m[2mPersistBlockTask[m[2m | [m[32mImported empty block #136 / 0 tx / 0 om / 0 (0.0%) gas / (0x3954ce660a6a835c872e83dbf588395bb0f0124daadc9f1deb3f8b25e4e43a81) in 0.000s. Peers: 4
[m[2m2026-10-01 19:32:13.026+0000[m[2m | [m[2mEthScheduler-Workers-6[m[2m | [m[32mINFO [m[2m | [m[2mPersistBlockTask[m[2m | [m[32mImported empty block #137 / 0 tx / 0 om / 0 (0.0%) gas / (0x404623efa59396f82b945f7519154b32448f2973ae92b918b697419549f07ac3) in 0.000s. Peers: 4
[m[2m2026-10-01 19:32:15.022+0000[m[2m | [m[2mEthScheduler-Workers-1[m[2m | [m[32mINFO [m[2m | [m[2mPersistBlockTask[m[2m | [m[32mImported empty block #138 / 0 tx / 0 om / 0 (0.0%) gas / (0x038d1a6f66174b7f3279d96fc821be7c5c2281ec53b04724e40ead73fa27b9f7) in 0.000s. Peers: 4
[m[2m2026-10-01 19:32:17.023+0000[m[2m | [m[2mEthScheduler-Workers-3[m[2m | [m[32mINFO [m[2m | [m[2mPersistBlockTask[m[2m | [m[32mImported empty block #139 / 0 tx / 0 om / 0 (0.0%) gas / (0x315ba6945b6a704da0e2b0cb26822caeb9bdcf18c866d7c38dfe1b547c27b4a6) in 0.000s. Peers: 4
[m[2m2026-10-01 19:32:19.026+0000[m[2m | [m[2mEthScheduler-Workers-5[m[2m | [m[32mINFO [m[2m | [m[2mPersistBlockTask[m[2m | [m[32mImported empty block #140 / 0 tx / 0 om / 0 (0.0%) gas / (0xcf8d34dc0c84eda1414133b7f3ede32163818f981d95fed85f1972481e94a953) in 0.000s. Peers: 4
[m[2m2026-10-01 19:32:21.014+0000[m[2m | [m[2mEthScheduler-Workers-0[m[2m | [m[32mINFO [m[2m | [m[2mPersistBlockTask[m[2m | [m[32mImported empty block #141 / 0 tx / 0 om / 0 (0.0%) gas / (0xf252b8ed6e24917fe437a07648a069e74aaa91a7438e50eddeedaaea3054c12c) in 0.000s. Peers: 4
[m[2m2026-10-01 19:32:23.023+0000[m[2m | [m[2mEthScheduler-Workers-4[m[2m | [m[32mINFO [m[2m | [m[2mPersistBlockTask[m[2m | [m[32mImported empty block #142 / 0 tx / 0 om / 0 (0.0%) gas / (0xc50790aa36ac2b66fdd688b98e8808b8d11d61dc03a58bee3e9eb2111bf0f4e6) in 0.000s. Peers: 4
[m[2m2026-10-01 19:32:25.025+0000[m[2m | [m[2mEthScheduler-Workers-2[m[2m | [m[32mINFO [m[2m | [m[2mPersistBlockTask[m[2m | [m[32mImported empty block #143 / 0 tx / 0 om / 0 (0.0%) gas / (0xb0d51f625c80e161350bc5124db7061e51a0a6ccabe67f261161ec73fabe2ee3) in 0.000s. Peers: 4
[m[2m2026-10-01 19:32:27.025+0000[m[2m | [m[2mEthScheduler-Workers-7[m[2m | [m[32mINFO [m[2m | [m[2mPersistBlockTask[m[2m | [m[32mImported empty block #144 / 0 tx / 0 om / 0 (0.0%) gas / (0xdc395bc35dc3509f4c1106f37a5c9a5e818f7a4574ab70c56f57c77b20b3a9e2) in 0.000s. Peers: 4
[m[2m2026-10-01 19:32:29.022+0000[m[2m | [m[2mEthScheduler-Workers-6[m[2m | [m[32mINFO [m[2m | [m[2mPersistBlockTask[m[2m | [m[32mImported empty block #145 / 0 tx / 0 om / 0 (0.0%) gas / (0x46e5e3e89fd230637803156b21589120d004d9c03a81af4f93164aab8d43e29a) in 0.000s. Peers: 4
[m[2m2026-10-01 19:32:31.022+0000[m[2m | [m[2mEthScheduler-Workers-1[m[2m | [m[32mINFO [m[2m | [m[2mPersistBlockTask[m[2m | [m[32mImported empty block #146 / 0 tx / 0 om / 0 (0.0%) gas / (0xd9d7f26caca1edc879f52fabe524d1f4ff809e7860b332a1eb1efc650ec91cff) in 0.000s. Peers: 4
[m[2m2026-10-01 19:32:33.027+0000[m[2m | [m[2mEthScheduler-Workers-3[m[2m | [m[32mINFO [m[2m | [m[2mPersistBlockTask[m[2m | [m[32mImported empty block #147 / 0 tx / 0 om / 0 (0.0%) gas / (0xcb269de4f6756d857a157d7d2ab553cbe2765d50a8c4e5070a2467e361d00618) in 0.000s. Peers: 4
[m[2m2026-10-01 19:32:35.034+0000[m[2m | [m[2mEthScheduler-Workers-5[m[2m | [m[32mINFO [m[2m | [m[2mPersistBlockTask[m[2m | [m[32mImported empty block #148 / 0 tx / 0 om / 0 (0.0%) gas / (0xe87e0ea47bcea407df162cad6cbed608b3966911b54d646584d4ef92d5759cdd) in 0.000s. Peers: 4
[m[2m2026-10-01 19:32:37.023+0000[m[2m | [m[2mEthScheduler-Workers-0[m[2m | [m[32mINFO [m[2m | [m[2mPersistBlockTask[m[2m | [m[32mImported empty block #149 / 0 tx / 0 om / 0 (0.0%) gas / (0xf2fcc391809359033859ba09be58173568fa1ecd4b3f47a54c279a9b25ee1b1d) in 0.000s. Peers: 4
[m[2m2026-10-01 19:32:39.025+0000[m[2m | [m[2mEthScheduler-Workers-4[m[2m | [m[32mINFO [m[2m | [m[2mPersistBlockTask[m[2m | [m[32mImported empty block #150 / 0 tx / 0 om / 0 (0.0%) gas / (0x5a754ec4de4588cacad2a8a76222f4e1b6791667ff85f68ae79e650655b4bc90) in 0.000s. Peers: 4
[m[2m2026-10-01 19:32:41.015+0000[m[2m | [m[2mEthScheduler-Workers-2[m[2m | [m[32mINFO [m[2m | [m[2mPersistBlockTask[m[2m | [m[32mImported empty block #151 / 0 tx / 0 om / 0 (0.0%) gas / (0xcb2081fb24872a71a6bc7cffd938597351bda8f2aca158705cba1a63dac8d5ee) in 0.000s. Peers: 4
[m[2m2026-10-01 19:32:43.024+0000[m[2m | [m[2mEthScheduler-Workers-7[m[2m | [m[32mINFO [m[2m | [m[2mPersistBlockTask[m[2m | [m[32mImported empty block #152 / 0 tx / 0 om / 0 (0.0%) gas / (0x3edb7ccd973d32cb34ea026a81e130130be24a550561eadcd696a7b3bc07a5c2) in 0.000s. Peers: 4
[m[2m2026-10-01 19:32:45.023+0000[m[2m | [m[2mEthScheduler-Workers-6[m[2m | [m[32mINFO [m[2m | [m[2mPersistBlockTask[m[2m | [m[32mImported empty block #153 / 0 tx / 0 om / 0 (0.0%) gas / (0x3498376380a7125153b8f103f00b36d824c202001c6fe7a834b58a1eb8069780) in 0.000s. Peers: 4
[m[2m2026-10-01 19:32:47.024+0000[m[2m | [m[2mEthScheduler-Workers-1[m[2m | [m[32mINFO [m[2m | [m[2mPersistBlockTask[m[2m | [m[32mImported empty block #154 / 0 tx / 0 om / 0 (0.0%) gas / (0x84424869e52494717cb50a39c279a8b8140b581c229638d6026c9a7e9e36fe8d) in 0.000s. Peers: 4
[m[2m2026-10-01 19:32:49.022+0000[m[2m | [m[2mEthScheduler-Workers-3[m[2m | [m[32mINFO [m[2m | [m[2mPersistBlockTask[m[2m | [m[32mImported empty block #155 / 0 tx / 0 om / 0 (0.0%) gas / (0x4412e467614a6459173367133a8e4638f0703c9df52963c6327e61271da9117f) in 0.000s. Peers: 4
[m[2m2026-10-01 19:32:51.012+0000[m[2m | [m[2mEthScheduler-Workers-5[m[2m | [m[32mINFO [m[2m | [m[2mPersistBlockTask[m[2m | [m[32mImported empty block #156 / 0 tx / 0 om / 0 (0.0%) gas / (0x73d3872ab26d12f4793809546705dabb3272790952d440de0d416d1027aa09a8) in 0.000s. Peers: 4
[m[2m2026-10-01 19:32:53.013+0000[m[2m | [m[2mEthScheduler-Workers-0[m[2m | [m[32mINFO [m[2m | [m[2mPersistBlockTask[m[2m | [m[32mImported empty block #157 / 0 tx / 0 om / 0 (0.0%) gas / (0xdf3a88ce2ec9d5d71ff199f75e466173d9ee8ea1b20b0c1a94bae1f4297b0e08) in 0.000s. Peers: 4
[m[2m2026-10-01 19:32:55.020+0000[m[2m | [m[2mEthScheduler-Workers-4[m[2m | [m[32mINFO [m[2m | [m[2mPersistBlockTask[m[2m | [m[32mImported empty block #158 / 0 tx / 0 om / 0 (0.0%) gas / (0x9ed5daa788589d9ccbc5e49c1d385b64b03e8cc82977ff7b9ba893efce943475) in 0.000s. Peers: 4
[m[2m2026-10-01 19:32:57.011+0000[m[2m | [m[2mEthScheduler-Workers-2[m[2m | [m[32mINFO [m[2m | [m[2mPersistBlockTask[m[2m | [m[32mImported empty block #159 / 0 tx / 0 om / 0 (0.0%) gas / (0xafa752a2b21e4fca6de086cf54d054dca6540757ef621e8a32ccd1665f99276c) in 0.000s. Peers: 4
[m[2m2026-10-01 19:32:59.024+0000[m[2m | [m[2mEthScheduler-Workers-7[m[2m | [m[32mINFO [m[2m | [m[2mPersistBlockTask[m[2m | [m[32mImported empty block #160 / 0 tx / 0 om / 0 (0.0%) gas / (0x57aa84539c67ea90b095c085faf9c85c9d208b0274d01dac148e1bed97c5aa0f) in 0.000s. Peers: 4
[m[2m2026-10-01 19:33:01.026+0000[m[2m | [m[2mEthScheduler-Workers-6[m[2m | [m[32mINFO [m[2m | [m[2mPersistBlockTask[m[2m | [m[32mImported empty block #161 / 0 tx / 0 om / 0 (0.0%) gas / (0x3092651d9ca17663968c43033a0c13ec534dc71af1b039d218e9be79bdfba13c) in 0.000s. Peers: 4
[m[2m2026-10-01 19:33:03.021+0000[m[2m | [m[2mEthScheduler-Workers-1[m[2m | [m[32mINFO [m[2m | [m[2mPersistBlockTask[m[2m | [m[32mImported empty block #162 / 0 tx / 0 om / 0 (0.0%) gas / (0x5f2826c6729755e4915df71e90b3f6767db81577530cd1fe8c23eaf47a90e021) in 0.000s. Peers: 4
[m[2m2026-10-01 19:33:05.014+0000[m[2m | [m[2mEthScheduler-Workers-3[m[2m | [m[32mINFO [m[2m | [m[2mPersistBlockTask[m[2m | [m[32mImported empty block #163 / 0 tx / 0 om / 0 (0.0%) gas / (0x838dae30df77fc884e79db20f26a1b993d88064fdb2da35fcf719cb8ea47c3cb) in 0.000s. Peers: 4
[m[2m2026-10-01 19:33:07.025+0000[m[2m | [m[2mEthScheduler-Workers-5[m[2m | [m[32mINFO [m[2m | [m[2mPersistBlockTask[m[2m | [m[32mImported empty block #164 / 0 tx / 0 om / 0 (0.0%) gas / (0x3d6b2bac813137e027c4741e939c3f058b2e14c5bf48615d0e5d73b3372b946e) in 0.000s. Peers: 4
[m[2m2026-10-01 19:33:09.016+0000[m[2m | [m[2mEthScheduler-Workers-0[m[2m | [m[32mINFO [m[2m | [m[2mPersistBlockTask[m[2m | [m[32mImported empty block #165 / 0 tx / 0 om / 0 (0.0%) gas / (0x8d85d3ecad9825d5983965e9e6fa0e28bcb98179017b79fcfdf828beb017faba) in 0.000s. Peers: 4
[m[2m2026-10-01 19:33:11.024+0000[m[2m | [m[2mEthScheduler-Workers-4[m[2m | [m[32mINFO [m[2m | [m[2mPersistBlockTask[m[2m | [m[32mImported empty block #166 / 0 tx / 0 om / 0 (0.0%) gas / (0xaa1510a7513392e70825995a632ae112fd75f92dfe7539bdcc0de55626cc4ee9) in 0.000s. Peers: 4
[m[2m2026-10-01 19:33:13.022+0000[m[2m | [m[2mEthScheduler-Workers-2[m[2m | [m[32mINFO [m[2m | [m[2mPersistBlockTask[m[2m | [m[32mImported empty block #167 / 0 tx / 0 om / 0 (0.0%) gas / (0xc99b6514bb457f3c5af197107b79a44193d693f2591ea0256b5fe000afce933a) in 0.000s. Peers: 4
[m[2m2026-10-01 19:33:15.022+0000[m[2m | [m[2mEthScheduler-Workers-7[m[2m | [m[32mINFO [m[2m | [m[2mPersistBlockTask[m[2m | [m[32mImported empty block #168 / 0 tx / 0 om / 0 (0.0%) gas / (0x2a1e2ca18ad5e4d1b68ea813e8f51b5c81466f27fbe1da862b13ba29ed3ac4e7) in 0.000s. Peers: 4
[m[2m2026-10-01 19:33:17.023+0000[m[2m | [m[2mEthScheduler-Workers-6[m[2m | [m[32mINFO [m[2m | [m[2mPersistBlockTask[m[2m | [m[32mImported empty block #169 / 0 tx / 0 om / 0 (0.0%) gas / (0x1585719db946094d92a64454676eaf7edac89ca22df3222cc50eb4880fc6bf75) in 0.000s. Peers: 4
[m[2m2026-10-01 19:33:19.015+0000[m[2m | [m[2mEthScheduler-Workers-1[m[2m | [m[32mINFO [m[2m | [m[2mPersistBlockTask[m[2m | [m[32mImported empty block #170 / 0 tx / 0 om / 0 (0.0%) gas / (0x319cb99db0ab9a1a6d356e0c9766c31c32000f621201b411d22a4f5d34846632) in 0.000s. Peers: 4
[m[2m2026-10-01 19:33:21.026+0000[m[2m | [m[2mEthScheduler-Workers-3[m[2m | [m[32mINFO [m[2m | [m[2mPersistBlockTask[m[2m | [m[32mImported empty block #171 / 0 tx / 0 om / 0 (0.0%) gas / (0xef665b987cac7874f1563306271194cf9d99804d8aa05365da9a4270c89064f1) in 0.000s. Peers: 4
[m[2m2026-10-01 19:33:23.020+0000[m[2m | [m[2mEthScheduler-Workers-5[m[2m | [m[32mINFO [m[2m | [m[2mPersistBlockTask[m[2m | [m[32mImported empty block #172 / 0 tx / 0 om / 0 (0.0%) gas / (0x6ec617f9c8fc9af8afaddee3389e072980c5cbfb34ffd183ae1e2fc1b46e1074) in 0.000s. Peers: 4
[m[2m2026-10-01 19:33:25.022+0000[m[2m | [m[2mEthScheduler-Workers-0[m[2m | [m[32mINFO [m[2m | [m[2mPersistBlockTask[m[2m | [m[32mImported empty block #173 / 0 tx / 0 om / 0 (0.0%) gas / (0xde4c2072e212a0ca5de598f3261c132157b2a0014ddbeac422a8a18e77a8ee7c) in 0.000s. Peers: 4
[m[2m2026-10-01 19:33:27.022+0000[m[2m | [m[2mEthScheduler-Workers-4[m[2m | [m[32mINFO [m[2m | [m[2mPersistBlockTask[m[2m | [m[32mImported empty block #174 / 0 tx / 0 om / 0 (0.0%) gas / (0xfd17764600180a35b7b3690808689f4a9ef0b92e6ddd9c67377dc99ba134b6ed) in 0.000s. Peers: 4
[m[2m2026-10-01 19:33:29.027+0000[m[2m | [m[2mEthScheduler-Workers-2[m[2m | [m[32mINFO [m[2m | [m[2mPersistBlockTask[m[2m | [m[32mImported empty block #175 / 0 tx / 0 om / 0 (0.0%) gas / (0xd804bddd19652a34636cac823983f60f84ae6bb4f7107825898b60b396075125) in 0.000s. Peers: 4
[m[2m2026-10-01 19:33:31.025+0000[m[2m | [m[2mEthScheduler-Workers-7[m[2m | [m[32mINFO [m[2m | [m[2mPersistBlockTask[m[2m | [m[32mImported empty block #176 / 0 tx / 0 om / 0 (0.0%) gas / (0x43688c36310799cdc28d31cdc424beb71c405cfc8b6b33b78cf2dde7d4e0d78f) in 0.000s. Peers: 4
[m[2m2026-10-01 19:33:33.020+0000[m[2m | [m[2mEthScheduler-Workers-6[m[2m | [m[32mINFO [m[2m | [m[2mPersistBlockTask[m[2m | [m[32mImported empty block #177 / 0 tx / 0 om / 0 (0.0%) gas / (0x33b80a1d4653f0f41e4146583518c887cbc427f9ef49c674147274ac44ebcee6) in 0.000s. Peers: 4
[m[2m2026-10-01 19:33:35.021+0000[m[2m | [m[2mEthScheduler-Workers-1[m[2m | [m[32mINFO [m[2m | [m[2mPersistBlockTask[m[2m | [m[32mImported empty block #178 / 0 tx / 0 om / 0 (0.0%) gas / (0x153dd1c0fb2a362e407b4e34c7df69328af6e86b5356575c8e149c783169b565) in 0.000s. Peers: 4
[m[2m2026-10-01 19:33:37.031+0000[m[2m | [m[2mEthScheduler-Workers-3[m[2m | [m[32mINFO [m[2m | [m[2mPersistBlockTask[m[2m | [m[32mImported empty block #179 / 0 tx / 0 om / 0 (0.0%) gas / (0x91295a93fef12a8516c5a38089dfeab43f5ab77d43c31750475f26665a9bc41d) in 0.000s. Peers: 4
[m[2m2026-10-01 19:33:39.023+0000[m[2m | [m[2mEthScheduler-Workers-5[m[2m | [m[32mINFO [m[2m | [m[2mPersistBlockTask[m[2m | [m[32mImported empty block #180 / 0 tx / 0 om / 0 (0.0%) gas / (0x3ef8863f2190eb4341bfa9b37a43abe9b048c0c2451d2459b5f9eca082328813) in 0.000s. Peers: 4
[m[2m2026-10-01 19:33:41.025+0000[m[2m | [m[2mEthScheduler-Workers-0[m[2m | [m[32mINFO [m[2m | [m[2mPersistBlockTask[m[2m | [m[32mImported empty block #181 / 0 tx / 0 om / 0 (0.0%) gas / (0xa6893ba08cca3d94e4be561768f8a03c4d22b7b394bab4506ccd91aabba0274b) in 0.000s. Peers: 4
[m[2m2026-10-01 19:33:43.018+0000[m[2m | [m[2mEthScheduler-Workers-4[m[2m | [m[32mINFO [m[2m | [m[2mPersistBlockTask[m[2m | [m[32mImported empty block #182 / 0 tx / 0 om / 0 (0.0%) gas / (0xaedd728aa69fd1f5b096f595d5917234c556417f3a9b624df3ff4081248ca662) in 0.000s. Peers: 4
[m[2m2026-10-01 19:33:45.027+0000[m[2m | [m[2mEthScheduler-Workers-2[m[2m | [m[32mINFO [m[2m | [m[2mPersistBlockTask[m[2m | [m[32mImported empty block #183 / 0 tx / 0 om / 0 (0.0%) gas / (0x19c5db2351095791095558179c2a3b9ed17c73b2e91e560df945d01a34d27709) in 0.000s. Peers: 4
[m[2m2026-10-01 19:33:47.026+0000[m[2m | [m[2mEthScheduler-Workers-7[m[2m | [m[32mINFO [m[2m | [m[2mPersistBlockTask[m[2m | [m[32mImported empty block #184 / 0 tx / 0 om / 0 (0.0%) gas / (0x64bfb0ced2b91acf432f09a482fc80c348e0e87195bf7b1f339499d89488836f) in 0.000s. Peers: 4
[m[2m2026-10-01 19:33:49.024+0000[m[2m | [m[2mEthScheduler-Workers-6[m[2m | [m[32mINFO [m[2m | [m[2mPersistBlockTask[m[2m | [m[32mImported empty block #185 / 0 tx / 0 om / 0 (0.0%) gas / (0x86127900cf9193a1b2b15422a22abff842610a4a0deb83cc616feb76cac6dfd5) in 0.000s. Peers: 4
[m[2m2026-10-01 19:33:51.020+0000[m[2m | [m[2mEthScheduler-Workers-1[m[2m | [m[32mINFO [m[2m | [m[2mPersistBlockTask[m[2m | [m[32mImported empty block #186 / 0 tx / 0 om / 0 (0.0%) gas / (0xbd40bbde091f3c7bf18a2ea063a9f4b23a69b3dfca873e0b7c6fc30352bcbfc6) in 0.000s. Peers: 4
[m[2m2026-10-01 19:33:53.023+0000[m[2m | [m[2mEthScheduler-Workers-3[m[2m | [m[32mINFO [m[2m | [m[2mPersistBlockTask[m[2m | [m[32mImported empty block #187 / 0 tx / 0 om / 0 (0.0%) gas / (0x7eac3c8ec232e76066fa02c9ba305f04b7deab461e0c5ac1d2b023969cb18cac) in 0.000s. Peers: 4
[m[2m2026-10-01 19:33:55.023+0000[m[2m | [m[2mEthScheduler-Workers-5[m[2m | [m[32mINFO [m[2m | [m[2mPersistBlockTask[m[2m | [m[32mImported empty block #188 / 0 tx / 0 om / 0 (0.0%) gas / (0xfdd79f109d522ccf84e3904c76517810ba8f6385df92c842eb79c8b4e4ac1808) in 0.000s. Peers: 4
[m[2m2026-10-01 19:33:57.024+0000[m[2m | [m[2mEthScheduler-Workers-0[m[2m | [m[32mINFO [m[2m | [m[2mPersistBlockTask[m[2m | [m[32mImported empty block #189 / 0 tx / 0 om / 0 (0.0%) gas / (0x2f3ac76b451614a82a96434ababc56fdb36220aadb48645c4f5709761685cfbd) in 0.000s. Peers: 4
[m[2m2026-10-01 19:33:59.030+0000[m[2m | [m[2mEthScheduler-Workers-4[m[2m | [m[32mINFO [m[2m | [m[2mPersistBlockTask[m[2m | [m[32mImported empty block #190 / 0 tx / 0 om / 0 (0.0%) gas / (0x3ac1c0f31c9af052eaad32e3db189fbe74b5b6915a1c89d1e92eea534e509d1b) in 0.000s. Peers: 4
[m[2m2026-10-01 19:34:01.027+0000[m[2m | [m[2mEthScheduler-Workers-2[m[2m | [m[32mINFO [m[2m | [m[2mPersistBlockTask[m[2m | [m[32mImported empty block #191 / 0 tx / 0 om / 0 (0.0%) gas / (0x84538afed7914f563b686816b0f698b4f1f3ba9c8c87a7430ba29a006ff9b1ef) in 0.000s. Peers: 4
[m[2m2026-10-01 19:34:03.026+0000[m[2m | [m[2mEthScheduler-Workers-7[m[2m | [m[32mINFO [m[2m | [m[2mPersistBlockTask[m[2m | [m[32mImported empty block #192 / 0 tx / 0 om / 0 (0.0%) gas / (0x0a2faf7740bbbff228dfc843cad0701c6e00aac01467dfc995a1a3acfcfaddc3) in 0.000s. Peers: 4
[m[2m2026-10-01 19:34:05.025+0000[m[2m | [m[2mEthScheduler-Workers-6[m[2m | [m[32mINFO [m[2m | [m[2mPersistBlockTask[m[2m | [m[32mImported empty block #193 / 0 tx / 0 om / 0 (0.0%) gas / (0x46024fb9dabb0bdc81741d090466b162ec13343b9cd3fdd7006532909eb65ee3) in 0.000s. Peers: 4
