Setting permissions for: /data with access: READ_WRITE
[2m2026-10-01 23:52:32.535+0000[m[2m | [m[2mmain[m[2m | [m[32mINFO [m[2m | [m[2mBesu[m[2m | [m[32mStarting Besu
[m[2m2026-10-01 23:52:35.003+0000[m[2m | [m[2mmain[m[2m | [m[33mWARN [m[2m | [m[2mBesu[m[2m | [m[33m--rpc-ws-host has been ignored because --rpc-ws-enabled was not defined on the command line.
[m[2m2026-10-01 23:52:35.025+0000[m[2m | [m[2mmain[m[2m | [m[33mWARN [m[2m | [m[2mBesu[m[2m | [m[33m--graphql-http-host has been ignored because --graphql-http-enabled was not defined on the command line.
[m[2m2026-10-01 23:52:39.023+0000[m[2m | [m[2mmain[m[2m | [m[32mINFO [m[2m | [m[2mBesu[m[2m | [m[32mRPC HTTP JSON-RPC config: JsonRpcConfiguration{enabled=true, port=8545, host=0.0.0.0, corsAllowedDomains=[*], hostsAllowlist=[*], rpcApis=[ETH, NET, QBFT], authenticationEnabled=false, authenticationCredentialsFile=null, authenticationPublicKeyFile=null, tlsConfiguration=Optional.empty, httpTimeoutSec=30, maxActiveConnections=80, maxBatchSize=1024}
[m[2m2026-10-01 23:52:39.037+0000[m[2m | [m[2mmain[m[2m | [m[33mWARN [m[2m | [m[2mBesu[m[2m | [m[33mForcing --bonsai-limit-trie-logs-enabled=false, since it cannot be enabled with --sync-mode=FULL and --data-storage-format=BONSAI.
[m[2m2026-10-01 23:52:39.042+0000[m[2m | [m[2mmain[m[2m | [m[32mINFO [m[2m | [m[2mBesu[m[2m | [m[32mConnecting to 0 static nodes.
[m[2m2026-10-01 23:52:39.423+0000[m[2m | [m[2mmain[m[2m | [m[32mINFO [m[2m | [m[2mBesu[m[2m | [m[32m
####################################################################################################
#                                                                                                  #
# Besu version 26.6.0-RC1                                                                          #
#                                                                                                  #
# Configuration:                                                                                   #
# Network: Custom genesis file                                                                     #
# /genesis.json                                                                                    #
# Network Id: 1337                                                                                 #
# Data storage: Bonsai                                                                             #
# Sync mode: Full                                                                                  #
# Sync min peers: 5                                                                                #
# RPC HTTP APIs: ETH,NET,QBFT                                                                      #
# RPC HTTP port: 8545                                                                              #
# Using LAYERED transaction pool implementation                                                    #
# Using STACKED worldstate update mode                                                             #
# Opcode optimizations enabled                                                                     #
# Parallel transaction processing enabled                                                          #
# BAL pruning enabled (retained BALs: 113056)                                                      #
# Target Gas Limit: 60M                                                                            #
#                                                                                                  #
# Host:                                                                                            #
# Java: openjdk-java-25                                                                            #
# Maximum heap size: 1.94 GB                                                                       #
# OS: linux-aarch_64                                                                               #
# glibc: 2.39                                                                                      #
# jemalloc: 5.3.0-0-g54eaed1d8b56b1aa528be3bdd1877e59c56fa90c                                      #
# Total memory: 7.75 GB                                                                            #
# CPU cores: 10                                                                                    #
#                                                                                                  #
# Plugin Registration Summary:                                                                     #
# No plugins have been registered.                                                                 #
# TOTAL = 0 of 0 plugins successfully registered.                                                  #
#                                                                                                  #
####################################################################################################
[m[2m2026-10-01 23:52:39.425+0000[m[2m | [m[2mmain[m[2m | [m[32mINFO [m[2m | [m[2mBesu[m[2m | [m[32mSecurity Module: localfile
[m[2m2026-10-01 23:52:39.426+0000[m[2m | [m[2mmain[m[2m | [m[32mINFO [m[2m | [m[2mVersionMetadata[m[2m | [m[32mLookup version metadata file in data directory: /data
[m[2m2026-10-01 23:52:39.533+0000[m[2m | [m[2mmain[m[2m | [m[32mINFO [m[2m | [m[2mVersionMetadata[m[2m | [m[32mExisting version data detected. Besu version 26.6.0-RC1
[m[2m2026-10-01 23:52:39.569+0000[m[2m | [m[2mmain[m[2m | [m[32mINFO [m[2m | [m[2mBesu[m[2m | [m[32mUsing the native implementation of alt bn128
[m[2m2026-10-01 23:52:39.570+0000[m[2m | [m[2mmain[m[2m | [m[32mINFO [m[2m | [m[2mBesu[m[2m | [m[32mUsing the Java implementation of modexp
[m[2m2026-10-01 23:52:39.601+0000[m[2m | [m[2mmain[m[2m | [m[32mINFO [m[2m | [m[2mBesu[m[2m | [m[32mUsing the native implementation of the signature algorithm
[m[2m2026-10-01 23:52:39.606+0000[m[2m | [m[2mmain[m[2m | [m[32mINFO [m[2m | [m[2mBesu[m[2m | [m[32mUsing the Java implementation of the blake2bf algorithm
[m[2m2026-10-01 23:52:39.782+0000[m[2m | [m[2mmain[m[2m | [m[32mINFO [m[2m | [m[2mBesu[m[2m | [m[32mUsing the native BoringSSL implementation of p256verify
[m[2m2026-10-01 23:52:39.970+0000[m[2m | [m[2mmain[m[2m | [m[32mINFO [m[2m | [m[2mKeyPairUtil[m[2m | [m[32mAttempting to load public key from /data/key
[m[2m2026-10-01 23:52:40.005+0000[m[2m | [m[2mmain[m[2m | [m[32mINFO [m[2m | [m[2mKeyPairUtil[m[2m | [m[32mLoaded public key 0x8038f1f0b32d746b89c6bbf809e218fd1970d1d8ffe06023d68a117a893094569feac654435d1b9fd4911f7f820f0e231c03847d970a01c1bf1bc15e53b7a28c from /data/key
[m[2m2026-10-01 23:52:40.420+0000[m[2m | [m[2mmain[m[2m | [m[32mINFO [m[2m | [m[2mProtocolScheduleBuilder[m[2m | [m[32mProtocol schedule created with milestones: [Berlin:0]
[m[2m2026-10-01 23:52:40.450+0000[m[2m | [m[2mmain[m[2m | [m[32mINFO [m[2m | [m[2mDatabaseMetadata[m[2m | [m[32mLookup database metadata file in data directory: /data
[m[2m2026-10-01 23:52:40.569+0000[m[2m | [m[2mmain[m[2m | [m[32mINFO [m[2m | [m[2mRocksDBKeyValueStorageFactory[m[2m | [m[32mExisting database at /data. Metadata versionedStorageFormat=BaseVersionedStorageFormat{format=BONSAI, version=3}. Processing WAL...
[m[2m2026-10-01 23:52:41.427+0000[m[2m | [m[2mmain[m[2m | [m[32mINFO [m[2m | [m[2mFlatDbStrategyProvider[m[2m | [m[32mFlat db mode found FULL
[m[2m2026-10-01 23:52:41.440+0000[m[2m | [m[2mmain[m[2m | [m[32mINFO [m[2m | [m[2mFlatDbStrategyProvider[m[2m | [m[32mDB mode with code stored using code hash enabled = true
[m[2m2026-10-01 23:52:41.491+0000[m[2m | [m[2mmain[m[2m | [m[32mINFO [m[2m | [m[2mFlatDbStrategyProvider[m[2m | [m[32mFlat db mode found FULL
[m[2m2026-10-01 23:52:41.492+0000[m[2m | [m[2mmain[m[2m | [m[32mINFO [m[2m | [m[2mFlatDbStrategyProvider[m[2m | [m[32mDB mode with code stored using code hash enabled = true
[m[2m2026-10-01 23:52:41.799+0000[m[2m | [m[2mmain[m[2m | [m[32mINFO [m[2m | [m[2mBesuControllerBuilder[m[2m | [m[32mAdding ChainDataPruner to observe block added events
[m[2m2026-10-01 23:52:41.804+0000[m[2m | [m[2mmain[m[2m | [m[32mINFO [m[2m | [m[2mBesuControllerBuilder[m[2m | [m[32mBAL pruning enabled | BALs retained: 113056 | Frequency: 256
[m[2m2026-10-01 23:52:41.855+0000[m[2m | [m[2mmain[m[2m | [m[32mINFO [m[2m | [m[2mTransactionPoolFactory[m[2m | [m[32mEnabling transaction pool
[m[2m2026-10-01 23:52:41.921+0000[m[2m | [m[2mmain[m[2m | [m[32mINFO [m[2m | [m[2mBesuControllerBuilder[m[2m | [m[32mQBFT is configured, creating initial sync for BFT
[m[2m2026-10-01 23:52:41.959+0000[m[2m | [m[2mmain[m[2m | [m[32mINFO [m[2m | [m[2mBFTPivotSelectorFromPeers[m[2m | [m[32mCreating pivot block selector for BFT node
[m[2m2026-10-01 23:52:42.958+0000[m[2m | [m[2mmain[m[2m | [m[32mINFO [m[2m | [m[2mRunnerBuilder[m[2m | [m[32mResolved 1 bootnodes.
[m[2m2026-10-01 23:52:43.008+0000[m[2m | [m[2mmain[m[2m | [m[32mINFO [m[2m | [m[2mRunnerBuilder[m[2m | [m[32mDetecting NAT service.
[m[2m2026-10-01 23:52:43.665+0000[m[2m | [m[2mmain[m[2m | [m[32mINFO [m[2m | [m[2mRunner[m[2m | [m[32mStarting external services ... 
[m[2m2026-10-01 23:52:43.666+0000[m[2m | [m[2mmain[m[2m | [m[32mINFO [m[2m | [m[2mJsonRpcHttpService[m[2m | [m[32mStarting JSON-RPC service on 0.0.0.0:8545
[m[2m2026-10-01 23:52:44.580+0000[m[2m | [m[2mvert.x-eventloop-thread-1[m[2m | [m[32mINFO [m[2m | [m[2mJsonRpcHttpService[m[2m | [m[32mJSON-RPC service started and listening on 0.0.0.0:8545
[m[2m2026-10-01 23:52:44.587+0000[m[2m | [m[2mmain[m[2m | [m[32mINFO [m[2m | [m[2mAutoTransactionLogBloomCachingService[m[2m | [m[32mStarting auto transaction log bloom caching service.
[m[2m2026-10-01 23:52:44.589+0000[m[2m | [m[2mmain[m[2m | [m[32mINFO [m[2m | [m[2mLogBloomCacheMetadata[m[2m | [m[32mLookup cache metadata file in data directory: /data/caches
[m[2m2026-10-01 23:52:44.634+0000[m[2m | [m[2mmain[m[2m | [m[32mINFO [m[2m | [m[2mRunner[m[2m | [m[32mStarting Ethereum main loop ... 
[m[2m2026-10-01 23:52:44.634+0000[m[2m | [m[2mmain[m[2m | [m[32mINFO [m[2m | [m[2mDockerNatManager[m[2m | [m[32mStarting docker NAT manager.
[m[2m2026-10-01 23:52:44.667+0000[m[2m | [m[2mmain[m[2m | [m[32mINFO [m[2m | [m[2mNetworkRunner[m[2m | [m[32mStarting Network.
[m[2m2026-10-01 23:52:44.694+0000[m[2m | [m[2mnioEventLoopGroup-2-1[m[2m | [m[32mINFO [m[2m | [m[2mRlpxAgent[m[2m | [m[32mP2P RLPx agent started and listening on /[0:0:0:0:0:0:0:0]:30303.
[m[2m2026-10-01 23:52:44.695+0000[m[2m | [m[2mmain[m[2m | [m[32mINFO [m[2m | [m[2mPeerDiscoveryAgentV4[m[2m | [m[32mStarting peer discovery agent on host=0.0.0.0, port=30303. IPv6 available.
[m[2m2026-10-01 23:52:44.716+0000[m[2m | [m[2mvert.x-eventloop-thread-1[m[2m | [m[32mINFO [m[2m | [m[2mVertxPeerDiscoveryAgent[m[2m | [m[32mStarted peer discovery agent successfully, on effective host=0:0:0:0:0:0:0:0 and port=30303
[m[2m2026-10-01 23:52:44.771+0000[m[2m | [m[2mvert.x-eventloop-thread-1[m[2m | [m[32mINFO [m[2m | [m[2mNodeRecordManager[m[2m | [m[32mWriting node record to disk. NodeRecord{seq=1, publicKey=0x028038f1f0b32d746b89c6bbf809e218fd1970d1d8ffe06023d68a117a89309456, udpAddress=Optional[/127.0.0.1:30303], tcpAddress=Optional[/127.0.0.1:30303], quicAddress=Optional.empty, udp6Address=Optional.empty, tcp6Address=Optional.empty, quic6Address=Optional.empty, asBase64=-Je4QPc-Bru81ARnf6Ct0qBVJvazlhKHN2kaVCwDWfrvGTM1f6RMl7sEPYxSLqiUPyrSfufsqZzpXEpuvSDhWgfkamkBg2V0aMfGhPDO1jeAgmlkgnY0gmlwhH8AAAGJc2VjcDI1NmsxoQKAOPHwsy10a4nGu_gJ4hj9GXDR2P_gYCPWihF6iTCUVoN0Y3CCdl-DdWRwgnZf, nodeId=0xa6d63d1ef6b86e06396eccbfdfad53a16507b51d30cf8d3f8ad73f8f1d100fe3, customFields={tcp=30303, udp=30303, eth=[[0xf0ced637, 0x]], id=V4, ip=0x7f000001, secp256k1=0x028038f1f0b32d746b89c6bbf809e218fd1970d1d8ffe06023d68a117a89309456}}
[m[2m2026-10-01 23:52:44.808+0000[m[2m | [m[2mvert.x-eventloop-thread-1[m[2m | [m[32mINFO [m[2m | [m[2mPeerDiscoveryAgentV4[m[2m | [m[32mP2P peer discovery agent started and listening on /[0:0:0:0:0:0:0:0]:30303
[m[2m2026-10-01 23:52:44.809+0000[m[2m | [m[2mmain[m[2m | [m[32mINFO [m[2m | [m[2mDefaultP2PNetwork[m[2m | [m[32mEnode URL enode://8038f1f0b32d746b89c6bbf809e218fd1970d1d8ffe06023d68a117a893094569feac654435d1b9fd4911f7f820f0e231c03847d970a01c1bf1bc15e53b7a28c@127.0.0.1:30303
[m[2m2026-10-01 23:52:44.812+0000[m[2m | [m[2mmain[m[2m | [m[32mINFO [m[2m | [m[2mDefaultP2PNetwork[m[2m | [m[32mENR URL enr:-Je4QPc-Bru81ARnf6Ct0qBVJvazlhKHN2kaVCwDWfrvGTM1f6RMl7sEPYxSLqiUPyrSfufsqZzpXEpuvSDhWgfkamkBg2V0aMfGhPDO1jeAgmlkgnY0gmlwhH8AAAGJc2VjcDI1NmsxoQKAOPHwsy10a4nGu_gJ4hj9GXDR2P_gYCPWihF6iTCUVoN0Y3CCdl-DdWRwgnZf
[m[2m2026-10-01 23:52:44.812+0000[m[2m | [m[2mmain[m[2m | [m[32mINFO [m[2m | [m[2mDefaultP2PNetwork[m[2m | [m[32mNode address 0xdfad53a16507b51d30cf8d3f8ad73f8f1d100fe3
[m[2m2026-10-01 23:52:44.826+0000[m[2m | [m[2mmain[m[2m | [m[32mINFO [m[2m | [m[2mNetworkRunner[m[2m | [m[32mSupported capabilities: [eth/68, eth/69, eth/70, eth/71], [istanbul/100], [snap/1]
[m[2m2026-10-01 23:52:44.827+0000[m[2m | [m[2mmain[m[2m | [m[32mINFO [m[2m | [m[2mDefaultSynchronizer[m[2m | [m[32mStarting synchronizer.
[m[2m2026-10-01 23:52:44.831+0000[m[2m | [m[2mmain[m[2m | [m[32mINFO [m[2m | [m[2mTransactionPoolFactory[m[2m | [m[32mEnabling transaction handling following initial sync
[m[2m2026-10-01 23:52:44.833+0000[m[2m | [m[2mmain[m[2m | [m[32mINFO [m[2m | [m[2mBftMiningCoordinator[m[2m | [m[32mStarting BFT mining coordinator following initial sync
[m[2m2026-10-01 23:52:44.868+0000[m[2m | [m[2mmain[m[2m | [m[32mINFO [m[2m | [m[2mFullSyncDownloader[m[2m | [m[32mStarting full sync.
[m[2m2026-10-01 23:52:44.879+0000[m[2m | [m[2mmain[m[2m | [m[32mINFO [m[2m | [m[2mFullSyncTargetManager[m[2m | [m[32mUnable to find sync target. Waiting for 5 peers minimum. Currently checking 0 peers for usefulness
[m[2m2026-10-01 23:52:44.896+0000[m[2m | [m[2mmain[m[2m | [m[32mINFO [m[2m | [m[2mRunner[m[2m | [m[32mEthereum main loop is up.
[m[2m2026-10-01 23:52:46.185+0000[m[2m | [m[2mBftProcessorExecutor-QBFT-0[m[2m | [m[32mINFO [m[2m | [m[2mQbftRound[m[2m | [m[32mImporting proposed block to chain. round=ConsensusRoundIdentifier{Sequence=1, Round=1}, hash=0x77afac817fa048b0ee8eda1a208a1421e20b65a050143cd00232248ec212e322
[m[2m2026-10-01 23:52:46.291+0000[m[2m | [m[2mBftProcessorExecutor-QBFT-0[m[2m | [m[32mINFO [m[2m | [m[2mQbftBesuControllerBuilder[m[2m | [m[32mImported empty block #1 / 0 tx / 0 pending / 0 (0.0%) gas / (0x77afac817fa048b0ee8eda1a208a1421e20b65a050143cd00232248ec212e322)
[m[2m2026-10-01 23:52:47.075+0000[m[2m | [m[2mBftProcessorExecutor-QBFT-0[m[2m | [m[32mINFO [m[2m | [m[2mQbftBesuControllerBuilder[m[2m | [m[32mProduced empty block #2 / 0 tx / 0 pending / 0 (0.0%) gas / (0x85fff5f1d3ed6e020f7bd58587122009a00ea6efcd17c200e86513325ca5bff9)
[m[2m2026-10-01 23:52:49.052+0000[m[2m | [m[2mBftProcessorExecutor-QBFT-0[m[2m | [m[32mINFO [m[2m | [m[2mQbftBesuControllerBuilder[m[2m | [m[32mImported empty block #3 / 0 tx / 0 pending / 0 (0.0%) gas / (0x5004276b51b1267126d31bdf9db796a5f66aceeb044b0393d71313ab71218040)
[m[2m2026-10-01 23:52:51.075+0000[m[2m | [m[2mBftProcessorExecutor-QBFT-0[m[2m | [m[32mINFO [m[2m | [m[2mQbftBesuControllerBuilder[m[2m | [m[32mImported empty block #4 / 0 tx / 0 pending / 0 (0.0%) gas / (0xdf99c00f8351b0a35d4dcaf6a8ab817ccec0c00f44784c8ecb6a5e76baff7960)
[m[2m2026-10-01 23:52:53.032+0000[m[2m | [m[2mBftProcessorExecutor-QBFT-0[m[2m | [m[32mINFO [m[2m | [m[2mQbftBesuControllerBuilder[m[2m | [m[32mImported empty block #5 / 0 tx / 0 pending / 0 (0.0%) gas / (0xfca1240ed21a6d1e806a49dd755d78f4d12b6674202fa32d844ccca29ce8e5b1)
[m[2m2026-10-01 23:52:55.045+0000[m[2m | [m[2mBftProcessorExecutor-QBFT-0[m[2m | [m[32mINFO [m[2m | [m[2mQbftBesuControllerBuilder[m[2m | [m[32mProduced empty block #6 / 0 tx / 0 pending / 0 (0.0%) gas / (0xdc296e11eab6998d6e304c77ff805012ad6ddd96e24021e7301c13b5e26a6352)
[m[2m2026-10-01 23:52:57.039+0000[m[2m | [m[2mBftProcessorExecutor-QBFT-0[m[2m | [m[32mINFO [m[2m | [m[2mQbftBesuControllerBuilder[m[2m | [m[32mImported empty block #7 / 0 tx / 0 pending / 0 (0.0%) gas / (0xaa7a2942933accef2a95ec124263cbcb0e9fa99363ceb100acf85bb87ed62cf9)
[m[2m2026-10-01 23:52:59.040+0000[m[2m | [m[2mBftProcessorExecutor-QBFT-0[m[2m | [m[32mINFO [m[2m | [m[2mQbftBesuControllerBuilder[m[2m | [m[32mImported empty block #8 / 0 tx / 0 pending / 0 (0.0%) gas / (0xd2f624403dfa6fe25271fe54140b93f71fc9df9ce265a269bb57292f6d7cbcdd)
[m[2m2026-10-01 23:53:01.035+0000[m[2m | [m[2mBftProcessorExecutor-QBFT-0[m[2m | [m[32mINFO [m[2m | [m[2mQbftBesuControllerBuilder[m[2m | [m[32mImported empty block #9 / 0 tx / 0 pending / 0 (0.0%) gas / (0x9e26a0dccbb9b4e9642db8d1eba1b6c594e1417cb4a55f536b3a78d6876ca998)
[m[2m2026-10-01 23:53:03.070+0000[m[2m | [m[2mBftProcessorExecutor-QBFT-0[m[2m | [m[32mINFO [m[2m | [m[2mQbftBesuControllerBuilder[m[2m | [m[32mProduced empty block #10 / 0 tx / 0 pending / 0 (0.0%) gas / (0x97d76c8322f476766c919831cc427fc70b700bfb54a6bfb34c227b37aba5fc43)
[m[2m2026-10-01 23:53:05.413+0000[m[2m | [m[2mBftProcessorExecutor-QBFT-0[m[2m | [m[32mINFO [m[2m | [m[2mQbftBesuControllerBuilder[m[2m | [m[32mImported block #11 / 1 tx / 0 pending / 904,698 (19.2%) gas / (0xe45664429579f2dfca5834233a6517c198288eedb86b9ff30c5b06142a5a5130)
[m[2m2026-10-01 23:53:19.007+0000[m[2m | [m[2mBftProcessorExecutor-QBFT-0[m[2m | [m[32mINFO [m[2m | [m[2mRoundTimer[m[2m | [m[32mMoved to round 2 which will expire in 16 seconds
[m[2m2026-10-01 23:53:19.015+0000[m[2m | [m[2mBftProcessorExecutor-QBFT-0[m[2m | [m[32mINFO [m[2m | [m[2mRoundChangeManager[m[2m | [m[32mBFT round summary (quorum = 3)
[m[2m2026-10-01 23:53:19.016+0000[m[2m | [m[2mBftProcessorExecutor-QBFT-0[m[2m | [m[32mINFO [m[2m | [m[2mRoundChangeManager[m[2m | [m[32mAddress: 0xdfad53a16507b51d30cf8d3f8ad73f8f1d100fe3  Round: 2 (Local node)
[m[2m2026-10-01 23:53:19.016+0000[m[2m | [m[2mBftProcessorExecutor-QBFT-0[m[2m | [m[32mINFO [m[2m | [m[2mRoundChangeManager[m[2m | [m[32mAddress: 0xee395aeb71736e099f7b9aa2be5a4d6375dbca81  Round: 2 
[m[2m2026-10-01 23:53:19.018+0000[m[2m | [m[2mBftProcessorExecutor-QBFT-0[m[2m | [m[32mINFO [m[2m | [m[2mRoundChangeManager[m[2m | [m[32mBFT round summary (quorum = 3)
[m[2m2026-10-01 23:53:19.019+0000[m[2m | [m[2mBftProcessorExecutor-QBFT-0[m[2m | [m[32mINFO [m[2m | [m[2mRoundChangeManager[m[2m | [m[32mAddress: 0xdfad53a16507b51d30cf8d3f8ad73f8f1d100fe3  Round: 2 (Local node)
[m[2m2026-10-01 23:53:19.019+0000[m[2m | [m[2mBftProcessorExecutor-QBFT-0[m[2m | [m[32mINFO [m[2m | [m[2mRoundChangeManager[m[2m | [m[32mAddress: 0xee395aeb71736e099f7b9aa2be5a4d6375dbca81  Round: 2 
[m[2m2026-10-01 23:53:19.019+0000[m[2m | [m[2mBftProcessorExecutor-QBFT-0[m[2m | [m[32mINFO [m[2m | [m[2mRoundChangeManager[m[2m | [m[32mAddress: 0x83d3a47373eef19fef5c7fb48c37ea52d0ea8236  Round: 2 
[m[2m2026-10-01 23:53:19.295+0000[m[2m | [m[2mBftProcessorExecutor-QBFT-0[m[2m | [m[32mINFO [m[2m | [m[2mRoundChangeManager[m[2m | [m[32mBFT round summary (quorum = 3)
[m[2m2026-10-01 23:53:19.295+0000[m[2m | [m[2mBftProcessorExecutor-QBFT-0[m[2m | [m[32mINFO [m[2m | [m[2mRoundChangeManager[m[2m | [m[32mAddress: 0xdfad53a16507b51d30cf8d3f8ad73f8f1d100fe3  Round: 2 (Local node)
[m[2m2026-10-01 23:53:19.295+0000[m[2m | [m[2mBftProcessorExecutor-QBFT-0[m[2m | [m[32mINFO [m[2m | [m[2mRoundChangeManager[m[2m | [m[32mAddress: 0xee395aeb71736e099f7b9aa2be5a4d6375dbca81  Round: 2 
[m[2m2026-10-01 23:53:19.295+0000[m[2m | [m[2mBftProcessorExecutor-QBFT-0[m[2m | [m[32mINFO [m[2m | [m[2mRoundChangeManager[m[2m | [m[32mAddress: 0x83d3a47373eef19fef5c7fb48c37ea52d0ea8236  Round: 2 
[m[2m2026-10-01 23:53:19.295+0000[m[2m | [m[2mBftProcessorExecutor-QBFT-0[m[2m | [m[32mINFO [m[2m | [m[2mRoundChangeManager[m[2m | [m[32mAddress: 0x7d5d19929faae1c201ceb3e74272908e474e233a  Round: 2 
[m[2m2026-10-01 23:53:19.320+0000[m[2m | [m[2mBftProcessorExecutor-QBFT-0[m[2m | [m[32mINFO [m[2m | [m[2mQbftRound[m[2m | [m[32mImporting proposed block to chain. round=ConsensusRoundIdentifier{Sequence=12, Round=2}, hash=0x3eb107bf8238a7de4626af195fead323cc91a2d04d928eaf8b42c725cfe0e711
[m[2m2026-10-01 23:53:19.512+0000[m[2m | [m[2mBftProcessorExecutor-QBFT-0[m[2m | [m[32mINFO [m[2m | [m[2mQbftBesuControllerBuilder[m[2m | [m[32mProduced block #12 / 31 tx / 104 pending / 4,414,435 (93.9%) gas / (0x3eb107bf8238a7de4626af195fead323cc91a2d04d928eaf8b42c725cfe0e711)
[m[2m2026-10-01 23:53:21.836+0000[m[2m | [m[2mBftProcessorExecutor-QBFT-0[m[2m | [m[32mINFO [m[2m | [m[2mQbftBesuControllerBuilder[m[2m | [m[32mImported block #13 / 32 tx / 94 pending / 4,539,236 (96.6%) gas / (0xd9d74c258264941959f83adfe7591e419ccc14cd21da5df047074f93f1a3c36d)
[m[2m2026-10-01 23:53:23.535+0000[m[2m | [m[2mBftProcessorExecutor-QBFT-0[m[2m | [m[32mINFO [m[2m | [m[2mQbftBesuControllerBuilder[m[2m | [m[32mImported block #14 / 32 tx / 80 pending / 4,539,188 (96.6%) gas / (0xc9d80eba1a5138634efa7c35b44359bd6c4831a8c19d2f9d74713939bec832fb)
[m[2m2026-10-01 23:53:25.524+0000[m[2m | [m[2mBftProcessorExecutor-QBFT-0[m[2m | [m[32mINFO [m[2m | [m[2mQbftBesuControllerBuilder[m[2m | [m[32mImported block #15 / 32 tx / 68 pending / 4,539,188 (96.6%) gas / (0x28cc419d360f34e6b3f9fd14964f2e027f0e0ce4b41accfca867f87f3faa494e)
[m[2m2026-10-01 23:53:27.623+0000[m[2m | [m[2mBftProcessorExecutor-QBFT-0[m[2m | [m[32mINFO [m[2m | [m[2mQbftBesuControllerBuilder[m[2m | [m[32mProduced block #16 / 32 tx / 56 pending / 4,539,200 (96.6%) gas / (0xe6342d83a3b5bde2880acd941a9e9ade2ff701942addb7d6c0d816b77e552b2f)
[m[2m2026-10-01 23:53:27.648+0000[m[2m | [m[2mEthScheduler-Workers-7[m[2m | [m[32mINFO [m[2m | [m[2mPersistBlockTask[m[2m | [m[32mBlock 16 (0xe6342d83a3b5bde2880acd941a9e9ade2ff701942addb7d6c0d816b77e552b2f) is already imported
[m[2m2026-10-01 23:53:29.293+0000[m[2m | [m[2mBftProcessorExecutor-QBFT-0[m[2m | [m[32mINFO [m[2m | [m[2mQbftBesuControllerBuilder[m[2m | [m[32mImported block #17 / 32 tx / 42 pending / 4,539,212 (96.6%) gas / (0x789a0cb40dc9cc77d57ddf7b85366defe9edc97fca5c413a5f754c7b60effb3a)
[m[2m2026-10-01 23:53:31.224+0000[m[2m | [m[2mBftProcessorExecutor-QBFT-0[m[2m | [m[32mINFO [m[2m | [m[2mQbftBesuControllerBuilder[m[2m | [m[32mImported block #18 / 32 tx / 29 pending / 4,539,224 (96.6%) gas / (0x9c8c23bec7f5d642ae6ce4f214147e5bf807d2e8bfc149e013fc887108ebb89b)
[m[2m2026-10-01 23:53:33.548+0000[m[2m | [m[2mBftProcessorExecutor-QBFT-0[m[2m | [m[32mINFO [m[2m | [m[2mQbftBesuControllerBuilder[m[2m | [m[32mImported block #19 / 32 tx / 19 pending / 4,539,260 (96.6%) gas / (0x35360c492d31b3ca9bdb83608051b97dce445c82ffbeb2b337ab46c6317de02b)
[m[2m2026-10-01 23:53:33.548+0000[m[2m | [m[2mEthScheduler-Workers-6[m[2m | [m[32mINFO [m[2m | [m[2mPersistBlockTask[m[2m | [m[32mBlock 19 (0x35360c492d31b3ca9bdb83608051b97dce445c82ffbeb2b337ab46c6317de02b) is already imported
[m[2m2026-10-01 23:53:35.253+0000[m[2m | [m[2mBftProcessorExecutor-QBFT-0[m[2m | [m[32mINFO [m[2m | [m[2mQbftBesuControllerBuilder[m[2m | [m[32mProduced block #20 / 32 tx / 6 pending / 4,539,236 (96.6%) gas / (0xfe0661f629f3f5db838f906a2ec9a012bf3b312e2523c1ccd3c470991e2c9f1e)
[m[2m2026-10-01 23:53:37.136+0000[m[2m | [m[2mBftProcessorExecutor-QBFT-0[m[2m | [m[32mINFO [m[2m | [m[2mQbftBesuControllerBuilder[m[2m | [m[32mImported block #21 / 14 tx / 0 pending / 1,985,894 (42.3%) gas / (0x105135f4242cd40ad9e201cd03ef58edb97ab2ed61daf31971a782ccf63d5744)
[m[2m2026-10-01 23:53:39.031+0000[m[2m | [m[2mBftProcessorExecutor-QBFT-0[m[2m | [m[32mINFO [m[2m | [m[2mQbftBesuControllerBuilder[m[2m | [m[32mImported empty block #22 / 0 tx / 0 pending / 0 (0.0%) gas / (0x74861944b9c147283ee6fae277265165001848642589ec90921e37ca3822b8eb)
[m[2m2026-10-01 23:53:41.022+0000[m[2m | [m[2mBftProcessorExecutor-QBFT-0[m[2m | [m[32mINFO [m[2m | [m[2mQbftBesuControllerBuilder[m[2m | [m[32mImported empty block #23 / 0 tx / 0 pending / 0 (0.0%) gas / (0xa4bb3dddce4302871021fe4ea1947f4366b975ac5bc273644a4e15f5e559e3bc)
[m[2m2026-10-01 23:53:43.030+0000[m[2m | [m[2mBftProcessorExecutor-QBFT-0[m[2m | [m[32mINFO [m[2m | [m[2mQbftBesuControllerBuilder[m[2m | [m[32mProduced empty block #24 / 0 tx / 0 pending / 0 (0.0%) gas / (0x8f5d445825c91e9c243983d2f8bf6956d2c926dadf73feb4184fa6cfcb26b05d)
[m[2m2026-10-01 23:53:45.031+0000[m[2m | [m[2mBftProcessorExecutor-QBFT-0[m[2m | [m[32mINFO [m[2m | [m[2mQbftBesuControllerBuilder[m[2m | [m[32mImported empty block #25 / 0 tx / 0 pending / 0 (0.0%) gas / (0x602eb6c06ad57cdcf6fa445be47a92339d5c10bfd126d44d9d4824d3e2a52df7)
[m[2m2026-10-01 23:53:47.031+0000[m[2m | [m[2mBftProcessorExecutor-QBFT-0[m[2m | [m[32mINFO [m[2m | [m[2mQbftBesuControllerBuilder[m[2m | [m[32mImported empty block #26 / 0 tx / 0 pending / 0 (0.0%) gas / (0x4300a94aa38cede578e028869ac02bd8c9375426f4f1b675340adcfbc3faadb7)
[m[2m2026-10-01 23:53:49.131+0000[m[2m | [m[2mBftProcessorExecutor-QBFT-0[m[2m | [m[32mINFO [m[2m | [m[2mQbftBesuControllerBuilder[m[2m | [m[32mImported block #27 / 14 tx / 1 pending / 1,985,894 (42.3%) gas / (0xd04f44d45e30e8082fef8f54228460efc9921617dfa7f38f5aa176a7a5e125a3)
[m[2m2026-10-01 23:53:51.200+0000[m[2m | [m[2mBftProcessorExecutor-QBFT-0[m[2m | [m[32mINFO [m[2m | [m[2mQbftBesuControllerBuilder[m[2m | [m[32mProduced block #28 / 32 tx / 11 pending / 4,539,188 (96.6%) gas / (0x827c9900ad30db1d7a8f5646c16377ba632cebbeb63b38bfd91c481865853071)
[m[2m2026-10-01 23:53:53.184+0000[m[2m | [m[2mBftProcessorExecutor-QBFT-0[m[2m | [m[32mINFO [m[2m | [m[2mQbftBesuControllerBuilder[m[2m | [m[32mImported block #29 / 32 tx / 18 pending / 4,539,128 (96.6%) gas / (0x68da2cb900b6c178676c886372d63b1acb36289f69047100d6fb120f614b885a)
[m[2m2026-10-01 23:53:55.182+0000[m[2m | [m[2mBftProcessorExecutor-QBFT-0[m[2m | [m[32mINFO [m[2m | [m[2mQbftBesuControllerBuilder[m[2m | [m[32mImported block #30 / 32 tx / 26 pending / 4,539,248 (96.6%) gas / (0x6c0c3d99d611d4a8346289bead3edabdb12eae7293d59bbb70d21b2b48793293)
[m[2m2026-10-01 23:53:57.138+0000[m[2m | [m[2mBftProcessorExecutor-QBFT-0[m[2m | [m[32mINFO [m[2m | [m[2mQbftBesuControllerBuilder[m[2m | [m[32mImported block #31 / 32 tx / 33 pending / 4,539,236 (96.6%) gas / (0xbe8217ebd852abd7fb0d2c2f925a9c6c6d40fb895b127e41248e49244d79c236)
[m[2m2026-10-01 23:53:59.108+0000[m[2m | [m[2mBftProcessorExecutor-QBFT-0[m[2m | [m[32mINFO [m[2m | [m[2mQbftBesuControllerBuilder[m[2m | [m[32mProduced block #32 / 32 tx / 41 pending / 4,539,128 (96.6%) gas / (0xf8a7bd8d888a0386fb07711d6f2a7f06222f4a5bf2db125c2ced5409ca7a318e)
[m[2m2026-10-01 23:53:59.108+0000[m[2m | [m[2mEthScheduler-Workers-2[m[2m | [m[32mINFO [m[2m | [m[2mPersistBlockTask[m[2m | [m[32mBlock 32 (0xf8a7bd8d888a0386fb07711d6f2a7f06222f4a5bf2db125c2ced5409ca7a318e) is already imported
[m[2m2026-10-01 23:54:01.134+0000[m[2m | [m[2mBftProcessorExecutor-QBFT-0[m[2m | [m[32mINFO [m[2m | [m[2mQbftBesuControllerBuilder[m[2m | [m[32mImported block #33 / 32 tx / 49 pending / 4,539,200 (96.6%) gas / (0x005bb698c0f0337834b5309a113603e9cd034f921b8295beafc80553f6ea5d43)
[m[2m2026-10-01 23:54:03.082+0000[m[2m | [m[2mBftProcessorExecutor-QBFT-0[m[2m | [m[32mINFO [m[2m | [m[2mQbftBesuControllerBuilder[m[2m | [m[32mImported block #34 / 32 tx / 57 pending / 4,539,152 (96.6%) gas / (0xec71da1f8309cc5e4af2ba2d3ed73c9d1ac8c859751d5f4aebc284c19e99380c)
[m[2m2026-10-01 23:54:05.140+0000[m[2m | [m[2mBftProcessorExecutor-QBFT-0[m[2m | [m[32mINFO [m[2m | [m[2mQbftBesuControllerBuilder[m[2m | [m[32mImported block #35 / 32 tx / 66 pending / 4,539,188 (96.6%) gas / (0x997419d9bff0f2296b9f58cedaf43d6a31d4f483ec13e7911b7463f1d822dc17)
[m[2m2026-10-01 23:54:07.128+0000[m[2m | [m[2mBftProcessorExecutor-QBFT-0[m[2m | [m[32mINFO [m[2m | [m[2mQbftBesuControllerBuilder[m[2m | [m[32mProduced block #36 / 32 tx / 74 pending / 4,539,236 (96.6%) gas / (0x33d7b23a7cec5cf8b7539ea76147b06a9d32b47216a6ea7a1db81bb66ce88f2e)
[m[2m2026-10-01 23:54:09.265+0000[m[2m | [m[2mBftProcessorExecutor-QBFT-0[m[2m | [m[32mINFO [m[2m | [m[2mQbftBesuControllerBuilder[m[2m | [m[32mImported block #37 / 32 tx / 83 pending / 4,539,104 (96.6%) gas / (0xa5bb20f5491d74dd1e18d2dcdb48d8e4e01b8d8a260fb82209a29b76ff133028)
[m[2m2026-10-01 23:54:11.111+0000[m[2m | [m[2mBftProcessorExecutor-QBFT-0[m[2m | [m[32mINFO [m[2m | [m[2mQbftBesuControllerBuilder[m[2m | [m[32mImported block #38 / 32 tx / 89 pending / 4,539,260 (96.6%) gas / (0x193973dcaa904c0f6256d68072485775fc82c527660d49f46ffe887b375e1be7)
[m[2m2026-10-01 23:54:13.128+0000[m[2m | [m[2mBftProcessorExecutor-QBFT-0[m[2m | [m[32mINFO [m[2m | [m[2mQbftBesuControllerBuilder[m[2m | [m[32mImported block #39 / 32 tx / 97 pending / 4,539,176 (96.6%) gas / (0x4183ad3adeed1202016d67e15e27224eb0df76dadf0537f95af770018b12ce6e)
[m[2m2026-10-01 23:54:15.165+0000[m[2m | [m[2mBftProcessorExecutor-QBFT-0[m[2m | [m[32mINFO [m[2m | [m[2mQbftBesuControllerBuilder[m[2m | [m[32mProduced block #40 / 32 tx / 107 pending / 4,539,236 (96.6%) gas / (0x84e97ca86813a88b36cee3dc3a52a98a2fe238336be0f9e1a05978d47f80e8ef)
[m[2m2026-10-01 23:54:17.148+0000[m[2m | [m[2mBftProcessorExecutor-QBFT-0[m[2m | [m[32mINFO [m[2m | [m[2mQbftBesuControllerBuilder[m[2m | [m[32mImported block #41 / 32 tx / 114 pending / 4,539,188 (96.6%) gas / (0x40df7f551e3824f0875467f5465dd39bb77d08f7855f0a11350fe3f3116d7a28)
[m[2m2026-10-01 23:54:19.134+0000[m[2m | [m[2mBftProcessorExecutor-QBFT-0[m[2m | [m[32mINFO [m[2m | [m[2mQbftBesuControllerBuilder[m[2m | [m[32mImported block #42 / 32 tx / 107 pending / 4,539,260 (96.6%) gas / (0xd908d51306452eb282a340f029729172f2de2b4c3098b8250f83e47c8f24b075)
[m[2m2026-10-01 23:54:21.109+0000[m[2m | [m[2mBftProcessorExecutor-QBFT-0[m[2m | [m[32mINFO [m[2m | [m[2mQbftBesuControllerBuilder[m[2m | [m[32mImported block #43 / 32 tx / 75 pending / 4,539,176 (96.6%) gas / (0x693ac583618c81780ed5bd3b187ae02aa20faa991c1e4e3c5b4806f53ce264a9)
[m[2m2026-10-01 23:54:23.123+0000[m[2m | [m[2mBftProcessorExecutor-QBFT-0[m[2m | [m[32mINFO [m[2m | [m[2mQbftBesuControllerBuilder[m[2m | [m[32mProduced block #44 / 32 tx / 43 pending / 4,539,188 (96.6%) gas / (0xbd2f882eaec4dbbf64987f172fa9fa0ea873dc9d0efc44aef15fbe95ae4c0c63)
[m[2m2026-10-01 23:54:25.087+0000[m[2m | [m[2mBftProcessorExecutor-QBFT-0[m[2m | [m[32mINFO [m[2m | [m[2mQbftBesuControllerBuilder[m[2m | [m[32mImported block #45 / 32 tx / 11 pending / 4,539,188 (96.6%) gas / (0x3c859b072060bde8c818d9729dc123f30a24ba5032ebce2b9bb024fe3e8e63ff)
[m[2m2026-10-01 23:54:27.059+0000[m[2m | [m[2mBftProcessorExecutor-QBFT-0[m[2m | [m[32mINFO [m[2m | [m[2mQbftBesuControllerBuilder[m[2m | [m[32mImported block #46 / 11 tx / 0 pending / 1,560,335 (33.2%) gas / (0x429be3bfdc4d6480d78e788f08a6dd44dcc81d9661cfe7ce00189f58062dbe11)
[m[2m2026-10-01 23:54:29.029+0000[m[2m | [m[2mBftProcessorExecutor-QBFT-0[m[2m | [m[32mINFO [m[2m | [m[2mQbftBesuControllerBuilder[m[2m | [m[32mImported empty block #47 / 0 tx / 0 pending / 0 (0.0%) gas / (0xe02b2f3c2caa68610497d6706f7ecd02d364333f5412b4ac6e78d6045f023fa2)
[m[2m2026-10-01 23:54:31.032+0000[m[2m | [m[2mBftProcessorExecutor-QBFT-0[m[2m | [m[32mINFO [m[2m | [m[2mQbftBesuControllerBuilder[m[2m | [m[32mProduced empty block #48 / 0 tx / 0 pending / 0 (0.0%) gas / (0x036f4a9f4b16d13a7a5b2e6e1845a8d9178011e022b25400c0a5c6ed272c8f62)
[m[2m2026-10-01 23:54:33.025+0000[m[2m | [m[2mBftProcessorExecutor-QBFT-0[m[2m | [m[32mINFO [m[2m | [m[2mQbftBesuControllerBuilder[m[2m | [m[32mImported empty block #49 / 0 tx / 0 pending / 0 (0.0%) gas / (0x829666820476a6a343321358aeaf9f5d9d4b22e1ec98967309622e9f30667272)
[m[2m2026-10-01 23:54:35.025+0000[m[2m | [m[2mBftProcessorExecutor-QBFT-0[m[2m | [m[32mINFO [m[2m | [m[2mQbftBesuControllerBuilder[m[2m | [m[32mImported empty block #50 / 0 tx / 0 pending / 0 (0.0%) gas / (0x66da5531022d790886c3f93edc7658309460fd33104b43ffaa41b033ffbbd650)
[m[2m2026-10-01 23:54:37.023+0000[m[2m | [m[2mBftProcessorExecutor-QBFT-0[m[2m | [m[32mINFO [m[2m | [m[2mQbftBesuControllerBuilder[m[2m | [m[32mImported empty block #51 / 0 tx / 0 pending / 0 (0.0%) gas / (0x36f8723855c5ed07d2bdbc595c6ceede0209101fde94b2ef3ebc08821b2f6462)
[m[2m2026-10-01 23:54:39.151+0000[m[2m | [m[2mBftProcessorExecutor-QBFT-0[m[2m | [m[32mINFO [m[2m | [m[2mQbftBesuControllerBuilder[m[2m | [m[32mProduced block #52 / 32 tx / 5 pending / 4,539,188 (96.6%) gas / (0x7607517180115b9718792bfd619cd2f233dc4b330e2c5323e49f2ddab1e6d1ec)
[m[2m2026-10-01 23:54:41.157+0000[m[2m | [m[2mBftProcessorExecutor-QBFT-0[m[2m | [m[32mINFO [m[2m | [m[2mQbftBesuControllerBuilder[m[2m | [m[32mImported block #53 / 32 tx / 55 pending / 4,539,128 (96.6%) gas / (0x9461cd0c15dc3196d8d9de835c38bd6aade852556127f21fe540b741209e7234)
[m[2m2026-10-01 23:54:43.126+0000[m[2m | [m[2mBftProcessorExecutor-QBFT-0[m[2m | [m[32mINFO [m[2m | [m[2mQbftBesuControllerBuilder[m[2m | [m[32mImported block #54 / 32 tx / 102 pending / 4,539,248 (96.6%) gas / (0x4599f03ea447ba7575fe8058dc89d43b04f9dca1103de557811a47bb8bf66363)
[m[2m2026-10-01 23:54:45.099+0000[m[2m | [m[2mBftProcessorExecutor-QBFT-0[m[2m | [m[32mINFO [m[2m | [m[2mQbftBesuControllerBuilder[m[2m | [m[32mImported block #55 / 32 tx / 149 pending / 4,539,248 (96.6%) gas / (0xce210eb0812d65923457db43aac2c631bef634a8d741392f331c5b38eebee1ab)
[m[2m2026-10-01 23:54:47.085+0000[m[2m | [m[2mBftProcessorExecutor-QBFT-0[m[2m | [m[32mINFO [m[2m | [m[2mQbftBesuControllerBuilder[m[2m | [m[32mProduced block #56 / 32 tx / 168 pending / 4,539,224 (96.6%) gas / (0x6c9e7ecd9a1bea9709876dd6830de8b69c64a119864c31e5dfc98c5be1bb25d4)
[m[2m2026-10-01 23:54:49.098+0000[m[2m | [m[2mBftProcessorExecutor-QBFT-0[m[2m | [m[32mINFO [m[2m | [m[2mQbftBesuControllerBuilder[m[2m | [m[32mImported block #57 / 32 tx / 138 pending / 4,539,212 (96.6%) gas / (0x31047ac2bce764b11bc302f9f95c075f340b9ec82aa0bbb33910f0c188b168a7)
[m[2m2026-10-01 23:54:51.151+0000[m[2m | [m[2mBftProcessorExecutor-QBFT-0[m[2m | [m[32mINFO [m[2m | [m[2mQbftBesuControllerBuilder[m[2m | [m[32mImported block #58 / 32 tx / 106 pending / 4,539,212 (96.6%) gas / (0x64075d90b114407d1f6155061ccd49e2efc1571da3a9ddd36d4dd92f50df9351)
[m[2m2026-10-01 23:54:53.128+0000[m[2m | [m[2mBftProcessorExecutor-QBFT-0[m[2m | [m[32mINFO [m[2m | [m[2mQbftBesuControllerBuilder[m[2m | [m[32mImported block #59 / 32 tx / 74 pending / 4,539,188 (96.6%) gas / (0xf9443339cd80df1f0cb373cc4a81740c1ae72431296817677d6d635371bd2ece)
[m[2m2026-10-01 23:54:55.104+0000[m[2m | [m[2mBftProcessorExecutor-QBFT-0[m[2m | [m[32mINFO [m[2m | [m[2mQbftBesuControllerBuilder[m[2m | [m[32mProduced block #60 / 32 tx / 42 pending / 4,539,200 (96.6%) gas / (0xf1d48505ae531eac7f5582000f66b9ff42105de57ecddb360166f2603be62b2b)
[m[2m2026-10-01 23:54:57.086+0000[m[2m | [m[2mBftProcessorExecutor-QBFT-0[m[2m | [m[32mINFO [m[2m | [m[2mQbftBesuControllerBuilder[m[2m | [m[32mImported block #61 / 32 tx / 10 pending / 4,539,212 (96.6%) gas / (0x47434f461ae4c152112f82fc84863d3fa86b61ab92d6d1389a7d8e22153c95ab)
[m[2m2026-10-01 23:54:59.040+0000[m[2m | [m[2mBftProcessorExecutor-QBFT-0[m[2m | [m[32mINFO [m[2m | [m[2mQbftBesuControllerBuilder[m[2m | [m[32mImported block #62 / 8 tx / 2 pending / 1,134,776 (24.1%) gas / (0xe2dce46e423c2221ec7b6291ea3a2f95173a67d6d3651a7ee8b2e4b7da521e17)
[m[2m2026-10-01 23:55:01.036+0000[m[2m | [m[2mBftProcessorExecutor-QBFT-0[m[2m | [m[32mINFO [m[2m | [m[2mQbftBesuControllerBuilder[m[2m | [m[32mImported empty block #63 / 0 tx / 2 pending / 0 (0.0%) gas / (0x63aa36863ae351c6416b279cce2fb24bdd3dad0b0f8590a1bfc74971d0dbb29e)
[m[2m2026-10-01 23:55:03.020+0000[m[2m | [m[2mBftProcessorExecutor-QBFT-0[m[2m | [m[32mINFO [m[2m | [m[2mQbftBesuControllerBuilder[m[2m | [m[32mProduced empty block #64 / 0 tx / 2 pending / 0 (0.0%) gas / (0xf2cd70afea703ab3708c541877eae6901ac62736c5b6a3e792d6d4c649525559)
[m[2m2026-10-01 23:55:05.035+0000[m[2m | [m[2mBftProcessorExecutor-QBFT-0[m[2m | [m[32mINFO [m[2m | [m[2mQbftBesuControllerBuilder[m[2m | [m[32mImported empty block #65 / 0 tx / 2 pending / 0 (0.0%) gas / (0x423f05e84ec418897d070033557df5bd1e1a5121df1985342ab6167bdcb0b113)
[m[2m2026-10-01 23:55:07.033+0000[m[2m | [m[2mBftProcessorExecutor-QBFT-0[m[2m | [m[32mINFO [m[2m | [m[2mQbftBesuControllerBuilder[m[2m | [m[32mImported empty block #66 / 0 tx / 2 pending / 0 (0.0%) gas / (0x268595abfa2e51c22ea8e8e79d0a68b1a484cad55f7545a21e602d5b2aa7b8a0)
[m[2m2026-10-01 23:55:09.036+0000[m[2m | [m[2mBftProcessorExecutor-QBFT-0[m[2m | [m[32mINFO [m[2m | [m[2mQbftBesuControllerBuilder[m[2m | [m[32mImported empty block #67 / 0 tx / 2 pending / 0 (0.0%) gas / (0xca5118e3ef908d279a8d28f55cbd23d1f49f0d48c02a865c40f8c48e0c01fd53)
[m[2m2026-10-01 23:55:11.024+0000[m[2m | [m[2mBftProcessorExecutor-QBFT-0[m[2m | [m[32mINFO [m[2m | [m[2mQbftBesuControllerBuilder[m[2m | [m[32mProduced empty block #68 / 0 tx / 2 pending / 0 (0.0%) gas / (0xf581e7eb9b2119bd8f6b5f288e56bb1cec3e20b6e6b819b0d67bf7f1d0e296fa)
[m[2m2026-10-01 23:55:13.023+0000[m[2m | [m[2mBftProcessorExecutor-QBFT-0[m[2m | [m[32mINFO [m[2m | [m[2mQbftBesuControllerBuilder[m[2m | [m[32mImported empty block #69 / 0 tx / 2 pending / 0 (0.0%) gas / (0x3c355261e86566cae1d6e6941252d157307cb367ea739c913ed5588ded62aeea)
[m[2m2026-10-01 23:55:15.027+0000[m[2m | [m[2mBftProcessorExecutor-QBFT-0[m[2m | [m[32mINFO [m[2m | [m[2mQbftBesuControllerBuilder[m[2m | [m[32mImported empty block #70 / 0 tx / 2 pending / 0 (0.0%) gas / (0xf9b03ebb2478d676c3b464698c6c8c162a7da5760e1567657d7c27c26b424a77)
[m[2m2026-10-01 23:55:17.029+0000[m[2m | [m[2mBftProcessorExecutor-QBFT-0[m[2m | [m[32mINFO [m[2m | [m[2mQbftBesuControllerBuilder[m[2m | [m[32mImported empty block #71 / 0 tx / 2 pending / 0 (0.0%) gas / (0x65f49fd899af6fbcc7b4130e8ef63203b6dd0c0ec15f877597c24d2f7820f607)
[m[2m2026-10-01 23:55:19.048+0000[m[2m | [m[2mBftProcessorExecutor-QBFT-0[m[2m | [m[32mINFO [m[2m | [m[2mQbftBesuControllerBuilder[m[2m | [m[32mProduced empty block #72 / 0 tx / 2 pending / 0 (0.0%) gas / (0x819912a531059e6e224e1fc2acabd9f805c3d918acef12392e880c76f4406818)
[m[2m2026-10-01 23:55:21.030+0000[m[2m | [m[2mBftProcessorExecutor-QBFT-0[m[2m | [m[32mINFO [m[2m | [m[2mQbftBesuControllerBuilder[m[2m | [m[32mImported empty block #73 / 0 tx / 2 pending / 0 (0.0%) gas / (0xcd8b62ce69353bbe6a39f3dac6f3e196768b34a6713dea6724bee3ea293c59fb)
[m[2m2026-10-01 23:55:23.022+0000[m[2m | [m[2mBftProcessorExecutor-QBFT-0[m[2m | [m[32mINFO [m[2m | [m[2mQbftBesuControllerBuilder[m[2m | [m[32mImported empty block #74 / 0 tx / 2 pending / 0 (0.0%) gas / (0xfff77f528621d437981e2c577b2f8c884b4c8c6c4a066694e9e4fd84d2341a45)
[m[2m2026-10-01 23:55:25.032+0000[m[2m | [m[2mBftProcessorExecutor-QBFT-0[m[2m | [m[32mINFO [m[2m | [m[2mQbftBesuControllerBuilder[m[2m | [m[32mImported empty block #75 / 0 tx / 2 pending / 0 (0.0%) gas / (0x9956737898a2d2c285175970709498e3f821ce85d4aeddaa8a35bb65947e00fc)
[m[2m2026-10-01 23:55:27.075+0000[m[2m | [m[2mBftProcessorExecutor-QBFT-0[m[2m | [m[32mINFO [m[2m | [m[2mQbftBesuControllerBuilder[m[2m | [m[32mProduced empty block #76 / 0 tx / 2 pending / 0 (0.0%) gas / (0x540dcda9cd12e32b2275678390c1695d75f6951a6cb0184190ecce55f4721ed2)
[m[2m2026-10-01 23:55:29.021+0000[m[2m | [m[2mBftProcessorExecutor-QBFT-0[m[2m | [m[32mINFO [m[2m | [m[2mQbftBesuControllerBuilder[m[2m | [m[32mImported empty block #77 / 0 tx / 2 pending / 0 (0.0%) gas / (0xe7080d27b2f502b82c3fe16ef3adeca3cffe88ff0714729b4405d54f183f7fb6)
[m[2m2026-10-01 23:55:31.022+0000[m[2m | [m[2mBftProcessorExecutor-QBFT-0[m[2m | [m[32mINFO [m[2m | [m[2mQbftBesuControllerBuilder[m[2m | [m[32mImported empty block #78 / 0 tx / 2 pending / 0 (0.0%) gas / (0xe6da421d414d535aeee36620604d9ce0a1622aa78353282903f48c80ebaebb86)
[m[2m2026-10-01 23:55:33.026+0000[m[2m | [m[2mBftProcessorExecutor-QBFT-0[m[2m | [m[32mINFO [m[2m | [m[2mQbftBesuControllerBuilder[m[2m | [m[32mImported empty block #79 / 0 tx / 2 pending / 0 (0.0%) gas / (0xe6a4a87ff9fc1f5b726f95896fa3801dd5e0870f741ac181e2b6a7ac7576f961)
[m[2m2026-10-01 23:55:35.023+0000[m[2m | [m[2mBftProcessorExecutor-QBFT-0[m[2m | [m[32mINFO [m[2m | [m[2mQbftBesuControllerBuilder[m[2m | [m[32mProduced empty block #80 / 0 tx / 2 pending / 0 (0.0%) gas / (0x88ebb2595ec4aec61bf1a23f7ee0d86f914dcb90ba38dc87a3e33182de6d9b42)
[m[2m2026-10-01 23:55:37.023+0000[m[2m | [m[2mBftProcessorExecutor-QBFT-0[m[2m | [m[32mINFO [m[2m | [m[2mQbftBesuControllerBuilder[m[2m | [m[32mImported empty block #81 / 0 tx / 2 pending / 0 (0.0%) gas / (0x185cfcefab292a7293ae04ecd56b9c3d2b24fc95e4718ab7f432943850ece11f)
[m[2m2026-10-01 23:55:39.024+0000[m[2m | [m[2mBftProcessorExecutor-QBFT-0[m[2m | [m[32mINFO [m[2m | [m[2mQbftBesuControllerBuilder[m[2m | [m[32mImported empty block #82 / 0 tx / 2 pending / 0 (0.0%) gas / (0xe3f4eb36a21cf725dd1301cfb77b8b5c32388d8c99034194a4b91ef94223370c)
[m[2m2026-10-01 23:55:41.025+0000[m[2m | [m[2mBftProcessorExecutor-QBFT-0[m[2m | [m[32mINFO [m[2m | [m[2mQbftBesuControllerBuilder[m[2m | [m[32mImported empty block #83 / 0 tx / 2 pending / 0 (0.0%) gas / (0x1da6772e9ae44324e651004f2c423dc8e09da7ba6ef3f3f6276a1cdebf450513)
[m[2m2026-10-01 23:55:43.031+0000[m[2m | [m[2mBftProcessorExecutor-QBFT-0[m[2m | [m[32mINFO [m[2m | [m[2mQbftBesuControllerBuilder[m[2m | [m[32mProduced empty block #84 / 0 tx / 2 pending / 0 (0.0%) gas / (0x4402f833b1e3c1259ce0ac3ff00bad5f1c9e7fc5ce67d51c441f941ccfca9e22)
[m[2m2026-10-01 23:55:45.016+0000[m[2m | [m[2mBftProcessorExecutor-QBFT-0[m[2m | [m[32mINFO [m[2m | [m[2mQbftBesuControllerBuilder[m[2m | [m[32mImported empty block #85 / 0 tx / 2 pending / 0 (0.0%) gas / (0x0c5002b179500c87d0613e5f1d3085011fd54c66deef6be1bf52fda9ca70cc3c)
[m[2m2026-10-01 23:55:47.029+0000[m[2m | [m[2mBftProcessorExecutor-QBFT-0[m[2m | [m[32mINFO [m[2m | [m[2mQbftBesuControllerBuilder[m[2m | [m[32mImported empty block #86 / 0 tx / 2 pending / 0 (0.0%) gas / (0xf4f8be0d71f72f18e3e38291fa9fb02c36f3910b09e97e6be68498e7a1355cbd)
[m[2m2026-10-01 23:55:49.025+0000[m[2m | [m[2mBftProcessorExecutor-QBFT-0[m[2m | [m[32mINFO [m[2m | [m[2mQbftBesuControllerBuilder[m[2m | [m[32mImported empty block #87 / 0 tx / 2 pending / 0 (0.0%) gas / (0xe22bc5721827a45a988a46700a15170a49d83f89f50b51756875e232b04e2103)
[m[2m2026-10-01 23:55:51.032+0000[m[2m | [m[2mBftProcessorExecutor-QBFT-0[m[2m | [m[32mINFO [m[2m | [m[2mQbftBesuControllerBuilder[m[2m | [m[32mProduced empty block #88 / 0 tx / 2 pending / 0 (0.0%) gas / (0x638f62b92a7b88ea281ce2a7b245ae916e9e16ae7b1bfea03e2a992ff9852702)
[m[2m2026-10-01 23:55:53.025+0000[m[2m | [m[2mBftProcessorExecutor-QBFT-0[m[2m | [m[32mINFO [m[2m | [m[2mQbftBesuControllerBuilder[m[2m | [m[32mImported empty block #89 / 0 tx / 2 pending / 0 (0.0%) gas / (0xb4d11cb619277c8b7e1dc4ecb567c767fe2a7bb1626201fe14a3b29d45704c48)
[m[2m2026-10-01 23:55:55.028+0000[m[2m | [m[2mBftProcessorExecutor-QBFT-0[m[2m | [m[32mINFO [m[2m | [m[2mQbftBesuControllerBuilder[m[2m | [m[32mImported empty block #90 / 0 tx / 2 pending / 0 (0.0%) gas / (0x2045e9aa69dcc14e6dd23da2b562e7da07c7d3c23db22e0f97a3e8d8b603d08a)
[m[2m2026-10-01 23:55:57.022+0000[m[2m | [m[2mBftProcessorExecutor-QBFT-0[m[2m | [m[32mINFO [m[2m | [m[2mQbftBesuControllerBuilder[m[2m | [m[32mImported empty block #91 / 0 tx / 2 pending / 0 (0.0%) gas / (0x9d0e22a244ce0c6f7621bcd7e583e505f87111a7fa527e6b490baa241df0ecd6)
[m[2m2026-10-01 23:55:59.025+0000[m[2m | [m[2mBftProcessorExecutor-QBFT-0[m[2m | [m[32mINFO [m[2m | [m[2mQbftBesuControllerBuilder[m[2m | [m[32mProduced empty block #92 / 0 tx / 2 pending / 0 (0.0%) gas / (0x894124de9117a1f5b1ea6555ff4e63de8e6d7d69d3a5515adabeb95dbb4242bf)
[m[2m2026-10-01 23:56:01.029+0000[m[2m | [m[2mBftProcessorExecutor-QBFT-0[m[2m | [m[32mINFO [m[2m | [m[2mQbftBesuControllerBuilder[m[2m | [m[32mImported empty block #93 / 0 tx / 2 pending / 0 (0.0%) gas / (0x26b138a2a6129600383a6e3a705503094811f7445463ed652873dac59dc64ee4)
[m[2m2026-10-01 23:56:03.028+0000[m[2m | [m[2mBftProcessorExecutor-QBFT-0[m[2m | [m[32mINFO [m[2m | [m[2mQbftBesuControllerBuilder[m[2m | [m[32mImported empty block #94 / 0 tx / 2 pending / 0 (0.0%) gas / (0xe8bc861ae286341b2547430a8f2f07f19b26fc52a44c0e5770d3e0b5448344f9)
[m[2m2026-10-01 23:56:05.028+0000[m[2m | [m[2mBftProcessorExecutor-QBFT-0[m[2m | [m[32mINFO [m[2m | [m[2mQbftBesuControllerBuilder[m[2m | [m[32mImported empty block #95 / 0 tx / 2 pending / 0 (0.0%) gas / (0x0d18d183831dd201dcb036c7cda66e8b0571fd2046add2af204e575d8d19b248)
[m[2m2026-10-01 23:56:07.049+0000[m[2m | [m[2mBftProcessorExecutor-QBFT-0[m[2m | [m[32mINFO [m[2m | [m[2mQbftBesuControllerBuilder[m[2m | [m[32mProduced empty block #96 / 0 tx / 2 pending / 0 (0.0%) gas / (0xb416b88931cf1ab72f5df2c7da5739101aecf82150d1f9a0b6ce132e6fbb4fa5)
[m[2m2026-10-01 23:56:09.029+0000[m[2m | [m[2mBftProcessorExecutor-QBFT-0[m[2m | [m[32mINFO [m[2m | [m[2mQbftBesuControllerBuilder[m[2m | [m[32mImported empty block #97 / 0 tx / 2 pending / 0 (0.0%) gas / (0xc823f93eecf15a46d18b7cd91b7103b1aeeab0d7b442a769865ca9ee86d1cbc2)
[m[2m2026-10-01 23:56:11.026+0000[m[2m | [m[2mBftProcessorExecutor-QBFT-0[m[2m | [m[32mINFO [m[2m | [m[2mQbftBesuControllerBuilder[m[2m | [m[32mImported empty block #98 / 0 tx / 2 pending / 0 (0.0%) gas / (0xaafa35e5fa107807edf54bcbbea6c2f12ba15839898b13395e01e0c4d46de8c0)
[m[2m2026-10-01 23:56:13.024+0000[m[2m | [m[2mBftProcessorExecutor-QBFT-0[m[2m | [m[32mINFO [m[2m | [m[2mQbftBesuControllerBuilder[m[2m | [m[32mImported empty block #99 / 0 tx / 2 pending / 0 (0.0%) gas / (0x043b6bf07641cd04d57fa9a0bcd7b4a1c2abc4aa3ce55abb1c7077142a616ed5)
[m[2m2026-10-01 23:56:15.026+0000[m[2m | [m[2mBftProcessorExecutor-QBFT-0[m[2m | [m[32mINFO [m[2m | [m[2mQbftBesuControllerBuilder[m[2m | [m[32mProduced empty block #100 / 0 tx / 2 pending / 0 (0.0%) gas / (0xc3f434cd3221be7ccdcad7f2e0a56e07c67cf57aad07e24ee8aa1ab55c11aaff)
[m[2m2026-10-01 23:56:17.030+0000[m[2m | [m[2mBftProcessorExecutor-QBFT-0[m[2m | [m[32mINFO [m[2m | [m[2mQbftBesuControllerBuilder[m[2m | [m[32mImported empty block #101 / 0 tx / 2 pending / 0 (0.0%) gas / (0xc30aa7fff8b78691f4c23564f69e4c54dd7e32819d650388f0dbc9c762608e8a)
[m[2m2026-10-01 23:56:19.021+0000[m[2m | [m[2mBftProcessorExecutor-QBFT-0[m[2m | [m[32mINFO [m[2m | [m[2mQbftBesuControllerBuilder[m[2m | [m[32mImported empty block #102 / 0 tx / 2 pending / 0 (0.0%) gas / (0xb28f60cf5388b0d187b1558800e8c12296bc319dc1b6b85d295886387a5f7df5)
[m[2m2026-10-01 23:56:21.020+0000[m[2m | [m[2mBftProcessorExecutor-QBFT-0[m[2m | [m[32mINFO [m[2m | [m[2mQbftBesuControllerBuilder[m[2m | [m[32mImported empty block #103 / 0 tx / 2 pending / 0 (0.0%) gas / (0x0ea6c237a6900f463161ce2990f9f050d29813218b38933454725380147eed19)
[m[2m2026-10-01 23:56:23.021+0000[m[2m | [m[2mBftProcessorExecutor-QBFT-0[m[2m | [m[32mINFO [m[2m | [m[2mQbftBesuControllerBuilder[m[2m | [m[32mProduced empty block #104 / 0 tx / 2 pending / 0 (0.0%) gas / (0x19dd6b6fd38a7d03a6535f649d054badf8a49adf455582ccdc91af067da9709b)
[m[2m2026-10-01 23:56:25.016+0000[m[2m | [m[2mBftProcessorExecutor-QBFT-0[m[2m | [m[32mINFO [m[2m | [m[2mQbftBesuControllerBuilder[m[2m | [m[32mImported empty block #105 / 0 tx / 2 pending / 0 (0.0%) gas / (0x2179905d5f79cf80db5f22da1744a979b76d09585496d22b0c413ea402fde384)
[m[2m2026-10-01 23:56:27.031+0000[m[2m | [m[2mBftProcessorExecutor-QBFT-0[m[2m | [m[32mINFO [m[2m | [m[2mQbftBesuControllerBuilder[m[2m | [m[32mImported empty block #106 / 0 tx / 2 pending / 0 (0.0%) gas / (0xa165db217e790714eb3dd89023ef5e05c3d3555d5b328d3d77dc03f23c52a697)
[m[2m2026-10-01 23:56:29.024+0000[m[2m | [m[2mBftProcessorExecutor-QBFT-0[m[2m | [m[32mINFO [m[2m | [m[2mQbftBesuControllerBuilder[m[2m | [m[32mImported empty block #107 / 0 tx / 2 pending / 0 (0.0%) gas / (0x95acd636002ea8aef20886b9e9efc58fa962f90d3461eb843c00d60f50715d34)
[m[2m2026-10-01 23:56:31.021+0000[m[2m | [m[2mBftProcessorExecutor-QBFT-0[m[2m | [m[32mINFO [m[2m | [m[2mQbftBesuControllerBuilder[m[2m | [m[32mProduced empty block #108 / 0 tx / 2 pending / 0 (0.0%) gas / (0xfa1c106fef6b8bdd0bba7a702dd2c66df9dd761a847c34aa5b4f9c57d65ab1d2)
[m[2m2026-10-01 23:56:33.028+0000[m[2m | [m[2mBftProcessorExecutor-QBFT-0[m[2m | [m[32mINFO [m[2m | [m[2mQbftBesuControllerBuilder[m[2m | [m[32mImported empty block #109 / 0 tx / 2 pending / 0 (0.0%) gas / (0xdedd9ca94a4d19024475e76bee2b4ca6d79585577e9e01d62c019a1d6a0ffde9)
[m[2m2026-10-01 23:56:35.025+0000[m[2m | [m[2mBftProcessorExecutor-QBFT-0[m[2m | [m[32mINFO [m[2m | [m[2mQbftBesuControllerBuilder[m[2m | [m[32mImported empty block #110 / 0 tx / 2 pending / 0 (0.0%) gas / (0x085ee78aaad1a5d81c7d8856265bf1abd67ea78eb0e04a52fc321a4af7c5d282)
[m[2m2026-10-01 23:56:37.025+0000[m[2m | [m[2mBftProcessorExecutor-QBFT-0[m[2m | [m[32mINFO [m[2m | [m[2mQbftBesuControllerBuilder[m[2m | [m[32mImported empty block #111 / 0 tx / 2 pending / 0 (0.0%) gas / (0x1be58b43d300f2421e043f51861edf3516897dc8800d250fc92bca84f90e366e)
[m[2m2026-10-01 23:56:39.022+0000[m[2m | [m[2mBftProcessorExecutor-QBFT-0[m[2m | [m[32mINFO [m[2m | [m[2mQbftBesuControllerBuilder[m[2m | [m[32mProduced empty block #112 / 0 tx / 2 pending / 0 (0.0%) gas / (0x46b77581c8c0493374036c302459e2f93a40806686dbe4b2a567205332ba0f32)
[m[2m2026-10-01 23:56:41.016+0000[m[2m | [m[2mBftProcessorExecutor-QBFT-0[m[2m | [m[32mINFO [m[2m | [m[2mQbftBesuControllerBuilder[m[2m | [m[32mImported empty block #113 / 0 tx / 2 pending / 0 (0.0%) gas / (0xba32990ab88aa7eed33990fff8b336f2c17e9da0c36030881cd6668112a6d7a4)
[m[2m2026-10-01 23:56:43.031+0000[m[2m | [m[2mBftProcessorExecutor-QBFT-0[m[2m | [m[32mINFO [m[2m | [m[2mQbftBesuControllerBuilder[m[2m | [m[32mImported empty block #114 / 0 tx / 2 pending / 0 (0.0%) gas / (0x4abd5b340df5fe7bd24cb9fa71e062db6c1c0dc114cfd93182948b4107e6ca92)
[m[2m2026-10-01 23:56:45.021+0000[m[2m | [m[2mBftProcessorExecutor-QBFT-0[m[2m | [m[32mINFO [m[2m | [m[2mQbftBesuControllerBuilder[m[2m | [m[32mImported empty block #115 / 0 tx / 2 pending / 0 (0.0%) gas / (0x86ffffc80914ca073b1db27e1f0d3f93b051fc351558a505bba5614080527aed)
[m[2m2026-10-01 23:56:47.021+0000[m[2m | [m[2mBftProcessorExecutor-QBFT-0[m[2m | [m[32mINFO [m[2m | [m[2mQbftBesuControllerBuilder[m[2m | [m[32mProduced empty block #116 / 0 tx / 2 pending / 0 (0.0%) gas / (0x801249c7c38f02e0126539168e0b9318a272ac168c4cbdf23bd82df23bf10d35)
[m[2m2026-10-01 23:56:49.020+0000[m[2m | [m[2mBftProcessorExecutor-QBFT-0[m[2m | [m[32mINFO [m[2m | [m[2mQbftBesuControllerBuilder[m[2m | [m[32mImported empty block #117 / 0 tx / 2 pending / 0 (0.0%) gas / (0x9c0b29c26e04ce6cdbd99c1c3cfa1cbc32cb93e32897b03a010f9213fb731f9a)
[m[2m2026-10-01 23:56:51.032+0000[m[2m | [m[2mBftProcessorExecutor-QBFT-0[m[2m | [m[32mINFO [m[2m | [m[2mQbftBesuControllerBuilder[m[2m | [m[32mImported empty block #118 / 0 tx / 2 pending / 0 (0.0%) gas / (0x6d5ab3422d9c682009f1108c3e9319533485b0175403c70c7501585e2d38ebff)
[m[2m2026-10-01 23:56:53.030+0000[m[2m | [m[2mBftProcessorExecutor-QBFT-0[m[2m | [m[32mINFO [m[2m | [m[2mQbftBesuControllerBuilder[m[2m | [m[32mImported empty block #119 / 0 tx / 2 pending / 0 (0.0%) gas / (0xa9b8587c945a01f9dc20d836f1daf2e350890f0b2fc0efd895a3e7a0762fe1a5)
[m[2m2026-10-01 23:56:55.031+0000[m[2m | [m[2mBftProcessorExecutor-QBFT-0[m[2m | [m[32mINFO [m[2m | [m[2mQbftBesuControllerBuilder[m[2m | [m[32mProduced empty block #120 / 0 tx / 2 pending / 0 (0.0%) gas / (0x20def3a192e902be639c23e221ad61002f0f6218b09404baf9340e201ee8ab5e)
[m[2m2026-10-01 23:56:57.023+0000[m[2m | [m[2mBftProcessorExecutor-QBFT-0[m[2m | [m[32mINFO [m[2m | [m[2mQbftBesuControllerBuilder[m[2m | [m[32mImported empty block #121 / 0 tx / 2 pending / 0 (0.0%) gas / (0x568cc20d13c5fe0c766edbffc6e5edf9d5b500add88efb3a91484ff45cf84d1a)
[m[2m2026-10-01 23:56:59.024+0000[m[2m | [m[2mBftProcessorExecutor-QBFT-0[m[2m | [m[32mINFO [m[2m | [m[2mQbftBesuControllerBuilder[m[2m | [m[32mImported empty block #122 / 0 tx / 2 pending / 0 (0.0%) gas / (0x84f97e63e13c4fc0cb0a0c157ed064f9fd51bbb81a6204fd1bc56ac86229ff2b)
[m[2m2026-10-01 23:57:01.025+0000[m[2m | [m[2mBftProcessorExecutor-QBFT-0[m[2m | [m[32mINFO [m[2m | [m[2mQbftBesuControllerBuilder[m[2m | [m[32mImported empty block #123 / 0 tx / 2 pending / 0 (0.0%) gas / (0xc0b8c1f899c53896d094db42fcf5692d5a96f55846598df6ed9563f2bda47d53)
[m[2m2026-10-01 23:57:03.022+0000[m[2m | [m[2mBftProcessorExecutor-QBFT-0[m[2m | [m[32mINFO [m[2m | [m[2mQbftBesuControllerBuilder[m[2m | [m[32mProduced empty block #124 / 0 tx / 2 pending / 0 (0.0%) gas / (0x371250153b311e6d0f172b0194f6b6fea4a24c66f78d0bf06c7fa83347d6f2c7)
[m[2m2026-10-01 23:57:05.021+0000[m[2m | [m[2mBftProcessorExecutor-QBFT-0[m[2m | [m[32mINFO [m[2m | [m[2mQbftBesuControllerBuilder[m[2m | [m[32mImported empty block #125 / 0 tx / 2 pending / 0 (0.0%) gas / (0x1aa9774a6e5f709119d7f61208cd75c8900821299699d3b7035d006e91a46e75)
[m[2m2026-10-01 23:57:07.026+0000[m[2m | [m[2mBftProcessorExecutor-QBFT-0[m[2m | [m[32mINFO [m[2m | [m[2mQbftBesuControllerBuilder[m[2m | [m[32mImported empty block #126 / 0 tx / 2 pending / 0 (0.0%) gas / (0x82b9f632208fe9053a6d15f33dd43410ca28a55fafb7af642591b60e4adf71f1)
[m[2m2026-10-01 23:57:09.026+0000[m[2m | [m[2mBftProcessorExecutor-QBFT-0[m[2m | [m[32mINFO [m[2m | [m[2mQbftBesuControllerBuilder[m[2m | [m[32mImported empty block #127 / 0 tx / 2 pending / 0 (0.0%) gas / (0xbef7e1d017f64aa76f11ed317cf39ddfcc4931aeea2c5a64f9c1d729ad0c3d82)
[m[2m2026-10-01 23:57:11.026+0000[m[2m | [m[2mBftProcessorExecutor-QBFT-0[m[2m | [m[32mINFO [m[2m | [m[2mQbftBesuControllerBuilder[m[2m | [m[32mProduced empty block #128 / 0 tx / 2 pending / 0 (0.0%) gas / (0xf690cdf8240518d793c5b200176ca47e8c33feabac0e3ea1a8e73f1bf5ed39b7)
[m[2m2026-10-01 23:57:13.021+0000[m[2m | [m[2mBftProcessorExecutor-QBFT-0[m[2m | [m[32mINFO [m[2m | [m[2mQbftBesuControllerBuilder[m[2m | [m[32mImported empty block #129 / 0 tx / 2 pending / 0 (0.0%) gas / (0x650b0fdd4229083b9e895543d2d2a320323496286551714024782ff61b8f470e)
[m[2m2026-10-01 23:57:15.013+0000[m[2m | [m[2mBftProcessorExecutor-QBFT-0[m[2m | [m[32mINFO [m[2m | [m[2mQbftBesuControllerBuilder[m[2m | [m[32mImported empty block #130 / 0 tx / 2 pending / 0 (0.0%) gas / (0x92352e3f855421aa0b85d0c634354f9bc48c75c695cff300c127aca8bdee7a0b)
[m[2m2026-10-01 23:57:17.032+0000[m[2m | [m[2mBftProcessorExecutor-QBFT-0[m[2m | [m[32mINFO [m[2m | [m[2mQbftBesuControllerBuilder[m[2m | [m[32mImported empty block #131 / 0 tx / 2 pending / 0 (0.0%) gas / (0x04c7c8d64997582348175a731bab3f266f52931891ab394fdbc28fbee81432c6)
[m[2m2026-10-01 23:57:19.024+0000[m[2m | [m[2mBftProcessorExecutor-QBFT-0[m[2m | [m[32mINFO [m[2m | [m[2mQbftBesuControllerBuilder[m[2m | [m[32mProduced empty block #132 / 0 tx / 2 pending / 0 (0.0%) gas / (0xa57c1c618839ca108a9ca2e7b49f2e86fc230a44b7059c6a00e84e629cd81680)
[m[2m2026-10-01 23:57:21.022+0000[m[2m | [m[2mBftProcessorExecutor-QBFT-0[m[2m | [m[32mINFO [m[2m | [m[2mQbftBesuControllerBuilder[m[2m | [m[32mImported empty block #133 / 0 tx / 2 pending / 0 (0.0%) gas / (0x8a65f3294e7448c2457441074b9bb4bea0454527c159c345e1723313f93232ac)
[m[2m2026-10-01 23:57:23.022+0000[m[2m | [m[2mBftProcessorExecutor-QBFT-0[m[2m | [m[32mINFO [m[2m | [m[2mQbftBesuControllerBuilder[m[2m | [m[32mImported empty block #134 / 0 tx / 2 pending / 0 (0.0%) gas / (0x5f71f9409db1a81c018ade639c339a2e76d087ac039d244cc08de9521f6379c5)
[m[2m2026-10-01 23:57:25.022+0000[m[2m | [m[2mBftProcessorExecutor-QBFT-0[m[2m | [m[32mINFO [m[2m | [m[2mQbftBesuControllerBuilder[m[2m | [m[32mImported empty block #135 / 0 tx / 2 pending / 0 (0.0%) gas / (0x3ffbbb65a757f2dc5d08191bafc311d2fe6f23e9e970f73fa24f6e27a8d2b077)
[m[2m2026-10-01 23:57:27.020+0000[m[2m | [m[2mBftProcessorExecutor-QBFT-0[m[2m | [m[32mINFO [m[2m | [m[2mQbftBesuControllerBuilder[m[2m | [m[32mProduced empty block #136 / 0 tx / 2 pending / 0 (0.0%) gas / (0x22e47a864bfc1d6d569b69efa558ec65401222919077544b5f9be4e2ebd3102f)
[m[2m2026-10-01 23:57:29.020+0000[m[2m | [m[2mBftProcessorExecutor-QBFT-0[m[2m | [m[32mINFO [m[2m | [m[2mQbftBesuControllerBuilder[m[2m | [m[32mImported empty block #137 / 0 tx / 2 pending / 0 (0.0%) gas / (0x936f604fe0b2d6630ac86fe83054ed22416dc55755b5f9579e40a9a64d60b4b5)
[m[2m2026-10-01 23:57:31.023+0000[m[2m | [m[2mBftProcessorExecutor-QBFT-0[m[2m | [m[32mINFO [m[2m | [m[2mQbftBesuControllerBuilder[m[2m | [m[32mImported empty block #138 / 0 tx / 2 pending / 0 (0.0%) gas / (0xc5a172c4a6a06f2412cb398fd3f92c764b73c92325cdc711fa19a27c0e5f5bbd)
[m[2m2026-10-01 23:57:33.028+0000[m[2m | [m[2mBftProcessorExecutor-QBFT-0[m[2m | [m[32mINFO [m[2m | [m[2mQbftBesuControllerBuilder[m[2m | [m[32mImported empty block #139 / 0 tx / 2 pending / 0 (0.0%) gas / (0xf2960631d07acc2ba60df8f51810c290af3f9bd204242fda8d10368a205f717d)
[m[2m2026-10-01 23:57:35.023+0000[m[2m | [m[2mBftProcessorExecutor-QBFT-0[m[2m | [m[32mINFO [m[2m | [m[2mQbftBesuControllerBuilder[m[2m | [m[32mProduced empty block #140 / 0 tx / 2 pending / 0 (0.0%) gas / (0xdc797d8763130a1caee611e865479a625b892f0ed308c430624f36f6b8690f21)
[m[2m2026-10-01 23:57:37.023+0000[m[2m | [m[2mBftProcessorExecutor-QBFT-0[m[2m | [m[32mINFO [m[2m | [m[2mQbftBesuControllerBuilder[m[2m | [m[32mImported empty block #141 / 0 tx / 2 pending / 0 (0.0%) gas / (0x13d5c4063c387650dac770a29b9c73134781b26b1edc710bdcc482632216a9b2)
[m[2m2026-10-01 23:57:39.023+0000[m[2m | [m[2mBftProcessorExecutor-QBFT-0[m[2m | [m[32mINFO [m[2m | [m[2mQbftBesuControllerBuilder[m[2m | [m[32mImported empty block #142 / 0 tx / 2 pending / 0 (0.0%) gas / (0x3414f26bcb9199636619bd58b8b9b9d46d6bf4fb1aff7717c05868002261f5a5)
[m[2m2026-10-01 23:57:41.014+0000[m[2m | [m[2mBftProcessorExecutor-QBFT-0[m[2m | [m[32mINFO [m[2m | [m[2mQbftBesuControllerBuilder[m[2m | [m[32mImported empty block #143 / 0 tx / 2 pending / 0 (0.0%) gas / (0x2213968f1f07d403c44081bea5b4c560c206239bd60a6d6d04cfa91bed9bd1fd)
[m[2m2026-10-01 23:57:43.093+0000[m[2m | [m[2mBftProcessorExecutor-QBFT-0[m[2m | [m[32mINFO [m[2m | [m[2mQbftBesuControllerBuilder[m[2m | [m[32mProduced empty block #144 / 0 tx / 2 pending / 0 (0.0%) gas / (0x4b10eb236e5b2260351c0b3a37dc4a1da23dfadc009548bf6dd942ed72cb0c27)
[m[2m2026-10-01 23:57:45.031+0000[m[2m | [m[2mBftProcessorExecutor-QBFT-0[m[2m | [m[32mINFO [m[2m | [m[2mQbftBesuControllerBuilder[m[2m | [m[32mImported empty block #145 / 0 tx / 2 pending / 0 (0.0%) gas / (0xcace4ad03dc05a73858e4e8cefae8281bc162fee66628e20fdc764009e2ba184)
[m[2m2026-10-01 23:57:47.025+0000[m[2m | [m[2mBftProcessorExecutor-QBFT-0[m[2m | [m[32mINFO [m[2m | [m[2mQbftBesuControllerBuilder[m[2m | [m[32mImported empty block #146 / 0 tx / 2 pending / 0 (0.0%) gas / (0xcc1e000d9535174321cfb46167f43e493ed21efd0b93ca959b32f76e8a795aae)
